The target system is: Android - 1 - aarch64
The host system is: Darwin - 23.6.0 - x86_64
Detecting C compiler ABI info compiled with the following output:
Change Dir: /Users/apple-tech/Downloads/RCT-Mobile/android/app/.cxx/RelWithDebInfo/u2y2b4f5/arm64-v8a/CMakeFiles/CMakeTmp

Run Build Command(s):/Users/apple-tech/Library/Android/sdk/cmake/3.18.1/bin/ninja cmTC_6c31f && [1/2] Building C object CMakeFiles/cmTC_6c31f.dir/CMakeCCompilerABI.c.o
Android (13065274, +pgo, -bolt, +lto, -mlgo, based on r547379) clang version 20.0.0 (https://android.googlesource.com/toolchain/llvm-project b718bcaf8c198c82f3021447d943401e3ab5bd54)
Target: aarch64-none-linux-android23
Thread model: posix
InstalledDir: /Users/apple-tech/Library/Android/sdk/ndk/26.3.11579264/toolchains/llvm/prebuilt/darwin-x86_64/bin
 (in-process)
 "/Users/apple-tech/Library/Android/sdk/ndk/26.3.11579264/toolchains/llvm/prebuilt/darwin-x86_64/bin/clang" -cc1 -triple aarch64-none-linux-android23 -emit-obj -disable-free -clear-ast-before-backend -disable-llvm-verifier -discard-value-names -main-file-name CMakeCCompilerABI.c -mrelocation-model pic -pic-level 2 -pic-is-pie -mframe-pointer=non-leaf -ffp-contract=on -fno-rounding-math -mconstructor-aliases -funwind-tables=2 -target-cpu generic -target-feature +v8a -target-feature +fp-armv8 -target-feature +neon -target-feature +fix-cortex-a53-835769 -target-abi aapcs -debug-info-kind=constructor -dwarf-version=4 -debugger-tuning=gdb -fdebug-compilation-dir=/Users/apple-tech/Downloads/RCT-Mobile/android/app/.cxx/RelWithDebInfo/u2y2b4f5/arm64-v8a/CMakeFiles/CMakeTmp -v -ffunction-sections -fdata-sections -fcoverage-compilation-dir=/Users/apple-tech/Downloads/RCT-Mobile/android/app/.cxx/RelWithDebInfo/u2y2b4f5/arm64-v8a/CMakeFiles/CMakeTmp -resource-dir /Users/apple-tech/Library/Android/sdk/ndk/26.3.11579264/toolchains/llvm/prebuilt/darwin-x86_64/lib/clang/20 -dependency-file CMakeFiles/cmTC_6c31f.dir/CMakeCCompilerABI.c.o.d -MT CMakeFiles/cmTC_6c31f.dir/CMakeCCompilerABI.c.o -sys-header-deps -D ANDROID -D _FORTIFY_SOURCE=2 -isysroot /Users/apple-tech/Library/Android/sdk/ndk/26.3.11579264/toolchains/llvm/prebuilt/darwin-x86_64/sysroot -internal-isystem /Users/apple-tech/Library/Android/sdk/ndk/26.3.11579264/toolchains/llvm/prebuilt/darwin-x86_64/lib/clang/20/include -internal-isystem /Users/apple-tech/Library/Android/sdk/ndk/26.3.11579264/toolchains/llvm/prebuilt/darwin-x86_64/sysroot/usr/local/include -internal-externc-isystem /Users/apple-tech/Library/Android/sdk/ndk/26.3.11579264/toolchains/llvm/prebuilt/darwin-x86_64/sysroot/usr/include/aarch64-linux-android -internal-externc-isystem /Users/apple-tech/Library/Android/sdk/ndk/26.3.11579264/toolchains/llvm/prebuilt/darwin-x86_64/sysroot/include -internal-externc-isystem /Users/apple-tech/Library/Android/sdk/ndk/26.3.11579264/toolchains/llvm/prebuilt/darwin-x86_64/sysroot/usr/include -Wformat -ferror-limit 19 -femulated-tls -stack-protector 2 -fno-signed-char -fgnuc-version=4.2.1 -fskip-odr-check-in-gmf -target-feature +outline-atomics -D__GCC_HAVE_DWARF2_CFI_ASM=1 -o CMakeFiles/cmTC_6c31f.dir/CMakeCCompilerABI.c.o -x c /Users/apple-tech/Library/Android/sdk/cmake/3.18.1/share/cmake-3.18/Modules/CMakeCCompilerABI.c
clang -cc1 version 20.0.0 based upon LLVM 20.0.0 default target x86_64-apple-darwin23.6.0
ignoring nonexistent directory "/Users/apple-tech/Library/Android/sdk/ndk/26.3.11579264/toolchains/llvm/prebuilt/darwin-x86_64/sysroot/usr/local/include"
ignoring nonexistent directory "/Users/apple-tech/Library/Android/sdk/ndk/26.3.11579264/toolchains/llvm/prebuilt/darwin-x86_64/sysroot/include"
#include "..." search starts here:
#include <...> search starts here:
 /Users/apple-tech/Library/Android/sdk/ndk/26.3.11579264/toolchains/llvm/prebuilt/darwin-x86_64/lib/clang/20/include
 /Users/apple-tech/Library/Android/sdk/ndk/26.3.11579264/toolchains/llvm/prebuilt/darwin-x86_64/sysroot/usr/include/aarch64-linux-android
 /Users/apple-tech/Library/Android/sdk/ndk/26.3.11579264/toolchains/llvm/prebuilt/darwin-x86_64/sysroot/usr/include
End of search list.
[2/2] Linking C executable cmTC_6c31f
Android (13065274, +pgo, -bolt, +lto, -mlgo, based on r547379) clang version 20.0.0 (https://android.googlesource.com/toolchain/llvm-project b718bcaf8c198c82f3021447d943401e3ab5bd54)
Target: aarch64-none-linux-android23
Thread model: posix
InstalledDir: /Users/apple-tech/Library/Android/sdk/ndk/26.3.11579264/toolchains/llvm/prebuilt/darwin-x86_64/bin
 "/Users/apple-tech/Library/Android/sdk/ndk/26.3.11579264/toolchains/llvm/prebuilt/darwin-x86_64/bin/ld.lld" --sysroot=/Users/apple-tech/Library/Android/sdk/ndk/26.3.11579264/toolchains/llvm/prebuilt/darwin-x86_64/sysroot -EL --fix-cortex-a53-843419 -z now -z relro -z max-page-size=16384 --hash-style=gnu --eh-frame-hdr -m aarch64linux -pie -dynamic-linker /system/bin/linker64 -o cmTC_6c31f /Users/apple-tech/Library/Android/sdk/ndk/26.3.11579264/toolchains/llvm/prebuilt/darwin-x86_64/sysroot/usr/lib/aarch64-linux-android/23/crtbegin_dynamic.o -L/Users/apple-tech/Library/Android/sdk/ndk/26.3.11579264/toolchains/llvm/prebuilt/darwin-x86_64/lib/clang/20/lib/linux/aarch64 -L/Users/apple-tech/Library/Android/sdk/ndk/26.3.11579264/toolchains/llvm/prebuilt/darwin-x86_64/sysroot/usr/lib/aarch64-linux-android/23 -L/Users/apple-tech/Library/Android/sdk/ndk/26.3.11579264/toolchains/llvm/prebuilt/darwin-x86_64/sysroot/usr/lib/aarch64-linux-android -L/Users/apple-tech/Library/Android/sdk/ndk/26.3.11579264/toolchains/llvm/prebuilt/darwin-x86_64/sysroot/usr/lib --build-id=sha1 --no-rosegment --no-undefined-version --fatal-warnings --no-undefined CMakeFiles/cmTC_6c31f.dir/CMakeCCompilerABI.c.o /Users/apple-tech/Library/Android/sdk/ndk/26.3.11579264/toolchains/llvm/prebuilt/darwin-x86_64/lib/clang/20/lib/linux/libclang_rt.builtins-aarch64-android.a -l:libunwind.a -ldl -lc /Users/apple-tech/Library/Android/sdk/ndk/26.3.11579264/toolchains/llvm/prebuilt/darwin-x86_64/lib/clang/20/lib/linux/libclang_rt.builtins-aarch64-android.a -l:libunwind.a -ldl /Users/apple-tech/Library/Android/sdk/ndk/26.3.11579264/toolchains/llvm/prebuilt/darwin-x86_64/sysroot/usr/lib/aarch64-linux-android/23/crtend_android.o



Parsed C implicit include dir info from above output: rv=done
  found start of include info
  found start of implicit include info
    add: [/Users/apple-tech/Library/Android/sdk/ndk/26.3.11579264/toolchains/llvm/prebuilt/darwin-x86_64/lib/clang/20/include]
    add: [/Users/apple-tech/Library/Android/sdk/ndk/26.3.11579264/toolchains/llvm/prebuilt/darwin-x86_64/sysroot/usr/include/aarch64-linux-android]
    add: [/Users/apple-tech/Library/Android/sdk/ndk/26.3.11579264/toolchains/llvm/prebuilt/darwin-x86_64/sysroot/usr/include]
  end of search list found
  collapse include dir [/Users/apple-tech/Library/Android/sdk/ndk/26.3.11579264/toolchains/llvm/prebuilt/darwin-x86_64/lib/clang/20/include] ==> [/Users/apple-tech/Library/Android/sdk/ndk/26.3.11579264/toolchains/llvm/prebuilt/darwin-x86_64/lib/clang/20/include]
  collapse include dir [/Users/apple-tech/Library/Android/sdk/ndk/26.3.11579264/toolchains/llvm/prebuilt/darwin-x86_64/sysroot/usr/include/aarch64-linux-android] ==> [/Users/apple-tech/Library/Android/sdk/ndk/26.3.11579264/toolchains/llvm/prebuilt/darwin-x86_64/sysroot/usr/include/aarch64-linux-android]
  collapse include dir [/Users/apple-tech/Library/Android/sdk/ndk/26.3.11579264/toolchains/llvm/prebuilt/darwin-x86_64/sysroot/usr/include] ==> [/Users/apple-tech/Library/Android/sdk/ndk/26.3.11579264/toolchains/llvm/prebuilt/darwin-x86_64/sysroot/usr/include]
  implicit include dirs: [/Users/apple-tech/Library/Android/sdk/ndk/26.3.11579264/toolchains/llvm/prebuilt/darwin-x86_64/lib/clang/20/include;/Users/apple-tech/Library/Android/sdk/ndk/26.3.11579264/toolchains/llvm/prebuilt/darwin-x86_64/sysroot/usr/include/aarch64-linux-android;/Users/apple-tech/Library/Android/sdk/ndk/26.3.11579264/toolchains/llvm/prebuilt/darwin-x86_64/sysroot/usr/include]


Parsed C implicit link information from above output:
  link line regex: [^( *|.*[/\])(ld\.lld|CMAKE_LINK_STARTFILE-NOTFOUND|([^/\]+-)?ld|collect2)[^/\]*( |$)]
  ignore line: [Change Dir: /Users/apple-tech/Downloads/RCT-Mobile/android/app/.cxx/RelWithDebInfo/u2y2b4f5/arm64-v8a/CMakeFiles/CMakeTmp]
  ignore line: []
  ignore line: [Run Build Command(s):/Users/apple-tech/Library/Android/sdk/cmake/3.18.1/bin/ninja cmTC_6c31f && [1/2] Building C object CMakeFiles/cmTC_6c31f.dir/CMakeCCompilerABI.c.o]
  ignore line: [Android (13065274  +pgo  -bolt  +lto  -mlgo  based on r547379) clang version 20.0.0 (https://android.googlesource.com/toolchain/llvm-project b718bcaf8c198c82f3021447d943401e3ab5bd54)]
  ignore line: [Target: aarch64-none-linux-android23]
  ignore line: [Thread model: posix]
  ignore line: [InstalledDir: /Users/apple-tech/Library/Android/sdk/ndk/26.3.11579264/toolchains/llvm/prebuilt/darwin-x86_64/bin]
  ignore line: [ (in-process)]
  ignore line: [ "/Users/apple-tech/Library/Android/sdk/ndk/26.3.11579264/toolchains/llvm/prebuilt/darwin-x86_64/bin/clang" -cc1 -triple aarch64-none-linux-android23 -emit-obj -disable-free -clear-ast-before-backend -disable-llvm-verifier -discard-value-names -main-file-name CMakeCCompilerABI.c -mrelocation-model pic -pic-level 2 -pic-is-pie -mframe-pointer=non-leaf -ffp-contract=on -fno-rounding-math -mconstructor-aliases -funwind-tables=2 -target-cpu generic -target-feature +v8a -target-feature +fp-armv8 -target-feature +neon -target-feature +fix-cortex-a53-835769 -target-abi aapcs -debug-info-kind=constructor -dwarf-version=4 -debugger-tuning=gdb -fdebug-compilation-dir=/Users/apple-tech/Downloads/RCT-Mobile/android/app/.cxx/RelWithDebInfo/u2y2b4f5/arm64-v8a/CMakeFiles/CMakeTmp -v -ffunction-sections -fdata-sections -fcoverage-compilation-dir=/Users/apple-tech/Downloads/RCT-Mobile/android/app/.cxx/RelWithDebInfo/u2y2b4f5/arm64-v8a/CMakeFiles/CMakeTmp -resource-dir /Users/apple-tech/Library/Android/sdk/ndk/26.3.11579264/toolchains/llvm/prebuilt/darwin-x86_64/lib/clang/20 -dependency-file CMakeFiles/cmTC_6c31f.dir/CMakeCCompilerABI.c.o.d -MT CMakeFiles/cmTC_6c31f.dir/CMakeCCompilerABI.c.o -sys-header-deps -D ANDROID -D _FORTIFY_SOURCE=2 -isysroot /Users/apple-tech/Library/Android/sdk/ndk/26.3.11579264/toolchains/llvm/prebuilt/darwin-x86_64/sysroot -internal-isystem /Users/apple-tech/Library/Android/sdk/ndk/26.3.11579264/toolchains/llvm/prebuilt/darwin-x86_64/lib/clang/20/include -internal-isystem /Users/apple-tech/Library/Android/sdk/ndk/26.3.11579264/toolchains/llvm/prebuilt/darwin-x86_64/sysroot/usr/local/include -internal-externc-isystem /Users/apple-tech/Library/Android/sdk/ndk/26.3.11579264/toolchains/llvm/prebuilt/darwin-x86_64/sysroot/usr/include/aarch64-linux-android -internal-externc-isystem /Users/apple-tech/Library/Android/sdk/ndk/26.3.11579264/toolchains/llvm/prebuilt/darwin-x86_64/sysroot/include -internal-externc-isystem /Users/apple-tech/Library/Android/sdk/ndk/26.3.11579264/toolchains/llvm/prebuilt/darwin-x86_64/sysroot/usr/include -Wformat -ferror-limit 19 -femulated-tls -stack-protector 2 -fno-signed-char -fgnuc-version=4.2.1 -fskip-odr-check-in-gmf -target-feature +outline-atomics -D__GCC_HAVE_DWARF2_CFI_ASM=1 -o CMakeFiles/cmTC_6c31f.dir/CMakeCCompilerABI.c.o -x c /Users/apple-tech/Library/Android/sdk/cmake/3.18.1/share/cmake-3.18/Modules/CMakeCCompilerABI.c]
  ignore line: [clang -cc1 version 20.0.0 based upon LLVM 20.0.0 default target x86_64-apple-darwin23.6.0]
  ignore line: [ignoring nonexistent directory "/Users/apple-tech/Library/Android/sdk/ndk/26.3.11579264/toolchains/llvm/prebuilt/darwin-x86_64/sysroot/usr/local/include"]
  ignore line: [ignoring nonexistent directory "/Users/apple-tech/Library/Android/sdk/ndk/26.3.11579264/toolchains/llvm/prebuilt/darwin-x86_64/sysroot/include"]
  ignore line: [#include "..." search starts here:]
  ignore line: [#include <...> search starts here:]
  ignore line: [ /Users/apple-tech/Library/Android/sdk/ndk/26.3.11579264/toolchains/llvm/prebuilt/darwin-x86_64/lib/clang/20/include]
  ignore line: [ /Users/apple-tech/Library/Android/sdk/ndk/26.3.11579264/toolchains/llvm/prebuilt/darwin-x86_64/sysroot/usr/include/aarch64-linux-android]
  ignore line: [ /Users/apple-tech/Library/Android/sdk/ndk/26.3.11579264/toolchains/llvm/prebuilt/darwin-x86_64/sysroot/usr/include]
  ignore line: [End of search list.]
  ignore line: [[2/2] Linking C executable cmTC_6c31f]
  ignore line: [Android (13065274  +pgo  -bolt  +lto  -mlgo  based on r547379) clang version 20.0.0 (https://android.googlesource.com/toolchain/llvm-project b718bcaf8c198c82f3021447d943401e3ab5bd54)]
  ignore line: [Target: aarch64-none-linux-android23]
  ignore line: [Thread model: posix]
  ignore line: [InstalledDir: /Users/apple-tech/Library/Android/sdk/ndk/26.3.11579264/toolchains/llvm/prebuilt/darwin-x86_64/bin]
  link line: [ "/Users/apple-tech/Library/Android/sdk/ndk/26.3.11579264/toolchains/llvm/prebuilt/darwin-x86_64/bin/ld.lld" --sysroot=/Users/apple-tech/Library/Android/sdk/ndk/26.3.11579264/toolchains/llvm/prebuilt/darwin-x86_64/sysroot -EL --fix-cortex-a53-843419 -z now -z relro -z max-page-size=16384 --hash-style=gnu --eh-frame-hdr -m aarch64linux -pie -dynamic-linker /system/bin/linker64 -o cmTC_6c31f /Users/apple-tech/Library/Android/sdk/ndk/26.3.11579264/toolchains/llvm/prebuilt/darwin-x86_64/sysroot/usr/lib/aarch64-linux-android/23/crtbegin_dynamic.o -L/Users/apple-tech/Library/Android/sdk/ndk/26.3.11579264/toolchains/llvm/prebuilt/darwin-x86_64/lib/clang/20/lib/linux/aarch64 -L/Users/apple-tech/Library/Android/sdk/ndk/26.3.11579264/toolchains/llvm/prebuilt/darwin-x86_64/sysroot/usr/lib/aarch64-linux-android/23 -L/Users/apple-tech/Library/Android/sdk/ndk/26.3.11579264/toolchains/llvm/prebuilt/darwin-x86_64/sysroot/usr/lib/aarch64-linux-android -L/Users/apple-tech/Library/Android/sdk/ndk/26.3.11579264/toolchains/llvm/prebuilt/darwin-x86_64/sysroot/usr/lib --build-id=sha1 --no-rosegment --no-undefined-version --fatal-warnings --no-undefined CMakeFiles/cmTC_6c31f.dir/CMakeCCompilerABI.c.o /Users/apple-tech/Library/Android/sdk/ndk/26.3.11579264/toolchains/llvm/prebuilt/darwin-x86_64/lib/clang/20/lib/linux/libclang_rt.builtins-aarch64-android.a -l:libunwind.a -ldl -lc /Users/apple-tech/Library/Android/sdk/ndk/26.3.11579264/toolchains/llvm/prebuilt/darwin-x86_64/lib/clang/20/lib/linux/libclang_rt.builtins-aarch64-android.a -l:libunwind.a -ldl /Users/apple-tech/Library/Android/sdk/ndk/26.3.11579264/toolchains/llvm/prebuilt/darwin-x86_64/sysroot/usr/lib/aarch64-linux-android/23/crtend_android.o]
    arg [/Users/apple-tech/Library/Android/sdk/ndk/26.3.11579264/toolchains/llvm/prebuilt/darwin-x86_64/bin/ld.lld] ==> ignore
    arg [--sysroot=/Users/apple-tech/Library/Android/sdk/ndk/26.3.11579264/toolchains/llvm/prebuilt/darwin-x86_64/sysroot] ==> ignore
    arg [-EL] ==> ignore
    arg [--fix-cortex-a53-843419] ==> ignore
    arg [-znow] ==> ignore
    arg [-zrelro] ==> ignore
    arg [-zmax-page-size=16384] ==> ignore
    arg [--hash-style=gnu] ==> ignore
    arg [--eh-frame-hdr] ==> ignore
    arg [-m] ==> ignore
    arg [aarch64linux] ==> ignore
    arg [-pie] ==> ignore
    arg [-dynamic-linker] ==> ignore
    arg [/system/bin/linker64] ==> ignore
    arg [-o] ==> ignore
    arg [cmTC_6c31f] ==> ignore
    arg [/Users/apple-tech/Library/Android/sdk/ndk/26.3.11579264/toolchains/llvm/prebuilt/darwin-x86_64/sysroot/usr/lib/aarch64-linux-android/23/crtbegin_dynamic.o] ==> ignore
    arg [-L/Users/apple-tech/Library/Android/sdk/ndk/26.3.11579264/toolchains/llvm/prebuilt/darwin-x86_64/lib/clang/20/lib/linux/aarch64] ==> dir [/Users/apple-tech/Library/Android/sdk/ndk/26.3.11579264/toolchains/llvm/prebuilt/darwin-x86_64/lib/clang/20/lib/linux/aarch64]
    arg [-L/Users/apple-tech/Library/Android/sdk/ndk/26.3.11579264/toolchains/llvm/prebuilt/darwin-x86_64/sysroot/usr/lib/aarch64-linux-android/23] ==> dir [/Users/apple-tech/Library/Android/sdk/ndk/26.3.11579264/toolchains/llvm/prebuilt/darwin-x86_64/sysroot/usr/lib/aarch64-linux-android/23]
    arg [-L/Users/apple-tech/Library/Android/sdk/ndk/26.3.11579264/toolchains/llvm/prebuilt/darwin-x86_64/sysroot/usr/lib/aarch64-linux-android] ==> dir [/Users/apple-tech/Library/Android/sdk/ndk/26.3.11579264/toolchains/llvm/prebuilt/darwin-x86_64/sysroot/usr/lib/aarch64-linux-android]
    arg [-L/Users/apple-tech/Library/Android/sdk/ndk/26.3.11579264/toolchains/llvm/prebuilt/darwin-x86_64/sysroot/usr/lib] ==> dir [/Users/apple-tech/Library/Android/sdk/ndk/26.3.11579264/toolchains/llvm/prebuilt/darwin-x86_64/sysroot/usr/lib]
    arg [--build-id=sha1] ==> ignore
    arg [--no-rosegment] ==> ignore
    arg [--no-undefined-version] ==> ignore
    arg [--fatal-warnings] ==> ignore
    arg [--no-undefined] ==> ignore
    arg [CMakeFiles/cmTC_6c31f.dir/CMakeCCompilerABI.c.o] ==> ignore
    arg [/Users/apple-tech/Library/Android/sdk/ndk/26.3.11579264/toolchains/llvm/prebuilt/darwin-x86_64/lib/clang/20/lib/linux/libclang_rt.builtins-aarch64-android.a] ==> lib [/Users/apple-tech/Library/Android/sdk/ndk/26.3.11579264/toolchains/llvm/prebuilt/darwin-x86_64/lib/clang/20/lib/linux/libclang_rt.builtins-aarch64-android.a]
    arg [-l:libunwind.a] ==> lib [-l:libunwind.a]
    arg [-ldl] ==> lib [dl]
    arg [-lc] ==> lib [c]
    arg [/Users/apple-tech/Library/Android/sdk/ndk/26.3.11579264/toolchains/llvm/prebuilt/darwin-x86_64/lib/clang/20/lib/linux/libclang_rt.builtins-aarch64-android.a] ==> lib [/Users/apple-tech/Library/Android/sdk/ndk/26.3.11579264/toolchains/llvm/prebuilt/darwin-x86_64/lib/clang/20/lib/linux/libclang_rt.builtins-aarch64-android.a]
    arg [-l:libunwind.a] ==> lib [-l:libunwind.a]
    arg [-ldl] ==> lib [dl]
    arg [/Users/apple-tech/Library/Android/sdk/ndk/26.3.11579264/toolchains/llvm/prebuilt/darwin-x86_64/sysroot/usr/lib/aarch64-linux-android/23/crtend_android.o] ==> ignore
  remove lib [/Users/apple-tech/Library/Android/sdk/ndk/26.3.11579264/toolchains/llvm/prebuilt/darwin-x86_64/lib/clang/20/lib/linux/libclang_rt.builtins-aarch64-android.a]
  remove lib [/Users/apple-tech/Library/Android/sdk/ndk/26.3.11579264/toolchains/llvm/prebuilt/darwin-x86_64/lib/clang/20/lib/linux/libclang_rt.builtins-aarch64-android.a]
  collapse library dir [/Users/apple-tech/Library/Android/sdk/ndk/26.3.11579264/toolchains/llvm/prebuilt/darwin-x86_64/lib/clang/20/lib/linux/aarch64] ==> [/Users/apple-tech/Library/Android/sdk/ndk/26.3.11579264/toolchains/llvm/prebuilt/darwin-x86_64/lib/clang/20/lib/linux/aarch64]
  collapse library dir [/Users/apple-tech/Library/Android/sdk/ndk/26.3.11579264/toolchains/llvm/prebuilt/darwin-x86_64/sysroot/usr/lib/aarch64-linux-android/23] ==> [/Users/apple-tech/Library/Android/sdk/ndk/26.3.11579264/toolchains/llvm/prebuilt/darwin-x86_64/sysroot/usr/lib/aarch64-linux-android/23]
  collapse library dir [/Users/apple-tech/Library/Android/sdk/ndk/26.3.11579264/toolchains/llvm/prebuilt/darwin-x86_64/sysroot/usr/lib/aarch64-linux-android] ==> [/Users/apple-tech/Library/Android/sdk/ndk/26.3.11579264/toolchains/llvm/prebuilt/darwin-x86_64/sysroot/usr/lib/aarch64-linux-android]
  collapse library dir [/Users/apple-tech/Library/Android/sdk/ndk/26.3.11579264/toolchains/llvm/prebuilt/darwin-x86_64/sysroot/usr/lib] ==> [/Users/apple-tech/Library/Android/sdk/ndk/26.3.11579264/toolchains/llvm/prebuilt/darwin-x86_64/sysroot/usr/lib]
  implicit libs: [-l:libunwind.a;dl;c;-l:libunwind.a;dl]
  implicit dirs: [/Users/apple-tech/Library/Android/sdk/ndk/26.3.11579264/toolchains/llvm/prebuilt/darwin-x86_64/lib/clang/20/lib/linux/aarch64;/Users/apple-tech/Library/Android/sdk/ndk/26.3.11579264/toolchains/llvm/prebuilt/darwin-x86_64/sysroot/usr/lib/aarch64-linux-android/23;/Users/apple-tech/Library/Android/sdk/ndk/26.3.11579264/toolchains/llvm/prebuilt/darwin-x86_64/sysroot/usr/lib/aarch64-linux-android;/Users/apple-tech/Library/Android/sdk/ndk/26.3.11579264/toolchains/llvm/prebuilt/darwin-x86_64/sysroot/usr/lib]
  implicit fwks: []


Detecting CXX compiler ABI info compiled with the following output:
Change Dir: /Users/apple-tech/Downloads/RCT-Mobile/android/app/.cxx/RelWithDebInfo/u2y2b4f5/arm64-v8a/CMakeFiles/CMakeTmp

Run Build Command(s):/Users/apple-tech/Library/Android/sdk/cmake/3.18.1/bin/ninja cmTC_51fdf && [1/2] Building CXX object CMakeFiles/cmTC_51fdf.dir/CMakeCXXCompilerABI.cpp.o
Android (13065274, +pgo, -bolt, +lto, -mlgo, based on r547379) clang version 20.0.0 (https://android.googlesource.com/toolchain/llvm-project b718bcaf8c198c82f3021447d943401e3ab5bd54)
Target: aarch64-none-linux-android23
Thread model: posix
InstalledDir: /Users/apple-tech/Library/Android/sdk/ndk/26.3.11579264/toolchains/llvm/prebuilt/darwin-x86_64/bin
 (in-process)
 "/Users/apple-tech/Library/Android/sdk/ndk/26.3.11579264/toolchains/llvm/prebuilt/darwin-x86_64/bin/clang++" -cc1 -triple aarch64-none-linux-android23 -emit-obj -disable-free -clear-ast-before-backend -disable-llvm-verifier -discard-value-names -main-file-name CMakeCXXCompilerABI.cpp -mrelocation-model pic -pic-level 2 -pic-is-pie -mframe-pointer=non-leaf -ffp-contract=on -fno-rounding-math -mconstructor-aliases -funwind-tables=2 -target-cpu generic -target-feature +v8a -target-feature +fp-armv8 -target-feature +neon -target-feature +fix-cortex-a53-835769 -target-abi aapcs -debug-info-kind=constructor -dwarf-version=4 -debugger-tuning=gdb -fdebug-compilation-dir=/Users/apple-tech/Downloads/RCT-Mobile/android/app/.cxx/RelWithDebInfo/u2y2b4f5/arm64-v8a/CMakeFiles/CMakeTmp -v -ffunction-sections -fdata-sections -fcoverage-compilation-dir=/Users/apple-tech/Downloads/RCT-Mobile/android/app/.cxx/RelWithDebInfo/u2y2b4f5/arm64-v8a/CMakeFiles/CMakeTmp -resource-dir /Users/apple-tech/Library/Android/sdk/ndk/26.3.11579264/toolchains/llvm/prebuilt/darwin-x86_64/lib/clang/20 -dependency-file CMakeFiles/cmTC_51fdf.dir/CMakeCXXCompilerABI.cpp.o.d -MT CMakeFiles/cmTC_51fdf.dir/CMakeCXXCompilerABI.cpp.o -sys-header-deps -D ANDROID -D _FORTIFY_SOURCE=2 -isysroot /Users/apple-tech/Library/Android/sdk/ndk/26.3.11579264/toolchains/llvm/prebuilt/darwin-x86_64/sysroot -internal-isystem /Users/apple-tech/Library/Android/sdk/ndk/26.3.11579264/toolchains/llvm/prebuilt/darwin-x86_64/sysroot/usr/include/c++/v1 -internal-isystem /Users/apple-tech/Library/Android/sdk/ndk/26.3.11579264/toolchains/llvm/prebuilt/darwin-x86_64/lib/clang/20/include -internal-isystem /Users/apple-tech/Library/Android/sdk/ndk/26.3.11579264/toolchains/llvm/prebuilt/darwin-x86_64/sysroot/usr/local/include -internal-externc-isystem /Users/apple-tech/Library/Android/sdk/ndk/26.3.11579264/toolchains/llvm/prebuilt/darwin-x86_64/sysroot/usr/include/aarch64-linux-android -internal-externc-isystem /Users/apple-tech/Library/Android/sdk/ndk/26.3.11579264/toolchains/llvm/prebuilt/darwin-x86_64/sysroot/include -internal-externc-isystem /Users/apple-tech/Library/Android/sdk/ndk/26.3.11579264/toolchains/llvm/prebuilt/darwin-x86_64/sysroot/usr/include -Wformat -fdeprecated-macro -ferror-limit 19 -femulated-tls -stack-protector 2 -fno-signed-char -fgnuc-version=4.2.1 -fskip-odr-check-in-gmf -fcxx-exceptions -fexceptions -target-feature +outline-atomics -D__GCC_HAVE_DWARF2_CFI_ASM=1 -o CMakeFiles/cmTC_51fdf.dir/CMakeCXXCompilerABI.cpp.o -x c++ /Users/apple-tech/Library/Android/sdk/cmake/3.18.1/share/cmake-3.18/Modules/CMakeCXXCompilerABI.cpp
clang -cc1 version 20.0.0 based upon LLVM 20.0.0 default target x86_64-apple-darwin23.6.0
ignoring nonexistent directory "/Users/apple-tech/Library/Android/sdk/ndk/26.3.11579264/toolchains/llvm/prebuilt/darwin-x86_64/sysroot/usr/local/include"
ignoring nonexistent directory "/Users/apple-tech/Library/Android/sdk/ndk/26.3.11579264/toolchains/llvm/prebuilt/darwin-x86_64/sysroot/include"
#include "..." search starts here:
#include <...> search starts here:
 /Users/apple-tech/Library/Android/sdk/ndk/26.3.11579264/toolchains/llvm/prebuilt/darwin-x86_64/sysroot/usr/include/c++/v1
 /Users/apple-tech/Library/Android/sdk/ndk/26.3.11579264/toolchains/llvm/prebuilt/darwin-x86_64/lib/clang/20/include
 /Users/apple-tech/Library/Android/sdk/ndk/26.3.11579264/toolchains/llvm/prebuilt/darwin-x86_64/sysroot/usr/include/aarch64-linux-android
 /Users/apple-tech/Library/Android/sdk/ndk/26.3.11579264/toolchains/llvm/prebuilt/darwin-x86_64/sysroot/usr/include
End of search list.
[2/2] Linking CXX executable cmTC_51fdf
Android (13065274, +pgo, -bolt, +lto, -mlgo, based on r547379) clang version 20.0.0 (https://android.googlesource.com/toolchain/llvm-project b718bcaf8c198c82f3021447d943401e3ab5bd54)
Target: aarch64-none-linux-android23
Thread model: posix
InstalledDir: /Users/apple-tech/Library/Android/sdk/ndk/26.3.11579264/toolchains/llvm/prebuilt/darwin-x86_64/bin
 "/Users/apple-tech/Library/Android/sdk/ndk/26.3.11579264/toolchains/llvm/prebuilt/darwin-x86_64/bin/ld.lld" --sysroot=/Users/apple-tech/Library/Android/sdk/ndk/26.3.11579264/toolchains/llvm/prebuilt/darwin-x86_64/sysroot -EL --fix-cortex-a53-843419 -z now -z relro -z max-page-size=16384 --hash-style=gnu --eh-frame-hdr -m aarch64linux -pie -dynamic-linker /system/bin/linker64 -o cmTC_51fdf /Users/apple-tech/Library/Android/sdk/ndk/26.3.11579264/toolchains/llvm/prebuilt/darwin-x86_64/sysroot/usr/lib/aarch64-linux-android/23/crtbegin_dynamic.o -L/Users/apple-tech/Library/Android/sdk/ndk/26.3.11579264/toolchains/llvm/prebuilt/darwin-x86_64/lib/clang/20/lib/linux/aarch64 -L/Users/apple-tech/Library/Android/sdk/ndk/26.3.11579264/toolchains/llvm/prebuilt/darwin-x86_64/sysroot/usr/lib/aarch64-linux-android/23 -L/Users/apple-tech/Library/Android/sdk/ndk/26.3.11579264/toolchains/llvm/prebuilt/darwin-x86_64/sysroot/usr/lib/aarch64-linux-android -L/Users/apple-tech/Library/Android/sdk/ndk/26.3.11579264/toolchains/llvm/prebuilt/darwin-x86_64/sysroot/usr/lib --build-id=sha1 --no-rosegment --no-undefined-version --fatal-warnings --no-undefined CMakeFiles/cmTC_51fdf.dir/CMakeCXXCompilerABI.cpp.o -Bstatic -lc++ -Bdynamic -lm /Users/apple-tech/Library/Android/sdk/ndk/26.3.11579264/toolchains/llvm/prebuilt/darwin-x86_64/lib/clang/20/lib/linux/libclang_rt.builtins-aarch64-android.a -l:libunwind.a -ldl -lc /Users/apple-tech/Library/Android/sdk/ndk/26.3.11579264/toolchains/llvm/prebuilt/darwin-x86_64/lib/clang/20/lib/linux/libclang_rt.builtins-aarch64-android.a -l:libunwind.a -ldl /Users/apple-tech/Library/Android/sdk/ndk/26.3.11579264/toolchains/llvm/prebuilt/darwin-x86_64/sysroot/usr/lib/aarch64-linux-android/23/crtend_android.o



Parsed CXX implicit include dir info from above output: rv=done
  found start of include info
  found start of implicit include info
    add: [/Users/apple-tech/Library/Android/sdk/ndk/26.3.11579264/toolchains/llvm/prebuilt/darwin-x86_64/sysroot/usr/include/c++/v1]
    add: [/Users/apple-tech/Library/Android/sdk/ndk/26.3.11579264/toolchains/llvm/prebuilt/darwin-x86_64/lib/clang/20/include]
    add: [/Users/apple-tech/Library/Android/sdk/ndk/26.3.11579264/toolchains/llvm/prebuilt/darwin-x86_64/sysroot/usr/include/aarch64-linux-android]
    add: [/Users/apple-tech/Library/Android/sdk/ndk/26.3.11579264/toolchains/llvm/prebuilt/darwin-x86_64/sysroot/usr/include]
  end of search list found
  collapse include dir [/Users/apple-tech/Library/Android/sdk/ndk/26.3.11579264/toolchains/llvm/prebuilt/darwin-x86_64/sysroot/usr/include/c++/v1] ==> [/Users/apple-tech/Library/Android/sdk/ndk/26.3.11579264/toolchains/llvm/prebuilt/darwin-x86_64/sysroot/usr/include/c++/v1]
  collapse include dir [/Users/apple-tech/Library/Android/sdk/ndk/26.3.11579264/toolchains/llvm/prebuilt/darwin-x86_64/lib/clang/20/include] ==> [/Users/apple-tech/Library/Android/sdk/ndk/26.3.11579264/toolchains/llvm/prebuilt/darwin-x86_64/lib/clang/20/include]
  collapse include dir [/Users/apple-tech/Library/Android/sdk/ndk/26.3.11579264/toolchains/llvm/prebuilt/darwin-x86_64/sysroot/usr/include/aarch64-linux-android] ==> [/Users/apple-tech/Library/Android/sdk/ndk/26.3.11579264/toolchains/llvm/prebuilt/darwin-x86_64/sysroot/usr/include/aarch64-linux-android]
  collapse include dir [/Users/apple-tech/Library/Android/sdk/ndk/26.3.11579264/toolchains/llvm/prebuilt/darwin-x86_64/sysroot/usr/include] ==> [/Users/apple-tech/Library/Android/sdk/ndk/26.3.11579264/toolchains/llvm/prebuilt/darwin-x86_64/sysroot/usr/include]
  implicit include dirs: [/Users/apple-tech/Library/Android/sdk/ndk/26.3.11579264/toolchains/llvm/prebuilt/darwin-x86_64/sysroot/usr/include/c++/v1;/Users/apple-tech/Library/Android/sdk/ndk/26.3.11579264/toolchains/llvm/prebuilt/darwin-x86_64/lib/clang/20/include;/Users/apple-tech/Library/Android/sdk/ndk/26.3.11579264/toolchains/llvm/prebuilt/darwin-x86_64/sysroot/usr/include/aarch64-linux-android;/Users/apple-tech/Library/Android/sdk/ndk/26.3.11579264/toolchains/llvm/prebuilt/darwin-x86_64/sysroot/usr/include]


Parsed CXX implicit link information from above output:
  link line regex: [^( *|.*[/\])(ld\.lld|CMAKE_LINK_STARTFILE-NOTFOUND|([^/\]+-)?ld|collect2)[^/\]*( |$)]
  ignore line: [Change Dir: /Users/apple-tech/Downloads/RCT-Mobile/android/app/.cxx/RelWithDebInfo/u2y2b4f5/arm64-v8a/CMakeFiles/CMakeTmp]
  ignore line: []
  ignore line: [Run Build Command(s):/Users/apple-tech/Library/Android/sdk/cmake/3.18.1/bin/ninja cmTC_51fdf && [1/2] Building CXX object CMakeFiles/cmTC_51fdf.dir/CMakeCXXCompilerABI.cpp.o]
  ignore line: [Android (13065274  +pgo  -bolt  +lto  -mlgo  based on r547379) clang version 20.0.0 (https://android.googlesource.com/toolchain/llvm-project b718bcaf8c198c82f3021447d943401e3ab5bd54)]
  ignore line: [Target: aarch64-none-linux-android23]
  ignore line: [Thread model: posix]
  ignore line: [InstalledDir: /Users/apple-tech/Library/Android/sdk/ndk/26.3.11579264/toolchains/llvm/prebuilt/darwin-x86_64/bin]
  ignore line: [ (in-process)]
  ignore line: [ "/Users/apple-tech/Library/Android/sdk/ndk/26.3.11579264/toolchains/llvm/prebuilt/darwin-x86_64/bin/clang++" -cc1 -triple aarch64-none-linux-android23 -emit-obj -disable-free -clear-ast-before-backend -disable-llvm-verifier -discard-value-names -main-file-name CMakeCXXCompilerABI.cpp -mrelocation-model pic -pic-level 2 -pic-is-pie -mframe-pointer=non-leaf -ffp-contract=on -fno-rounding-math -mconstructor-aliases -funwind-tables=2 -target-cpu generic -target-feature +v8a -target-feature +fp-armv8 -target-feature +neon -target-feature +fix-cortex-a53-835769 -target-abi aapcs -debug-info-kind=constructor -dwarf-version=4 -debugger-tuning=gdb -fdebug-compilation-dir=/Users/apple-tech/Downloads/RCT-Mobile/android/app/.cxx/RelWithDebInfo/u2y2b4f5/arm64-v8a/CMakeFiles/CMakeTmp -v -ffunction-sections -fdata-sections -fcoverage-compilation-dir=/Users/apple-tech/Downloads/RCT-Mobile/android/app/.cxx/RelWithDebInfo/u2y2b4f5/arm64-v8a/CMakeFiles/CMakeTmp -resource-dir /Users/apple-tech/Library/Android/sdk/ndk/26.3.11579264/toolchains/llvm/prebuilt/darwin-x86_64/lib/clang/20 -dependency-file CMakeFiles/cmTC_51fdf.dir/CMakeCXXCompilerABI.cpp.o.d -MT CMakeFiles/cmTC_51fdf.dir/CMakeCXXCompilerABI.cpp.o -sys-header-deps -D ANDROID -D _FORTIFY_SOURCE=2 -isysroot /Users/apple-tech/Library/Android/sdk/ndk/26.3.11579264/toolchains/llvm/prebuilt/darwin-x86_64/sysroot -internal-isystem /Users/apple-tech/Library/Android/sdk/ndk/26.3.11579264/toolchains/llvm/prebuilt/darwin-x86_64/sysroot/usr/include/c++/v1 -internal-isystem /Users/apple-tech/Library/Android/sdk/ndk/26.3.11579264/toolchains/llvm/prebuilt/darwin-x86_64/lib/clang/20/include -internal-isystem /Users/apple-tech/Library/Android/sdk/ndk/26.3.11579264/toolchains/llvm/prebuilt/darwin-x86_64/sysroot/usr/local/include -internal-externc-isystem /Users/apple-tech/Library/Android/sdk/ndk/26.3.11579264/toolchains/llvm/prebuilt/darwin-x86_64/sysroot/usr/include/aarch64-linux-android -internal-externc-isystem /Users/apple-tech/Library/Android/sdk/ndk/26.3.11579264/toolchains/llvm/prebuilt/darwin-x86_64/sysroot/include -internal-externc-isystem /Users/apple-tech/Library/Android/sdk/ndk/26.3.11579264/toolchains/llvm/prebuilt/darwin-x86_64/sysroot/usr/include -Wformat -fdeprecated-macro -ferror-limit 19 -femulated-tls -stack-protector 2 -fno-signed-char -fgnuc-version=4.2.1 -fskip-odr-check-in-gmf -fcxx-exceptions -fexceptions -target-feature +outline-atomics -D__GCC_HAVE_DWARF2_CFI_ASM=1 -o CMakeFiles/cmTC_51fdf.dir/CMakeCXXCompilerABI.cpp.o -x c++ /Users/apple-tech/Library/Android/sdk/cmake/3.18.1/share/cmake-3.18/Modules/CMakeCXXCompilerABI.cpp]
  ignore line: [clang -cc1 version 20.0.0 based upon LLVM 20.0.0 default target x86_64-apple-darwin23.6.0]
  ignore line: [ignoring nonexistent directory "/Users/apple-tech/Library/Android/sdk/ndk/26.3.11579264/toolchains/llvm/prebuilt/darwin-x86_64/sysroot/usr/local/include"]
  ignore line: [ignoring nonexistent directory "/Users/apple-tech/Library/Android/sdk/ndk/26.3.11579264/toolchains/llvm/prebuilt/darwin-x86_64/sysroot/include"]
  ignore line: [#include "..." search starts here:]
  ignore line: [#include <...> search starts here:]
  ignore line: [ /Users/apple-tech/Library/Android/sdk/ndk/26.3.11579264/toolchains/llvm/prebuilt/darwin-x86_64/sysroot/usr/include/c++/v1]
  ignore line: [ /Users/apple-tech/Library/Android/sdk/ndk/26.3.11579264/toolchains/llvm/prebuilt/darwin-x86_64/lib/clang/20/include]
  ignore line: [ /Users/apple-tech/Library/Android/sdk/ndk/26.3.11579264/toolchains/llvm/prebuilt/darwin-x86_64/sysroot/usr/include/aarch64-linux-android]
  ignore line: [ /Users/apple-tech/Library/Android/sdk/ndk/26.3.11579264/toolchains/llvm/prebuilt/darwin-x86_64/sysroot/usr/include]
  ignore line: [End of search list.]
  ignore line: [[2/2] Linking CXX executable cmTC_51fdf]
  ignore line: [Android (13065274  +pgo  -bolt  +lto  -mlgo  based on r547379) clang version 20.0.0 (https://android.googlesource.com/toolchain/llvm-project b718bcaf8c198c82f3021447d943401e3ab5bd54)]
  ignore line: [Target: aarch64-none-linux-android23]
  ignore line: [Thread model: posix]
  ignore line: [InstalledDir: /Users/apple-tech/Library/Android/sdk/ndk/26.3.11579264/toolchains/llvm/prebuilt/darwin-x86_64/bin]
  link line: [ "/Users/apple-tech/Library/Android/sdk/ndk/26.3.11579264/toolchains/llvm/prebuilt/darwin-x86_64/bin/ld.lld" --sysroot=/Users/apple-tech/Library/Android/sdk/ndk/26.3.11579264/toolchains/llvm/prebuilt/darwin-x86_64/sysroot -EL --fix-cortex-a53-843419 -z now -z relro -z max-page-size=16384 --hash-style=gnu --eh-frame-hdr -m aarch64linux -pie -dynamic-linker /system/bin/linker64 -o cmTC_51fdf /Users/apple-tech/Library/Android/sdk/ndk/26.3.11579264/toolchains/llvm/prebuilt/darwin-x86_64/sysroot/usr/lib/aarch64-linux-android/23/crtbegin_dynamic.o -L/Users/apple-tech/Library/Android/sdk/ndk/26.3.11579264/toolchains/llvm/prebuilt/darwin-x86_64/lib/clang/20/lib/linux/aarch64 -L/Users/apple-tech/Library/Android/sdk/ndk/26.3.11579264/toolchains/llvm/prebuilt/darwin-x86_64/sysroot/usr/lib/aarch64-linux-android/23 -L/Users/apple-tech/Library/Android/sdk/ndk/26.3.11579264/toolchains/llvm/prebuilt/darwin-x86_64/sysroot/usr/lib/aarch64-linux-android -L/Users/apple-tech/Library/Android/sdk/ndk/26.3.11579264/toolchains/llvm/prebuilt/darwin-x86_64/sysroot/usr/lib --build-id=sha1 --no-rosegment --no-undefined-version --fatal-warnings --no-undefined CMakeFiles/cmTC_51fdf.dir/CMakeCXXCompilerABI.cpp.o -Bstatic -lc++ -Bdynamic -lm /Users/apple-tech/Library/Android/sdk/ndk/26.3.11579264/toolchains/llvm/prebuilt/darwin-x86_64/lib/clang/20/lib/linux/libclang_rt.builtins-aarch64-android.a -l:libunwind.a -ldl -lc /Users/apple-tech/Library/Android/sdk/ndk/26.3.11579264/toolchains/llvm/prebuilt/darwin-x86_64/lib/clang/20/lib/linux/libclang_rt.builtins-aarch64-android.a -l:libunwind.a -ldl /Users/apple-tech/Library/Android/sdk/ndk/26.3.11579264/toolchains/llvm/prebuilt/darwin-x86_64/sysroot/usr/lib/aarch64-linux-android/23/crtend_android.o]
    arg [/Users/apple-tech/Library/Android/sdk/ndk/26.3.11579264/toolchains/llvm/prebuilt/darwin-x86_64/bin/ld.lld] ==> ignore
    arg [--sysroot=/Users/apple-tech/Library/Android/sdk/ndk/26.3.11579264/toolchains/llvm/prebuilt/darwin-x86_64/sysroot] ==> ignore
    arg [-EL] ==> ignore
    arg [--fix-cortex-a53-843419] ==> ignore
    arg [-znow] ==> ignore
    arg [-zrelro] ==> ignore
    arg [-zmax-page-size=16384] ==> ignore
    arg [--hash-style=gnu] ==> ignore
    arg [--eh-frame-hdr] ==> ignore
    arg [-m] ==> ignore
    arg [aarch64linux] ==> ignore
    arg [-pie] ==> ignore
    arg [-dynamic-linker] ==> ignore
    arg [/system/bin/linker64] ==> ignore
    arg [-o] ==> ignore
    arg [cmTC_51fdf] ==> ignore
    arg [/Users/apple-tech/Library/Android/sdk/ndk/26.3.11579264/toolchains/llvm/prebuilt/darwin-x86_64/sysroot/usr/lib/aarch64-linux-android/23/crtbegin_dynamic.o] ==> ignore
    arg [-L/Users/apple-tech/Library/Android/sdk/ndk/26.3.11579264/toolchains/llvm/prebuilt/darwin-x86_64/lib/clang/20/lib/linux/aarch64] ==> dir [/Users/apple-tech/Library/Android/sdk/ndk/26.3.11579264/toolchains/llvm/prebuilt/darwin-x86_64/lib/clang/20/lib/linux/aarch64]
    arg [-L/Users/apple-tech/Library/Android/sdk/ndk/26.3.11579264/toolchains/llvm/prebuilt/darwin-x86_64/sysroot/usr/lib/aarch64-linux-android/23] ==> dir [/Users/apple-tech/Library/Android/sdk/ndk/26.3.11579264/toolchains/llvm/prebuilt/darwin-x86_64/sysroot/usr/lib/aarch64-linux-android/23]
    arg [-L/Users/apple-tech/Library/Android/sdk/ndk/26.3.11579264/toolchains/llvm/prebuilt/darwin-x86_64/sysroot/usr/lib/aarch64-linux-android] ==> dir [/Users/apple-tech/Library/Android/sdk/ndk/26.3.11579264/toolchains/llvm/prebuilt/darwin-x86_64/sysroot/usr/lib/aarch64-linux-android]
    arg [-L/Users/apple-tech/Library/Android/sdk/ndk/26.3.11579264/toolchains/llvm/prebuilt/darwin-x86_64/sysroot/usr/lib] ==> dir [/Users/apple-tech/Library/Android/sdk/ndk/26.3.11579264/toolchains/llvm/prebuilt/darwin-x86_64/sysroot/usr/lib]
    arg [--build-id=sha1] ==> ignore
    arg [--no-rosegment] ==> ignore
    arg [--no-undefined-version] ==> ignore
    arg [--fatal-warnings] ==> ignore
    arg [--no-undefined] ==> ignore
    arg [CMakeFiles/cmTC_51fdf.dir/CMakeCXXCompilerABI.cpp.o] ==> ignore
    arg [-Bstatic] ==> ignore
    arg [-lc++] ==> lib [c++]
    arg [-Bdynamic] ==> ignore
    arg [-lm] ==> lib [m]
    arg [/Users/apple-tech/Library/Android/sdk/ndk/26.3.11579264/toolchains/llvm/prebuilt/darwin-x86_64/lib/clang/20/lib/linux/libclang_rt.builtins-aarch64-android.a] ==> lib [/Users/apple-tech/Library/Android/sdk/ndk/26.3.11579264/toolchains/llvm/prebuilt/darwin-x86_64/lib/clang/20/lib/linux/libclang_rt.builtins-aarch64-android.a]
    arg [-l:libunwind.a] ==> lib [-l:libunwind.a]
    arg [-ldl] ==> lib [dl]
    arg [-lc] ==> lib [c]
    arg [/Users/apple-tech/Library/Android/sdk/ndk/26.3.11579264/toolchains/llvm/prebuilt/darwin-x86_64/lib/clang/20/lib/linux/libclang_rt.builtins-aarch64-android.a] ==> lib [/Users/apple-tech/Library/Android/sdk/ndk/26.3.11579264/toolchains/llvm/prebuilt/darwin-x86_64/lib/clang/20/lib/linux/libclang_rt.builtins-aarch64-android.a]
    arg [-l:libunwind.a] ==> lib [-l:libunwind.a]
    arg [-ldl] ==> lib [dl]
    arg [/Users/apple-tech/Library/Android/sdk/ndk/26.3.11579264/toolchains/llvm/prebuilt/darwin-x86_64/sysroot/usr/lib/aarch64-linux-android/23/crtend_android.o] ==> ignore
  remove lib [/Users/apple-tech/Library/Android/sdk/ndk/26.3.11579264/toolchains/llvm/prebuilt/darwin-x86_64/lib/clang/20/lib/linux/libclang_rt.builtins-aarch64-android.a]
  remove lib [/Users/apple-tech/Library/Android/sdk/ndk/26.3.11579264/toolchains/llvm/prebuilt/darwin-x86_64/lib/clang/20/lib/linux/libclang_rt.builtins-aarch64-android.a]
  collapse library dir [/Users/apple-tech/Library/Android/sdk/ndk/26.3.11579264/toolchains/llvm/prebuilt/darwin-x86_64/lib/clang/20/lib/linux/aarch64] ==> [/Users/apple-tech/Library/Android/sdk/ndk/26.3.11579264/toolchains/llvm/prebuilt/darwin-x86_64/lib/clang/20/lib/linux/aarch64]
  collapse library dir [/Users/apple-tech/Library/Android/sdk/ndk/26.3.11579264/toolchains/llvm/prebuilt/darwin-x86_64/sysroot/usr/lib/aarch64-linux-android/23] ==> [/Users/apple-tech/Library/Android/sdk/ndk/26.3.11579264/toolchains/llvm/prebuilt/darwin-x86_64/sysroot/usr/lib/aarch64-linux-android/23]
  collapse library dir [/Users/apple-tech/Library/Android/sdk/ndk/26.3.11579264/toolchains/llvm/prebuilt/darwin-x86_64/sysroot/usr/lib/aarch64-linux-android] ==> [/Users/apple-tech/Library/Android/sdk/ndk/26.3.11579264/toolchains/llvm/prebuilt/darwin-x86_64/sysroot/usr/lib/aarch64-linux-android]
  collapse library dir [/Users/apple-tech/Library/Android/sdk/ndk/26.3.11579264/toolchains/llvm/prebuilt/darwin-x86_64/sysroot/usr/lib] ==> [/Users/apple-tech/Library/Android/sdk/ndk/26.3.11579264/toolchains/llvm/prebuilt/darwin-x86_64/sysroot/usr/lib]
  implicit libs: [c++;m;-l:libunwind.a;dl;c;-l:libunwind.a;dl]
  implicit dirs: [/Users/apple-tech/Library/Android/sdk/ndk/26.3.11579264/toolchains/llvm/prebuilt/darwin-x86_64/lib/clang/20/lib/linux/aarch64;/Users/apple-tech/Library/Android/sdk/ndk/26.3.11579264/toolchains/llvm/prebuilt/darwin-x86_64/sysroot/usr/lib/aarch64-linux-android/23;/Users/apple-tech/Library/Android/sdk/ndk/26.3.11579264/toolchains/llvm/prebuilt/darwin-x86_64/sysroot/usr/lib/aarch64-linux-android;/Users/apple-tech/Library/Android/sdk/ndk/26.3.11579264/toolchains/llvm/prebuilt/darwin-x86_64/sysroot/usr/lib]
  implicit fwks: []


