#
# A fatal error has been detected by the Java Runtime Environment:
#
#  EXCEPTION_ACCESS_VIOLATION (0xc0000005) at pc=0x00007ff9673238e7, pid=10992, tid=12724
#
# JRE version: Java(TM) SE Runtime Environment (17.0.12+8) (build 17.0.12+8-LTS-286)
# Java VM: Java HotSpot(TM) 64-Bit Server VM (17.0.12+8-LTS-286, mixed mode, sharing, tiered, compressed oops, compressed class ptrs, g1 gc, windows-amd64)
# Problematic frame:
# V  [jvm.dll+0x2d38e7]
#
# No core dump will be written. Minidumps are not enabled by default on client versions of Windows
#
# If you would like to submit a bug report, please visit:
#   https://bugreport.java.com/bugreport/crash.jsp
#

---------------  S U M M A R Y ------------

Command Line: -XX:MaxMetaspaceSize=2G -XX:+HeapDumpOnOutOfMemoryError --add-opens=java.base/java.util=ALL-UNNAMED --add-opens=java.base/java.lang=ALL-UNNAMED --add-opens=java.base/java.lang.invoke=ALL-UNNAMED --add-opens=java.prefs/java.util.prefs=ALL-UNNAMED --add-opens=java.base/java.nio.charset=ALL-UNNAMED --add-opens=java.base/java.net=ALL-UNNAMED --add-opens=java.base/java.util.concurrent.atomic=ALL-UNNAMED -Xmx4G -Dfile.encoding=windows-1252 -Duser.country=US -Duser.language=en -Duser.variant org.gradle.launcher.daemon.bootstrap.GradleDaemon 7.6.3

Host: Intel(R) Core(TM) i5-7300U CPU @ 2.60GHz, 4 cores, 7G,  Windows 10 , 64 bit Build 19041 (10.0.19041.5438)
Time: Wed Mar 12 00:16:14 2025 Egypt Standard Time elapsed time: 37.722000 seconds (0d 0h 0m 37s)

---------------  T H R E A D  ---------------

Current thread (0x000001f9cb449dc0):  ConcurrentGCThread "G1 Conc#0" [stack: 0x0000007ec9200000,0x0000007ec9300000] [id=12724]

Stack: [0x0000007ec9200000,0x0000007ec9300000],  sp=0x0000007ec92ffae0,  free space=1022k
Native frames: (J=compiled Java code, j=interpreted, Vv=VM code, C=native code)
V  [jvm.dll+0x2d38e7]
V  [jvm.dll+0x2e0d66]
V  [jvm.dll+0x2e7de4]
V  [jvm.dll+0x80832b]
V  [jvm.dll+0x808376]
V  [jvm.dll+0x78abea]
V  [jvm.dll+0x678f35]
C  [ucrtbase.dll+0x21bb2]
C  [KERNEL32.DLL+0x17374]
C  [ntdll.dll+0x4cc91]


siginfo: EXCEPTION_ACCESS_VIOLATION (0xc0000005), reading address 0x00000000000000c0


Registers:
RAX=0x000000000000304f, RBX=0x0000000709fe21a0, RCX=0x000001f9cb437f50, RDX=0x0000000000000000
RSP=0x0000007ec92ffae0, RBP=0x0000000000000000, RSI=0x000001f9cb437f50, RDI=0x0000000609fe23a8
R8 =0x0000000000000000, R9 =0x0000000609fe23a8, R10=0x000001f9cb437f50, R11=0x0000000000000003
R12=0x0000000000000000, R13=0x00007ff967af1e00, R14=0x000001f981472840, R15=0x0000000709fe2188
RIP=0x00007ff9673238e7, EFLAGS=0x0000000000010202


Register to memory mapping:

RIP=0x00007ff9673238e7 jvm.dll
RAX=0x000000000000304f is an unknown value
RBX=0x0000000709fe21a0 is pointing into object: org.gradle.api.internal.collections.IterationOrderRetainingSetElementSource 
{0x0000000709fe2188} - klass: 'org/gradle/api/internal/collections/IterationOrderRetainingSetElementSource'
 - ---- fields (total size 5 words):
 - protected 'modCount' 'I' @12  1
 - private final 'inserted' 'Ljava/util/List;' @16  a 'java/util/ArrayList'{0x0000000709fe21b0} (e13fc436)
 - private final 'mutationGuard' 'Lorg/gradle/api/internal/MutationGuard;' @20  a 'org/gradle/api/internal/DefaultMutationGuard'{0x0000000709fe2168} (e13fc42d)
 - private 'realizeAction' 'Lorg/gradle/api/Action;' @24  
[error occurred during error reporting (printing register info), id 0xc0000005, EXCEPTION_ACCESS_VIOLATION (0xc0000005) at pc=0x00007ff9673deb3e]

Top of Stack: (sp=0x0000007ec92ffae0)
0x0000007ec92ffae0:   0000000000000000 00007ff967323919
0x0000007ec92ffaf0:   0000000709fcf778 0000000000000002
0x0000007ec92ffb00:   0000000709fe21ac 00007ff967330d66
0x0000007ec92ffb10:   0000000709fe2160 0000007ec92ffb70
0x0000007ec92ffb20:   000001f981472838 000001f9cb438000
0x0000007ec92ffb30:   0000007ec91ff960 000000070a000000
0x0000007ec92ffb40:   0000000709fe2188 00007ff967337de4
0x0000007ec92ffb50:   0000000000000005 000001f9814723e8
0x0000007ec92ffb60:   000001f9cb438000 000000070a1e6730
0x0000007ec92ffb70:   00007ff96794a2d0 0000000000000000
0x0000007ec92ffb80:   0000000000000003 000001f9cb3da9c0
0x0000007ec92ffb90:   000001f9cb437f50 0000000000000000
0x0000007ec92ffba0:   000001f9cb449dc0 0000000000000000
0x0000007ec92ffbb0:   0000000000000000 0000000000000000
0x0000007ec92ffbc0:   0000000000000000 00007ff96785832b
0x0000007ec92ffbd0:   0000000000000001 000001f9cb449dc0 

Instructions: (pc=0x00007ff9673238e7)
0x00007ff9673237e7:   f9 0f 83 ca 00 00 00 80 3d 63 57 83 00 00 74 15
0x00007ff9673237f7:   8b 47 08 8b 0d c8 da 7c 00 48 d3 e0 48 03 05 b6
0x00007ff967323807:   da 7c 00 eb 04 48 8b 47 08 81 78 08 00 00 00 c0
0x00007ff967323817:   72 35 48 8b 83 a8 00 00 00 48 39 83 a0 00 00 00
0x00007ff967323827:   73 10 48 8b 83 c0 00 00 00 48 39 83 b8 00 00 00
0x00007ff967323837:   72 7f 48 8b cb e8 af 26 01 00 b0 01 48 8b 5c 24
0x00007ff967323847:   30 48 83 c4 20 5f c3 48 8b 53 30 44 8b 82 80 00
0x00007ff967323857:   00 00 8b 82 00 01 00 00 41 8b c8 2b c8 81 e1 ff
0x00007ff967323867:   ff 01 00 81 f9 fe ff 01 00 72 2c 48 8b cb e8 76
0x00007ff967323877:   18 01 00 48 8b 53 30 44 8b 82 80 00 00 00 8b 82
0x00007ff967323887:   00 01 00 00 41 8b c8 2b c8 81 e1 ff ff 01 00 81
0x00007ff967323897:   f9 fe ff 01 00 73 1a 48 8b 82 80 01 00 00 4a 89
0x00007ff9673238a7:   3c c0 41 8d 40 01 25 ff ff 01 00 89 82 80 00 00
0x00007ff9673238b7:   00 48 8b 5c 24 30 b0 01 48 83 c4 20 5f c3 cc cc
0x00007ff9673238c7:   cc cc cc cc cc cc cc cc cc 48 89 6c 24 10 48 89
0x00007ff9673238d7:   74 24 18 57 48 83 ec 20 49 8b f9 8b ea 48 8b f1
0x00007ff9673238e7:   4d 3b 88 c0 00 00 00 72 12 32 c0 48 8b 6c 24 38
0x00007ff9673238f7:   48 8b 74 24 40 48 83 c4 20 5f c3 48 89 5c 24 30
0x00007ff967323907:   48 8b d7 48 8b 99 98 00 00 00 48 8b cb 48 8b 03
0x00007ff967323917:   ff 10 8b 4b 18 48 8b d7 48 2b 53 08 48 8b 43 20
0x00007ff967323927:   48 c1 ea 03 48 d3 ea 48 8b ca 48 c1 e9 06 4c 8d
0x00007ff967323937:   04 c8 0f b6 ca 49 8b 00 80 e1 3f ba 01 00 00 00
0x00007ff967323947:   48 d3 e2 48 8b c8 48 0b ca 48 3b c8 74 12 f0 49
0x00007ff967323957:   0f b1 08 74 25 48 8b c8 48 0b ca 48 3b c8 75 ee
0x00007ff967323967:   32 db 48 8b 6c 24 38 0f b6 c3 48 8b 5c 24 30 48
0x00007ff967323977:   8b 74 24 40 48 83 c4 20 5f c3 80 3d d0 55 83 00
0x00007ff967323987:   00 b3 01 74 15 8b 57 08 8b 0d 33 d9 7c 00 48 d3
0x00007ff967323997:   e2 48 03 15 21 d9 7c 00 eb 04 48 8b 57 08 48 8b
0x00007ff9673239a7:   cf e8 03 9f ed ff 4c 63 d8 48 8b 86 08 03 00 00
0x00007ff9673239b7:   4c 8b 04 e8 49 8b 40 18 8b 88 c0 01 00 00 48 8b
0x00007ff9673239c7:   90 b8 01 00 00 48 d3 e2 8b 0d 9b 5e 83 00 48 2b
0x00007ff9673239d7:   fa 41 8b 50 60 48 d3 ef 44 8b d7 49 23 d2 48 c1 


Stack slot to memory mapping:
stack at sp + 0 slots: 0x0 is NULL
stack at sp + 1 slots: 0x00007ff967323919 jvm.dll
stack at sp + 2 slots: 0x0000000709fcf778 is pointing into object: com.sun.beans.util.Cache$Kind$Soft 
{0x0000000709fcf758} - klass: 'com/sun/beans/util/Cache$Kind$Soft'
 - ---- fields (total size 5 words):
 - private 'referent' 'Ljava/lang/Object;' @12  a 'com/sun/beans/introspect/ClassInfo'{0x0000000709fcf780} (e13f9ef0)
 - volatile 'queue' 'Ljava/lang/ref/ReferenceQueue;' @16  a 'java/lang/ref/ReferenceQueue'{0x0000000701aa2a08} (e0354541)
 - volatile 'next' 'Ljava/lang/ref/Reference;' @20  NULL (0)
 - private transient 'discovered' 'Ljava/lang/ref/Reference;' @24  NULL (0)
 - private 'timestamp' 'J' @32  6205084 (5eae9c 0)
 - private 'owner' 'Ljava/lang/Object;' @28  a 'com/sun/beans/util/Cache$CacheEntry'{0x0000000709fcf710} (e13f9ee2)
stack at sp + 3 slots: 0x0000000000000002 is an unknown value
stack at sp + 4 slots: 0x0000000709fe21ac is pointing into object: org.gradle.api.internal.collections.IterationOrderRetainingSetElementSource 
{0x0000000709fe2188} - klass: 'org/gradle/api/internal/collections/IterationOrderRetainingSetElementSource'
 - ---- fields (total size 5 words):
 - protected 'modCount' 'I' @12  1
 - private final 'inserted' 'Ljava/util/List;' @16  a 'java/util/ArrayList'{0x0000000709fe21b0} (e13fc436)
 - private final 'mutationGuard' 'Lorg/gradle/api/internal/MutationGuard;' @20  a 'org/gradle/api/internal/DefaultMutationGuard'{0x0000000709fe2168} (e13fc42d)
 - private 'realizeAction' 'Lorg/gradle/api/Action;' @24  
[error occurred during error reporting (inspecting top of stack), id 0xc0000005, EXCEPTION_ACCESS_VIOLATION (0xc0000005) at pc=0x00007ff9673deb3e]


---------------  P R O C E S S  ---------------

Threads class SMR info:
_java_thread_list=0x000001f9f8ec1c20, length=88, elements={
0x000001f9cb3ca3e0, 0x000001f9ef874ba0, 0x000001f9ef875930, 0x000001f9ef887580,
0x000001f9ef889060, 0x000001f9ef88c5b0, 0x000001f9ef8ada00, 0x000001f9ef8bf7d0,
0x000001f9ef8c2180, 0x000001f9ef8c9230, 0x000001f9efaff2e0, 0x000001f9efafd990,
0x000001f9efafca60, 0x000001f9efafbb30, 0x000001f9efafc550, 0x000001f9efafc040,
0x000001f9efafe8c0, 0x000001f9efafcf70, 0x000001f9efafedd0, 0x000001f9efafd480,
0x000001f9efafdea0, 0x000001f9f52ebe70, 0x000001f9f52ec380, 0x000001f9f52ecda0,
0x000001f9f52eaf40, 0x000001f9f52e81b0, 0x000001f9f52edcd0, 0x000001f9f52e9b00,
0x000001f9f52ea520, 0x000001f9f52ee6f0, 0x000001f9f52e86c0, 0x000001f9f52ed2b0,
0x000001f9f52eaa30, 0x000001f9f52ed7c0, 0x000001f9f52eec00, 0x000001f9f52e95f0,
0x000001f9f52e90e0, 0x000001f9f52ea010, 0x000001f9f52eb450, 0x000001f9f52ef110,
0x000001f9f52efb30, 0x000001f9efafe3b0, 0x000001f9f6299940, 0x000001f9f629c1c0,
0x000001f9f6298f20, 0x000001f9f629ad80, 0x000001f9f629cbe0, 0x000001f9f62966a0,
0x000001f9f6298500, 0x000001f9f629c6d0, 0x000001f9f629a360, 0x000001f9f629d0f0,
0x000001f9f6296bb0, 0x000001f9f629d600, 0x000001f9f629b290, 0x000001f9f629b7a0,
0x000001f9f6299430, 0x000001f9f62970c0, 0x000001f9f6298a10, 0x000001f9f629bcb0,
0x000001f9f62975d0, 0x000001f9f6299e50, 0x000001f9f6296190, 0x000001f9f629db10,
0x000001f9f6297ae0, 0x000001f9f6297ff0, 0x000001f9f7ca8ba0, 0x000001f9f7cac350,
0x000001f9f7ca7c70, 0x000001f9f7cabe40, 0x000001f9f7cab930, 0x000001f9f7cac860,
0x000001f9f7ca95c0, 0x000001f9f7cab420, 0x000001f9f7caaa00, 0x000001f9f7ca6830,
0x000001f9f7cacd70, 0x000001f9f7cad280, 0x000001f9f7ca7250, 0x000001f9f7ca8180,
0x000001f9f7ca5e10, 0x000001f9f7ca9ad0, 0x000001f9f7ca6d40, 0x000001f9f7cad790,
0x000001f9f7ca90b0, 0x000001f9f7ca7760, 0x000001f9f7ca8690, 0x000001f9f7caa4f0
}

Java Threads: ( => current thread )
  0x000001f9cb3ca3e0 JavaThread "main" [_thread_blocked, id=8064, stack(0x0000007ec8f00000,0x0000007ec9000000)]
  0x000001f9ef874ba0 JavaThread "Reference Handler" daemon [_thread_blocked, id=13320, stack(0x0000007ec9600000,0x0000007ec9700000)]
  0x000001f9ef875930 JavaThread "Finalizer" daemon [_thread_blocked, id=3132, stack(0x0000007ec9700000,0x0000007ec9800000)]
  0x000001f9ef887580 JavaThread "Signal Dispatcher" daemon [_thread_blocked, id=9628, stack(0x0000007ec9800000,0x0000007ec9900000)]
  0x000001f9ef889060 JavaThread "Attach Listener" daemon [_thread_blocked, id=5236, stack(0x0000007ec9900000,0x0000007ec9a00000)]
  0x000001f9ef88c5b0 JavaThread "Service Thread" daemon [_thread_blocked, id=14636, stack(0x0000007ec9a00000,0x0000007ec9b00000)]
  0x000001f9ef8ada00 JavaThread "Monitor Deflation Thread" daemon [_thread_blocked, id=13224, stack(0x0000007ec9b00000,0x0000007ec9c00000)]
  0x000001f9ef8bf7d0 JavaThread "C2 CompilerThread0" daemon [_thread_in_native, id=12052, stack(0x0000007ec9c00000,0x0000007ec9d00000)]
  0x000001f9ef8c2180 JavaThread "C1 CompilerThread0" daemon [_thread_blocked, id=6584, stack(0x0000007ec9d00000,0x0000007ec9e00000)]
  0x000001f9ef8c9230 JavaThread "Sweeper thread" daemon [_thread_blocked, id=13132, stack(0x0000007ec9e00000,0x0000007ec9f00000)]
  0x000001f9efaff2e0 JavaThread "Common-Cleaner" daemon [_thread_blocked, id=9672, stack(0x0000007ec9f00000,0x0000007eca000000)]
  0x000001f9efafd990 JavaThread "Notification Thread" daemon [_thread_blocked, id=9616, stack(0x0000007eca000000,0x0000007eca100000)]
  0x000001f9efafca60 JavaThread "Daemon health stats" [_thread_blocked, id=236, stack(0x0000007eca500000,0x0000007eca600000)]
  0x000001f9efafbb30 JavaThread "Incoming local TCP Connector on port 54295" [_thread_in_native, id=14156, stack(0x0000007eca600000,0x0000007eca700000)]
  0x000001f9efafc550 JavaThread "Daemon periodic checks" [_thread_blocked, id=4508, stack(0x0000007eca700000,0x0000007eca800000)]
  0x000001f9efafc040 JavaThread "Daemon" [_thread_blocked, id=10836, stack(0x0000007eca800000,0x0000007eca900000)]
  0x000001f9efafe8c0 JavaThread "Handler for socket connection from /127.0.0.1:54295 to /127.0.0.1:54296" [_thread_in_native, id=1756, stack(0x0000007eca900000,0x0000007ecaa00000)]
  0x000001f9efafcf70 JavaThread "Cancel handler" [_thread_blocked, id=14956, stack(0x0000007ecaa00000,0x0000007ecab00000)]
  0x000001f9efafedd0 JavaThread "Daemon worker" [_thread_in_Java, id=6976, stack(0x0000007ecab00000,0x0000007ecac00000)]
  0x000001f9efafd480 JavaThread "Asynchronous log dispatcher for DefaultDaemonConnection: socket connection from /127.0.0.1:54295 to /127.0.0.1:54296" [_thread_blocked, id=11644, stack(0x0000007ecac00000,0x0000007ecad00000)]
  0x000001f9efafdea0 JavaThread "Stdin handler" [_thread_blocked, id=2500, stack(0x0000007ecad00000,0x0000007ecae00000)]
  0x000001f9f52ebe70 JavaThread "Daemon client event forwarder" [_thread_blocked, id=5296, stack(0x0000007ecae00000,0x0000007ecaf00000)]
  0x000001f9f52ec380 JavaThread "Cache worker for journal cache (C:\Users\Al-Mahdi\.gradle\caches\journal-1)" [_thread_blocked, id=14960, stack(0x0000007ecaf00000,0x0000007ecb000000)]
  0x000001f9f52ecda0 JavaThread "File lock request listener" [_thread_in_native, id=14664, stack(0x0000007ecb000000,0x0000007ecb100000)]
  0x000001f9f52eaf40 JavaThread "Cache worker for file hash cache (C:\Users\Al-Mahdi\.gradle\caches\7.6.3\fileHashes)" [_thread_blocked, id=5840, stack(0x0000007ecb100000,0x0000007ecb200000)]
  0x000001f9f52e81b0 JavaThread "File watcher server" daemon [_thread_in_native, id=11184, stack(0x0000007ecb200000,0x0000007ecb300000)]
  0x000001f9f52edcd0 JavaThread "File watcher consumer" daemon [_thread_blocked, id=2448, stack(0x0000007ecb300000,0x0000007ecb400000)]
  0x000001f9f52e9b00 JavaThread "Cache worker for checksums cache (E:\khaled_rct_store\RCT-Mobile\android\.gradle\7.6.3\checksums)" [_thread_blocked, id=10676, stack(0x0000007ecb400000,0x0000007ecb500000)]
  0x000001f9f52ea520 JavaThread "Cache worker for cache directory md-rule (C:\Users\Al-Mahdi\.gradle\caches\7.6.3\md-rule)" [_thread_blocked, id=13940, stack(0x0000007ecb500000,0x0000007ecb600000)]
  0x000001f9f52ee6f0 JavaThread "Cache worker for file content cache (C:\Users\Al-Mahdi\.gradle\caches\7.6.3\fileContent)" [_thread_blocked, id=7300, stack(0x0000007ecb600000,0x0000007ecb700000)]
  0x000001f9f52e86c0 JavaThread "Cache worker for file hash cache (E:\khaled_rct_store\RCT-Mobile\android\.gradle\7.6.3\fileHashes)" [_thread_blocked, id=11656, stack(0x0000007ecb700000,0x0000007ecb800000)]
  0x000001f9f52ed2b0 JavaThread "Cache worker for cache directory md-supplier (C:\Users\Al-Mahdi\.gradle\caches\7.6.3\md-supplier)" [_thread_blocked, id=14652, stack(0x0000007ecb800000,0x0000007ecb900000)]
  0x000001f9f52eaa30 JavaThread "Cache worker for execution history cache (C:\Users\Al-Mahdi\.gradle\caches\7.6.3\executionHistory)" [_thread_blocked, id=11396, stack(0x0000007ecbb00000,0x0000007ecbc00000)]
  0x000001f9f52ed7c0 JavaThread "jar transforms" [_thread_blocked, id=6368, stack(0x0000007ecbc00000,0x0000007ecbd00000)]
  0x000001f9f52eec00 JavaThread "Cache worker for kotlin-dsl (C:\Users\Al-Mahdi\.gradle\caches\7.6.3\kotlin-dsl)" [_thread_blocked, id=2784, stack(0x0000007ecbd00000,0x0000007ecbe00000)]
  0x000001f9f52e95f0 JavaThread "jar transforms Thread 2" [_thread_blocked, id=5192, stack(0x0000007ecbe00000,0x0000007ecbf00000)]
  0x000001f9f52e90e0 JavaThread "Cache worker for dependencies-accessors (E:\khaled_rct_store\RCT-Mobile\android\.gradle\7.6.3\dependencies-accessors)" [_thread_blocked, id=2740, stack(0x0000007ecbf00000,0x0000007ecc000000)]
  0x000001f9f52ea010 JavaThread "Cache worker for Build Output Cleanup Cache (C:\src\flutter\packages\flutter_tools\gradle\.gradle\buildOutputCleanup)" [_thread_blocked, id=2252, stack(0x0000007ecc000000,0x0000007ecc100000)]
  0x000001f9f52eb450 JavaThread "jar transforms Thread 3" [_thread_blocked, id=5156, stack(0x0000007ecc100000,0x0000007ecc200000)]
  0x000001f9f52ef110 JavaThread "Memory manager" [_thread_blocked, id=6840, stack(0x0000007ecc200000,0x0000007ecc300000)]
  0x000001f9f52efb30 JavaThread "jar transforms Thread 4" [_thread_blocked, id=11788, stack(0x0000007ecba00000,0x0000007ecbb00000)]
  0x000001f9efafe3b0 JavaThread "included builds" [_thread_blocked, id=2788, stack(0x0000007ecc300000,0x0000007ecc400000)]
  0x000001f9f6299940 JavaThread "Execution worker" [_thread_blocked, id=6452, stack(0x0000007ecc400000,0x0000007ecc500000)]
  0x000001f9f629c1c0 JavaThread "Execution worker Thread 2" [_thread_blocked, id=2096, stack(0x0000007ecc500000,0x0000007ecc600000)]
  0x000001f9f6298f20 JavaThread "Execution worker Thread 3" [_thread_blocked, id=10928, stack(0x0000007ecc600000,0x0000007ecc700000)]
  0x000001f9f629ad80 JavaThread "Cache worker for execution history cache (C:\src\flutter\packages\flutter_tools\gradle\.gradle\7.6.3\executionHistory)" [_thread_blocked, id=10300, stack(0x0000007ecc700000,0x0000007ecc800000)]
  0x000001f9f629cbe0 JavaThread "Unconstrained build operations" [_thread_blocked, id=6036, stack(0x0000007ecc800000,0x0000007ecc900000)]
  0x000001f9f62966a0 JavaThread "Unconstrained build operations Thread 2" [_thread_blocked, id=14096, stack(0x0000007ecc900000,0x0000007ecca00000)]
  0x000001f9f6298500 JavaThread "Unconstrained build operations Thread 3" [_thread_blocked, id=2600, stack(0x0000007ecca00000,0x0000007eccb00000)]
  0x000001f9f629c6d0 JavaThread "Unconstrained build operations Thread 4" [_thread_blocked, id=4672, stack(0x0000007eccb00000,0x0000007eccc00000)]
  0x000001f9f629a360 JavaThread "Unconstrained build operations Thread 5" [_thread_blocked, id=1780, stack(0x0000007eccc00000,0x0000007eccd00000)]
  0x000001f9f629d0f0 JavaThread "Unconstrained build operations Thread 6" [_thread_blocked, id=9768, stack(0x0000007eccd00000,0x0000007ecce00000)]
  0x000001f9f6296bb0 JavaThread "Unconstrained build operations Thread 7" [_thread_blocked, id=4704, stack(0x0000007ecce00000,0x0000007eccf00000)]
  0x000001f9f629d600 JavaThread "Unconstrained build operations Thread 8" [_thread_blocked, id=6380, stack(0x0000007eccf00000,0x0000007ecd000000)]
  0x000001f9f629b290 JavaThread "Unconstrained build operations Thread 9" [_thread_blocked, id=11180, stack(0x0000007ecd000000,0x0000007ecd100000)]
  0x000001f9f629b7a0 JavaThread "Unconstrained build operations Thread 10" [_thread_blocked, id=13656, stack(0x0000007ecd100000,0x0000007ecd200000)]
  0x000001f9f6299430 JavaThread "Unconstrained build operations Thread 11" [_thread_blocked, id=3408, stack(0x0000007ecd200000,0x0000007ecd300000)]
  0x000001f9f62970c0 JavaThread "Unconstrained build operations Thread 12" [_thread_blocked, id=10580, stack(0x0000007ecd300000,0x0000007ecd400000)]
  0x000001f9f6298a10 JavaThread "Unconstrained build operations Thread 13" [_thread_blocked, id=15236, stack(0x0000007ecd400000,0x0000007ecd500000)]
  0x000001f9f629bcb0 JavaThread "Unconstrained build operations Thread 14" [_thread_blocked, id=6804, stack(0x0000007ecd500000,0x0000007ecd600000)]
  0x000001f9f62975d0 JavaThread "Unconstrained build operations Thread 15" [_thread_blocked, id=972, stack(0x0000007ecd600000,0x0000007ecd700000)]
  0x000001f9f6299e50 JavaThread "Unconstrained build operations Thread 16" [_thread_blocked, id=10924, stack(0x0000007ecd700000,0x0000007ecd800000)]
  0x000001f9f6296190 JavaThread "Unconstrained build operations Thread 17" [_thread_blocked, id=5636, stack(0x0000007ecd800000,0x0000007ecd900000)]
  0x000001f9f629db10 JavaThread "Unconstrained build operations Thread 18" [_thread_blocked, id=4428, stack(0x0000007ecd900000,0x0000007ecda00000)]
  0x000001f9f6297ae0 JavaThread "Unconstrained build operations Thread 19" [_thread_blocked, id=10704, stack(0x0000007ecda00000,0x0000007ecdb00000)]
  0x000001f9f6297ff0 JavaThread "Unconstrained build operations Thread 20" [_thread_blocked, id=10364, stack(0x0000007ecdb00000,0x0000007ecdc00000)]
  0x000001f9f7ca8ba0 JavaThread "Unconstrained build operations Thread 21" [_thread_blocked, id=12172, stack(0x0000007ecdc00000,0x0000007ecdd00000)]
  0x000001f9f7cac350 JavaThread "Unconstrained build operations Thread 22" [_thread_blocked, id=3096, stack(0x0000007ecdd00000,0x0000007ecde00000)]
  0x000001f9f7ca7c70 JavaThread "Unconstrained build operations Thread 23" [_thread_blocked, id=1340, stack(0x0000007ecde00000,0x0000007ecdf00000)]
  0x000001f9f7cabe40 JavaThread "Unconstrained build operations Thread 24" [_thread_blocked, id=13212, stack(0x0000007ecdf00000,0x0000007ece000000)]
  0x000001f9f7cab930 JavaThread "Unconstrained build operations Thread 25" [_thread_blocked, id=12928, stack(0x0000007ece000000,0x0000007ece100000)]
  0x000001f9f7cac860 JavaThread "Unconstrained build operations Thread 26" [_thread_blocked, id=13396, stack(0x0000007ece100000,0x0000007ece200000)]
  0x000001f9f7ca95c0 JavaThread "Unconstrained build operations Thread 27" [_thread_blocked, id=10648, stack(0x0000007ece200000,0x0000007ece300000)]
  0x000001f9f7cab420 JavaThread "Unconstrained build operations Thread 28" [_thread_blocked, id=9444, stack(0x0000007ece300000,0x0000007ece400000)]
  0x000001f9f7caaa00 JavaThread "Unconstrained build operations Thread 29" [_thread_blocked, id=15284, stack(0x0000007ece400000,0x0000007ece500000)]
  0x000001f9f7ca6830 JavaThread "Unconstrained build operations Thread 30" [_thread_blocked, id=12880, stack(0x0000007ece500000,0x0000007ece600000)]
  0x000001f9f7cacd70 JavaThread "Unconstrained build operations Thread 31" [_thread_blocked, id=11868, stack(0x0000007ece600000,0x0000007ece700000)]
  0x000001f9f7cad280 JavaThread "Unconstrained build operations Thread 32" [_thread_blocked, id=13188, stack(0x0000007ece700000,0x0000007ece800000)]
  0x000001f9f7ca7250 JavaThread "Unconstrained build operations Thread 33" [_thread_blocked, id=15216, stack(0x0000007ece800000,0x0000007ece900000)]
  0x000001f9f7ca8180 JavaThread "Unconstrained build operations Thread 34" [_thread_blocked, id=10564, stack(0x0000007ece900000,0x0000007ecea00000)]
  0x000001f9f7ca5e10 JavaThread "Unconstrained build operations Thread 35" [_thread_blocked, id=12692, stack(0x0000007ecea00000,0x0000007eceb00000)]
  0x000001f9f7ca9ad0 JavaThread "Unconstrained build operations Thread 36" [_thread_blocked, id=7756, stack(0x0000007eceb00000,0x0000007ecec00000)]
  0x000001f9f7ca6d40 JavaThread "Unconstrained build operations Thread 37" [_thread_blocked, id=11928, stack(0x0000007ecec00000,0x0000007eced00000)]
  0x000001f9f7cad790 JavaThread "Unconstrained build operations Thread 38" [_thread_blocked, id=15292, stack(0x0000007eced00000,0x0000007ecee00000)]
  0x000001f9f7ca90b0 JavaThread "Unconstrained build operations Thread 39" [_thread_blocked, id=4736, stack(0x0000007ecee00000,0x0000007ecef00000)]
  0x000001f9f7ca7760 JavaThread "Unconstrained build operations Thread 40" [_thread_blocked, id=5388, stack(0x0000007ecef00000,0x0000007ecf000000)]
  0x000001f9f7ca8690 JavaThread "Cache worker for Build Output Cleanup Cache (E:\khaled_rct_store\RCT-Mobile\android\.gradle\buildOutputCleanup)" [_thread_blocked, id=11924, stack(0x0000007ecf000000,0x0000007ecf100000)]
  0x000001f9f7caa4f0 JavaThread "build event listener" [_thread_blocked, id=272, stack(0x0000007ecf100000,0x0000007ecf200000)]

Other Threads:
  0x000001f9ef86c0f0 VMThread "VM Thread" [stack: 0x0000007ec9500000,0x0000007ec9600000] [id=5392]
  0x000001f9cb455520 WatcherThread [stack: 0x0000007eca100000,0x0000007eca200000] [id=14592]
  0x000001f9cb437a30 GCTaskThread "GC Thread#0" [stack: 0x0000007ec9000000,0x0000007ec9100000] [id=9728]
  0x000001f9efcc1740 GCTaskThread "GC Thread#1" [stack: 0x0000007eca300000,0x0000007eca400000] [id=4620]
  0x000001f9f4221b70 GCTaskThread "GC Thread#2" [stack: 0x0000007eca400000,0x0000007eca500000] [id=7260]
  0x000001f9f44a9280 GCTaskThread "GC Thread#3" [stack: 0x0000007eca200000,0x0000007eca300000] [id=4856]
  0x000001f9cb448890 ConcurrentGCThread "G1 Main Marker" [stack: 0x0000007ec9100000,0x0000007ec9200000] [id=11960]
=>0x000001f9cb449dc0 ConcurrentGCThread "G1 Conc#0" [stack: 0x0000007ec9200000,0x0000007ec9300000] [id=12724]
  0x000001f9cb47eab0 ConcurrentGCThread "G1 Refine#0" [stack: 0x0000007ec9300000,0x0000007ec9400000] [id=9104]
  0x000001f9f61ff380 ConcurrentGCThread "G1 Refine#1" [stack: 0x0000007ecb900000,0x0000007ecba00000] [id=208]
  0x000001f9ef728630 ConcurrentGCThread "G1 Service" [stack: 0x0000007ec9400000,0x0000007ec9500000] [id=13244]

Threads with active compile tasks:
C2 CompilerThread0    37827 11500   !   4       org.gradle.api.internal.attributes.DefaultImmutableAttributesFactory::doConcatIsolatable (128 bytes)

VM state: not at safepoint (normal execution)

VM Mutex/Monitor currently owned by a thread: None

Heap address: 0x0000000700000000, size: 4096 MB, Compressed Oops mode: Zero based, Oop shift amount: 3

CDS archive(s) mapped at: [0x000001f980000000-0x000001f980bd0000-0x000001f980bd0000), size 12386304, SharedBaseAddress: 0x000001f980000000, ArchiveRelocationMode: 1.
Compressed class space mapped at: 0x000001f981000000-0x000001f9c1000000, reserved size: 1073741824
Narrow klass base: 0x000001f980000000, Narrow klass shift: 0, Narrow klass range: 0x100000000

GC Precious Log:
 CPUs: 4 total, 4 available
 Memory: 8050M
 Large Page Support: Disabled
 NUMA Support: Disabled
 Compressed Oops: Enabled (Zero based)
 Heap Region Size: 2M
 Heap Min Capacity: 8M
 Heap Initial Capacity: 126M
 Heap Max Capacity: 4G
 Pre-touch: Disabled
 Parallel Workers: 4
 Concurrent Workers: 1
 Concurrent Refinement Workers: 4
 Periodic GC: Disabled

Heap:
 garbage-first heap   total 419840K, used 132214K [0x0000000700000000, 0x0000000800000000)
  region size 2048K, 5 young (10240K), 4 survivors (8192K)
 Metaspace       used 84744K, committed 85824K, reserved 1179648K
  class space    used 11913K, committed 12416K, reserved 1048576K

Heap Regions: E=young(eden), S=young(survivor), O=old, HS=humongous(starts), HC=humongous(continues), CS=collection set, F=free, OA=open archive, CA=closed archive, TAMS=top-at-mark-start (previous, next)
|   0|0x0000000700000000, 0x0000000700200000, 0x0000000700200000|100%| O|  |TAMS 0x0000000700200000, 0x0000000700200000| Untracked 
|   1|0x0000000700200000, 0x0000000700400000, 0x0000000700400000|100%|HS|  |TAMS 0x0000000700400000, 0x0000000700400000| Complete 
|   2|0x0000000700400000, 0x0000000700600000, 0x0000000700600000|100%|HC|  |TAMS 0x0000000700600000, 0x0000000700600000| Complete 
|   3|0x0000000700600000, 0x0000000700800000, 0x0000000700800000|100%| O|  |TAMS 0x0000000700800000, 0x0000000700800000| Untracked 
|   4|0x0000000700800000, 0x0000000700a00000, 0x0000000700a00000|100%| O|  |TAMS 0x0000000700a00000, 0x0000000700a00000| Untracked 
|   5|0x0000000700a00000, 0x0000000700c00000, 0x0000000700c00000|100%| O|  |TAMS 0x0000000700c00000, 0x0000000700c00000| Untracked 
|   6|0x0000000700c00000, 0x0000000700e00000, 0x0000000700e00000|100%| O|  |TAMS 0x0000000700e00000, 0x0000000700e00000| Untracked 
|   7|0x0000000700e00000, 0x0000000701000000, 0x0000000701000000|100%| O|  |TAMS 0x0000000701000000, 0x0000000701000000| Untracked 
|   8|0x0000000701000000, 0x0000000701200000, 0x0000000701200000|100%| O|  |TAMS 0x0000000701200000, 0x0000000701200000| Untracked 
|   9|0x0000000701200000, 0x0000000701400000, 0x0000000701400000|100%| O|  |TAMS 0x0000000701400000, 0x0000000701400000| Untracked 
|  10|0x0000000701400000, 0x0000000701600000, 0x0000000701600000|100%| O|  |TAMS 0x0000000701600000, 0x0000000701600000| Untracked 
|  11|0x0000000701600000, 0x0000000701800000, 0x0000000701800000|100%| O|  |TAMS 0x0000000701800000, 0x0000000701800000| Untracked 
|  12|0x0000000701800000, 0x0000000701a00000, 0x0000000701a00000|100%| O|  |TAMS 0x0000000701a00000, 0x0000000701a00000| Untracked 
|  13|0x0000000701a00000, 0x0000000701c00000, 0x0000000701c00000|100%| O|  |TAMS 0x0000000701c00000, 0x0000000701c00000| Untracked 
|  14|0x0000000701c00000, 0x0000000701e00000, 0x0000000701e00000|100%| O|  |TAMS 0x0000000701e00000, 0x0000000701e00000| Untracked 
|  15|0x0000000701e00000, 0x0000000702000000, 0x0000000702000000|100%| O|  |TAMS 0x0000000702000000, 0x0000000702000000| Untracked 
|  16|0x0000000702000000, 0x0000000702200000, 0x0000000702200000|100%| O|  |TAMS 0x0000000702200000, 0x0000000702200000| Untracked 
|  17|0x0000000702200000, 0x0000000702400000, 0x0000000702400000|100%| O|  |TAMS 0x0000000702400000, 0x0000000702400000| Untracked 
|  18|0x0000000702400000, 0x0000000702600000, 0x0000000702600000|100%| O|  |TAMS 0x0000000702600000, 0x0000000702600000| Untracked 
|  19|0x0000000702600000, 0x0000000702800000, 0x0000000702800000|100%| O|  |TAMS 0x0000000702800000, 0x0000000702800000| Untracked 
|  20|0x0000000702800000, 0x0000000702a00000, 0x0000000702a00000|100%| O|  |TAMS 0x0000000702a00000, 0x0000000702a00000| Untracked 
|  21|0x0000000702a00000, 0x0000000702b1da00, 0x0000000702c00000| 55%| O|  |TAMS 0x0000000702a00000, 0x0000000702a00000| Untracked 
|  22|0x0000000702c00000, 0x0000000702e00000, 0x0000000702e00000|100%| O|  |TAMS 0x0000000702e00000, 0x0000000702e00000| Untracked 
|  23|0x0000000702e00000, 0x0000000703000000, 0x0000000703000000|100%|HS|  |TAMS 0x0000000703000000, 0x0000000703000000| Complete 
|  24|0x0000000703000000, 0x0000000703200000, 0x0000000703200000|100%|HS|  |TAMS 0x0000000703200000, 0x0000000703200000| Complete 
|  25|0x0000000703200000, 0x0000000703400000, 0x0000000703400000|100%|HC|  |TAMS 0x0000000703400000, 0x0000000703400000| Complete 
|  26|0x0000000703400000, 0x0000000703600000, 0x0000000703600000|100%| O|  |TAMS 0x0000000703600000, 0x0000000703600000| Untracked 
|  27|0x0000000703600000, 0x0000000703800000, 0x0000000703800000|100%|HS|  |TAMS 0x0000000703800000, 0x0000000703800000| Complete 
|  28|0x0000000703800000, 0x0000000703a00000, 0x0000000703a00000|100%| O|  |TAMS 0x0000000703a00000, 0x0000000703a00000| Untracked 
|  29|0x0000000703a00000, 0x0000000703c00000, 0x0000000703c00000|100%| O|  |TAMS 0x0000000703c00000, 0x0000000703c00000| Untracked 
|  30|0x0000000703c00000, 0x0000000703e00000, 0x0000000703e00000|100%| O|  |TAMS 0x0000000703e00000, 0x0000000703e00000| Untracked 
|  31|0x0000000703e00000, 0x0000000704000000, 0x0000000704000000|100%| O|  |TAMS 0x0000000704000000, 0x0000000704000000| Untracked 
|  32|0x0000000704000000, 0x0000000704200000, 0x0000000704200000|100%| O|  |TAMS 0x0000000704200000, 0x0000000704200000| Untracked 
|  33|0x0000000704200000, 0x0000000704400000, 0x0000000704400000|100%| O|  |TAMS 0x0000000704400000, 0x0000000704400000| Untracked 
|  34|0x0000000704400000, 0x0000000704600000, 0x0000000704600000|100%| O|  |TAMS 0x0000000704600000, 0x0000000704600000| Untracked 
|  35|0x0000000704600000, 0x0000000704800000, 0x0000000704800000|100%| O|  |TAMS 0x0000000704800000, 0x0000000704800000| Untracked 
|  36|0x0000000704800000, 0x0000000704a00000, 0x0000000704a00000|100%| O|  |TAMS 0x0000000704a00000, 0x0000000704a00000| Untracked 
|  37|0x0000000704a00000, 0x0000000704c00000, 0x0000000704c00000|100%| O|  |TAMS 0x0000000704c00000, 0x0000000704c00000| Untracked 
|  38|0x0000000704c00000, 0x0000000704e00000, 0x0000000704e00000|100%| O|  |TAMS 0x0000000704e00000, 0x0000000704e00000| Untracked 
|  39|0x0000000704e00000, 0x0000000705000000, 0x0000000705000000|100%| O|  |TAMS 0x0000000705000000, 0x0000000705000000| Untracked 
|  40|0x0000000705000000, 0x0000000705200000, 0x0000000705200000|100%| O|  |TAMS 0x0000000705200000, 0x0000000705200000| Untracked 
|  41|0x0000000705200000, 0x0000000705400000, 0x0000000705400000|100%| O|  |TAMS 0x0000000705400000, 0x0000000705400000| Untracked 
|  42|0x0000000705400000, 0x0000000705600000, 0x0000000705600000|100%| O|  |TAMS 0x0000000705600000, 0x0000000705600000| Untracked 
|  43|0x0000000705600000, 0x0000000705800000, 0x0000000705800000|100%|HS|  |TAMS 0x0000000705800000, 0x0000000705800000| Complete 
|  44|0x0000000705800000, 0x0000000705a00000, 0x0000000705a00000|100%|HC|  |TAMS 0x0000000705a00000, 0x0000000705a00000| Complete 
|  45|0x0000000705a00000, 0x0000000705c00000, 0x0000000705c00000|100%| O|  |TAMS 0x0000000705c00000, 0x0000000705c00000| Untracked 
|  46|0x0000000705c00000, 0x0000000705e00000, 0x0000000705e00000|100%| O|  |TAMS 0x0000000705e00000, 0x0000000705e00000| Untracked 
|  47|0x0000000705e00000, 0x0000000706000000, 0x0000000706000000|100%| O|  |TAMS 0x0000000706000000, 0x0000000706000000| Untracked 
|  48|0x0000000706000000, 0x0000000706200000, 0x0000000706200000|100%| O|  |TAMS 0x000000070614e800, 0x0000000706200000| Untracked 
|  49|0x0000000706200000, 0x0000000706400000, 0x0000000706400000|100%| O|  |TAMS 0x0000000706200000, 0x0000000706400000| Untracked 
|  50|0x0000000706400000, 0x0000000706600000, 0x0000000706600000|100%| O|  |TAMS 0x0000000706400000, 0x0000000706600000| Untracked 
|  51|0x0000000706600000, 0x0000000706800000, 0x0000000706800000|100%| O|  |TAMS 0x0000000706600000, 0x0000000706800000| Untracked 
|  52|0x0000000706800000, 0x0000000706a00000, 0x0000000706a00000|100%| O|  |TAMS 0x0000000706800000, 0x0000000706a00000| Untracked 
|  53|0x0000000706a00000, 0x0000000706c00000, 0x0000000706c00000|100%| O|  |TAMS 0x0000000706a00000, 0x0000000706c00000| Untracked 
|  54|0x0000000706c00000, 0x0000000706e00000, 0x0000000706e00000|100%| O|  |TAMS 0x0000000706c00000, 0x0000000706e00000| Untracked 
|  55|0x0000000706e00000, 0x0000000707000000, 0x0000000707000000|100%| O|  |TAMS 0x0000000706e00000, 0x0000000707000000| Untracked 
|  56|0x0000000707000000, 0x0000000707200000, 0x0000000707200000|100%| O|  |TAMS 0x0000000707000000, 0x0000000707200000| Untracked 
|  57|0x0000000707200000, 0x0000000707400000, 0x0000000707400000|100%| O|  |TAMS 0x0000000707200000, 0x000000070734ba00| Untracked 
|  58|0x0000000707400000, 0x0000000707600000, 0x0000000707600000|100%|HS|  |TAMS 0x0000000707400000, 0x0000000707400000| Complete 
|  59|0x0000000707600000, 0x0000000707800000, 0x0000000707800000|100%|HS|  |TAMS 0x0000000707600000, 0x0000000707600000| Complete 
|  60|0x0000000707800000, 0x0000000707a00000, 0x0000000707a00000|100%|HC|  |TAMS 0x0000000707800000, 0x0000000707800000| Complete 
|  61|0x0000000707a00000, 0x0000000707a00000, 0x0000000707c00000|  0%| F|  |TAMS 0x0000000707a00000, 0x0000000707a00000| Untracked 
|  62|0x0000000707c00000, 0x0000000707c00000, 0x0000000707e00000|  0%| F|  |TAMS 0x0000000707c00000, 0x0000000707c00000| Untracked 
|  63|0x0000000707e00000, 0x0000000707e00000, 0x0000000708000000|  0%| F|  |TAMS 0x0000000707e00000, 0x0000000707e00000| Untracked 
|  64|0x0000000708000000, 0x0000000708000000, 0x0000000708200000|  0%| F|  |TAMS 0x0000000708000000, 0x0000000708000000| Untracked 
|  65|0x0000000708200000, 0x0000000708200000, 0x0000000708400000|  0%| F|  |TAMS 0x0000000708200000, 0x0000000708200000| Untracked 
|  66|0x0000000708400000, 0x0000000708400000, 0x0000000708600000|  0%| F|  |TAMS 0x0000000708400000, 0x0000000708400000| Untracked 
|  67|0x0000000708600000, 0x0000000708600000, 0x0000000708800000|  0%| F|  |TAMS 0x0000000708600000, 0x0000000708600000| Untracked 
|  68|0x0000000708800000, 0x0000000708800000, 0x0000000708a00000|  0%| F|  |TAMS 0x0000000708800000, 0x0000000708800000| Untracked 
|  69|0x0000000708a00000, 0x0000000708a00000, 0x0000000708c00000|  0%| F|  |TAMS 0x0000000708a00000, 0x0000000708a00000| Untracked 
|  70|0x0000000708c00000, 0x0000000708c00000, 0x0000000708e00000|  0%| F|  |TAMS 0x0000000708c00000, 0x0000000708c00000| Untracked 
|  71|0x0000000708e00000, 0x0000000708e00000, 0x0000000709000000|  0%| F|  |TAMS 0x0000000708e00000, 0x0000000708e00000| Untracked 
|  72|0x0000000709000000, 0x0000000709000000, 0x0000000709200000|  0%| F|  |TAMS 0x0000000709000000, 0x0000000709000000| Untracked 
|  73|0x0000000709200000, 0x0000000709200000, 0x0000000709400000|  0%| F|  |TAMS 0x0000000709200000, 0x0000000709200000| Untracked 
|  74|0x0000000709400000, 0x0000000709400000, 0x0000000709600000|  0%| F|  |TAMS 0x0000000709400000, 0x0000000709400000| Untracked 
|  75|0x0000000709600000, 0x0000000709600000, 0x0000000709800000|  0%| F|  |TAMS 0x0000000709600000, 0x0000000709600000| Untracked 
|  76|0x0000000709800000, 0x0000000709800000, 0x0000000709a00000|  0%| F|  |TAMS 0x0000000709800000, 0x0000000709800000| Untracked 
|  77|0x0000000709a00000, 0x0000000709c00000, 0x0000000709c00000|100%| S|CS|TAMS 0x0000000709a00000, 0x0000000709a00000| Complete 
|  78|0x0000000709c00000, 0x0000000709e00000, 0x0000000709e00000|100%| S|CS|TAMS 0x0000000709c00000, 0x0000000709c00000| Complete 
|  79|0x0000000709e00000, 0x000000070a000000, 0x000000070a000000|100%| S|CS|TAMS 0x0000000709e00000, 0x0000000709e00000| Complete 
|  80|0x000000070a000000, 0x000000070a200000, 0x000000070a200000|100%| S|CS|TAMS 0x000000070a000000, 0x000000070a000000| Complete 
|  81|0x000000070a200000, 0x000000070a200000, 0x000000070a400000|  0%| F|  |TAMS 0x000000070a200000, 0x000000070a200000| Untracked 
|  82|0x000000070a400000, 0x000000070a400000, 0x000000070a600000|  0%| F|  |TAMS 0x000000070a400000, 0x000000070a400000| Untracked 
|  83|0x000000070a600000, 0x000000070a600000, 0x000000070a800000|  0%| F|  |TAMS 0x000000070a600000, 0x000000070a600000| Untracked 
|  84|0x000000070a800000, 0x000000070a800000, 0x000000070aa00000|  0%| F|  |TAMS 0x000000070a800000, 0x000000070a800000| Untracked 
|  85|0x000000070aa00000, 0x000000070aa00000, 0x000000070ac00000|  0%| F|  |TAMS 0x000000070aa00000, 0x000000070aa00000| Untracked 
|  86|0x000000070ac00000, 0x000000070ac00000, 0x000000070ae00000|  0%| F|  |TAMS 0x000000070ac00000, 0x000000070ac00000| Untracked 
|  87|0x000000070ae00000, 0x000000070ae00000, 0x000000070b000000|  0%| F|  |TAMS 0x000000070ae00000, 0x000000070ae00000| Untracked 
|  88|0x000000070b000000, 0x000000070b000000, 0x000000070b200000|  0%| F|  |TAMS 0x000000070b000000, 0x000000070b000000| Untracked 
|  89|0x000000070b200000, 0x000000070b200000, 0x000000070b400000|  0%| F|  |TAMS 0x000000070b200000, 0x000000070b200000| Untracked 
|  90|0x000000070b400000, 0x000000070b400000, 0x000000070b600000|  0%| F|  |TAMS 0x000000070b400000, 0x000000070b400000| Untracked 
|  91|0x000000070b600000, 0x000000070b600000, 0x000000070b800000|  0%| F|  |TAMS 0x000000070b600000, 0x000000070b600000| Untracked 
|  92|0x000000070b800000, 0x000000070b800000, 0x000000070ba00000|  0%| F|  |TAMS 0x000000070b800000, 0x000000070b800000| Untracked 
|  93|0x000000070ba00000, 0x000000070ba00000, 0x000000070bc00000|  0%| F|  |TAMS 0x000000070ba00000, 0x000000070ba00000| Untracked 
|  94|0x000000070bc00000, 0x000000070bc00000, 0x000000070be00000|  0%| F|  |TAMS 0x000000070bc00000, 0x000000070bc00000| Untracked 
|  95|0x000000070be00000, 0x000000070be00000, 0x000000070c000000|  0%| F|  |TAMS 0x000000070be00000, 0x000000070be00000| Untracked 
|  96|0x000000070c000000, 0x000000070c000000, 0x000000070c200000|  0%| F|  |TAMS 0x000000070c000000, 0x000000070c000000| Untracked 
|  97|0x000000070c200000, 0x000000070c200000, 0x000000070c400000|  0%| F|  |TAMS 0x000000070c200000, 0x000000070c200000| Untracked 
|  98|0x000000070c400000, 0x000000070c400000, 0x000000070c600000|  0%| F|  |TAMS 0x000000070c400000, 0x000000070c400000| Untracked 
|  99|0x000000070c600000, 0x000000070c600000, 0x000000070c800000|  0%| F|  |TAMS 0x000000070c600000, 0x000000070c600000| Untracked 
| 100|0x000000070c800000, 0x000000070c800000, 0x000000070ca00000|  0%| F|  |TAMS 0x000000070c800000, 0x000000070c800000| Untracked 
| 101|0x000000070ca00000, 0x000000070ca00000, 0x000000070cc00000|  0%| F|  |TAMS 0x000000070ca00000, 0x000000070ca00000| Untracked 
| 102|0x000000070cc00000, 0x000000070cc00000, 0x000000070ce00000|  0%| F|  |TAMS 0x000000070cc00000, 0x000000070cc00000| Untracked 
| 103|0x000000070ce00000, 0x000000070ce00000, 0x000000070d000000|  0%| F|  |TAMS 0x000000070ce00000, 0x000000070ce00000| Untracked 
| 104|0x000000070d000000, 0x000000070d000000, 0x000000070d200000|  0%| F|  |TAMS 0x000000070d000000, 0x000000070d000000| Untracked 
| 105|0x000000070d200000, 0x000000070d200000, 0x000000070d400000|  0%| F|  |TAMS 0x000000070d200000, 0x000000070d200000| Untracked 
| 106|0x000000070d400000, 0x000000070d400000, 0x000000070d600000|  0%| F|  |TAMS 0x000000070d400000, 0x000000070d400000| Untracked 
| 107|0x000000070d600000, 0x000000070d600000, 0x000000070d800000|  0%| F|  |TAMS 0x000000070d600000, 0x000000070d600000| Untracked 
| 108|0x000000070d800000, 0x000000070d800000, 0x000000070da00000|  0%| F|  |TAMS 0x000000070d800000, 0x000000070d800000| Untracked 
| 109|0x000000070da00000, 0x000000070da00000, 0x000000070dc00000|  0%| F|  |TAMS 0x000000070da00000, 0x000000070da00000| Untracked 
| 110|0x000000070dc00000, 0x000000070dc00000, 0x000000070de00000|  0%| F|  |TAMS 0x000000070dc00000, 0x000000070dc00000| Untracked 
| 111|0x000000070de00000, 0x000000070de00000, 0x000000070e000000|  0%| F|  |TAMS 0x000000070de00000, 0x000000070de00000| Untracked 
| 112|0x000000070e000000, 0x000000070e000000, 0x000000070e200000|  0%| F|  |TAMS 0x000000070e000000, 0x000000070e000000| Untracked 
| 113|0x000000070e200000, 0x000000070e200000, 0x000000070e400000|  0%| F|  |TAMS 0x000000070e200000, 0x000000070e200000| Untracked 
| 114|0x000000070e400000, 0x000000070e400000, 0x000000070e600000|  0%| F|  |TAMS 0x000000070e400000, 0x000000070e400000| Untracked 
| 115|0x000000070e600000, 0x000000070e600000, 0x000000070e800000|  0%| F|  |TAMS 0x000000070e600000, 0x000000070e600000| Untracked 
| 116|0x000000070e800000, 0x000000070e800000, 0x000000070ea00000|  0%| F|  |TAMS 0x000000070e800000, 0x000000070e800000| Untracked 
| 117|0x000000070ea00000, 0x000000070ea00000, 0x000000070ec00000|  0%| F|  |TAMS 0x000000070ea00000, 0x000000070ea00000| Untracked 
| 118|0x000000070ec00000, 0x000000070ec00000, 0x000000070ee00000|  0%| F|  |TAMS 0x000000070ec00000, 0x000000070ec00000| Untracked 
| 119|0x000000070ee00000, 0x000000070ee00000, 0x000000070f000000|  0%| F|  |TAMS 0x000000070ee00000, 0x000000070ee00000| Untracked 
| 120|0x000000070f000000, 0x000000070f000000, 0x000000070f200000|  0%| F|  |TAMS 0x000000070f000000, 0x000000070f000000| Untracked 
| 121|0x000000070f200000, 0x000000070f200000, 0x000000070f400000|  0%| F|  |TAMS 0x000000070f200000, 0x000000070f200000| Untracked 
| 122|0x000000070f400000, 0x000000070f400000, 0x000000070f600000|  0%| F|  |TAMS 0x000000070f400000, 0x000000070f400000| Untracked 
| 123|0x000000070f600000, 0x000000070f600000, 0x000000070f800000|  0%| F|  |TAMS 0x000000070f600000, 0x000000070f600000| Untracked 
| 124|0x000000070f800000, 0x000000070f800000, 0x000000070fa00000|  0%| F|  |TAMS 0x000000070f800000, 0x000000070f800000| Untracked 
| 125|0x000000070fa00000, 0x000000070fa00000, 0x000000070fc00000|  0%| F|  |TAMS 0x000000070fa00000, 0x000000070fa00000| Untracked 
| 126|0x000000070fc00000, 0x000000070fc00000, 0x000000070fe00000|  0%| F|  |TAMS 0x000000070fc00000, 0x000000070fc00000| Untracked 
| 127|0x000000070fe00000, 0x000000070fe00000, 0x0000000710000000|  0%| F|  |TAMS 0x000000070fe00000, 0x000000070fe00000| Untracked 
| 128|0x0000000710000000, 0x0000000710000000, 0x0000000710200000|  0%| F|  |TAMS 0x0000000710000000, 0x0000000710000000| Untracked 
| 129|0x0000000710200000, 0x0000000710200000, 0x0000000710400000|  0%| F|  |TAMS 0x0000000710200000, 0x0000000710200000| Untracked 
| 130|0x0000000710400000, 0x0000000710400000, 0x0000000710600000|  0%| F|  |TAMS 0x0000000710400000, 0x0000000710400000| Untracked 
| 131|0x0000000710600000, 0x0000000710600000, 0x0000000710800000|  0%| F|  |TAMS 0x0000000710600000, 0x0000000710600000| Untracked 
| 132|0x0000000710800000, 0x0000000710800000, 0x0000000710a00000|  0%| F|  |TAMS 0x0000000710800000, 0x0000000710800000| Untracked 
| 133|0x0000000710a00000, 0x0000000710a00000, 0x0000000710c00000|  0%| F|  |TAMS 0x0000000710a00000, 0x0000000710a00000| Untracked 
| 134|0x0000000710c00000, 0x0000000710c00000, 0x0000000710e00000|  0%| F|  |TAMS 0x0000000710c00000, 0x0000000710c00000| Untracked 
| 135|0x0000000710e00000, 0x0000000710e00000, 0x0000000711000000|  0%| F|  |TAMS 0x0000000710e00000, 0x0000000710e00000| Untracked 
| 136|0x0000000711000000, 0x0000000711000000, 0x0000000711200000|  0%| F|  |TAMS 0x0000000711000000, 0x0000000711000000| Untracked 
| 137|0x0000000711200000, 0x0000000711200000, 0x0000000711400000|  0%| F|  |TAMS 0x0000000711200000, 0x0000000711200000| Untracked 
| 138|0x0000000711400000, 0x0000000711400000, 0x0000000711600000|  0%| F|  |TAMS 0x0000000711400000, 0x0000000711400000| Untracked 
| 139|0x0000000711600000, 0x0000000711600000, 0x0000000711800000|  0%| F|  |TAMS 0x0000000711600000, 0x0000000711600000| Untracked 
| 140|0x0000000711800000, 0x0000000711800000, 0x0000000711a00000|  0%| F|  |TAMS 0x0000000711800000, 0x0000000711800000| Untracked 
| 141|0x0000000711a00000, 0x0000000711a00000, 0x0000000711c00000|  0%| F|  |TAMS 0x0000000711a00000, 0x0000000711a00000| Untracked 
| 142|0x0000000711c00000, 0x0000000711c00000, 0x0000000711e00000|  0%| F|  |TAMS 0x0000000711c00000, 0x0000000711c00000| Untracked 
| 143|0x0000000711e00000, 0x0000000711e00000, 0x0000000712000000|  0%| F|  |TAMS 0x0000000711e00000, 0x0000000711e00000| Untracked 
| 144|0x0000000712000000, 0x0000000712000000, 0x0000000712200000|  0%| F|  |TAMS 0x0000000712000000, 0x0000000712000000| Untracked 
| 145|0x0000000712200000, 0x0000000712200000, 0x0000000712400000|  0%| F|  |TAMS 0x0000000712200000, 0x0000000712200000| Untracked 
| 146|0x0000000712400000, 0x0000000712400000, 0x0000000712600000|  0%| F|  |TAMS 0x0000000712400000, 0x0000000712400000| Untracked 
| 147|0x0000000712600000, 0x0000000712600000, 0x0000000712800000|  0%| F|  |TAMS 0x0000000712600000, 0x0000000712600000| Untracked 
| 148|0x0000000712800000, 0x0000000712800000, 0x0000000712a00000|  0%| F|  |TAMS 0x0000000712800000, 0x0000000712800000| Untracked 
| 149|0x0000000712a00000, 0x0000000712a00000, 0x0000000712c00000|  0%| F|  |TAMS 0x0000000712a00000, 0x0000000712a00000| Untracked 
| 150|0x0000000712c00000, 0x0000000712c00000, 0x0000000712e00000|  0%| F|  |TAMS 0x0000000712c00000, 0x0000000712c00000| Untracked 
| 151|0x0000000712e00000, 0x0000000712e00000, 0x0000000713000000|  0%| F|  |TAMS 0x0000000712e00000, 0x0000000712e00000| Untracked 
| 152|0x0000000713000000, 0x0000000713000000, 0x0000000713200000|  0%| F|  |TAMS 0x0000000713000000, 0x0000000713000000| Untracked 
| 153|0x0000000713200000, 0x0000000713200000, 0x0000000713400000|  0%| F|  |TAMS 0x0000000713200000, 0x0000000713200000| Untracked 
| 154|0x0000000713400000, 0x0000000713400000, 0x0000000713600000|  0%| F|  |TAMS 0x0000000713400000, 0x0000000713400000| Untracked 
| 155|0x0000000713600000, 0x0000000713600000, 0x0000000713800000|  0%| F|  |TAMS 0x0000000713600000, 0x0000000713600000| Untracked 
| 156|0x0000000713800000, 0x0000000713800000, 0x0000000713a00000|  0%| F|  |TAMS 0x0000000713800000, 0x0000000713800000| Untracked 
| 157|0x0000000713a00000, 0x0000000713a00000, 0x0000000713c00000|  0%| F|  |TAMS 0x0000000713a00000, 0x0000000713a00000| Untracked 
| 158|0x0000000713c00000, 0x0000000713c00000, 0x0000000713e00000|  0%| F|  |TAMS 0x0000000713c00000, 0x0000000713c00000| Untracked 
| 159|0x0000000713e00000, 0x0000000713e00000, 0x0000000714000000|  0%| F|  |TAMS 0x0000000713e00000, 0x0000000713e00000| Untracked 
| 160|0x0000000714000000, 0x0000000714000000, 0x0000000714200000|  0%| F|  |TAMS 0x0000000714000000, 0x0000000714000000| Untracked 
| 161|0x0000000714200000, 0x0000000714200000, 0x0000000714400000|  0%| F|  |TAMS 0x0000000714200000, 0x0000000714200000| Untracked 
| 162|0x0000000714400000, 0x0000000714400000, 0x0000000714600000|  0%| F|  |TAMS 0x0000000714400000, 0x0000000714400000| Untracked 
| 163|0x0000000714600000, 0x0000000714600000, 0x0000000714800000|  0%| F|  |TAMS 0x0000000714600000, 0x0000000714600000| Untracked 
| 164|0x0000000714800000, 0x0000000714800000, 0x0000000714a00000|  0%| F|  |TAMS 0x0000000714800000, 0x0000000714800000| Untracked 
| 165|0x0000000714a00000, 0x0000000714a00000, 0x0000000714c00000|  0%| F|  |TAMS 0x0000000714a00000, 0x0000000714a00000| Untracked 
| 166|0x0000000714c00000, 0x0000000714c00000, 0x0000000714e00000|  0%| F|  |TAMS 0x0000000714c00000, 0x0000000714c00000| Untracked 
| 167|0x0000000714e00000, 0x0000000714e00000, 0x0000000715000000|  0%| F|  |TAMS 0x0000000714e00000, 0x0000000714e00000| Untracked 
| 168|0x0000000715000000, 0x0000000715000000, 0x0000000715200000|  0%| F|  |TAMS 0x0000000715000000, 0x0000000715000000| Untracked 
| 169|0x0000000715200000, 0x0000000715200000, 0x0000000715400000|  0%| F|  |TAMS 0x0000000715200000, 0x0000000715200000| Untracked 
| 170|0x0000000715400000, 0x0000000715400000, 0x0000000715600000|  0%| F|  |TAMS 0x0000000715400000, 0x0000000715400000| Untracked 
| 171|0x0000000715600000, 0x0000000715600000, 0x0000000715800000|  0%| F|  |TAMS 0x0000000715600000, 0x0000000715600000| Untracked 
| 172|0x0000000715800000, 0x0000000715800000, 0x0000000715a00000|  0%| F|  |TAMS 0x0000000715800000, 0x0000000715800000| Untracked 
| 173|0x0000000715a00000, 0x0000000715a00000, 0x0000000715c00000|  0%| F|  |TAMS 0x0000000715a00000, 0x0000000715a00000| Untracked 
| 174|0x0000000715c00000, 0x0000000715c00000, 0x0000000715e00000|  0%| F|  |TAMS 0x0000000715c00000, 0x0000000715c00000| Untracked 
| 175|0x0000000715e00000, 0x0000000715e00000, 0x0000000716000000|  0%| F|  |TAMS 0x0000000715e00000, 0x0000000715e00000| Untracked 
| 176|0x0000000716000000, 0x0000000716000000, 0x0000000716200000|  0%| F|  |TAMS 0x0000000716000000, 0x0000000716000000| Untracked 
| 177|0x0000000716200000, 0x0000000716200000, 0x0000000716400000|  0%| F|  |TAMS 0x0000000716200000, 0x0000000716200000| Untracked 
| 178|0x0000000716400000, 0x0000000716400000, 0x0000000716600000|  0%| F|  |TAMS 0x0000000716400000, 0x0000000716400000| Untracked 
| 179|0x0000000716600000, 0x0000000716600000, 0x0000000716800000|  0%| F|  |TAMS 0x0000000716600000, 0x0000000716600000| Untracked 
| 180|0x0000000716800000, 0x0000000716800000, 0x0000000716a00000|  0%| F|  |TAMS 0x0000000716800000, 0x0000000716800000| Untracked 
| 181|0x0000000716a00000, 0x0000000716a00000, 0x0000000716c00000|  0%| F|  |TAMS 0x0000000716a00000, 0x0000000716a00000| Untracked 
| 182|0x0000000716c00000, 0x0000000716c00000, 0x0000000716e00000|  0%| F|  |TAMS 0x0000000716c00000, 0x0000000716c00000| Untracked 
| 183|0x0000000716e00000, 0x0000000716e00000, 0x0000000717000000|  0%| F|  |TAMS 0x0000000716e00000, 0x0000000716e00000| Untracked 
| 184|0x0000000717000000, 0x0000000717000000, 0x0000000717200000|  0%| F|  |TAMS 0x0000000717000000, 0x0000000717000000| Untracked 
| 185|0x0000000717200000, 0x0000000717200000, 0x0000000717400000|  0%| F|  |TAMS 0x0000000717200000, 0x0000000717200000| Untracked 
| 186|0x0000000717400000, 0x0000000717400000, 0x0000000717600000|  0%| F|  |TAMS 0x0000000717400000, 0x0000000717400000| Untracked 
| 187|0x0000000717600000, 0x0000000717600000, 0x0000000717800000|  0%| F|  |TAMS 0x0000000717600000, 0x0000000717600000| Untracked 
| 188|0x0000000717800000, 0x0000000717800000, 0x0000000717a00000|  0%| F|  |TAMS 0x0000000717800000, 0x0000000717800000| Untracked 
| 189|0x0000000717a00000, 0x0000000717a00000, 0x0000000717c00000|  0%| F|  |TAMS 0x0000000717a00000, 0x0000000717a00000| Untracked 
| 190|0x0000000717c00000, 0x0000000717c00000, 0x0000000717e00000|  0%| F|  |TAMS 0x0000000717c00000, 0x0000000717c00000| Untracked 
| 191|0x0000000717e00000, 0x0000000717e00000, 0x0000000718000000|  0%| F|  |TAMS 0x0000000717e00000, 0x0000000717e00000| Untracked 
| 192|0x0000000718000000, 0x0000000718000000, 0x0000000718200000|  0%| F|  |TAMS 0x0000000718000000, 0x0000000718000000| Untracked 
| 193|0x0000000718200000, 0x0000000718200000, 0x0000000718400000|  0%| F|  |TAMS 0x0000000718200000, 0x0000000718200000| Untracked 
| 194|0x0000000718400000, 0x0000000718400000, 0x0000000718600000|  0%| F|  |TAMS 0x0000000718400000, 0x0000000718400000| Untracked 
| 195|0x0000000718600000, 0x0000000718600000, 0x0000000718800000|  0%| F|  |TAMS 0x0000000718600000, 0x0000000718600000| Untracked 
| 196|0x0000000718800000, 0x0000000718800000, 0x0000000718a00000|  0%| F|  |TAMS 0x0000000718800000, 0x0000000718800000| Untracked 
| 197|0x0000000718a00000, 0x0000000718a00000, 0x0000000718c00000|  0%| F|  |TAMS 0x0000000718a00000, 0x0000000718a00000| Untracked 
| 198|0x0000000718c00000, 0x0000000718c00000, 0x0000000718e00000|  0%| F|  |TAMS 0x0000000718c00000, 0x0000000718c00000| Untracked 
| 199|0x0000000718e00000, 0x0000000718e00000, 0x0000000719000000|  0%| F|  |TAMS 0x0000000718e00000, 0x0000000718e00000| Untracked 
| 200|0x0000000719000000, 0x0000000719000000, 0x0000000719200000|  0%| F|  |TAMS 0x0000000719000000, 0x0000000719000000| Untracked 
| 201|0x0000000719200000, 0x0000000719200000, 0x0000000719400000|  0%| F|  |TAMS 0x0000000719200000, 0x0000000719200000| Untracked 
| 202|0x0000000719400000, 0x0000000719400000, 0x0000000719600000|  0%| F|  |TAMS 0x0000000719400000, 0x0000000719400000| Untracked 
| 203|0x0000000719600000, 0x0000000719700800, 0x0000000719800000| 50%| E|  |TAMS 0x0000000719600000, 0x0000000719600000| Complete 
| 204|0x0000000719800000, 0x0000000719a00000, 0x0000000719a00000|100%| E|CS|TAMS 0x0000000719800000, 0x0000000719800000| Complete 

Card table byte_map: [0x000001f9e4250000,0x000001f9e4a50000] _byte_map_base: 0x000001f9e0a50000

Marking Bits (Prev, Next): (CMBitMap*) 0x000001f9cb437f60, (CMBitMap*) 0x000001f9cb437fa0
 Prev Bits: [0x000001f9e5250000, 0x000001f9e9250000)
 Next Bits: [0x000001f9e9250000, 0x000001f9ed250000)

Polling page: 0x000001f9cb320000

Metaspace:

Usage:
  Non-class:     71.13 MB used.
      Class:     11.64 MB used.
       Both:     82.76 MB used.

Virtual space:
  Non-class space:      128.00 MB reserved,      71.69 MB ( 56%) committed,  2 nodes.
      Class space:        1.00 GB reserved,      12.12 MB (  1%) committed,  1 nodes.
             Both:        1.12 GB reserved,      83.81 MB (  7%) committed. 

Chunk freelists:
   Non-Class:  8.12 MB
       Class:  3.85 MB
        Both:  11.98 MB

MaxMetaspaceSize: 2.00 GB
CompressedClassSpaceSize: 1.00 GB
Initial GC threshold: 21.00 MB
Current GC threshold: 134.94 MB
CDS: on
MetaspaceReclaimPolicy: balanced
 - commit_granule_bytes: 65536.
 - commit_granule_words: 8192.
 - virtual_space_node_default_size: 8388608.
 - enlarge_chunks_in_place: 1.
 - new_chunks_are_fully_committed: 0.
 - uncommit_free_chunks: 1.
 - use_allocation_guard: 0.
 - handle_deallocations: 1.


Internal statistics:

num_allocs_failed_limit: 6.
num_arena_births: 1212.
num_arena_deaths: 0.
num_vsnodes_births: 3.
num_vsnodes_deaths: 0.
num_space_committed: 1341.
num_space_uncommitted: 0.
num_chunks_returned_to_freelist: 6.
num_chunks_taken_from_freelist: 4847.
num_chunk_merges: 6.
num_chunk_splits: 3139.
num_chunks_enlarged: 2011.
num_inconsistent_stats: 0.

CodeHeap 'non-profiled nmethods': size=120000Kb used=5785Kb max_used=5785Kb free=114215Kb
 bounds [0x000001f9dbf00000, 0x000001f9dc4b0000, 0x000001f9e3430000]
CodeHeap 'profiled nmethods': size=120000Kb used=21203Kb max_used=21203Kb free=98797Kb
 bounds [0x000001f9d4430000, 0x000001f9d58f0000, 0x000001f9db960000]
CodeHeap 'non-nmethods': size=5760Kb used=2400Kb max_used=2502Kb free=3359Kb
 bounds [0x000001f9db960000, 0x000001f9dbbe0000, 0x000001f9dbf00000]
 total_blobs=11760 nmethods=10822 adapters=850
 compilation: enabled
              stopped_count=0, restarted_count=0
 full_count=0

Compilation events (20 events):
Event: 37.634 Thread 0x000001f9ef8c2180 11641       1       org.jetbrains.kotlin.gradle.internal.properties.PropertiesBuildService::access$getProviderFactory$p (5 bytes)
Event: 37.634 Thread 0x000001f9ef8c2180 nmethod 11641 0x000001f9dc49bf10 code [0x000001f9dc49c0a0, 0x000001f9dc49c158]
Event: 37.637 Thread 0x000001f9ef8c2180 11642       2       org.jetbrains.kotlin.gradle.utils.StoredLazyProperty::getValue (36 bytes)
Event: 37.637 Thread 0x000001f9ef8c2180 nmethod 11642 0x000001f9d58e0d90 code [0x000001f9d58e0fa0, 0x000001f9d58e1438]
Event: 37.639 Thread 0x000001f9ef8c2180 11643       2       java.lang.Long::equals (30 bytes)
Event: 37.639 Thread 0x000001f9ef8c2180 nmethod 11643 0x000001f9d58e1690 code [0x000001f9d58e1820, 0x000001f9d58e1a18]
Event: 37.642 Thread 0x000001f9ef8c2180 11644       2       org.jetbrains.kotlin.gradle.internal.KotlinDependenciesManagementKt$configureDefaultVersionsResolutionStrategy$1::execute (9 bytes)
Event: 37.642 Thread 0x000001f9ef8c2180 nmethod 11644 0x000001f9d58e1b10 code [0x000001f9d58e1cc0, 0x000001f9d58e1e28]
Event: 37.642 Thread 0x000001f9ef8c2180 11645       2       org.jetbrains.kotlin.gradle.internal.KotlinDependenciesManagementKt$configureDefaultVersionsResolutionStrategy$1::execute (27 bytes)
Event: 37.643 Thread 0x000001f9ef8c2180 nmethod 11645 0x000001f9d58e1f10 code [0x000001f9d58e20e0, 0x000001f9d58e24e8]
Event: 37.643 Thread 0x000001f9ef8c2180 11646       2       org.jetbrains.kotlin.gradle.internal.KotlinDependenciesManagementKt$configureDefaultVersionsResolutionStrategy$1$1::<init> (20 bytes)
Event: 37.643 Thread 0x000001f9ef8c2180 nmethod 11646 0x000001f9d58e2690 code [0x000001f9d58e2820, 0x000001f9d58e2a58]
Event: 37.644 Thread 0x000001f9ef8c2180 11647       2       org.jetbrains.kotlin.gradle.internal.StdlibDependencyManagementKt$configureStdlibVersionAlignment$1::execute (9 bytes)
Event: 37.645 Thread 0x000001f9ef8c2180 nmethod 11647 0x000001f9d58e2b10 code [0x000001f9d58e2cc0, 0x000001f9d58e2e28]
Event: 37.645 Thread 0x000001f9ef8c2180 11648       2       org.jetbrains.kotlin.gradle.internal.StdlibDependencyManagementKt$configureStdlibVersionAlignment$1::execute (23 bytes)
Event: 37.645 Thread 0x000001f9ef8c2180 nmethod 11648 0x000001f9d58e2f10 code [0x000001f9d58e30e0, 0x000001f9d58e3488]
Event: 37.645 Thread 0x000001f9ef8c2180 11649       2       org.jetbrains.kotlin.gradle.internal.StdlibDependencyManagementKt$configureStdlibVersionAlignment$1$1::<init> (15 bytes)
Event: 37.645 Thread 0x000001f9ef8c2180 nmethod 11649 0x000001f9d58e3690 code [0x000001f9d58e3820, 0x000001f9d58e39f8]
Event: 37.649 Thread 0x000001f9ef8c2180 11650       2       org.codehaus.groovy.runtime.callsite.CallSiteArray::createCallCurrentSite (112 bytes)
Event: 37.650 Thread 0x000001f9ef8c2180 nmethod 11650 0x000001f9d58e3a90 code [0x000001f9d58e3cc0, 0x000001f9d58e4358]

GC Heap History (20 events):
Event: 28.407 GC heap before
{Heap before GC invocations=33 (full 0):
 garbage-first heap   total 151552K, used 109082K [0x0000000700000000, 0x0000000800000000)
  region size 2048K, 14 young (28672K), 2 survivors (4096K)
 Metaspace       used 71489K, committed 72192K, reserved 1114112K
  class space    used 9851K, committed 10176K, reserved 1048576K
}
Event: 28.414 GC heap after
{Heap after GC invocations=34 (full 0):
 garbage-first heap   total 151552K, used 85267K [0x0000000700000000, 0x0000000800000000)
  region size 2048K, 2 young (4096K), 2 survivors (4096K)
 Metaspace       used 71489K, committed 72192K, reserved 1114112K
  class space    used 9851K, committed 10176K, reserved 1048576K
}
Event: 29.348 GC heap before
{Heap before GC invocations=34 (full 0):
 garbage-first heap   total 151552K, used 118035K [0x0000000700000000, 0x0000000800000000)
  region size 2048K, 19 young (38912K), 2 survivors (4096K)
 Metaspace       used 73306K, committed 74048K, reserved 1114112K
  class space    used 10139K, committed 10496K, reserved 1048576K
}
Event: 29.356 GC heap after
{Heap after GC invocations=35 (full 0):
 garbage-first heap   total 151552K, used 88083K [0x0000000700000000, 0x0000000800000000)
  region size 2048K, 3 young (6144K), 3 survivors (6144K)
 Metaspace       used 73306K, committed 74048K, reserved 1114112K
  class space    used 10139K, committed 10496K, reserved 1048576K
}
Event: 30.144 GC heap before
{Heap before GC invocations=36 (full 0):
 garbage-first heap   total 182272K, used 116755K [0x0000000700000000, 0x0000000800000000)
  region size 2048K, 18 young (36864K), 3 survivors (6144K)
 Metaspace       used 73663K, committed 74368K, reserved 1114112K
  class space    used 10165K, committed 10496K, reserved 1048576K
}
Event: 30.160 GC heap after
{Heap after GC invocations=37 (full 0):
 garbage-first heap   total 182272K, used 89818K [0x0000000700000000, 0x0000000800000000)
  region size 2048K, 3 young (6144K), 3 survivors (6144K)
 Metaspace       used 73663K, committed 74368K, reserved 1114112K
  class space    used 10165K, committed 10496K, reserved 1048576K
}
Event: 30.239 GC heap before
{Heap before GC invocations=37 (full 0):
 garbage-first heap   total 182272K, used 91866K [0x0000000700000000, 0x0000000800000000)
  region size 2048K, 5 young (10240K), 3 survivors (6144K)
 Metaspace       used 73663K, committed 74368K, reserved 1114112K
  class space    used 10165K, committed 10496K, reserved 1048576K
}
Event: 30.249 GC heap after
{Heap after GC invocations=38 (full 0):
 garbage-first heap   total 219136K, used 92160K [0x0000000700000000, 0x0000000800000000)
  region size 2048K, 2 young (4096K), 2 survivors (4096K)
 Metaspace       used 73663K, committed 74368K, reserved 1114112K
  class space    used 10165K, committed 10496K, reserved 1048576K
}
Event: 31.653 GC heap before
{Heap before GC invocations=38 (full 0):
 garbage-first heap   total 219136K, used 151552K [0x0000000700000000, 0x0000000800000000)
  region size 2048K, 29 young (59392K), 2 survivors (4096K)
 Metaspace       used 74582K, committed 75392K, reserved 1114112K
  class space    used 10275K, committed 10688K, reserved 1048576K
}
Event: 31.668 GC heap after
{Heap after GC invocations=39 (full 0):
 garbage-first heap   total 219136K, used 100039K [0x0000000700000000, 0x0000000800000000)
  region size 2048K, 4 young (8192K), 4 survivors (8192K)
 Metaspace       used 74582K, committed 75392K, reserved 1114112K
  class space    used 10275K, committed 10688K, reserved 1048576K
}
Event: 32.933 GC heap before
{Heap before GC invocations=39 (full 0):
 garbage-first heap   total 219136K, used 155335K [0x0000000700000000, 0x0000000800000000)
  region size 2048K, 31 young (63488K), 4 survivors (8192K)
 Metaspace       used 79822K, committed 80704K, reserved 1179648K
  class space    used 11173K, committed 11584K, reserved 1048576K
}
Event: 32.945 GC heap after
{Heap after GC invocations=40 (full 0):
 garbage-first heap   total 219136K, used 103022K [0x0000000700000000, 0x0000000800000000)
  region size 2048K, 2 young (4096K), 2 survivors (4096K)
 Metaspace       used 79822K, committed 80704K, reserved 1179648K
  class space    used 11173K, committed 11584K, reserved 1048576K
}
Event: 34.043 GC heap before
{Heap before GC invocations=40 (full 0):
 garbage-first heap   total 219136K, used 160366K [0x0000000700000000, 0x0000000800000000)
  region size 2048K, 30 young (61440K), 2 survivors (4096K)
 Metaspace       used 81752K, committed 82624K, reserved 1179648K
  class space    used 11462K, committed 11840K, reserved 1048576K
}
Event: 34.058 GC heap after
{Heap after GC invocations=41 (full 0):
 garbage-first heap   total 219136K, used 109568K [0x0000000700000000, 0x0000000800000000)
  region size 2048K, 4 young (8192K), 4 survivors (8192K)
 Metaspace       used 81752K, committed 82624K, reserved 1179648K
  class space    used 11462K, committed 11840K, reserved 1048576K
}
Event: 36.293 GC heap before
{Heap before GC invocations=42 (full 0):
 garbage-first heap   total 219136K, used 164864K [0x0000000700000000, 0x0000000800000000)
  region size 2048K, 31 young (63488K), 4 survivors (8192K)
 Metaspace       used 84040K, committed 84992K, reserved 1179648K
  class space    used 11823K, committed 12288K, reserved 1048576K
}
Event: 36.314 GC heap after
{Heap after GC invocations=43 (full 0):
 garbage-first heap   total 219136K, used 116872K [0x0000000700000000, 0x0000000800000000)
  region size 2048K, 4 young (8192K), 4 survivors (8192K)
 Metaspace       used 84040K, committed 84992K, reserved 1179648K
  class space    used 11823K, committed 12288K, reserved 1048576K
}
Event: 36.370 GC heap before
{Heap before GC invocations=43 (full 0):
 garbage-first heap   total 219136K, used 118920K [0x0000000700000000, 0x0000000800000000)
  region size 2048K, 5 young (10240K), 4 survivors (8192K)
 Metaspace       used 84063K, committed 84992K, reserved 1179648K
  class space    used 11823K, committed 12288K, reserved 1048576K
}
Event: 36.383 GC heap after
{Heap after GC invocations=44 (full 0):
 garbage-first heap   total 219136K, used 117719K [0x0000000700000000, 0x0000000800000000)
  region size 2048K, 1 young (2048K), 1 survivors (2048K)
 Metaspace       used 84063K, committed 84992K, reserved 1179648K
  class space    used 11823K, committed 12288K, reserved 1048576K
}
Event: 37.653 GC heap before
{Heap before GC invocations=44 (full 0):
 garbage-first heap   total 219136K, used 168919K [0x0000000700000000, 0x0000000800000000)
  region size 2048K, 26 young (53248K), 1 survivors (2048K)
 Metaspace       used 84744K, committed 85824K, reserved 1179648K
  class space    used 11913K, committed 12416K, reserved 1048576K
}
Event: 37.673 GC heap after
{Heap after GC invocations=45 (full 0):
 garbage-first heap   total 419840K, used 126070K [0x0000000700000000, 0x0000000800000000)
  region size 2048K, 4 young (8192K), 4 survivors (8192K)
 Metaspace       used 84744K, committed 85824K, reserved 1179648K
  class space    used 11913K, committed 12416K, reserved 1048576K
}

Deoptimization events (20 events):
Event: 36.815 Thread 0x000001f9f52e95f0 DEOPT PACKING pc=0x000001f9d4638225 sp=0x0000007ecbefe8f0
Event: 36.815 Thread 0x000001f9f52e95f0 DEOPT UNPACKING pc=0x000001f9db9b2b43 sp=0x0000007ecbefddb8 mode 0
Event: 36.849 Thread 0x000001f9efafedd0 DEOPT PACKING pc=0x000001f9d56f7379 sp=0x0000007ecabf8c50
Event: 36.849 Thread 0x000001f9efafedd0 DEOPT UNPACKING pc=0x000001f9db9b2b43 sp=0x0000007ecabf8118 mode 0
Event: 37.024 Thread 0x000001f9efafedd0 DEOPT PACKING pc=0x000001f9d4d5fbf1 sp=0x0000007ecabf95f0
Event: 37.024 Thread 0x000001f9efafedd0 DEOPT UNPACKING pc=0x000001f9db9b2b43 sp=0x0000007ecabf8ae8 mode 0
Event: 37.476 Thread 0x000001f9efafedd0 DEOPT PACKING pc=0x000001f9d4638225 sp=0x0000007ecabf86c0
Event: 37.476 Thread 0x000001f9efafedd0 DEOPT UNPACKING pc=0x000001f9db9b2b43 sp=0x0000007ecabf7b88 mode 0
Event: 37.491 Thread 0x000001f9efafedd0 Uncommon trap: trap_request=0xfffffff4 fr.pc=0x000001f9dc490b84 relative=0x00000000000000e4
Event: 37.491 Thread 0x000001f9efafedd0 Uncommon trap: reason=null_check action=make_not_entrant pc=0x000001f9dc490b84 method=org.gradle.tooling.internal.provider.runner.ClientBuildEventGenerator$Disabled.accept(Lorg/gradle/internal/operations/BuildOperationDescriptor;)Lorg/gradle/tooling/inter
Event: 37.491 Thread 0x000001f9efafedd0 DEOPT PACKING pc=0x000001f9dc490b84 sp=0x0000007ecabf93b0
Event: 37.491 Thread 0x000001f9efafedd0 DEOPT UNPACKING pc=0x000001f9db9b23a3 sp=0x0000007ecabf9338 mode 2
Event: 37.545 Thread 0x000001f9efafedd0 DEOPT PACKING pc=0x000001f9d55fb05c sp=0x0000007ecabf7360
Event: 37.545 Thread 0x000001f9efafedd0 DEOPT UNPACKING pc=0x000001f9db9b2b43 sp=0x0000007ecabf6880 mode 0
Event: 37.583 Thread 0x000001f9efafedd0 DEOPT PACKING pc=0x000001f9d55fb05c sp=0x0000007ecabf6e50
Event: 37.583 Thread 0x000001f9efafedd0 DEOPT UNPACKING pc=0x000001f9db9b2b43 sp=0x0000007ecabf6370 mode 0
Event: 37.595 Thread 0x000001f9efafedd0 DEOPT PACKING pc=0x000001f9d55fb05c sp=0x0000007ecabf6e50
Event: 37.595 Thread 0x000001f9efafedd0 DEOPT UNPACKING pc=0x000001f9db9b2b43 sp=0x0000007ecabf6370 mode 0
Event: 37.675 Thread 0x000001f9efafedd0 DEOPT PACKING pc=0x000001f9d54531fe sp=0x0000007ecabf5bd0
Event: 37.675 Thread 0x000001f9efafedd0 DEOPT UNPACKING pc=0x000001f9db9b2b43 sp=0x0000007ecabf5080 mode 0

Classes unloaded (0 events):
No events

Classes redefined (0 events):
No events

Internal exceptions (20 events):
Event: 36.756 Thread 0x000001f9efafedd0 Exception <a 'java/lang/ClassNotFoundException'{0x000000070c3052a8}: build_8e5tm3cpgfk4n88vmklmdnbkkCustomizer> (0x000000070c3052a8) 
thrown [s\open\src\hotspot\share\classfile\systemDictionary.cpp, line 256]
Event: 36.851 Thread 0x000001f9efafedd0 Exception <a 'java/lang/ClassNotFoundException'{0x000000070bcd6940}: build_8e5tm3cpgfk4n88vmklmdnbkkBeanInfo> (0x000000070bcd6940) 
thrown [s\open\src\hotspot\share\classfile\systemDictionary.cpp, line 256]
Event: 36.851 Thread 0x000001f9efafedd0 Exception <a 'java/lang/ClassNotFoundException'{0x000000070bcdd118}: build_8e5tm3cpgfk4n88vmklmdnbkkCustomizer> (0x000000070bcdd118) 
thrown [s\open\src\hotspot\share\classfile\systemDictionary.cpp, line 256]
Event: 36.890 Thread 0x000001f9efafedd0 Exception <a 'java/lang/ClassNotFoundException'{0x000000070ba10850}: build_8e5tm3cpgfk4n88vmklmdnbkk$_run_closure1BeanInfo> (0x000000070ba10850) 
thrown [s\open\src\hotspot\share\classfile\systemDictionary.cpp, line 256]
Event: 36.891 Thread 0x000001f9efafedd0 Exception <a 'java/lang/ClassNotFoundException'{0x000000070ba1d708}: build_8e5tm3cpgfk4n88vmklmdnbkk$_run_closure1Customizer> (0x000000070ba1d708) 
thrown [s\open\src\hotspot\share\classfile\systemDictionary.cpp, line 256]
Event: 36.925 Thread 0x000001f9efafedd0 Exception <a 'java/lang/ClassNotFoundException'{0x000000070bab9450}: user_agent_djyzyz1w1wha79vv9zbighyz6BeanInfo> (0x000000070bab9450) 
thrown [s\open\src\hotspot\share\classfile\systemDictionary.cpp, line 256]
Event: 36.925 Thread 0x000001f9efafedd0 Exception <a 'java/lang/ClassNotFoundException'{0x000000070bac5930}: user_agent_djyzyz1w1wha79vv9zbighyz6Customizer> (0x000000070bac5930) 
thrown [s\open\src\hotspot\share\classfile\systemDictionary.cpp, line 256]
Event: 37.042 Thread 0x000001f9efafedd0 Exception <a 'java/lang/ClassNotFoundException'{0x000000070b6d78d0}: build_75x3jnf18u43pze9gzeqeo5k1BeanInfo> (0x000000070b6d78d0) 
thrown [s\open\src\hotspot\share\classfile\systemDictionary.cpp, line 256]
Event: 37.043 Thread 0x000001f9efafedd0 Exception <a 'java/lang/ClassNotFoundException'{0x000000070b6de108}: build_75x3jnf18u43pze9gzeqeo5k1Customizer> (0x000000070b6de108) 
thrown [s\open\src\hotspot\share\classfile\systemDictionary.cpp, line 256]
Event: 37.135 Thread 0x000001f9efafedd0 Exception <a 'java/lang/ClassNotFoundException'{0x000000070b0a5558}: build_75x3jnf18u43pze9gzeqeo5k1BeanInfo> (0x000000070b0a5558) 
thrown [s\open\src\hotspot\share\classfile\systemDictionary.cpp, line 256]
Event: 37.136 Thread 0x000001f9efafedd0 Exception <a 'java/lang/ClassNotFoundException'{0x000000070b0abd30}: build_75x3jnf18u43pze9gzeqeo5k1Customizer> (0x000000070b0abd30) 
thrown [s\open\src\hotspot\share\classfile\systemDictionary.cpp, line 256]
Event: 37.180 Thread 0x000001f9efafedd0 Exception <a 'java/lang/ClassNotFoundException'{0x000000070ae3e458}: build_75x3jnf18u43pze9gzeqeo5k1$_run_closure2BeanInfo> (0x000000070ae3e458) 
thrown [s\open\src\hotspot\share\classfile\systemDictionary.cpp, line 256]
Event: 37.181 Thread 0x000001f9efafedd0 Exception <a 'java/lang/ClassNotFoundException'{0x000000070ae4b310}: build_75x3jnf18u43pze9gzeqeo5k1$_run_closure2Customizer> (0x000000070ae4b310) 
thrown [s\open\src\hotspot\share\classfile\systemDictionary.cpp, line 256]
Event: 37.220 Thread 0x000001f9efafedd0 Exception <a 'java/lang/ClassNotFoundException'{0x000000070aed7f78}: user_agent_5fx770fktrfu3eehfyf07idzoBeanInfo> (0x000000070aed7f78) 
thrown [s\open\src\hotspot\share\classfile\systemDictionary.cpp, line 256]
Event: 37.221 Thread 0x000001f9efafedd0 Exception <a 'java/lang/ClassNotFoundException'{0x000000070aee4458}: user_agent_5fx770fktrfu3eehfyf07idzoCustomizer> (0x000000070aee4458) 
thrown [s\open\src\hotspot\share\classfile\systemDictionary.cpp, line 256]
Event: 37.339 Thread 0x000001f9efafedd0 Exception <a 'java/lang/ClassNotFoundException'{0x000000070ab0a958}: build_ce5m63l0jwxnb1rljawah608uBeanInfo> (0x000000070ab0a958) 
thrown [s\open\src\hotspot\share\classfile\systemDictionary.cpp, line 256]
Event: 37.339 Thread 0x000001f9efafedd0 Exception <a 'java/lang/ClassNotFoundException'{0x000000070ab11190}: build_ce5m63l0jwxnb1rljawah608uCustomizer> (0x000000070ab11190) 
thrown [s\open\src\hotspot\share\classfile\systemDictionary.cpp, line 256]
Event: 37.486 Thread 0x000001f9efafedd0 Exception <a 'java/lang/ClassNotFoundException'{0x000000070a45b798}: build_ce5m63l0jwxnb1rljawah608uBeanInfo> (0x000000070a45b798) 
thrown [s\open\src\hotspot\share\classfile\systemDictionary.cpp, line 256]
Event: 37.486 Thread 0x000001f9efafedd0 Exception <a 'java/lang/ClassNotFoundException'{0x000000070a461f70}: build_ce5m63l0jwxnb1rljawah608uCustomizer> (0x000000070a461f70) 
thrown [s\open\src\hotspot\share\classfile\systemDictionary.cpp, line 256]
Event: 37.491 Thread 0x000001f9efafedd0 Implicit null exception at 0x000001f9dc490ae4 to 0x000001f9dc490b78

VM Operations (20 events):
Event: 34.043 Executing VM operation: G1CollectForAllocation
Event: 34.059 Executing VM operation: G1CollectForAllocation done
Event: 34.302 Executing VM operation: G1Concurrent
Event: 34.309 Executing VM operation: G1Concurrent done
Event: 34.415 Executing VM operation: G1Concurrent
Event: 34.416 Executing VM operation: G1Concurrent done
Event: 34.450 Executing VM operation: HandshakeAllThreads
Event: 34.450 Executing VM operation: HandshakeAllThreads done
Event: 35.457 Executing VM operation: Cleanup
Event: 35.458 Executing VM operation: Cleanup done
Event: 36.221 Executing VM operation: ICBufferFull
Event: 36.221 Executing VM operation: ICBufferFull done
Event: 36.293 Executing VM operation: G1CollectForAllocation
Event: 36.314 Executing VM operation: G1CollectForAllocation done
Event: 36.370 Executing VM operation: G1CollectForAllocation
Event: 36.383 Executing VM operation: G1CollectForAllocation done
Event: 37.388 Executing VM operation: ICBufferFull
Event: 37.388 Executing VM operation: ICBufferFull done
Event: 37.653 Executing VM operation: G1CollectForAllocation
Event: 37.673 Executing VM operation: G1CollectForAllocation done

Events (20 events):
Event: 34.361 loading class jdk/internal/ValueBased
Event: 34.366 loading class jdk/internal/ValueBased done
Event: 34.368 loading class jdk/internal/reflect/UnsafeQualifiedStaticIntegerFieldAccessorImpl
Event: 34.368 loading class jdk/internal/reflect/UnsafeQualifiedStaticIntegerFieldAccessorImpl done
Event: 36.254 loading class java/util/regex/PatternBeanInfo
Event: 36.254 loading class java/util/regex/PatternBeanInfo done
Event: 36.254 loading class java/util/regex/PatternBeanInfo
Event: 36.254 loading class java/util/regex/PatternBeanInfo done
Event: 36.254 loading class java/util/regex/PatternCustomizer
Event: 36.254 loading class java/util/regex/PatternCustomizer done
Event: 36.254 loading class java/util/regex/PatternCustomizer
Event: 36.254 loading class java/util/regex/PatternCustomizer done
Event: 36.257 loading class java/util/regex/MatcherBeanInfo
Event: 36.257 loading class java/util/regex/MatcherBeanInfo done
Event: 36.258 loading class java/util/regex/MatcherBeanInfo
Event: 36.258 loading class java/util/regex/MatcherBeanInfo done
Event: 36.258 loading class java/util/regex/MatcherCustomizer
Event: 36.258 loading class java/util/regex/MatcherCustomizer done
Event: 36.258 loading class java/util/regex/MatcherCustomizer
Event: 36.258 loading class java/util/regex/MatcherCustomizer done


Dynamic libraries:
0x00007ff67cc70000 - 0x00007ff67cc80000 	C:\Program Files\Java\jdk-17\bin\java.exe
0x00007ff9d4830000 - 0x00007ff9d4a28000 	C:\Windows\SYSTEM32\ntdll.dll
0x00007ff9d3820000 - 0x00007ff9d38e2000 	C:\Windows\System32\KERNEL32.DLL
0x00007ff9d2180000 - 0x00007ff9d247f000 	C:\Windows\System32\KERNELBASE.dll
0x00007ff9d24f0000 - 0x00007ff9d25f0000 	C:\Windows\System32\ucrtbase.dll
0x00007ff9afcb0000 - 0x00007ff9afccb000 	C:\Program Files\Java\jdk-17\bin\VCRUNTIME140.dll
0x00007ff9aa440000 - 0x00007ff9aa459000 	C:\Program Files\Java\jdk-17\bin\jli.dll
0x00007ff9d4740000 - 0x00007ff9d47ef000 	C:\Windows\System32\ADVAPI32.dll
0x00007ff9d3ed0000 - 0x00007ff9d3f6e000 	C:\Windows\System32\msvcrt.dll
0x00007ff9d35e0000 - 0x00007ff9d367f000 	C:\Windows\System32\sechost.dll
0x00007ff9d41c0000 - 0x00007ff9d42e3000 	C:\Windows\System32\RPCRT4.dll
0x00007ff9d2820000 - 0x00007ff9d2847000 	C:\Windows\System32\bcrypt.dll
0x00007ff9d3680000 - 0x00007ff9d381d000 	C:\Windows\System32\USER32.dll
0x00007ff9d2680000 - 0x00007ff9d26a2000 	C:\Windows\System32\win32u.dll
0x00007ff9d40a0000 - 0x00007ff9d40cb000 	C:\Windows\System32\GDI32.dll
0x00007ff9d2700000 - 0x00007ff9d281a000 	C:\Windows\System32\gdi32full.dll
0x00007ff9d1f80000 - 0x00007ff9d201d000 	C:\Windows\System32\msvcp_win.dll
0x00007ff9bee30000 - 0x00007ff9bf0ca000 	C:\Windows\WinSxS\amd64_microsoft.windows.common-controls_6595b64144ccf1df_6.0.19041.4355_none_60b8b9eb71f62e16\COMCTL32.dll
0x00007ff9d1a30000 - 0x00007ff9d1a3a000 	C:\Windows\SYSTEM32\VERSION.dll
0x00007ff9d34f0000 - 0x00007ff9d351f000 	C:\Windows\System32\IMM32.DLL
0x000000005cbf0000 - 0x000000005cbfc000 	C:\Program Files (x86)\360\Total Security\safemon\SafeWrapper.dll
0x00007ff96bca0000 - 0x00007ff96bd4c000 	C:\Program Files (x86)\360\Total Security\safemon\libzdtp64.dll
0x00007ff9d2850000 - 0x00007ff9d2fbd000 	C:\Windows\System32\SHELL32.dll
0x00007ff9d3520000 - 0x00007ff9d3575000 	C:\Windows\System32\SHLWAPI.dll
0x00007ff9c9640000 - 0x00007ff9c964c000 	C:\Program Files\Java\jdk-17\bin\vcruntime140_1.dll
0x00007ff96a480000 - 0x00007ff96a50e000 	C:\Program Files\Java\jdk-17\bin\msvcp140.dll
0x00007ff967050000 - 0x00007ff967c30000 	C:\Program Files\Java\jdk-17\bin\server\jvm.dll
0x00007ff9d4730000 - 0x00007ff9d4738000 	C:\Windows\System32\PSAPI.DLL
0x00007ff9be750000 - 0x00007ff9be777000 	C:\Windows\SYSTEM32\WINMM.dll
0x00007ff9cb6f0000 - 0x00007ff9cb6f9000 	C:\Windows\SYSTEM32\WSOCK32.dll
0x00007ff9d3e60000 - 0x00007ff9d3ecb000 	C:\Windows\System32\WS2_32.dll
0x00007ff9d0680000 - 0x00007ff9d0692000 	C:\Windows\SYSTEM32\kernel.appcore.dll
0x00007ff9c9070000 - 0x00007ff9c907a000 	C:\Program Files\Java\jdk-17\bin\jimage.dll
0x00007ff9cd350000 - 0x00007ff9cd534000 	C:\Windows\SYSTEM32\DBGHELP.DLL
0x00007ff9b2fe0000 - 0x00007ff9b3014000 	C:\Windows\SYSTEM32\dbgcore.DLL
0x00007ff9d25f0000 - 0x00007ff9d2672000 	C:\Windows\System32\bcryptPrimitives.dll
0x00007ff9abab0000 - 0x00007ff9abad5000 	C:\Program Files\Java\jdk-17\bin\java.dll
0x00007ff985080000 - 0x00007ff985157000 	C:\Program Files\Java\jdk-17\bin\jsvml.dll
0x00007ff9ccb90000 - 0x00007ff9cd334000 	C:\Windows\SYSTEM32\windows.storage.dll
0x00007ff9d42f0000 - 0x00007ff9d4645000 	C:\Windows\System32\combase.dll
0x00007ff9d1890000 - 0x00007ff9d18bf000 	C:\Windows\SYSTEM32\Wldp.dll
0x00007ff9d3ce0000 - 0x00007ff9d3dad000 	C:\Windows\System32\OLEAUT32.dll
0x00007ff9d3440000 - 0x00007ff9d34ed000 	C:\Windows\System32\SHCORE.dll
0x00007ff9d1e00000 - 0x00007ff9d1e24000 	C:\Windows\SYSTEM32\profapi.dll
0x00007ff9ac4b0000 - 0x00007ff9ac4c9000 	C:\Program Files\Java\jdk-17\bin\net.dll
0x00007ff9c4dc0000 - 0x00007ff9c4eca000 	C:\Windows\SYSTEM32\WINHTTP.dll
0x00007ff9d15f0000 - 0x00007ff9d165c000 	C:\Windows\system32\mswsock.dll
0x00007ff9abc90000 - 0x00007ff9abca6000 	C:\Program Files\Java\jdk-17\bin\nio.dll
0x00007ff9ab580000 - 0x00007ff9ab598000 	C:\Program Files\Java\jdk-17\bin\zip.dll
0x00007ff9c80c0000 - 0x00007ff9c80d0000 	C:\Program Files\Java\jdk-17\bin\verify.dll
0x00007ff9b7d30000 - 0x00007ff9b7d57000 	C:\Users\Al-Mahdi\.gradle\native\c067742578af261105cb4f569cf0c3c89f3d7b1fecec35dd04571415982c5e48\windows-amd64\native-platform.dll
0x00007ff98e100000 - 0x00007ff98e244000 	C:\Users\Al-Mahdi\.gradle\native\38dada09dfb8b06ba9b0570ebf7e218e3eb74d4ef43ca46872605cf95ebc2f47\windows-amd64\native-platform-file-events.dll
0x00007ff9c09e0000 - 0x00007ff9c09ea000 	C:\Program Files\Java\jdk-17\bin\management.dll
0x00007ff9c0720000 - 0x00007ff9c072b000 	C:\Program Files\Java\jdk-17\bin\management_ext.dll
0x00007ff9d17e0000 - 0x00007ff9d17f8000 	C:\Windows\SYSTEM32\CRYPTSP.dll
0x00007ff9d0ea0000 - 0x00007ff9d0ed4000 	C:\Windows\system32\rsaenh.dll
0x00007ff9d1d80000 - 0x00007ff9d1dae000 	C:\Windows\SYSTEM32\USERENV.dll
0x00007ff9d1800000 - 0x00007ff9d180c000 	C:\Windows\SYSTEM32\CRYPTBASE.dll
0x00007ff9d1280000 - 0x00007ff9d12bb000 	C:\Windows\SYSTEM32\IPHLPAPI.DLL
0x00007ff9d38f0000 - 0x00007ff9d38f8000 	C:\Windows\System32\NSI.dll
0x00007ff9c5b30000 - 0x00007ff9c5b47000 	C:\Windows\SYSTEM32\dhcpcsvc6.DLL
0x00007ff9c74e0000 - 0x00007ff9c74fd000 	C:\Windows\SYSTEM32\dhcpcsvc.DLL
0x00007ff9d12d0000 - 0x00007ff9d139a000 	C:\Windows\SYSTEM32\DNSAPI.dll
0x00007ff9afdd0000 - 0x00007ff9afdde000 	C:\Program Files\Java\jdk-17\bin\sunmscapi.dll
0x00007ff9d2020000 - 0x00007ff9d217c000 	C:\Windows\System32\CRYPT32.dll
0x00007ff9d1900000 - 0x00007ff9d1927000 	C:\Windows\SYSTEM32\ncrypt.dll
0x00007ff9d18c0000 - 0x00007ff9d18fb000 	C:\Windows\SYSTEM32\NTASN1.dll
0x00007ff9af160000 - 0x00007ff9af167000 	C:\Windows\system32\wshunix.dll

dbghelp: loaded successfully - version: 4.0.5 - missing functions: none
symbol engine: initialized successfully - sym options: 0x614 - pdb path: .;C:\Program Files\Java\jdk-17\bin;C:\Windows\SYSTEM32;C:\Windows\WinSxS\amd64_microsoft.windows.common-controls_6595b64144ccf1df_6.0.19041.4355_none_60b8b9eb71f62e16;C:\Program Files (x86)\360\Total Security\safemon;C:\Program Files\Java\jdk-17\bin\server;C:\Users\Al-Mahdi\.gradle\native\c067742578af261105cb4f569cf0c3c89f3d7b1fecec35dd04571415982c5e48\windows-amd64;C:\Users\Al-Mahdi\.gradle\native\38dada09dfb8b06ba9b0570ebf7e218e3eb74d4ef43ca46872605cf95ebc2f47\windows-amd64

VM Arguments:
jvm_args: -XX:MaxMetaspaceSize=2G -XX:+HeapDumpOnOutOfMemoryError --add-opens=java.base/java.util=ALL-UNNAMED --add-opens=java.base/java.lang=ALL-UNNAMED --add-opens=java.base/java.lang.invoke=ALL-UNNAMED --add-opens=java.prefs/java.util.prefs=ALL-UNNAMED --add-opens=java.base/java.nio.charset=ALL-UNNAMED --add-opens=java.base/java.net=ALL-UNNAMED --add-opens=java.base/java.util.concurrent.atomic=ALL-UNNAMED -Xmx4G -Dfile.encoding=windows-1252 -Duser.country=US -Duser.language=en -Duser.variant 
java_command: org.gradle.launcher.daemon.bootstrap.GradleDaemon 7.6.3
java_class_path (initial): C:\Users\Al-Mahdi\.gradle\wrapper\dists\gradle-7.6.3-all\aocdy2d2z8kodnny3rsumj8i8\gradle-7.6.3\lib\gradle-launcher-7.6.3.jar
Launcher Type: SUN_STANDARD

[Global flags]
     intx CICompilerCount                          = 3                                         {product} {ergonomic}
     uint ConcGCThreads                            = 1                                         {product} {ergonomic}
     uint G1ConcRefinementThreads                  = 4                                         {product} {ergonomic}
   size_t G1HeapRegionSize                         = 2097152                                   {product} {ergonomic}
    uintx GCDrainStackTargetSize                   = 64                                        {product} {ergonomic}
     bool HeapDumpOnOutOfMemoryError               = true                                   {manageable} {command line}
   size_t InitialHeapSize                          = 132120576                                 {product} {ergonomic}
   size_t MarkStackSize                            = 4194304                                   {product} {ergonomic}
   size_t MaxHeapSize                              = 4294967296                                {product} {command line}
   size_t MaxMetaspaceSize                         = 2147483648                                {product} {command line}
   size_t MaxNewSize                               = 2575302656                                {product} {ergonomic}
   size_t MinHeapDeltaBytes                        = 2097152                                   {product} {ergonomic}
   size_t MinHeapSize                              = 8388608                                   {product} {ergonomic}
    uintx NonNMethodCodeHeapSize                   = 5832780                                {pd product} {ergonomic}
    uintx NonProfiledCodeHeapSize                  = 122912730                              {pd product} {ergonomic}
    uintx ProfiledCodeHeapSize                     = 122912730                              {pd product} {ergonomic}
    uintx ReservedCodeCacheSize                    = 251658240                              {pd product} {ergonomic}
     bool SegmentedCodeCache                       = true                                      {product} {ergonomic}
   size_t SoftMaxHeapSize                          = 4294967296                             {manageable} {ergonomic}
     bool UseCompressedClassPointers               = true                           {product lp64_product} {ergonomic}
     bool UseCompressedOops                        = true                           {product lp64_product} {ergonomic}
     bool UseG1GC                                  = true                                      {product} {ergonomic}
     bool UseLargePagesIndividualAllocation        = false                                  {pd product} {ergonomic}

Logging:
Log output configuration:
 #0: stdout all=warning uptime,level,tags
 #1: stderr all=off uptime,level,tags

Environment Variables:
JAVA_HOME=C:\Program Files\Java\jdk-17
CLASSPATH=E:\khaled_rct_store\RCT-Mobile\android\\gradle\wrapper\gradle-wrapper.jar
PATH=C:\Program Files\Java\jdk-17\bin;C:\Program Files\Common Files\Oracle\Java\javapath;C:\Program Files (x86)\Common Files\Intel\Shared Libraries\redist\intel64\compiler;C:\Windows\system32;C:\Windows;C:\Windows\System32\Wbem;C:\Windows\System32\WindowsPowerShell\v1.0\;C:\Windows\System32\OpenSSH\;C:\Program Files\Git\cmd;C:\Users\Al-Mahdi\AppData\Local\Pub\Cache\bin;C:\Program Files\nodejs\;C:\Program Files\Java\jdk-17\bin;C:\Users\Al-Mahdi\AppData\Local\Microsoft\WindowsApps;C:\src\flutter\bin;C:\dart-sdk\bin;C:\Users\Al-Mahdi\Downloads\flutter_tools;C:\Users\Al-Mahdi\AppData\Local\Programs\Microsoft VS Code\bin;C:\ProgramData\Microsoft\Windows\Start Menu\Programs\Android Studio;C:\Users\Al-Mahdi\AppData\Local\Pub\Cache\bin;C:\Users\Al-Mahdi\AppData\Roaming\npm;C:\Program Files\Java\jdk-17\bin;;C:\src\flutter\bin\mingit\cmd;C:\src\flutter\bin\mingit\cmd
USERNAME=Al-Mahdi
OS=Windows_NT
PROCESSOR_IDENTIFIER=Intel64 Family 6 Model 142 Stepping 9, GenuineIntel



---------------  S Y S T E M  ---------------

OS:
 Windows 10 , 64 bit Build 19041 (10.0.19041.5438)
OS uptime: 0 days 1:43 hours

CPU: total 4 (initial active 4) (2 cores per cpu, 2 threads per core) family 6 model 142 stepping 9 microcode 0xf4, cx8, cmov, fxsr, ht, mmx, 3dnowpref, sse, sse2, sse3, ssse3, sse4.1, sse4.2, popcnt, lzcnt, tsc, tscinvbit, avx, avx2, aes, erms, clmul, bmi1, bmi2, rtm, adx, fma, vzeroupper, clflush, clflushopt

Memory: 4k page, system-wide physical 8050M (277M free)
TotalPageFile size 18290M (AvailPageFile size 3381M)
current process WorkingSet (physical memory assigned to process): 432M, peak: 446M
current process commit charge ("private bytes"): 705M, peak: 707M

vm_info: Java HotSpot(TM) 64-Bit Server VM (17.0.12+8-LTS-286) for windows-amd64 JRE (17.0.12+8-LTS-286), built on Jun  5 2024 06:46:59 by "mach5one" with MS VC++ 17.6 (VS2022)

END.
