#
# A fatal error has been detected by the Java Runtime Environment:
#
#  EXCEPTION_ACCESS_VIOLATION (0xc0000005) at pc=0x00007ffc9d904c09, pid=14388, tid=6152
#
# JRE version: Java(TM) SE Runtime Environment (17.0.12+8) (build 17.0.12+8-LTS-286)
# Java VM: Java HotSpot(TM) 64-Bit Server VM (17.0.12+8-LTS-286, mixed mode, sharing, tiered, compressed oops, compressed class ptrs, g1 gc, windows-amd64)
# Problematic frame:
# V  [jvm.dll+0x304c09]
#
# No core dump will be written. Minidumps are not enabled by default on client versions of Windows
#
# If you would like to submit a bug report, please visit:
#   https://bugreport.java.com/bugreport/crash.jsp
#

---------------  S U M M A R Y ------------

Command Line: -XX:MaxMetaspaceSize=2G -XX:+HeapDumpOnOutOfMemoryError --add-opens=java.base/java.util=ALL-UNNAMED --add-opens=java.base/java.lang=ALL-UNNAMED --add-opens=java.base/java.lang.invoke=ALL-UNNAMED --add-opens=java.prefs/java.util.prefs=ALL-UNNAMED --add-opens=java.base/java.nio.charset=ALL-UNNAMED --add-opens=java.base/java.net=ALL-UNNAMED --add-opens=java.base/java.util.concurrent.atomic=ALL-UNNAMED -Xmx4G -Dfile.encoding=windows-1252 -Duser.country=US -Duser.language=en -Duser.variant org.gradle.launcher.daemon.bootstrap.GradleDaemon 7.6.3

Host: Intel(R) Core(TM) i5-7300U CPU @ 2.60GHz, 4 cores, 7G,  Windows 10 , 64 bit Build 19041 (10.0.19041.5438)
Time: Wed Apr  2 15:07:25 2025 Egypt Standard Time elapsed time: 88.811585 seconds (0d 0h 1m 28s)

---------------  T H R E A D  ---------------

Current thread (0x0000018ad58e1e10):  GCTaskThread "GC Thread#3" [stack: 0x0000000cef500000,0x0000000cef600000] [id=6152]

Stack: [0x0000000cef500000,0x0000000cef600000],  sp=0x0000000cef5ff560,  free space=1021k
Native frames: (J=compiled Java code, j=interpreted, Vv=VM code, C=native code)
V  [jvm.dll+0x304c09]
V  [jvm.dll+0x30190e]
V  [jvm.dll+0x310113]
V  [jvm.dll+0x311f2b]
V  [jvm.dll+0x31070d]
V  [jvm.dll+0x311ada]
V  [jvm.dll+0x2dc663]
V  [jvm.dll+0x2ddf0b]
V  [jvm.dll+0x80832b]
V  [jvm.dll+0x808376]
V  [jvm.dll+0x78abea]
V  [jvm.dll+0x678f35]
C  [ucrtbase.dll+0x21bb2]
C  [KERNEL32.DLL+0x17374]
C  [ntdll.dll+0x4cc91]


siginfo: EXCEPTION_ACCESS_VIOLATION (0xc0000005), reading address 0x0000000609580058


Registers:
RAX=0x0000000000000000, RBX=0x0000000707e58261, RCX=0x0000000000000015, RDX=0x0000000000000000
RSP=0x0000000cef5ff560, RBP=0x000000000000126a, RSI=0x0000000707e58260, RDI=0x0000018b1ee60c50
R8 =0x0000000707e58158, R9 =0x00007ffc9d600000, R10=0x0000000609580058, R11=0x0000000000000001
R12=0x0000000cef5ff7c0, R13=0x0000018ab2eb07b0, R14=0x0000000000000040, R15=0x0000000000000000
RIP=0x00007ffc9d904c09, EFLAGS=0x0000000000010246


Register to memory mapping:

RIP=0x00007ffc9d904c09 jvm.dll
RAX=0x0 is NULL
RBX=0x0000000707e58261 is pointing into object: org.gradle.api.internal.DefaultDomainObjectCollection$1 
{0x0000000707e58250} - klass: 'org/gradle/api/internal/DefaultDomainObjectCollection$1'
 - ---- fields (total size 3 words):
 - final synthetic 'val$eventRegister' 'Lorg/gradle/api/internal/collections/CollectionEventRegister;' @12  a 'org/gradle/api/internal/collections/DefaultCollectionEventRegister'{0x0000000707e58158} (e0fcb02b)
 - final synthetic 'this$0' 'Lorg/gradle/api/internal/DefaultDomainObjectCollection;' @16  
[error occurred during error reporting (printing register info), id 0xc0000005, EXCEPTION_ACCESS_VIOLATION (0xc0000005) at pc=0x00007ffc9d98eb3e]

Top of Stack: (sp=0x0000000cef5ff560)
0x0000000cef5ff560:   0000000000030000 0000000003830100
0x0000000cef5ff570:   0000000000000000 0000000000000009
0x0000000cef5ff580:   0000018ac9f60bc0 0000000000000003
0x0000000cef5ff590:   00000000000000c0 0000000cef5ff7c0
0x0000000cef5ff5a0:   0000000704179000 00007ffc9d90190e
0x0000000cef5ff5b0:   0000000704179000 0000018b1ee60c50
0x0000000cef5ff5c0:   0000018ab2eb07b0 0000018ac9f60bc0
0x0000000cef5ff5d0:   0000000034e342f3 0000003804876f49
0x0000000cef5ff5e0:   0000000cef5ff7c0 0000000704179000
0x0000000cef5ff5f0:   0000000704179608 00007ffc9d910113
0x0000000cef5ff600:   0000000704179000 0000000cef5ff620
0x0000000cef5ff610:   0000000cef5ff630 0000000cef5ff7c0
0x0000000cef5ff620:   0000000704179000 00000000000000c0
0x0000000cef5ff630:   00007ffc9deffe88 0000000000000000
0x0000000cef5ff640:   0000018ab2ea9350 0000018b1ee60c50
0x0000000cef5ff650:   0000018ac9f60c00 00007ffc9d911f2b 

Instructions: (pc=0x00007ffc9d904c09)
0x00007ffc9d904b09:   ff 48 8d 53 fe 48 8b cf e8 aa f6 ff ff e9 35 fd
0x00007ffc9d904b19:   ff ff 0f 1f 44 00 00 48 8b 77 10 8b ae 80 00 00
0x00007ffc9d904b29:   00 8b cd 8b 86 00 01 00 00 2b c8 81 e1 ff ff 01
0x00007ffc9d904b39:   00 41 3b ce 0f 86 e9 02 00 00 ff cd 81 e5 ff ff
0x00007ffc9d904b49:   01 00 89 ae 80 00 00 00 e8 ba 6c 36 00 90 8b d5
0x00007ffc9d904b59:   8b 86 00 01 00 00 8b cd 48 8b 9e 80 01 00 00 2b
0x00007ffc9d904b69:   c8 81 e1 ff ff 01 00 81 f9 ff ff 01 00 48 8b 1c
0x00007ffc9d904b79:   eb 41 0f 44 cf 85 c9 75 3d 90 89 6c 24 50 48 8b
0x00007ffc9d904b89:   86 00 01 00 00 48 8b c8 48 c1 e9 20 ff c1 89 4c
0x00007ffc9d904b99:   24 54 3b e8 0f 85 77 02 00 00 48 c1 e1 20 48 0b
0x00007ffc9d904ba9:   ca f0 48 0f b1 8e 00 01 00 00 0f 85 61 02 00 00
0x00007ffc9d904bb9:   8b 86 00 01 00 00 f6 c3 01 0f 84 2f 01 00 00 8b
0x00007ffc9d904bc9:   0d ea c6 79 00 48 8d 73 ff 48 8b 47 08 44 8b 16
0x00007ffc9d904bd9:   49 d3 e2 4c 03 15 cd c6 79 00 8b 88 90 05 00 00
0x00007ffc9d904be9:   49 8b d2 48 8b 80 80 05 00 00 48 d3 ea 0f b7 14
0x00007ffc9d904bf9:   50 0f b7 c2 66 c1 e8 08 84 c0 0f 88 17 ff ff ff
0x00007ffc9d904c09:   4d 8b 02 41 0f b6 c0 24 03 3c 03 75 1e 44 38 3d
0x00007ffc9d904c19:   c4 43 80 00 74 0f 41 0f b6 c0 24 07 3c 05 75 05
0x00007ffc9d904c29:   4d 8b c7 eb 17 49 83 e0 fc eb 11 4d 8b c8 48 8b
0x00007ffc9d904c39:   cf 4d 8b c2 e8 be f0 ff ff 4c 8b c0 8b 0d 6d c6
0x00007ffc9d904c49:   79 00 49 8b d0 48 2b 15 5b c6 79 00 48 d3 ea 89
0x00007ffc9d904c59:   16 48 8b d6 8b 0d 0d 4c 80 00 49 33 d0 48 d3 ea
0x00007ffc9d904c69:   48 85 d2 0f 84 ae fe ff ff 48 8b 47 08 48 8b d6
0x00007ffc9d904c79:   8b 88 c0 01 00 00 48 8b 80 b0 01 00 00 48 d3 ea
0x00007ffc9d904c89:   48 8b 0c d0 8b 81 94 00 00 00 d1 e8 a8 01 0f 85
0x00007ffc9d904c99:   83 fe ff ff 48 8b 47 08 8b 88 90 05 00 00 48 8b
0x00007ffc9d904ca9:   80 80 05 00 00 49 d3 e8 46 38 3c 40 0f 84 65 fe
0x00007ffc9d904cb9:   ff ff 48 8b 47 60 48 c1 ee 09 48 8b 58 40 48 8b
0x00007ffc9d904cc9:   48 38 48 03 de 48 2b d9 48 39 9f b0 01 00 00 0f
0x00007ffc9d904cd9:   84 42 fe ff ff 48 8d 14 19 48 8d 4f 18 e8 45 40
0x00007ffc9d904ce9:   00 00 48 89 9f b0 01 00 00 e9 29 fe ff ff f6 c3
0x00007ffc9d904cf9:   03 0f 85 09 01 00 00 48 8b 47 08 4c 8b 13 49 8b 


Stack slot to memory mapping:
stack at sp + 0 slots: 0x0000000000030000 is an unknown value
stack at sp + 1 slots: 0x0000000003830100 is an unknown value
stack at sp + 2 slots: 0x0 is NULL
stack at sp + 3 slots: 0x0000000000000009 is an unknown value
stack at sp + 4 slots: 0x0000018ac9f60bc0 points into unknown readable memory: 0xffffffffffffffff | ff ff ff ff ff ff ff ff
stack at sp + 5 slots: 0x0000000000000003 is an unknown value
stack at sp + 6 slots: 0x00000000000000c0 is an unknown value
stack at sp + 7 slots: 0x0000000cef5ff7c0 points into unknown readable memory: 0x00007ffc9df00078 | 78 00 f0 9d fc 7f 00 00


---------------  P R O C E S S  ---------------

Threads class SMR info:
_java_thread_list=0x0000018b1b93f5b0, length=93, elements={
0x0000018ab2e98b10, 0x0000018ad54006d0, 0x0000018ad5402870, 0x0000018ad54141c0,
0x0000018ad5417bb0, 0x0000018ad5418480, 0x0000018ad5418d50, 0x0000018ad5419a00,
0x0000018ad546c1e0, 0x0000018ad55907a0, 0x0000018ad565fda0, 0x0000018ad566e500,
0x0000018b1baac880, 0x0000018b1bd1a190, 0x0000018b1b72cfc0, 0x0000018b1c12c700,
0x0000018b1c12cbe0, 0x0000018b1c697320, 0x0000018b1c6959d0, 0x0000018b1c694fb0,
0x0000018b1c694590, 0x0000018b1c694080, 0x0000018b1c6963f0, 0x0000018b1c696900,
0x0000018b1c694aa0, 0x0000018b1c697830, 0x0000018b1c6954c0, 0x0000018b1c696e10,
0x0000018b1c8af6e0, 0x0000018b1c8add90, 0x0000018b1c8b1540, 0x0000018b1c8b2470,
0x0000018b1c8ac440, 0x0000018b1c8b0b20, 0x0000018b1c8b1a50, 0x0000018b1c8b0610,
0x0000018b1c8b1f60, 0x0000018b1c8b2980, 0x0000018b1c8b2e90, 0x0000018b1c8ad880,
0x0000018b1c8abf30, 0x0000018b1c8b38b0, 0x0000018b1c8ace60, 0x0000018b1c8ad370,
0x0000018b1c8ae2a0, 0x0000018b1c8afbf0, 0x0000018b1c8ae7b0, 0x0000018b1c8aecc0,
0x0000018b1c8af1d0, 0x0000018b1c8b0100, 0x0000018b1ee709f0, 0x0000018b1ee6ffd0,
0x0000018b1ee6dc60, 0x0000018b1ee704e0, 0x0000018b1ee6e170, 0x0000018b1ee6e680,
0x0000018b1ee6eb90, 0x0000018b1ee70f00, 0x0000018b1ee6f5b0, 0x0000018b1ee71410,
0x0000018b1ee6cd30, 0x0000018b1ee741a0, 0x0000018b1ee72850, 0x0000018b1ee72d60,
0x0000018b1ee6fac0, 0x0000018b1ee71920, 0x0000018b1ee6d240, 0x0000018b1ee71e30,
0x0000018b1ee72340, 0x0000018b1ee6d750, 0x0000018b1ee73270, 0x0000018b1ee73780,
0x0000018b1ee746b0, 0x0000018b1cc32fa0, 0x0000018b1cc37b90, 0x0000018b1cc36c60,
0x0000018b1cc385b0, 0x0000018b1cc380a0, 0x0000018b1cc35d30, 0x0000018b1cc32a90,
0x0000018b1cc38ac0, 0x0000018b1cc38fd0, 0x0000018b1cc35310, 0x0000018b1cc32070,
0x0000018b1cc394e0, 0x0000018b1cc399f0, 0x0000018b1cc36750, 0x0000018b1cc34e00,
0x0000018b1cc35820, 0x0000018b1cc32580, 0x0000018b1cc334b0, 0x0000018b1cc37170,
0x0000018b1cc348f0
}

Java Threads: ( => current thread )
  0x0000018ab2e98b10 JavaThread "main" [_thread_blocked, id=9108, stack(0x0000000cee000000,0x0000000cee100000)]
  0x0000018ad54006d0 JavaThread "Reference Handler" daemon [_thread_blocked, id=9212, stack(0x0000000cee700000,0x0000000cee800000)]
  0x0000018ad5402870 JavaThread "Finalizer" daemon [_thread_blocked, id=2480, stack(0x0000000cee800000,0x0000000cee900000)]
  0x0000018ad54141c0 JavaThread "Signal Dispatcher" daemon [_thread_blocked, id=14456, stack(0x0000000cee900000,0x0000000ceea00000)]
  0x0000018ad5417bb0 JavaThread "Attach Listener" daemon [_thread_blocked, id=7920, stack(0x0000000ceea00000,0x0000000ceeb00000)]
  0x0000018ad5418480 JavaThread "Service Thread" daemon [_thread_blocked, id=6836, stack(0x0000000ceeb00000,0x0000000ceec00000)]
  0x0000018ad5418d50 JavaThread "Monitor Deflation Thread" daemon [_thread_blocked, id=6716, stack(0x0000000ceec00000,0x0000000ceed00000)]
  0x0000018ad5419a00 JavaThread "C2 CompilerThread0" daemon [_thread_blocked, id=8988, stack(0x0000000ceed00000,0x0000000ceee00000)]
  0x0000018ad546c1e0 JavaThread "C1 CompilerThread0" daemon [_thread_blocked, id=7580, stack(0x0000000ceee00000,0x0000000ceef00000)]
  0x0000018ad55907a0 JavaThread "Sweeper thread" daemon [_thread_blocked, id=9356, stack(0x0000000ceef00000,0x0000000cef000000)]
  0x0000018ad565fda0 JavaThread "Common-Cleaner" daemon [_thread_blocked, id=9520, stack(0x0000000cef000000,0x0000000cef100000)]
  0x0000018ad566e500 JavaThread "Notification Thread" daemon [_thread_blocked, id=10040, stack(0x0000000cef100000,0x0000000cef200000)]
  0x0000018b1baac880 JavaThread "Daemon health stats" [_thread_blocked, id=1104, stack(0x0000000cef600000,0x0000000cef700000)]
  0x0000018b1bd1a190 JavaThread "Incoming local TCP Connector on port 51108" [_thread_in_native, id=11340, stack(0x0000000cef700000,0x0000000cef800000)]
  0x0000018b1b72cfc0 JavaThread "Daemon periodic checks" [_thread_blocked, id=2836, stack(0x0000000cef800000,0x0000000cef900000)]
  0x0000018b1c12c700 JavaThread "Daemon" [_thread_blocked, id=12364, stack(0x0000000cef900000,0x0000000cefa00000)]
  0x0000018b1c12cbe0 JavaThread "Handler for socket connection from /127.0.0.1:51108 to /127.0.0.1:51111" [_thread_in_native, id=15180, stack(0x0000000cefa00000,0x0000000cefb00000)]
  0x0000018b1c697320 JavaThread "Cancel handler" [_thread_blocked, id=8952, stack(0x0000000cefb00000,0x0000000cefc00000)]
  0x0000018b1c6959d0 JavaThread "Daemon worker" [_thread_blocked, id=10228, stack(0x0000000cefc00000,0x0000000cefd00000)]
  0x0000018b1c694fb0 JavaThread "Asynchronous log dispatcher for DefaultDaemonConnection: socket connection from /127.0.0.1:51108 to /127.0.0.1:51111" [_thread_blocked, id=9348, stack(0x0000000cefd00000,0x0000000cefe00000)]
  0x0000018b1c694590 JavaThread "Stdin handler" [_thread_blocked, id=14112, stack(0x0000000cefe00000,0x0000000ceff00000)]
  0x0000018b1c694080 JavaThread "Daemon client event forwarder" [_thread_blocked, id=2592, stack(0x0000000ceff00000,0x0000000cf0000000)]
  0x0000018b1c6963f0 JavaThread "Cache worker for journal cache (C:\Users\Al-Mahdi\.gradle\caches\journal-1)" [_thread_blocked, id=12332, stack(0x0000000cf0000000,0x0000000cf0100000)]
  0x0000018b1c696900 JavaThread "File lock request listener" [_thread_in_native, id=13840, stack(0x0000000cf0100000,0x0000000cf0200000)]
  0x0000018b1c694aa0 JavaThread "Cache worker for file hash cache (C:\Users\Al-Mahdi\.gradle\caches\7.6.3\fileHashes)" [_thread_blocked, id=7184, stack(0x0000000cf0200000,0x0000000cf0300000)]
  0x0000018b1c697830 JavaThread "File watcher server" daemon [_thread_in_native, id=9448, stack(0x0000000cf0300000,0x0000000cf0400000)]
  0x0000018b1c6954c0 JavaThread "File watcher consumer" daemon [_thread_blocked, id=10140, stack(0x0000000cf0400000,0x0000000cf0500000)]
  0x0000018b1c696e10 JavaThread "Cache worker for checksums cache (E:\khaled_rct_store\RCT-Mobile\android\.gradle\7.6.3\checksums)" [_thread_blocked, id=4164, stack(0x0000000cf0500000,0x0000000cf0600000)]
  0x0000018b1c8af6e0 JavaThread "Cache worker for cache directory md-rule (C:\Users\Al-Mahdi\.gradle\caches\7.6.3\md-rule)" [_thread_blocked, id=5556, stack(0x0000000cf0600000,0x0000000cf0700000)]
  0x0000018b1c8add90 JavaThread "Cache worker for file content cache (C:\Users\Al-Mahdi\.gradle\caches\7.6.3\fileContent)" [_thread_blocked, id=10760, stack(0x0000000cf0700000,0x0000000cf0800000)]
  0x0000018b1c8b1540 JavaThread "Cache worker for file hash cache (E:\khaled_rct_store\RCT-Mobile\android\.gradle\7.6.3\fileHashes)" [_thread_blocked, id=13876, stack(0x0000000cf0800000,0x0000000cf0900000)]
  0x0000018b1c8b2470 JavaThread "Cache worker for cache directory md-supplier (C:\Users\Al-Mahdi\.gradle\caches\7.6.3\md-supplier)" [_thread_blocked, id=3708, stack(0x0000000cf0900000,0x0000000cf0a00000)]
  0x0000018b1c8ac440 JavaThread "Cache worker for execution history cache (C:\Users\Al-Mahdi\.gradle\caches\7.6.3\executionHistory)" [_thread_blocked, id=8408, stack(0x0000000cf0b00000,0x0000000cf0c00000)]
  0x0000018b1c8b0b20 JavaThread "jar transforms" [_thread_blocked, id=2812, stack(0x0000000cf0d00000,0x0000000cf0e00000)]
  0x0000018b1c8b1a50 JavaThread "Cache worker for kotlin-dsl (C:\Users\Al-Mahdi\.gradle\caches\7.6.3\kotlin-dsl)" [_thread_blocked, id=6460, stack(0x0000000cf0c00000,0x0000000cf0d00000)]
  0x0000018b1c8b0610 JavaThread "jar transforms Thread 2" [_thread_blocked, id=12964, stack(0x0000000cf0e00000,0x0000000cf0f00000)]
  0x0000018b1c8b1f60 JavaThread "Cache worker for dependencies-accessors (E:\khaled_rct_store\RCT-Mobile\android\.gradle\7.6.3\dependencies-accessors)" [_thread_blocked, id=6988, stack(0x0000000cf0f00000,0x0000000cf1000000)]
  0x0000018b1c8b2980 JavaThread "Cache worker for Build Output Cleanup Cache (C:\src\flutter\packages\flutter_tools\gradle\.gradle\buildOutputCleanup)" [_thread_blocked, id=6364, stack(0x0000000cf1000000,0x0000000cf1100000)]
  0x0000018b1c8b2e90 JavaThread "jar transforms Thread 3" [_thread_blocked, id=916, stack(0x0000000cf1200000,0x0000000cf1300000)]
  0x0000018b1c8ad880 JavaThread "Memory manager" [_thread_blocked, id=7480, stack(0x0000000cf1100000,0x0000000cf1200000)]
  0x0000018b1c8abf30 JavaThread "jar transforms Thread 4" [_thread_blocked, id=13880, stack(0x0000000cf1300000,0x0000000cf1400000)]
  0x0000018b1c8b38b0 JavaThread "included builds" [_thread_blocked, id=11976, stack(0x0000000cf1400000,0x0000000cf1500000)]
  0x0000018b1c8ace60 JavaThread "Execution worker" [_thread_blocked, id=6340, stack(0x0000000cf1500000,0x0000000cf1600000)]
  0x0000018b1c8ad370 JavaThread "Execution worker Thread 2" [_thread_blocked, id=9476, stack(0x0000000cf1600000,0x0000000cf1700000)]
  0x0000018b1c8ae2a0 JavaThread "Execution worker Thread 3" [_thread_blocked, id=5848, stack(0x0000000cf1700000,0x0000000cf1800000)]
  0x0000018b1c8afbf0 JavaThread "Cache worker for execution history cache (C:\src\flutter\packages\flutter_tools\gradle\.gradle\7.6.3\executionHistory)" [_thread_blocked, id=12320, stack(0x0000000cf1800000,0x0000000cf1900000)]
  0x0000018b1c8ae7b0 JavaThread "Unconstrained build operations" [_thread_blocked, id=6576, stack(0x0000000cf1900000,0x0000000cf1a00000)]
  0x0000018b1c8aecc0 JavaThread "Unconstrained build operations Thread 2" [_thread_blocked, id=1064, stack(0x0000000cf1a00000,0x0000000cf1b00000)]
  0x0000018b1c8af1d0 JavaThread "Unconstrained build operations Thread 3" [_thread_blocked, id=14204, stack(0x0000000cf1b00000,0x0000000cf1c00000)]
  0x0000018b1c8b0100 JavaThread "Unconstrained build operations Thread 4" [_thread_blocked, id=9280, stack(0x0000000cf1c00000,0x0000000cf1d00000)]
  0x0000018b1ee709f0 JavaThread "Unconstrained build operations Thread 5" [_thread_blocked, id=12652, stack(0x0000000cf1d00000,0x0000000cf1e00000)]
  0x0000018b1ee6ffd0 JavaThread "Unconstrained build operations Thread 6" [_thread_blocked, id=12084, stack(0x0000000cf1e00000,0x0000000cf1f00000)]
  0x0000018b1ee6dc60 JavaThread "Unconstrained build operations Thread 7" [_thread_blocked, id=13800, stack(0x0000000cf1f00000,0x0000000cf2000000)]
  0x0000018b1ee704e0 JavaThread "Unconstrained build operations Thread 8" [_thread_blocked, id=12600, stack(0x0000000cf2000000,0x0000000cf2100000)]
  0x0000018b1ee6e170 JavaThread "Unconstrained build operations Thread 9" [_thread_blocked, id=11576, stack(0x0000000cf2100000,0x0000000cf2200000)]
  0x0000018b1ee6e680 JavaThread "Unconstrained build operations Thread 10" [_thread_blocked, id=14996, stack(0x0000000cf2200000,0x0000000cf2300000)]
  0x0000018b1ee6eb90 JavaThread "Exec process" [_thread_blocked, id=5336, stack(0x0000000cf2400000,0x0000000cf2500000)]
  0x0000018b1ee70f00 JavaThread "Exec process Thread 2" [_thread_blocked, id=4152, stack(0x0000000cf2600000,0x0000000cf2700000)]
  0x0000018b1ee6f5b0 JavaThread "Exec process Thread 3" [_thread_blocked, id=11352, stack(0x0000000cf2700000,0x0000000cf2800000)]
  0x0000018b1ee71410 JavaThread "Exec process Thread 4" [_thread_blocked, id=11928, stack(0x0000000cf2800000,0x0000000cf2900000)]
  0x0000018b1ee6cd30 JavaThread "Unconstrained build operations Thread 11" [_thread_blocked, id=8036, stack(0x0000000cedf00000,0x0000000cee000000)]
  0x0000018b1ee741a0 JavaThread "Unconstrained build operations Thread 12" [_thread_blocked, id=11712, stack(0x0000000cf2300000,0x0000000cf2400000)]
  0x0000018b1ee72850 JavaThread "Unconstrained build operations Thread 13" [_thread_blocked, id=14344, stack(0x0000000cf2500000,0x0000000cf2600000)]
  0x0000018b1ee72d60 JavaThread "Unconstrained build operations Thread 14" [_thread_blocked, id=1532, stack(0x0000000cf2b00000,0x0000000cf2c00000)]
  0x0000018b1ee6fac0 JavaThread "Unconstrained build operations Thread 15" [_thread_blocked, id=7888, stack(0x0000000cf2c00000,0x0000000cf2d00000)]
  0x0000018b1ee71920 JavaThread "Unconstrained build operations Thread 16" [_thread_blocked, id=7444, stack(0x0000000cf2d00000,0x0000000cf2e00000)]
  0x0000018b1ee6d240 JavaThread "Unconstrained build operations Thread 17" [_thread_blocked, id=10928, stack(0x0000000cf2e00000,0x0000000cf2f00000)]
  0x0000018b1ee71e30 JavaThread "Unconstrained build operations Thread 18" [_thread_blocked, id=1540, stack(0x0000000cf2f00000,0x0000000cf3000000)]
  0x0000018b1ee72340 JavaThread "Unconstrained build operations Thread 19" [_thread_blocked, id=8116, stack(0x0000000cf3000000,0x0000000cf3100000)]
  0x0000018b1ee6d750 JavaThread "Unconstrained build operations Thread 20" [_thread_blocked, id=11588, stack(0x0000000cf3100000,0x0000000cf3200000)]
  0x0000018b1ee73270 JavaThread "Unconstrained build operations Thread 21" [_thread_blocked, id=8328, stack(0x0000000cf3200000,0x0000000cf3300000)]
  0x0000018b1ee73780 JavaThread "Unconstrained build operations Thread 22" [_thread_blocked, id=1544, stack(0x0000000cf3300000,0x0000000cf3400000)]
  0x0000018b1ee746b0 JavaThread "Unconstrained build operations Thread 23" [_thread_blocked, id=5628, stack(0x0000000cf3400000,0x0000000cf3500000)]
  0x0000018b1cc32fa0 JavaThread "Unconstrained build operations Thread 24" [_thread_blocked, id=11520, stack(0x0000000cf3500000,0x0000000cf3600000)]
  0x0000018b1cc37b90 JavaThread "Unconstrained build operations Thread 25" [_thread_blocked, id=9468, stack(0x0000000cf3600000,0x0000000cf3700000)]
  0x0000018b1cc36c60 JavaThread "Unconstrained build operations Thread 26" [_thread_blocked, id=9452, stack(0x0000000cf3700000,0x0000000cf3800000)]
  0x0000018b1cc385b0 JavaThread "Unconstrained build operations Thread 27" [_thread_blocked, id=4980, stack(0x0000000cf3800000,0x0000000cf3900000)]
  0x0000018b1cc380a0 JavaThread "Unconstrained build operations Thread 28" [_thread_blocked, id=13324, stack(0x0000000cf3900000,0x0000000cf3a00000)]
  0x0000018b1cc35d30 JavaThread "Unconstrained build operations Thread 29" [_thread_blocked, id=13804, stack(0x0000000cf3a00000,0x0000000cf3b00000)]
  0x0000018b1cc32a90 JavaThread "Unconstrained build operations Thread 30" [_thread_blocked, id=14108, stack(0x0000000cf3b00000,0x0000000cf3c00000)]
  0x0000018b1cc38ac0 JavaThread "Unconstrained build operations Thread 31" [_thread_blocked, id=6088, stack(0x0000000cf3c00000,0x0000000cf3d00000)]
  0x0000018b1cc38fd0 JavaThread "Unconstrained build operations Thread 32" [_thread_blocked, id=14360, stack(0x0000000cf3d00000,0x0000000cf3e00000)]
  0x0000018b1cc35310 JavaThread "Unconstrained build operations Thread 33" [_thread_blocked, id=1596, stack(0x0000000cf3e00000,0x0000000cf3f00000)]
  0x0000018b1cc32070 JavaThread "Unconstrained build operations Thread 34" [_thread_blocked, id=1016, stack(0x0000000cf3f00000,0x0000000cf4000000)]
  0x0000018b1cc394e0 JavaThread "Unconstrained build operations Thread 35" [_thread_blocked, id=13448, stack(0x0000000cf4000000,0x0000000cf4100000)]
  0x0000018b1cc399f0 JavaThread "Unconstrained build operations Thread 36" [_thread_blocked, id=15296, stack(0x0000000cf4100000,0x0000000cf4200000)]
  0x0000018b1cc36750 JavaThread "Unconstrained build operations Thread 37" [_thread_blocked, id=10528, stack(0x0000000cf4200000,0x0000000cf4300000)]
  0x0000018b1cc34e00 JavaThread "Unconstrained build operations Thread 38" [_thread_blocked, id=4912, stack(0x0000000cf4300000,0x0000000cf4400000)]
  0x0000018b1cc35820 JavaThread "Unconstrained build operations Thread 39" [_thread_blocked, id=15160, stack(0x0000000cf4400000,0x0000000cf4500000)]
  0x0000018b1cc32580 JavaThread "Unconstrained build operations Thread 40" [_thread_blocked, id=9412, stack(0x0000000cf4500000,0x0000000cf4600000)]
  0x0000018b1cc334b0 JavaThread "Cache worker for Build Output Cleanup Cache (E:\khaled_rct_store\RCT-Mobile\android\.gradle\buildOutputCleanup)" [_thread_blocked, id=13204, stack(0x0000000cf4700000,0x0000000cf4800000)]
  0x0000018b1cc37170 JavaThread "build event listener" [_thread_blocked, id=10152, stack(0x0000000cf4800000,0x0000000cf4900000)]
  0x0000018b1cc348f0 JavaThread "File lock release action executor" [_thread_blocked, id=10568, stack(0x0000000cf4900000,0x0000000cf4a00000)]

Other Threads:
  0x0000018ad53f7760 VMThread "VM Thread" [stack: 0x0000000cee600000,0x0000000cee700000] [id=4524]
  0x0000018ad56729f0 WatcherThread [stack: 0x0000000cef200000,0x0000000cef300000] [id=15092]
  0x0000018ab2f063c0 GCTaskThread "GC Thread#0" [stack: 0x0000000cee100000,0x0000000cee200000] [id=8452]
  0x0000018ad596ece0 GCTaskThread "GC Thread#1" [stack: 0x0000000cef300000,0x0000000cef400000] [id=11756]
  0x0000018ad58f4820 GCTaskThread "GC Thread#2" [stack: 0x0000000cef400000,0x0000000cef500000] [id=10724]
=>0x0000018ad58e1e10 GCTaskThread "GC Thread#3" [stack: 0x0000000cef500000,0x0000000cef600000] [id=6152]
  0x0000018ab2f17220 ConcurrentGCThread "G1 Main Marker" [stack: 0x0000000cee200000,0x0000000cee300000] [id=14420]
  0x0000018ab2f17b40 ConcurrentGCThread "G1 Conc#0" [stack: 0x0000000cee300000,0x0000000cee400000] [id=10700]
  0x0000018ab2f4e590 ConcurrentGCThread "G1 Refine#0" [stack: 0x0000000cee400000,0x0000000cee500000] [id=9844]
  0x0000018b1d79c300 ConcurrentGCThread "G1 Refine#1" [stack: 0x0000000cf0a00000,0x0000000cf0b00000] [id=12460]
  0x0000018ad52b20b0 ConcurrentGCThread "G1 Service" [stack: 0x0000000cee500000,0x0000000cee600000] [id=12036]

Threads with active compile tasks:
C2 CompilerThread0    88922 13070       4       org.gradle.internal.snapshot.impl.AbstractValueProcessor::processValue (775 bytes)

VM state: at safepoint (normal execution)

VM Mutex/Monitor currently owned by a thread:  ([mutex/lock_event])
[0x0000018ab2e92790] Threads_lock - owner thread: 0x0000018ad53f7760
[0x0000018ab2e92670] Heap_lock - owner thread: 0x0000018b1c694080

Heap address: 0x0000000700000000, size: 4096 MB, Compressed Oops mode: Zero based, Oop shift amount: 3

CDS archive(s) mapped at: [0x0000018ad6000000-0x0000018ad6bd0000-0x0000018ad6bd0000), size 12386304, SharedBaseAddress: 0x0000018ad6000000, ArchiveRelocationMode: 1.
Compressed class space mapped at: 0x0000018ad7000000-0x0000018b17000000, reserved size: 1073741824
Narrow klass base: 0x0000018ad6000000, Narrow klass shift: 0, Narrow klass range: 0x100000000

GC Precious Log:
 CPUs: 4 total, 4 available
 Memory: 8050M
 Large Page Support: Disabled
 NUMA Support: Disabled
 Compressed Oops: Enabled (Zero based)
 Heap Region Size: 2M
 Heap Min Capacity: 8M
 Heap Initial Capacity: 126M
 Heap Max Capacity: 4G
 Pre-touch: Disabled
 Parallel Workers: 4
 Concurrent Workers: 1
 Concurrent Refinement Workers: 4
 Periodic GC: Disabled

Heap:
 garbage-first heap   total 229376K, used 155648K [0x0000000700000000, 0x0000000800000000)
  region size 2048K, 13 young (26624K), 2 survivors (4096K)
 Metaspace       used 92064K, committed 93248K, reserved 1179648K
  class space    used 12825K, committed 13376K, reserved 1048576K

Heap Regions: E=young(eden), S=young(survivor), O=old, HS=humongous(starts), HC=humongous(continues), CS=collection set, F=free, OA=open archive, CA=closed archive, TAMS=top-at-mark-start (previous, next)
|   0|0x0000000700000000, 0x0000000700200000, 0x0000000700200000|100%| O|  |TAMS 0x0000000700200000, 0x0000000700000000| Untracked 
|   1|0x0000000700200000, 0x0000000700400000, 0x0000000700400000|100%|HS|  |TAMS 0x0000000700400000, 0x0000000700200000| Complete 
|   2|0x0000000700400000, 0x0000000700600000, 0x0000000700600000|100%|HC|  |TAMS 0x0000000700600000, 0x0000000700400000| Complete 
|   3|0x0000000700600000, 0x0000000700800000, 0x0000000700800000|100%| O|  |TAMS 0x0000000700800000, 0x0000000700600000| Untracked 
|   4|0x0000000700800000, 0x0000000700a00000, 0x0000000700a00000|100%| O|  |TAMS 0x0000000700a00000, 0x0000000700800000| Untracked 
|   5|0x0000000700a00000, 0x0000000700c00000, 0x0000000700c00000|100%| O|  |TAMS 0x0000000700c00000, 0x0000000700a00000| Untracked 
|   6|0x0000000700c00000, 0x0000000700e00000, 0x0000000700e00000|100%| O|  |TAMS 0x0000000700e00000, 0x0000000700c00000| Untracked 
|   7|0x0000000700e00000, 0x0000000701000000, 0x0000000701000000|100%| O|  |TAMS 0x0000000701000000, 0x0000000700e00000| Untracked 
|   8|0x0000000701000000, 0x0000000701200000, 0x0000000701200000|100%| O|  |TAMS 0x0000000701200000, 0x0000000701000000| Untracked 
|   9|0x0000000701200000, 0x0000000701400000, 0x0000000701400000|100%| O|  |TAMS 0x0000000701400000, 0x0000000701200000| Untracked 
|  10|0x0000000701400000, 0x0000000701600000, 0x0000000701600000|100%| O|  |TAMS 0x0000000701600000, 0x0000000701400000| Untracked 
|  11|0x0000000701600000, 0x0000000701800000, 0x0000000701800000|100%| O|  |TAMS 0x0000000701800000, 0x0000000701600000| Untracked 
|  12|0x0000000701800000, 0x0000000701a00000, 0x0000000701a00000|100%| O|  |TAMS 0x0000000701a00000, 0x0000000701800000| Untracked 
|  13|0x0000000701a00000, 0x0000000701c00000, 0x0000000701c00000|100%|HS|  |TAMS 0x0000000701c00000, 0x0000000701a00000| Complete 
|  14|0x0000000701c00000, 0x0000000701e00000, 0x0000000701e00000|100%| O|  |TAMS 0x0000000701e00000, 0x0000000701c00000| Untracked 
|  15|0x0000000701e00000, 0x0000000702000000, 0x0000000702000000|100%| O|  |TAMS 0x0000000702000000, 0x0000000701e00000| Untracked 
|  16|0x0000000702000000, 0x0000000702200000, 0x0000000702200000|100%| O|  |TAMS 0x0000000702200000, 0x0000000702000000| Untracked 
|  17|0x0000000702200000, 0x0000000702400000, 0x0000000702400000|100%| O|  |TAMS 0x0000000702400000, 0x0000000702200000| Untracked 
|  18|0x0000000702400000, 0x0000000702600000, 0x0000000702600000|100%| O|  |TAMS 0x0000000702600000, 0x0000000702400000| Untracked 
|  19|0x0000000702600000, 0x0000000702800000, 0x0000000702800000|100%| O|  |TAMS 0x0000000702800000, 0x0000000702600000| Untracked 
|  20|0x0000000702800000, 0x0000000702a00000, 0x0000000702a00000|100%| O|  |TAMS 0x0000000702a00000, 0x0000000702800000| Untracked 
|  21|0x0000000702a00000, 0x0000000702c00000, 0x0000000702c00000|100%| O|  |TAMS 0x0000000702c00000, 0x0000000702a00000| Untracked 
|  22|0x0000000702c00000, 0x0000000702e00000, 0x0000000702e00000|100%| O|  |TAMS 0x0000000702e00000, 0x0000000702c00000| Untracked 
|  23|0x0000000702e00000, 0x0000000703000000, 0x0000000703000000|100%| O|  |TAMS 0x0000000703000000, 0x0000000702e00000| Untracked 
|  24|0x0000000703000000, 0x0000000703200000, 0x0000000703200000|100%| O|  |TAMS 0x0000000703200000, 0x0000000703000000| Untracked 
|  25|0x0000000703200000, 0x0000000703400000, 0x0000000703400000|100%|HS|  |TAMS 0x0000000703400000, 0x0000000703200000| Complete 
|  26|0x0000000703400000, 0x0000000703600000, 0x0000000703600000|100%|HC|  |TAMS 0x0000000703600000, 0x0000000703400000| Complete 
|  27|0x0000000703600000, 0x0000000703800000, 0x0000000703800000|100%| O|  |TAMS 0x0000000703800000, 0x0000000703600000| Untracked 
|  28|0x0000000703800000, 0x0000000703a00000, 0x0000000703a00000|100%| O|  |TAMS 0x0000000703a00000, 0x0000000703800000| Untracked 
|  29|0x0000000703a00000, 0x0000000703c00000, 0x0000000703c00000|100%|HS|  |TAMS 0x0000000703c00000, 0x0000000703a00000| Complete 
|  30|0x0000000703c00000, 0x0000000703e00000, 0x0000000703e00000|100%| O|  |TAMS 0x0000000703e00000, 0x0000000703c00000| Untracked 
|  31|0x0000000703e00000, 0x0000000704000000, 0x0000000704000000|100%| O|  |TAMS 0x0000000704000000, 0x0000000703e00000| Untracked 
|  32|0x0000000704000000, 0x0000000704200000, 0x0000000704200000|100%| O|  |TAMS 0x0000000704200000, 0x0000000704000000| Untracked 
|  33|0x0000000704200000, 0x0000000704400000, 0x0000000704400000|100%| O|  |TAMS 0x0000000704400000, 0x0000000704200000| Untracked 
|  34|0x0000000704400000, 0x0000000704600000, 0x0000000704600000|100%| O|  |TAMS 0x0000000704600000, 0x0000000704400000| Untracked 
|  35|0x0000000704600000, 0x0000000704800000, 0x0000000704800000|100%| O|  |TAMS 0x0000000704800000, 0x0000000704600000| Untracked 
|  36|0x0000000704800000, 0x0000000704a00000, 0x0000000704a00000|100%| O|  |TAMS 0x0000000704a00000, 0x0000000704800000| Untracked 
|  37|0x0000000704a00000, 0x0000000704c00000, 0x0000000704c00000|100%| O|  |TAMS 0x0000000704c00000, 0x0000000704a00000| Untracked 
|  38|0x0000000704c00000, 0x0000000704e00000, 0x0000000704e00000|100%| O|  |TAMS 0x0000000704e00000, 0x0000000704c00000| Untracked 
|  39|0x0000000704e00000, 0x0000000705000000, 0x0000000705000000|100%|HS|  |TAMS 0x0000000705000000, 0x0000000704e00000| Complete 
|  40|0x0000000705000000, 0x0000000705200000, 0x0000000705200000|100%|HC|  |TAMS 0x0000000705200000, 0x0000000705000000| Complete 
|  41|0x0000000705200000, 0x0000000705400000, 0x0000000705400000|100%| O|  |TAMS 0x0000000705400000, 0x0000000705200000| Untracked 
|  42|0x0000000705400000, 0x0000000705600000, 0x0000000705600000|100%| O|  |TAMS 0x0000000705600000, 0x0000000705400000| Untracked 
|  43|0x0000000705600000, 0x0000000705800000, 0x0000000705800000|100%| O|  |TAMS 0x0000000705800000, 0x0000000705600000| Untracked 
|  44|0x0000000705800000, 0x0000000705a00000, 0x0000000705a00000|100%| O|  |TAMS 0x0000000705a00000, 0x0000000705800000| Untracked 
|  45|0x0000000705a00000, 0x0000000705c00000, 0x0000000705c00000|100%| O|  |TAMS 0x0000000705c00000, 0x0000000705a00000| Untracked 
|  46|0x0000000705c00000, 0x0000000705e00000, 0x0000000705e00000|100%| O|  |TAMS 0x0000000705e00000, 0x0000000705c00000| Untracked 
|  47|0x0000000705e00000, 0x0000000706000000, 0x0000000706000000|100%| O|  |TAMS 0x0000000706000000, 0x0000000705e00000| Untracked 
|  48|0x0000000706000000, 0x0000000706200000, 0x0000000706200000|100%| O|  |TAMS 0x0000000706200000, 0x0000000706000000| Untracked 
|  49|0x0000000706200000, 0x0000000706400000, 0x0000000706400000|100%| O|  |TAMS 0x0000000706400000, 0x0000000706200000| Untracked 
|  50|0x0000000706400000, 0x0000000706600000, 0x0000000706600000|100%| O|  |TAMS 0x0000000706600000, 0x0000000706400000| Untracked 
|  51|0x0000000706600000, 0x0000000706800000, 0x0000000706800000|100%| O|  |TAMS 0x0000000706800000, 0x0000000706600000| Untracked 
|  52|0x0000000706800000, 0x0000000706a00000, 0x0000000706a00000|100%| O|  |TAMS 0x0000000706a00000, 0x0000000706800000| Untracked 
|  53|0x0000000706a00000, 0x0000000706c00000, 0x0000000706c00000|100%| O|  |TAMS 0x0000000706c00000, 0x0000000706a00000| Untracked 
|  54|0x0000000706c00000, 0x0000000706e00000, 0x0000000706e00000|100%| O|  |TAMS 0x0000000706e00000, 0x0000000706c00000| Untracked 
|  55|0x0000000706e00000, 0x0000000707000000, 0x0000000707000000|100%| O|  |TAMS 0x0000000706f44c00, 0x0000000706e00000| Untracked 
|  56|0x0000000707000000, 0x0000000707200000, 0x0000000707200000|100%|HS|  |TAMS 0x0000000707200000, 0x0000000707000000| Complete 
|  57|0x0000000707200000, 0x0000000707400000, 0x0000000707400000|100%|HS|  |TAMS 0x0000000707400000, 0x0000000707200000| Complete 
|  58|0x0000000707400000, 0x0000000707600000, 0x0000000707600000|100%|HC|  |TAMS 0x0000000707600000, 0x0000000707400000| Complete 
|  59|0x0000000707600000, 0x0000000707800000, 0x0000000707800000|100%| O|  |TAMS 0x0000000707600000, 0x0000000707600000| Untracked 
|  60|0x0000000707800000, 0x0000000707a00000, 0x0000000707a00000|100%| O|  |TAMS 0x0000000707800000, 0x0000000707800000| Untracked 
|  61|0x0000000707a00000, 0x0000000707c00000, 0x0000000707c00000|100%| O|  |TAMS 0x0000000707a00000, 0x0000000707a00000| Untracked 
|  62|0x0000000707c00000, 0x0000000707e00000, 0x0000000707e00000|100%| O|  |TAMS 0x0000000707c00000, 0x0000000707c00000| Untracked 
|  63|0x0000000707e00000, 0x0000000708000000, 0x0000000708000000|100%| O|  |TAMS 0x0000000707e00000, 0x0000000707e00000| Untracked 
|  64|0x0000000708000000, 0x0000000708200000, 0x0000000708200000|100%| O|  |TAMS 0x0000000708000000, 0x0000000708000000| Untracked 
|  65|0x0000000708200000, 0x00000007082a1460, 0x0000000708400000| 31%| O|  |TAMS 0x0000000708200000, 0x0000000708200000| Untracked 
|  66|0x0000000708400000, 0x0000000708400000, 0x0000000708600000|  0%| F|  |TAMS 0x0000000708400000, 0x0000000708400000| Untracked 
|  67|0x0000000708600000, 0x0000000708600000, 0x0000000708800000|  0%| F|  |TAMS 0x0000000708600000, 0x0000000708600000| Untracked 
|  68|0x0000000708800000, 0x0000000708800000, 0x0000000708a00000|  0%| F|  |TAMS 0x0000000708800000, 0x0000000708800000| Untracked 
|  69|0x0000000708a00000, 0x0000000708a00000, 0x0000000708c00000|  0%| F|  |TAMS 0x0000000708a00000, 0x0000000708a00000| Untracked 
|  70|0x0000000708c00000, 0x0000000708c00000, 0x0000000708e00000|  0%| F|  |TAMS 0x0000000708c00000, 0x0000000708c00000| Untracked 
|  71|0x0000000708e00000, 0x0000000708e00000, 0x0000000709000000|  0%| F|  |TAMS 0x0000000708e00000, 0x0000000708e00000| Untracked 
|  72|0x0000000709000000, 0x0000000709000000, 0x0000000709200000|  0%| F|  |TAMS 0x0000000709000000, 0x0000000709000000| Untracked 
|  73|0x0000000709200000, 0x0000000709200000, 0x0000000709400000|  0%| F|  |TAMS 0x0000000709200000, 0x0000000709200000| Untracked 
|  74|0x0000000709400000, 0x0000000709600000, 0x0000000709600000|100%| E|CS|TAMS 0x0000000709400000, 0x0000000709400000| Complete 
|  75|0x0000000709600000, 0x0000000709800000, 0x0000000709800000|100%| E|CS|TAMS 0x0000000709600000, 0x0000000709600000| Complete 
|  76|0x0000000709800000, 0x0000000709a00000, 0x0000000709a00000|100%| E|CS|TAMS 0x0000000709800000, 0x0000000709800000| Complete 
|  77|0x0000000709a00000, 0x0000000709a00000, 0x0000000709c00000|  0%| F|  |TAMS 0x0000000709a00000, 0x0000000709a00000| Untracked 
|  78|0x0000000709c00000, 0x0000000709c00000, 0x0000000709e00000|  0%| F|  |TAMS 0x0000000709c00000, 0x0000000709c00000| Untracked 
|  79|0x0000000709e00000, 0x0000000709e00000, 0x000000070a000000|  0%| F|  |TAMS 0x0000000709e00000, 0x0000000709e00000| Untracked 
|  80|0x000000070a000000, 0x000000070a000000, 0x000000070a200000|  0%| F|  |TAMS 0x000000070a000000, 0x000000070a000000| Untracked 
|  81|0x000000070a200000, 0x000000070a200000, 0x000000070a400000|  0%| F|  |TAMS 0x000000070a200000, 0x000000070a200000| Untracked 
|  82|0x000000070a400000, 0x000000070a400000, 0x000000070a600000|  0%| F|  |TAMS 0x000000070a400000, 0x000000070a400000| Untracked 
|  83|0x000000070a600000, 0x000000070a600000, 0x000000070a800000|  0%| F|  |TAMS 0x000000070a600000, 0x000000070a600000| Untracked 
|  84|0x000000070a800000, 0x000000070a800000, 0x000000070aa00000|  0%| F|  |TAMS 0x000000070a800000, 0x000000070a800000| Untracked 
|  85|0x000000070aa00000, 0x000000070aa00000, 0x000000070ac00000|  0%| F|  |TAMS 0x000000070aa00000, 0x000000070aa00000| Untracked 
|  86|0x000000070ac00000, 0x000000070ac00000, 0x000000070ae00000|  0%| F|  |TAMS 0x000000070ac00000, 0x000000070ac00000| Untracked 
|  87|0x000000070ae00000, 0x000000070ae00000, 0x000000070b000000|  0%| F|  |TAMS 0x000000070ae00000, 0x000000070ae00000| Untracked 
|  88|0x000000070b000000, 0x000000070b000000, 0x000000070b200000|  0%| F|  |TAMS 0x000000070b000000, 0x000000070b000000| Untracked 
|  89|0x000000070b200000, 0x000000070b200000, 0x000000070b400000|  0%| F|  |TAMS 0x000000070b200000, 0x000000070b200000| Untracked 
|  90|0x000000070b400000, 0x000000070b400000, 0x000000070b600000|  0%| F|  |TAMS 0x000000070b400000, 0x000000070b400000| Untracked 
|  91|0x000000070b600000, 0x000000070b600000, 0x000000070b800000|  0%| F|  |TAMS 0x000000070b600000, 0x000000070b600000| Untracked 
|  92|0x000000070b800000, 0x000000070ba00000, 0x000000070ba00000|100%| E|CS|TAMS 0x000000070b800000, 0x000000070b800000| Complete 
|  93|0x000000070ba00000, 0x000000070bc00000, 0x000000070bc00000|100%| E|CS|TAMS 0x000000070ba00000, 0x000000070ba00000| Complete 
|  94|0x000000070bc00000, 0x000000070bc00000, 0x000000070be00000|  0%| F|  |TAMS 0x000000070bc00000, 0x000000070bc00000| Untracked 
|  95|0x000000070be00000, 0x000000070be00000, 0x000000070c000000|  0%| F|  |TAMS 0x000000070be00000, 0x000000070be00000| Untracked 
|  96|0x000000070c000000, 0x000000070c000000, 0x000000070c200000|  0%| F|  |TAMS 0x000000070c000000, 0x000000070c000000| Untracked 
|  97|0x000000070c200000, 0x000000070c200000, 0x000000070c400000|  0%| F|  |TAMS 0x000000070c200000, 0x000000070c200000| Untracked 
|  98|0x000000070c400000, 0x000000070c400000, 0x000000070c600000|  0%| F|  |TAMS 0x000000070c400000, 0x000000070c400000| Untracked 
|  99|0x000000070c600000, 0x000000070c600000, 0x000000070c800000|  0%| F|  |TAMS 0x000000070c600000, 0x000000070c600000| Untracked 
| 100|0x000000070c800000, 0x000000070c800000, 0x000000070ca00000|  0%| F|  |TAMS 0x000000070c800000, 0x000000070c800000| Untracked 
| 101|0x000000070ca00000, 0x000000070cc00000, 0x000000070cc00000|100%| S|  |TAMS 0x000000070ca00000, 0x000000070ca00000| Complete 
| 102|0x000000070cc00000, 0x000000070ce00000, 0x000000070ce00000|100%| S|  |TAMS 0x000000070cc00000, 0x000000070cc00000| Complete 
| 103|0x000000070ce00000, 0x000000070d000000, 0x000000070d000000|100%| E|CS|TAMS 0x000000070ce00000, 0x000000070ce00000| Complete 
| 104|0x000000070d000000, 0x000000070d200000, 0x000000070d200000|100%| E|CS|TAMS 0x000000070d000000, 0x000000070d000000| Complete 
| 105|0x000000070d200000, 0x000000070d400000, 0x000000070d400000|100%| E|CS|TAMS 0x000000070d200000, 0x000000070d200000| Complete 
| 106|0x000000070d400000, 0x000000070d600000, 0x000000070d600000|100%| E|CS|TAMS 0x000000070d400000, 0x000000070d400000| Complete 
| 107|0x000000070d600000, 0x000000070d800000, 0x000000070d800000|100%| E|CS|TAMS 0x000000070d600000, 0x000000070d600000| Complete 
| 108|0x000000070d800000, 0x000000070da00000, 0x000000070da00000|100%| E|CS|TAMS 0x000000070d800000, 0x000000070d800000| Complete 
| 109|0x000000070da00000, 0x000000070dc00000, 0x000000070dc00000|100%| E|CS|TAMS 0x000000070da00000, 0x000000070da00000| Complete 
| 110|0x000000070dc00000, 0x000000070de00000, 0x000000070de00000|100%| E|CS|TAMS 0x000000070dc00000, 0x000000070dc00000| Complete 
| 111|0x000000070de00000, 0x000000070e000000, 0x000000070e000000|100%| E|CS|TAMS 0x000000070de00000, 0x000000070de00000| Complete 

Card table byte_map: [0x0000018ac9f40000,0x0000018aca740000] _byte_map_base: 0x0000018ac6740000

Marking Bits (Prev, Next): (CMBitMap*) 0x0000018ab2f068f0, (CMBitMap*) 0x0000018ab2f06930
 Prev Bits: [0x0000018acaf40000, 0x0000018acef40000)
 Next Bits: [0x0000018acef40000, 0x0000018ad2f40000)

Polling page: 0x0000018ab0e30000

Metaspace:

Usage:
  Non-class:     77.38 MB used.
      Class:     12.53 MB used.
       Both:     89.91 MB used.

Virtual space:
  Non-class space:      128.00 MB reserved,      78.00 MB ( 61%) committed,  2 nodes.
      Class space:        1.00 GB reserved,      13.06 MB (  1%) committed,  1 nodes.
             Both:        1.12 GB reserved,      91.06 MB (  8%) committed. 

Chunk freelists:
   Non-Class:  1.72 MB
       Class:  2.98 MB
        Both:  4.71 MB

MaxMetaspaceSize: 2.00 GB
CompressedClassSpaceSize: 1.00 GB
Initial GC threshold: 21.00 MB
Current GC threshold: 151.38 MB
CDS: on
MetaspaceReclaimPolicy: balanced
 - commit_granule_bytes: 65536.
 - commit_granule_words: 8192.
 - virtual_space_node_default_size: 8388608.
 - enlarge_chunks_in_place: 1.
 - new_chunks_are_fully_committed: 0.
 - uncommit_free_chunks: 1.
 - use_allocation_guard: 0.
 - handle_deallocations: 1.


Internal statistics:

num_allocs_failed_limit: 9.
num_arena_births: 1370.
num_arena_deaths: 0.
num_vsnodes_births: 3.
num_vsnodes_deaths: 0.
num_space_committed: 1457.
num_space_uncommitted: 0.
num_chunks_returned_to_freelist: 9.
num_chunks_taken_from_freelist: 5249.
num_chunk_merges: 9.
num_chunk_splits: 3356.
num_chunks_enlarged: 2106.
num_inconsistent_stats: 0.

CodeHeap 'non-profiled nmethods': size=120000Kb used=7819Kb max_used=7819Kb free=112180Kb
 bounds [0x0000018ac2210000, 0x0000018ac29c0000, 0x0000018ac9740000]
CodeHeap 'profiled nmethods': size=120000Kb used=23783Kb max_used=23783Kb free=96216Kb
 bounds [0x0000018aba740000, 0x0000018abbe80000, 0x0000018ac1c70000]
CodeHeap 'non-nmethods': size=5760Kb used=2445Kb max_used=2540Kb free=3314Kb
 bounds [0x0000018ac1c70000, 0x0000018ac1f00000, 0x0000018ac2210000]
 total_blobs=12592 nmethods=11604 adapters=900
 compilation: enabled
              stopped_count=0, restarted_count=0
 full_count=0

Compilation events (20 events):
Event: 88.714 Thread 0x0000018ad546c1e0 13114       3       org.jetbrains.kotlin.gradle.utils.ConfigurationsKt$maybeCreateResolvable$1::invoke (12 bytes)
Event: 88.714 Thread 0x0000018ad546c1e0 nmethod 13114 0x0000018abbe72e10 code [0x0000018abbe73040, 0x0000018abbe73758]
Event: 88.714 Thread 0x0000018ad546c1e0 13115       3       org.jetbrains.kotlin.gradle.plugin.KotlinTargetConfiguratorKt::categoryByName (36 bytes)
Event: 88.715 Thread 0x0000018ad546c1e0 nmethod 13115 0x0000018abbe73a10 code [0x0000018abbe73d00, 0x0000018abbe74d68]
Event: 88.719 Thread 0x0000018ad546c1e0 13116       1       com.android.build.api.component.impl.ComponentImpl::getVariantSources (5 bytes)
Event: 88.719 Thread 0x0000018ad546c1e0 nmethod 13116 0x0000018ac29b2490 code [0x0000018ac29b2620, 0x0000018ac29b26f8]
Event: 88.719 Thread 0x0000018ad546c1e0 13117       1       org.jetbrains.kotlin.gradle.plugin.mpp.compilationImpl.DefaultKotlinCompilationSourceSetsContainer::getDefaultSourceSet (5 bytes)
Event: 88.720 Thread 0x0000018ad546c1e0 nmethod 13117 0x0000018ac29b2790 code [0x0000018ac29b2920, 0x0000018ac29b29f8]
Event: 88.720 Thread 0x0000018ad546c1e0 13118       3       org.jetbrains.kotlin.gradle.plugin.sources.KotlinDependencyScopeKt::sourceSetDependencyConfigurationByScope (116 bytes)
Event: 88.721 Thread 0x0000018ad546c1e0 nmethod 13118 0x0000018abbe75290 code [0x0000018abbe75660, 0x0000018abbe77058]
Event: 88.722 Thread 0x0000018ad546c1e0 13119       1       org.gradle.api.plugins.internal.DefaultBasePluginExtension::getArchivesName (5 bytes)
Event: 88.722 Thread 0x0000018ad546c1e0 nmethod 13119 0x0000018ac29b2a90 code [0x0000018ac29b2c20, 0x0000018ac29b2cf8]
Event: 88.722 Thread 0x0000018ad546c1e0 13120       3       kotlin.text.CharsKt__CharJVMKt::digitOf (6 bytes)
Event: 88.722 Thread 0x0000018ad546c1e0 nmethod 13120 0x0000018abbe77890 code [0x0000018abbe77a40, 0x0000018abbe77c98]
Event: 88.722 Thread 0x0000018ad546c1e0 13121       3       kotlin.text.StringsKt__StringNumberConversionsKt::toIntOrNull (13 bytes)
Event: 88.723 Thread 0x0000018ad546c1e0 nmethod 13121 0x0000018abbe77d90 code [0x0000018abbe77fa0, 0x0000018abbe78548]
Event: 88.723 Thread 0x0000018ad546c1e0 13122       3       kotlin.text.CharsKt__CharJVMKt::checkRadix (66 bytes)
Event: 88.724 Thread 0x0000018ad546c1e0 nmethod 13122 0x0000018abbe78790 code [0x0000018abbe78a40, 0x0000018abbe79648]
Event: 88.724 Thread 0x0000018ad546c1e0 13123       3       kotlin.jvm.internal.Intrinsics::compare (20 bytes)
Event: 88.724 Thread 0x0000018ad546c1e0 nmethod 13123 0x0000018abbe79a90 code [0x0000018abbe79c40, 0x0000018abbe79e18]

GC Heap History (20 events):
Event: 71.608 GC heap after
{Heap after GC invocations=36 (full 0):
 garbage-first heap   total 178176K, used 79997K [0x0000000700000000, 0x0000000800000000)
  region size 2048K, 4 young (8192K), 4 survivors (8192K)
 Metaspace       used 74335K, committed 75008K, reserved 1114112K
  class space    used 10125K, committed 10432K, reserved 1048576K
}
Event: 73.253 GC heap before
{Heap before GC invocations=36 (full 0):
 garbage-first heap   total 178176K, used 133245K [0x0000000700000000, 0x0000000800000000)
  region size 2048K, 30 young (61440K), 4 survivors (8192K)
 Metaspace       used 78193K, committed 78912K, reserved 1179648K
  class space    used 10700K, committed 11072K, reserved 1048576K
}
Event: 73.263 GC heap after
{Heap after GC invocations=37 (full 0):
 garbage-first heap   total 178176K, used 82654K [0x0000000700000000, 0x0000000800000000)
  region size 2048K, 4 young (8192K), 4 survivors (8192K)
 Metaspace       used 78193K, committed 78912K, reserved 1179648K
  class space    used 10700K, committed 11072K, reserved 1048576K
}
Event: 74.857 GC heap before
{Heap before GC invocations=37 (full 0):
 garbage-first heap   total 178176K, used 135902K [0x0000000700000000, 0x0000000800000000)
  region size 2048K, 30 young (61440K), 4 survivors (8192K)
 Metaspace       used 80213K, committed 81024K, reserved 1179648K
  class space    used 11013K, committed 11392K, reserved 1048576K
}
Event: 74.869 GC heap after
{Heap after GC invocations=38 (full 0):
 garbage-first heap   total 178176K, used 86242K [0x0000000700000000, 0x0000000800000000)
  region size 2048K, 4 young (8192K), 4 survivors (8192K)
 Metaspace       used 80213K, committed 81024K, reserved 1179648K
  class space    used 11013K, committed 11392K, reserved 1048576K
}
Event: 76.315 GC heap before
{Heap before GC invocations=38 (full 0):
 garbage-first heap   total 178176K, used 143586K [0x0000000700000000, 0x0000000800000000)
  region size 2048K, 30 young (61440K), 4 survivors (8192K)
 Metaspace       used 81187K, committed 81984K, reserved 1179648K
  class space    used 11100K, committed 11456K, reserved 1048576K
}
Event: 76.327 GC heap after
{Heap after GC invocations=39 (full 0):
 garbage-first heap   total 178176K, used 95976K [0x0000000700000000, 0x0000000800000000)
  region size 2048K, 4 young (8192K), 4 survivors (8192K)
 Metaspace       used 81187K, committed 81984K, reserved 1179648K
  class space    used 11100K, committed 11456K, reserved 1048576K
}
Event: 78.350 GC heap before
{Heap before GC invocations=39 (full 0):
 garbage-first heap   total 178176K, used 143080K [0x0000000700000000, 0x0000000800000000)
  region size 2048K, 27 young (55296K), 4 survivors (8192K)
 Metaspace       used 83909K, committed 84736K, reserved 1179648K
  class space    used 11540K, committed 11904K, reserved 1048576K
}
Event: 78.362 GC heap after
{Heap after GC invocations=40 (full 0):
 garbage-first heap   total 178176K, used 99001K [0x0000000700000000, 0x0000000800000000)
  region size 2048K, 2 young (4096K), 2 survivors (4096K)
 Metaspace       used 83909K, committed 84736K, reserved 1179648K
  class space    used 11540K, committed 11904K, reserved 1048576K
}
Event: 79.690 GC heap before
{Heap before GC invocations=40 (full 0):
 garbage-first heap   total 178176K, used 142009K [0x0000000700000000, 0x0000000800000000)
  region size 2048K, 23 young (47104K), 2 survivors (4096K)
 Metaspace       used 87609K, committed 88448K, reserved 1179648K
  class space    used 12175K, committed 12544K, reserved 1048576K
}
Event: 79.703 GC heap after
{Heap after GC invocations=41 (full 0):
 garbage-first heap   total 178176K, used 101397K [0x0000000700000000, 0x0000000800000000)
  region size 2048K, 2 young (4096K), 2 survivors (4096K)
 Metaspace       used 87609K, committed 88448K, reserved 1179648K
  class space    used 12175K, committed 12544K, reserved 1048576K
}
Event: 81.011 GC heap before
{Heap before GC invocations=42 (full 0):
 garbage-first heap   total 192512K, used 142357K [0x0000000700000000, 0x0000000800000000)
  region size 2048K, 22 young (45056K), 2 survivors (4096K)
 Metaspace       used 88442K, committed 89344K, reserved 1179648K
  class space    used 12309K, committed 12736K, reserved 1048576K
}
Event: 81.022 GC heap after
{Heap after GC invocations=43 (full 0):
 garbage-first heap   total 192512K, used 106867K [0x0000000700000000, 0x0000000800000000)
  region size 2048K, 3 young (6144K), 3 survivors (6144K)
 Metaspace       used 88442K, committed 89344K, reserved 1179648K
  class space    used 12309K, committed 12736K, reserved 1048576K
}
Event: 82.436 GC heap before
{Heap before GC invocations=43 (full 0):
 garbage-first heap   total 192512K, used 151923K [0x0000000700000000, 0x0000000800000000)
  region size 2048K, 26 young (53248K), 3 survivors (6144K)
 Metaspace       used 90677K, committed 91712K, reserved 1179648K
  class space    used 12654K, committed 13120K, reserved 1048576K
}
Event: 82.451 GC heap after
{Heap after GC invocations=44 (full 0):
 garbage-first heap   total 192512K, used 113218K [0x0000000700000000, 0x0000000800000000)
  region size 2048K, 4 young (8192K), 4 survivors (8192K)
 Metaspace       used 90677K, committed 91712K, reserved 1179648K
  class space    used 12654K, committed 13120K, reserved 1048576K
}
Event: 85.398 GC heap before
{Heap before GC invocations=44 (full 0):
 garbage-first heap   total 192512K, used 154178K [0x0000000700000000, 0x0000000800000000)
  region size 2048K, 24 young (49152K), 4 survivors (8192K)
 Metaspace       used 91185K, committed 92288K, reserved 1179648K
  class space    used 12726K, committed 13248K, reserved 1048576K
}
Event: 85.423 GC heap after
{Heap after GC invocations=45 (full 0):
 garbage-first heap   total 192512K, used 120083K [0x0000000700000000, 0x0000000800000000)
  region size 2048K, 3 young (6144K), 3 survivors (6144K)
 Metaspace       used 91185K, committed 92288K, reserved 1179648K
  class space    used 12726K, committed 13248K, reserved 1048576K
}
Event: 87.266 GC heap before
{Heap before GC invocations=45 (full 0):
 garbage-first heap   total 192512K, used 161043K [0x0000000700000000, 0x0000000800000000)
  region size 2048K, 20 young (40960K), 3 survivors (6144K)
 Metaspace       used 91798K, committed 92928K, reserved 1179648K
  class space    used 12800K, committed 13312K, reserved 1048576K
}
Event: 87.293 GC heap after
{Heap after GC invocations=46 (full 0):
 garbage-first heap   total 192512K, used 133120K [0x0000000700000000, 0x0000000800000000)
  region size 2048K, 3 young (6144K), 3 survivors (6144K)
 Metaspace       used 91798K, committed 92928K, reserved 1179648K
  class space    used 12800K, committed 13312K, reserved 1048576K
}
Event: 88.727 GC heap before
{Heap before GC invocations=47 (full 0):
 garbage-first heap   total 229376K, used 155648K [0x0000000700000000, 0x0000000800000000)
  region size 2048K, 14 young (28672K), 3 survivors (6144K)
 Metaspace       used 92064K, committed 93248K, reserved 1179648K
  class space    used 12825K, committed 13376K, reserved 1048576K
}

Deoptimization events (20 events):
Event: 88.512 Thread 0x0000018b1c6959d0 Uncommon trap: trap_request=0xffffffd6 fr.pc=0x0000018ac29ac168 relative=0x00000000000003a8
Event: 88.512 Thread 0x0000018b1c6959d0 Uncommon trap: reason=array_check action=maybe_recompile pc=0x0000018ac29ac168 method=java.util.AbstractCollection.toArray([Ljava/lang/Object;)[Ljava/lang/Object; @ 116 c2
Event: 88.512 Thread 0x0000018b1c6959d0 DEOPT PACKING pc=0x0000018ac29ac168 sp=0x0000000cefcf83d0
Event: 88.512 Thread 0x0000018b1c6959d0 DEOPT UNPACKING pc=0x0000018ac1cc23a3 sp=0x0000000cefcf8370 mode 2
Event: 88.599 Thread 0x0000018b1c6959d0 Uncommon trap: trap_request=0xffffffbe fr.pc=0x0000018ac299ea1c relative=0x000000000000167c
Event: 88.599 Thread 0x0000018b1c6959d0 Uncommon trap: reason=profile_predicate action=maybe_recompile pc=0x0000018ac299ea1c method=org.gradle.api.internal.attributes.DefaultImmutableAttributesFactory.concat(Lorg/gradle/api/internal/attributes/ImmutableAttributes;Lorg/gradle/api/internal/attrib
Event: 88.599 Thread 0x0000018b1c6959d0 DEOPT PACKING pc=0x0000018ac299ea1c sp=0x0000000cefcf8f20
Event: 88.599 Thread 0x0000018b1c6959d0 DEOPT UNPACKING pc=0x0000018ac1cc23a3 sp=0x0000000cefcf8f00 mode 2
Event: 88.613 Thread 0x0000018b1c6959d0 Uncommon trap: trap_request=0xffffffbe fr.pc=0x0000018ac299ea1c relative=0x000000000000167c
Event: 88.613 Thread 0x0000018b1c6959d0 Uncommon trap: reason=profile_predicate action=maybe_recompile pc=0x0000018ac299ea1c method=org.gradle.api.internal.attributes.DefaultImmutableAttributesFactory.concat(Lorg/gradle/api/internal/attributes/ImmutableAttributes;Lorg/gradle/api/internal/attrib
Event: 88.613 Thread 0x0000018b1c6959d0 DEOPT PACKING pc=0x0000018ac299ea1c sp=0x0000000cefcf9020
Event: 88.613 Thread 0x0000018b1c6959d0 DEOPT UNPACKING pc=0x0000018ac1cc23a3 sp=0x0000000cefcf9000 mode 2
Event: 88.614 Thread 0x0000018b1c6959d0 Uncommon trap: trap_request=0xffffffbe fr.pc=0x0000018ac299ea1c relative=0x000000000000167c
Event: 88.614 Thread 0x0000018b1c6959d0 Uncommon trap: reason=profile_predicate action=maybe_recompile pc=0x0000018ac299ea1c method=org.gradle.api.internal.attributes.DefaultImmutableAttributesFactory.concat(Lorg/gradle/api/internal/attributes/ImmutableAttributes;Lorg/gradle/api/internal/attrib
Event: 88.614 Thread 0x0000018b1c6959d0 DEOPT PACKING pc=0x0000018ac299ea1c sp=0x0000000cefcf8f20
Event: 88.614 Thread 0x0000018b1c6959d0 DEOPT UNPACKING pc=0x0000018ac1cc23a3 sp=0x0000000cefcf8f00 mode 2
Event: 88.614 Thread 0x0000018b1c6959d0 Uncommon trap: trap_request=0xffffffbe fr.pc=0x0000018ac299ea1c relative=0x000000000000167c
Event: 88.614 Thread 0x0000018b1c6959d0 Uncommon trap: reason=profile_predicate action=maybe_recompile pc=0x0000018ac299ea1c method=org.gradle.api.internal.attributes.DefaultImmutableAttributesFactory.concat(Lorg/gradle/api/internal/attributes/ImmutableAttributes;Lorg/gradle/api/internal/attrib
Event: 88.614 Thread 0x0000018b1c6959d0 DEOPT PACKING pc=0x0000018ac299ea1c sp=0x0000000cefcf9020
Event: 88.614 Thread 0x0000018b1c6959d0 DEOPT UNPACKING pc=0x0000018ac1cc23a3 sp=0x0000000cefcf9000 mode 2

Classes unloaded (0 events):
No events

Classes redefined (0 events):
No events

Internal exceptions (20 events):
Event: 85.570 Thread 0x0000018b1c6959d0 Exception <a 'java/lang/ClassNotFoundException'{0x000000070b2139c8}: build_75x3jnf18u43pze9gzeqeo5k1BeanInfo> (0x000000070b2139c8) 
thrown [s\open\src\hotspot\share\classfile\systemDictionary.cpp, line 256]
Event: 85.570 Thread 0x0000018b1c6959d0 Exception <a 'java/lang/ClassNotFoundException'{0x000000070b21a1e8}: build_75x3jnf18u43pze9gzeqeo5k1Customizer> (0x000000070b21a1e8) 
thrown [s\open\src\hotspot\share\classfile\systemDictionary.cpp, line 256]
Event: 85.616 Thread 0x0000018b1c6959d0 Exception <a 'java/lang/ClassNotFoundException'{0x000000070b3ae6c0}: build_75x3jnf18u43pze9gzeqeo5k1$_run_closure2BeanInfo> (0x000000070b3ae6c0) 
thrown [s\open\src\hotspot\share\classfile\systemDictionary.cpp, line 256]
Event: 85.616 Thread 0x0000018b1c6959d0 Exception <a 'java/lang/ClassNotFoundException'{0x000000070b3bb5d8}: build_75x3jnf18u43pze9gzeqeo5k1$_run_closure2Customizer> (0x000000070b3bb5d8) 
thrown [s\open\src\hotspot\share\classfile\systemDictionary.cpp, line 256]
Event: 86.070 Thread 0x0000018b1c6959d0 Exception <a 'java/lang/ClassNotFoundException'{0x000000070b0641d0}: user_agent_5fx770fktrfu3eehfyf07idzoBeanInfo> (0x000000070b0641d0) 
thrown [s\open\src\hotspot\share\classfile\systemDictionary.cpp, line 256]
Event: 86.071 Thread 0x0000018b1c6959d0 Exception <a 'java/lang/ClassNotFoundException'{0x000000070b070710}: user_agent_5fx770fktrfu3eehfyf07idzoCustomizer> (0x000000070b070710) 
thrown [s\open\src\hotspot\share\classfile\systemDictionary.cpp, line 256]
Event: 86.189 Thread 0x0000018b1c6959d0 Exception <a 'java/lang/ClassNotFoundException'{0x000000070acb5148}: build_ce5m63l0jwxnb1rljawah608uBeanInfo> (0x000000070acb5148) 
thrown [s\open\src\hotspot\share\classfile\systemDictionary.cpp, line 256]
Event: 86.190 Thread 0x0000018b1c6959d0 Exception <a 'java/lang/ClassNotFoundException'{0x000000070acbb9c8}: build_ce5m63l0jwxnb1rljawah608uCustomizer> (0x000000070acbb9c8) 
thrown [s\open\src\hotspot\share\classfile\systemDictionary.cpp, line 256]
Event: 86.458 Thread 0x0000018b1c6959d0 Exception <a 'java/lang/ClassNotFoundException'{0x000000070a6d6670}: build_ce5m63l0jwxnb1rljawah608uBeanInfo> (0x000000070a6d6670) 
thrown [s\open\src\hotspot\share\classfile\systemDictionary.cpp, line 256]
Event: 86.460 Thread 0x0000018b1c6959d0 Exception <a 'java/lang/ClassNotFoundException'{0x000000070a6dce90}: build_ce5m63l0jwxnb1rljawah608uCustomizer> (0x000000070a6dce90) 
thrown [s\open\src\hotspot\share\classfile\systemDictionary.cpp, line 256]
Event: 86.695 Thread 0x0000018b1c6959d0 Exception <a 'java/lang/ClassNotFoundException'{0x000000070a3caef8}: com/google/common/collect/SingletonImmutableSetBeanInfo> (0x000000070a3caef8) 
thrown [s\open\src\hotspot\share\classfile\systemDictionary.cpp, line 256]
Event: 86.695 Thread 0x0000018b1c6959d0 Exception <a 'java/lang/ClassNotFoundException'{0x000000070a3dace0}: com/google/common/collect/ImmutableSetBeanInfo> (0x000000070a3dace0) 
thrown [s\open\src\hotspot\share\classfile\systemDictionary.cpp, line 256]
Event: 86.696 Thread 0x0000018b1c6959d0 Exception <a 'java/lang/ClassNotFoundException'{0x000000070a3eabf0}: com/google/common/collect/ImmutableCollectionBeanInfo> (0x000000070a3eabf0) 
thrown [s\open\src\hotspot\share\classfile\systemDictionary.cpp, line 256]
Event: 86.697 Thread 0x0000018b1c6959d0 Exception <a 'java/lang/ClassNotFoundException'{0x000000070a3fabb8}: com/google/common/collect/ImmutableCollectionCustomizer> (0x000000070a3fabb8) 
thrown [s\open\src\hotspot\share\classfile\systemDictionary.cpp, line 256]
Event: 86.699 Thread 0x0000018b1c6959d0 Exception <a 'java/lang/ClassNotFoundException'{0x000000070a02f938}: com/google/common/collect/ImmutableSetCustomizer> (0x000000070a02f938) 
thrown [s\open\src\hotspot\share\classfile\systemDictionary.cpp, line 256]
Event: 86.702 Thread 0x0000018b1c6959d0 Exception <a 'java/lang/ClassNotFoundException'{0x000000070a058c18}: com/google/common/collect/SingletonImmutableSetCustomizer> (0x000000070a058c18) 
thrown [s\open\src\hotspot\share\classfile\systemDictionary.cpp, line 256]
Event: 87.765 Thread 0x0000018b1c6959d0 Exception <a 'java/lang/ClassNotFoundException'{0x000000070b88e378}: build_81dfkaau13uyl9f2x95td6my9BeanInfo> (0x000000070b88e378) 
thrown [s\open\src\hotspot\share\classfile\systemDictionary.cpp, line 256]
Event: 87.774 Thread 0x0000018b1c6959d0 Exception <a 'java/lang/ClassNotFoundException'{0x000000070b894bf8}: build_81dfkaau13uyl9f2x95td6my9Customizer> (0x000000070b894bf8) 
thrown [s\open\src\hotspot\share\classfile\systemDictionary.cpp, line 256]
Event: 88.417 Thread 0x0000018b1c6959d0 Exception <a 'java/lang/ClassNotFoundException'{0x000000070d4592a8}: build_81dfkaau13uyl9f2x95td6my9BeanInfo> (0x000000070d4592a8) 
thrown [s\open\src\hotspot\share\classfile\systemDictionary.cpp, line 256]
Event: 88.422 Thread 0x0000018b1c6959d0 Exception <a 'java/lang/ClassNotFoundException'{0x000000070d45fac8}: build_81dfkaau13uyl9f2x95td6my9Customizer> (0x000000070d45fac8) 
thrown [s\open\src\hotspot\share\classfile\systemDictionary.cpp, line 256]

VM Operations (20 events):
Event: 82.325 Executing VM operation: ICBufferFull done
Event: 82.436 Executing VM operation: G1CollectForAllocation
Event: 82.451 Executing VM operation: G1CollectForAllocation done
Event: 83.459 Executing VM operation: Cleanup
Event: 83.460 Executing VM operation: Cleanup done
Event: 84.473 Executing VM operation: Cleanup
Event: 84.473 Executing VM operation: Cleanup done
Event: 85.398 Executing VM operation: G1CollectForAllocation
Event: 85.423 Executing VM operation: G1CollectForAllocation done
Event: 86.426 Executing VM operation: Cleanup
Event: 86.426 Executing VM operation: Cleanup done
Event: 87.266 Executing VM operation: G1CollectForAllocation
Event: 87.296 Executing VM operation: G1CollectForAllocation done
Event: 87.547 Executing VM operation: G1Concurrent
Event: 87.553 Executing VM operation: G1Concurrent done
Event: 87.644 Executing VM operation: G1Concurrent
Event: 87.645 Executing VM operation: G1Concurrent done
Event: 88.662 Executing VM operation: Cleanup
Event: 88.679 Executing VM operation: Cleanup done
Event: 88.727 Executing VM operation: G1CollectForAllocation

Events (20 events):
Event: 83.065 loading class java/util/regex/PatternCustomizer
Event: 83.065 loading class java/util/regex/PatternCustomizer done
Event: 83.071 loading class java/util/regex/MatcherBeanInfo
Event: 83.071 loading class java/util/regex/MatcherBeanInfo done
Event: 83.071 loading class java/util/regex/MatcherBeanInfo
Event: 83.071 loading class java/util/regex/MatcherBeanInfo done
Event: 83.072 loading class java/util/regex/MatcherCustomizer
Event: 83.072 loading class java/util/regex/MatcherCustomizer done
Event: 83.072 loading class java/util/regex/MatcherCustomizer
Event: 83.072 loading class java/util/regex/MatcherCustomizer done
Event: 83.206 Thread 0x0000018b1e01f5b0 Thread added: 0x0000018b1e01f5b0
Event: 83.955 Thread 0x0000018b1e01f5b0 Thread exited: 0x0000018b1e01f5b0
Event: 84.226 Thread 0x0000018b1e021590 Thread added: 0x0000018b1e021590
Event: 84.386 Thread 0x0000018b1e021590 Thread exited: 0x0000018b1e021590
Event: 84.769 Thread 0x0000018b1e01f5b0 Thread added: 0x0000018b1e01f5b0
Event: 85.805 Thread 0x0000018b1e01f5b0 Thread exited: 0x0000018b1e01f5b0
Event: 86.129 Thread 0x0000018b1e022030 Thread added: 0x0000018b1e022030
Event: 87.513 Thread 0x0000018b1e022030 Thread exited: 0x0000018b1e022030
Event: 87.885 Thread 0x0000018b1e021590 Thread added: 0x0000018b1e021590
Event: 88.113 Thread 0x0000018b1e021590 Thread exited: 0x0000018b1e021590


Dynamic libraries:
0x00007ff780e70000 - 0x00007ff780e80000 	C:\Program Files\Java\jdk-17\bin\java.exe
0x00007ffcdcbb0000 - 0x00007ffcdcda8000 	C:\Windows\SYSTEM32\ntdll.dll
0x00007ffcdc080000 - 0x00007ffcdc142000 	C:\Windows\System32\KERNEL32.DLL
0x00007ffcda7b0000 - 0x00007ffcdaaaf000 	C:\Windows\System32\KERNELBASE.dll
0x00007ffcda320000 - 0x00007ffcda420000 	C:\Windows\System32\ucrtbase.dll
0x00007ffcb8ee0000 - 0x00007ffcb8ef9000 	C:\Program Files\Java\jdk-17\bin\jli.dll
0x00007ffcdb190000 - 0x00007ffcdb23f000 	C:\Windows\System32\ADVAPI32.dll
0x00007ffcdba80000 - 0x00007ffcdbb1e000 	C:\Windows\System32\msvcrt.dll
0x00007ffcdc150000 - 0x00007ffcdc1ef000 	C:\Windows\System32\sechost.dll
0x00007ffcdabe0000 - 0x00007ffcdad03000 	C:\Windows\System32\RPCRT4.dll
0x00007ffcda6f0000 - 0x00007ffcda717000 	C:\Windows\System32\bcrypt.dll
0x00007ffcdb610000 - 0x00007ffcdb7ad000 	C:\Windows\System32\USER32.dll
0x00007ffcda2f0000 - 0x00007ffcda312000 	C:\Windows\System32\win32u.dll
0x00007ffcdba50000 - 0x00007ffcdba7b000 	C:\Windows\System32\GDI32.dll
0x00007ffcdaab0000 - 0x00007ffcdabca000 	C:\Windows\System32\gdi32full.dll
0x00007ffcda250000 - 0x00007ffcda2ed000 	C:\Windows\System32\msvcp_win.dll
0x00007ffcb9f50000 - 0x00007ffcb9f6b000 	C:\Program Files\Java\jdk-17\bin\VCRUNTIME140.dll
0x00007ffcd0a20000 - 0x00007ffcd0cba000 	C:\Windows\WinSxS\amd64_microsoft.windows.common-controls_6595b64144ccf1df_6.0.19041.4355_none_60b8b9eb71f62e16\COMCTL32.dll
0x00007ffcd9db0000 - 0x00007ffcd9dba000 	C:\Windows\SYSTEM32\VERSION.dll
0x00007ffcdb810000 - 0x00007ffcdb83f000 	C:\Windows\System32\IMM32.DLL
0x000000005d720000 - 0x000000005d72c000 	C:\Program Files (x86)\360\Total Security\safemon\SafeWrapper.dll
0x00007ffc89b80000 - 0x00007ffc89c2c000 	C:\Program Files (x86)\360\Total Security\safemon\libzdtp64.dll
0x00007ffcdc3a0000 - 0x00007ffcdcb0d000 	C:\Windows\System32\SHELL32.dll
0x00007ffcdb7b0000 - 0x00007ffcdb805000 	C:\Windows\System32\SHLWAPI.dll
0x00007ffcc7ee0000 - 0x00007ffcc7eec000 	C:\Program Files\Java\jdk-17\bin\vcruntime140_1.dll
0x00007ffcaa720000 - 0x00007ffcaa7ae000 	C:\Program Files\Java\jdk-17\bin\msvcp140.dll
0x00007ffc9d600000 - 0x00007ffc9e1e0000 	C:\Program Files\Java\jdk-17\bin\server\jvm.dll
0x00007ffcdc070000 - 0x00007ffcdc078000 	C:\Windows\System32\PSAPI.DLL
0x00007ffcc4250000 - 0x00007ffcc4259000 	C:\Windows\SYSTEM32\WSOCK32.dll
0x00007ffcdbf70000 - 0x00007ffcdbfdb000 	C:\Windows\System32\WS2_32.dll
0x00007ffcc67a0000 - 0x00007ffcc67c7000 	C:\Windows\SYSTEM32\WINMM.dll
0x00007ffcd8a00000 - 0x00007ffcd8a12000 	C:\Windows\SYSTEM32\kernel.appcore.dll
0x00007ffcc70a0000 - 0x00007ffcc70aa000 	C:\Program Files\Java\jdk-17\bin\jimage.dll
0x00007ffcd56d0000 - 0x00007ffcd58b4000 	C:\Windows\SYSTEM32\DBGHELP.DLL
0x00007ffcbb3e0000 - 0x00007ffcbb414000 	C:\Windows\SYSTEM32\dbgcore.DLL
0x00007ffcda720000 - 0x00007ffcda7a2000 	C:\Windows\System32\bcryptPrimitives.dll
0x00007ffcb7690000 - 0x00007ffcb76b5000 	C:\Program Files\Java\jdk-17\bin\java.dll
0x00007ffcaa9a0000 - 0x00007ffcaaa77000 	C:\Program Files\Java\jdk-17\bin\jsvml.dll
0x00007ffcd4e50000 - 0x00007ffcd55f4000 	C:\Windows\SYSTEM32\windows.storage.dll
0x00007ffcdbc10000 - 0x00007ffcdbf65000 	C:\Windows\System32\combase.dll
0x00007ffcd9c10000 - 0x00007ffcd9c3b000 	C:\Windows\SYSTEM32\Wldp.dll
0x00007ffcdb240000 - 0x00007ffcdb30d000 	C:\Windows\System32\OLEAUT32.dll
0x00007ffcdc250000 - 0x00007ffcdc2fd000 	C:\Windows\System32\SHCORE.dll
0x00007ffcda180000 - 0x00007ffcda1a5000 	C:\Windows\SYSTEM32\profapi.dll
0x00007ffcb7570000 - 0x00007ffcb7589000 	C:\Program Files\Java\jdk-17\bin\net.dll
0x00007ffccde00000 - 0x00007ffccdf0a000 	C:\Windows\SYSTEM32\WINHTTP.dll
0x00007ffcd9970000 - 0x00007ffcd99dc000 	C:\Windows\system32\mswsock.dll
0x00007ffcb6440000 - 0x00007ffcb6456000 	C:\Program Files\Java\jdk-17\bin\nio.dll
0x00007ffcb6310000 - 0x00007ffcb6328000 	C:\Program Files\Java\jdk-17\bin\zip.dll
0x00007ffcc6290000 - 0x00007ffcc62a0000 	C:\Program Files\Java\jdk-17\bin\verify.dll
0x00007ffcba1e0000 - 0x00007ffcba207000 	C:\Users\Al-Mahdi\.gradle\native\c067742578af261105cb4f569cf0c3c89f3d7b1fecec35dd04571415982c5e48\windows-amd64\native-platform.dll
0x00007ffca6a10000 - 0x00007ffca6b54000 	C:\Users\Al-Mahdi\.gradle\native\38dada09dfb8b06ba9b0570ebf7e218e3eb74d4ef43ca46872605cf95ebc2f47\windows-amd64\native-platform-file-events.dll
0x00007ffcc6030000 - 0x00007ffcc603a000 	C:\Program Files\Java\jdk-17\bin\management.dll
0x00007ffcc5870000 - 0x00007ffcc587b000 	C:\Program Files\Java\jdk-17\bin\management_ext.dll
0x00007ffcd9b60000 - 0x00007ffcd9b78000 	C:\Windows\SYSTEM32\CRYPTSP.dll
0x00007ffcd9220000 - 0x00007ffcd9258000 	C:\Windows\system32\rsaenh.dll
0x00007ffcda100000 - 0x00007ffcda12e000 	C:\Windows\SYSTEM32\USERENV.dll
0x00007ffcd9b80000 - 0x00007ffcd9b8c000 	C:\Windows\SYSTEM32\CRYPTBASE.dll
0x00007ffcd9600000 - 0x00007ffcd963b000 	C:\Windows\SYSTEM32\IPHLPAPI.DLL
0x00007ffcdabd0000 - 0x00007ffcdabd8000 	C:\Windows\System32\NSI.dll
0x00007ffccf110000 - 0x00007ffccf127000 	C:\Windows\SYSTEM32\dhcpcsvc6.DLL
0x00007ffccfd70000 - 0x00007ffccfd8d000 	C:\Windows\SYSTEM32\dhcpcsvc.DLL
0x00007ffcd9650000 - 0x00007ffcd971a000 	C:\Windows\SYSTEM32\DNSAPI.dll
0x00007ffcc11c0000 - 0x00007ffcc11ce000 	C:\Program Files\Java\jdk-17\bin\sunmscapi.dll
0x00007ffcda420000 - 0x00007ffcda57c000 	C:\Windows\System32\CRYPT32.dll
0x00007ffcd9c80000 - 0x00007ffcd9ca7000 	C:\Windows\SYSTEM32\ncrypt.dll
0x00007ffcd9c40000 - 0x00007ffcd9c7b000 	C:\Windows\SYSTEM32\NTASN1.dll
0x00007ffcc1190000 - 0x00007ffcc1197000 	C:\Windows\system32\wshunix.dll
0x00007ffcc7b40000 - 0x00007ffcc7b4a000 	C:\Windows\System32\rasadhlp.dll
0x00007ffcc7da0000 - 0x00007ffcc7e20000 	C:\Windows\System32\fwpuclnt.dll

dbghelp: loaded successfully - version: 4.0.5 - missing functions: none
symbol engine: initialized successfully - sym options: 0x614 - pdb path: .;C:\Program Files\Java\jdk-17\bin;C:\Windows\SYSTEM32;C:\Windows\WinSxS\amd64_microsoft.windows.common-controls_6595b64144ccf1df_6.0.19041.4355_none_60b8b9eb71f62e16;C:\Program Files (x86)\360\Total Security\safemon;C:\Program Files\Java\jdk-17\bin\server;C:\Users\Al-Mahdi\.gradle\native\c067742578af261105cb4f569cf0c3c89f3d7b1fecec35dd04571415982c5e48\windows-amd64;C:\Users\Al-Mahdi\.gradle\native\38dada09dfb8b06ba9b0570ebf7e218e3eb74d4ef43ca46872605cf95ebc2f47\windows-amd64

VM Arguments:
jvm_args: -XX:MaxMetaspaceSize=2G -XX:+HeapDumpOnOutOfMemoryError --add-opens=java.base/java.util=ALL-UNNAMED --add-opens=java.base/java.lang=ALL-UNNAMED --add-opens=java.base/java.lang.invoke=ALL-UNNAMED --add-opens=java.prefs/java.util.prefs=ALL-UNNAMED --add-opens=java.base/java.nio.charset=ALL-UNNAMED --add-opens=java.base/java.net=ALL-UNNAMED --add-opens=java.base/java.util.concurrent.atomic=ALL-UNNAMED -Xmx4G -Dfile.encoding=windows-1252 -Duser.country=US -Duser.language=en -Duser.variant 
java_command: org.gradle.launcher.daemon.bootstrap.GradleDaemon 7.6.3
java_class_path (initial): C:\Users\Al-Mahdi\.gradle\wrapper\dists\gradle-7.6.3-all\aocdy2d2z8kodnny3rsumj8i8\gradle-7.6.3\lib\gradle-launcher-7.6.3.jar
Launcher Type: SUN_STANDARD

[Global flags]
     intx CICompilerCount                          = 3                                         {product} {ergonomic}
     uint ConcGCThreads                            = 1                                         {product} {ergonomic}
     uint G1ConcRefinementThreads                  = 4                                         {product} {ergonomic}
   size_t G1HeapRegionSize                         = 2097152                                   {product} {ergonomic}
    uintx GCDrainStackTargetSize                   = 64                                        {product} {ergonomic}
     bool HeapDumpOnOutOfMemoryError               = true                                   {manageable} {command line}
   size_t InitialHeapSize                          = 132120576                                 {product} {ergonomic}
   size_t MarkStackSize                            = 4194304                                   {product} {ergonomic}
   size_t MaxHeapSize                              = 4294967296                                {product} {command line}
   size_t MaxMetaspaceSize                         = 2147483648                                {product} {command line}
   size_t MaxNewSize                               = 2575302656                                {product} {ergonomic}
   size_t MinHeapDeltaBytes                        = 2097152                                   {product} {ergonomic}
   size_t MinHeapSize                              = 8388608                                   {product} {ergonomic}
    uintx NonNMethodCodeHeapSize                   = 5832780                                {pd product} {ergonomic}
    uintx NonProfiledCodeHeapSize                  = 122912730                              {pd product} {ergonomic}
    uintx ProfiledCodeHeapSize                     = 122912730                              {pd product} {ergonomic}
    uintx ReservedCodeCacheSize                    = 251658240                              {pd product} {ergonomic}
     bool SegmentedCodeCache                       = true                                      {product} {ergonomic}
   size_t SoftMaxHeapSize                          = 4294967296                             {manageable} {ergonomic}
     bool UseCompressedClassPointers               = true                           {product lp64_product} {ergonomic}
     bool UseCompressedOops                        = true                           {product lp64_product} {ergonomic}
     bool UseG1GC                                  = true                                      {product} {ergonomic}
     bool UseLargePagesIndividualAllocation        = false                                  {pd product} {ergonomic}

Logging:
Log output configuration:
 #0: stdout all=warning uptime,level,tags
 #1: stderr all=off uptime,level,tags

Environment Variables:
JAVA_HOME=C:\Program Files\Java\jdk-17
CLASSPATH=E:\khaled_rct_store\RCT-Mobile\android\\gradle\wrapper\gradle-wrapper.jar
PATH=C:\Program Files\Java\jdk-17\bin;C:\Program Files (x86)\Common Files\Intel\Shared Libraries\redist\intel64\compiler;C:\Windows\system32;C:\Windows;C:\Windows\System32\Wbem;C:\Windows\System32\WindowsPowerShell\v1.0\;C:\Windows\System32\OpenSSH\;C:\Program Files\Git\cmd;C:\Users\Al-Mahdi\AppData\Local\Pub\Cache\bin;C:\Program Files\nodejs\;C:\Program Files\Java\jdk-17\bin;C:\Users\Al-Mahdi\AppData\Local\Microsoft\WindowsApps;C:\src\flutter\bin;C:\dart-sdk\bin;C:\Users\Al-Mahdi\Downloads\flutter_tools;C:\Users\Al-Mahdi\AppData\Local\Programs\Microsoft VS Code\bin;C:\ProgramData\Microsoft\Windows\Start Menu\Programs\Android Studio;C:\Users\Al-Mahdi\AppData\Local\Pub\Cache\bin;C:\Users\Al-Mahdi\AppData\Roaming\npm;C:\Program Files\Java\jdk-17\bin;;C:\src\flutter\bin\mingit\cmd;C:\src\flutter\bin\mingit\cmd
USERNAME=Al-Mahdi
OS=Windows_NT
PROCESSOR_IDENTIFIER=Intel64 Family 6 Model 142 Stepping 9, GenuineIntel



---------------  S Y S T E M  ---------------

OS:
 Windows 10 , 64 bit Build 19041 (10.0.19041.5438)
OS uptime: 2 days 11:55 hours

CPU: total 4 (initial active 4) (2 cores per cpu, 2 threads per core) family 6 model 142 stepping 9 microcode 0xf4, cx8, cmov, fxsr, ht, mmx, 3dnowpref, sse, sse2, sse3, ssse3, sse4.1, sse4.2, popcnt, lzcnt, tsc, tscinvbit, avx, avx2, aes, erms, clmul, bmi1, bmi2, rtm, adx, fma, vzeroupper, clflush, clflushopt

Memory: 4k page, system-wide physical 8050M (379M free)
TotalPageFile size 18802M (AvailPageFile size 7472M)
current process WorkingSet (physical memory assigned to process): 476M, peak: 476M
current process commit charge ("private bytes"): 541M, peak: 543M

vm_info: Java HotSpot(TM) 64-Bit Server VM (17.0.12+8-LTS-286) for windows-amd64 JRE (17.0.12+8-LTS-286), built on Jun  5 2024 06:46:59 by "mach5one" with MS VC++ 17.6 (VS2022)

END.
