#
# A fatal error has been detected by the Java Runtime Environment:
#
#  EXCEPTION_ACCESS_VIOLATION (0xc0000005) at pc=0x00007ffce9964c09, pid=6632, tid=1064
#
# JRE version: Java(TM) SE Runtime Environment (17.0.12+8) (build 17.0.12+8-LTS-286)
# Java VM: Java HotSpot(TM) 64-Bit Server VM (17.0.12+8-LTS-286, mixed mode, sharing, tiered, compressed oops, compressed class ptrs, g1 gc, windows-amd64)
# Problematic frame:
# V  [jvm.dll+0x304c09]
#
# No core dump will be written. Minidumps are not enabled by default on client versions of Windows
#
# If you would like to submit a bug report, please visit:
#   https://bugreport.java.com/bugreport/crash.jsp
#

---------------  S U M M A R Y ------------

Command Line: -XX:MaxMetaspaceSize=2G -XX:+HeapDumpOnOutOfMemoryError --add-opens=java.base/java.util=ALL-UNNAMED --add-opens=java.base/java.lang=ALL-UNNAMED --add-opens=java.base/java.lang.invoke=ALL-UNNAMED --add-opens=java.prefs/java.util.prefs=ALL-UNNAMED --add-opens=java.base/java.nio.charset=ALL-UNNAMED --add-opens=java.base/java.net=ALL-UNNAMED --add-opens=java.base/java.util.concurrent.atomic=ALL-UNNAMED -Xmx4G -Dfile.encoding=windows-1252 -Duser.country=US -Duser.language=en -Duser.variant org.gradle.launcher.daemon.bootstrap.GradleDaemon 7.6.3

Host: Intel(R) Core(TM) i5-7300U CPU @ 2.60GHz, 4 cores, 7G,  Windows 10 , 64 bit Build 19041 (10.0.19041.5072)
Time: Mon Nov 25 15:16:08 2024 Egypt Standard Time elapsed time: 48.460271 seconds (0d 0h 0m 48s)

---------------  T H R E A D  ---------------

Current thread (0x000001923ab54560):  GCTaskThread "GC Thread#0" [stack: 0x000000397dc00000,0x000000397dd00000] [id=1064]

Stack: [0x000000397dc00000,0x000000397dd00000],  sp=0x000000397dcff9a0,  free space=1022k
Native frames: (J=compiled Java code, j=interpreted, Vv=VM code, C=native code)
V  [jvm.dll+0x304c09]
V  [jvm.dll+0x30190e]
V  [jvm.dll+0x310113]
V  [jvm.dll+0x311f2b]
V  [jvm.dll+0x31070d]
V  [jvm.dll+0x311ada]
V  [jvm.dll+0x2dc663]
V  [jvm.dll+0x2ddf0b]
V  [jvm.dll+0x80832b]
V  [jvm.dll+0x808376]
V  [jvm.dll+0x78abea]
V  [jvm.dll+0x678f35]
C  [ucrtbase.dll+0x21bb2]
C  [KERNEL32.DLL+0x17374]
C  [ntdll.dll+0x4cc91]


siginfo: EXCEPTION_ACCESS_VIOLATION (0xc0000005), reading address 0x000000060229bda8


Registers:
RAX=0x0000000000000000, RBX=0x000000070b74c3f1, RCX=0x0000000000000015, RDX=0x0000000000000000
RSP=0x000000397dcff9a0, RBP=0x0000000000000d24, RSI=0x000000070b74c3f0, RDI=0x00000192a9a1a960
R8 =0x000000070b74c7b0, R9 =0x000000070241b6c0, R10=0x000000060229bda8, R11=0x0000000000000001
R12=0x000000397dcffc00, R13=0x000001923aae74e0, R14=0x0000000000000040, R15=0x0000000000000000
RIP=0x00007ffce9964c09, EFLAGS=0x0000000000010246


Register to memory mapping:

RIP=0x00007ffce9964c09 jvm.dll
RAX=0x0 is NULL
RBX=0x000000070b74c3f1 is pointing into object: org.gradle.internal.component.external.model.DefaultConfigurationMetadata 
{0x000000070b74c3b0} - klass: 'org/gradle/internal/component/external/model/DefaultConfigurationMetadata'
 - ---- fields (total size 10 words):
 - private final 'transitive' 'Z' @12  true
 - private final 'visible' 'Z' @13  true
 - private final 'externalVariant' 'Z' @14  false
 - private final 'componentId' 'Lorg/gradle/api/artifacts/component/ModuleComponentIdentifier;' @16  a 'org/gradle/internal/component/external/model/DefaultModuleComponentIdentifier'{0x00000007028f9150} (e051f22a)
 - private final 'name' 'Ljava/lang/String;' @20  "enforced-platform-compile"{0x000000070b74c400} (e16e9880)
 - private final 'artifacts' 'Lcom/google/common/collect/ImmutableList;' @24  a 'com/google/common/collect/RegularImmutableList'{0x000000070096dfa0} (e012dbf4)
 - private final 'hierarchy' 'Lcom/google/common/collect/ImmutableSet;' @28  a 'com/google/common/collect/SingletonImmutableSet'{0x000000070b74c448} (e16e9889)
 - private final 'excludes' 'Lcom/google/common/collect/ImmutableList;' @32  a 'com/google/common/collect/RegularImmutableList'{0x000000070096dfa0} (e012dbf4)
 - private final 'attributes' 'Lorg/gradle/api/internal/attributes/ImmutableAttributes;' @36  a 'org/gradle/api/internal/attributes/DefaultImmutableAttributes'{0x000000070229bda8} (e04537b5)
 - private final 'capabilities' 'Lorg/gradle/internal/component/external/model/ImmutableCapabilities;' @40  a 'org/gradle/internal/component/external/model/ImmutableCapabilities$ShadowedSingleImmutableCapabilities'{0x000000070b74c238} (e16e9847)
 - private 'configDependencies' 'Lcom/google/common/collect/ImmutableList;' @44  NULL (0)
 - private 'configDependenciesFactory' 'Lorg/gradle/internal/Factory;' @48  a 'org/gradle/internal/component/external/model/DefaultConfigurationMetadata$1'{0x000000070b74c458} (e16e988b)
 - private final 'componentMetadataRules' 'Lorg/gradle/internal/component/external/model/VariantMetadataRules;' @52  a 'org/gradle/internal/component/external/model/VariantMetadataRules'{0x000000070241b628} (e04836c5)
 - private 'calculatedDependencies' 'Ljava/util/List;' @56  NULL (0)
 - private 'calculatedArtifacts' 'Lcom/google/common/collect/ImmutableList;' @60  NULL (0)
 - private 'computedAttributes' 'Lorg/gradle/api/internal/attributes/ImmutableAttributes;' @64  
[error occurred during error reporting (printing register info), id 0xc0000005, EXCEPTION_ACCESS_VIOLATION (0xc0000005) at pc=0x00007ffce99eeb3e]

Top of Stack: (sp=0x000000397dcff9a0)
0x000000397dcff9a0:   000000070fc70000 0000000000000100
0x000000397dcff9b0:   0000019200000000 0000000000000009
0x000000397dcff9c0:   0000019251bbf4c0 0000000000000002
0x000000397dcff9d0:   0000000000000080 000000397dcffc00
0x000000397dcff9e0:   0000000701e9f400 00007ffce996190e
0x000000397dcff9f0:   000000070850ac00 00000192a9a1a960
0x000000397dcffa00:   000001923aae74e0 0000019251bbf4c0
0x000000397dcffa10:   000000001cdd862e 0000001e8c9d44a7
0x000000397dcffa20:   000000397dcffc00 0000000701e9f400
0x000000397dcffa30:   0000000701e9f800 00007ffce9970113
0x000000397dcffa40:   0000000701e9f400 000000397dcffa60
0x000000397dcffa50:   000000397dcffa70 000000397dcffc00
0x000000397dcffa60:   0000000701e9f400 0000000000000080
0x000000397dcffa70:   00007ffce9f5fe88 0000000000000000
0x000000397dcffa80:   000001923aafb450 00000192a9a1a960
0x000000397dcffa90:   0000019251bbf500 00007ffce9971f2b 

Instructions: (pc=0x00007ffce9964c09)
0x00007ffce9964b09:   ff 48 8d 53 fe 48 8b cf e8 aa f6 ff ff e9 35 fd
0x00007ffce9964b19:   ff ff 0f 1f 44 00 00 48 8b 77 10 8b ae 80 00 00
0x00007ffce9964b29:   00 8b cd 8b 86 00 01 00 00 2b c8 81 e1 ff ff 01
0x00007ffce9964b39:   00 41 3b ce 0f 86 e9 02 00 00 ff cd 81 e5 ff ff
0x00007ffce9964b49:   01 00 89 ae 80 00 00 00 e8 ba 6c 36 00 90 8b d5
0x00007ffce9964b59:   8b 86 00 01 00 00 8b cd 48 8b 9e 80 01 00 00 2b
0x00007ffce9964b69:   c8 81 e1 ff ff 01 00 81 f9 ff ff 01 00 48 8b 1c
0x00007ffce9964b79:   eb 41 0f 44 cf 85 c9 75 3d 90 89 6c 24 50 48 8b
0x00007ffce9964b89:   86 00 01 00 00 48 8b c8 48 c1 e9 20 ff c1 89 4c
0x00007ffce9964b99:   24 54 3b e8 0f 85 77 02 00 00 48 c1 e1 20 48 0b
0x00007ffce9964ba9:   ca f0 48 0f b1 8e 00 01 00 00 0f 85 61 02 00 00
0x00007ffce9964bb9:   8b 86 00 01 00 00 f6 c3 01 0f 84 2f 01 00 00 8b
0x00007ffce9964bc9:   0d ea c6 79 00 48 8d 73 ff 48 8b 47 08 44 8b 16
0x00007ffce9964bd9:   49 d3 e2 4c 03 15 cd c6 79 00 8b 88 90 05 00 00
0x00007ffce9964be9:   49 8b d2 48 8b 80 80 05 00 00 48 d3 ea 0f b7 14
0x00007ffce9964bf9:   50 0f b7 c2 66 c1 e8 08 84 c0 0f 88 17 ff ff ff
0x00007ffce9964c09:   4d 8b 02 41 0f b6 c0 24 03 3c 03 75 1e 44 38 3d
0x00007ffce9964c19:   c4 43 80 00 74 0f 41 0f b6 c0 24 07 3c 05 75 05
0x00007ffce9964c29:   4d 8b c7 eb 17 49 83 e0 fc eb 11 4d 8b c8 48 8b
0x00007ffce9964c39:   cf 4d 8b c2 e8 be f0 ff ff 4c 8b c0 8b 0d 6d c6
0x00007ffce9964c49:   79 00 49 8b d0 48 2b 15 5b c6 79 00 48 d3 ea 89
0x00007ffce9964c59:   16 48 8b d6 8b 0d 0d 4c 80 00 49 33 d0 48 d3 ea
0x00007ffce9964c69:   48 85 d2 0f 84 ae fe ff ff 48 8b 47 08 48 8b d6
0x00007ffce9964c79:   8b 88 c0 01 00 00 48 8b 80 b0 01 00 00 48 d3 ea
0x00007ffce9964c89:   48 8b 0c d0 8b 81 94 00 00 00 d1 e8 a8 01 0f 85
0x00007ffce9964c99:   83 fe ff ff 48 8b 47 08 8b 88 90 05 00 00 48 8b
0x00007ffce9964ca9:   80 80 05 00 00 49 d3 e8 46 38 3c 40 0f 84 65 fe
0x00007ffce9964cb9:   ff ff 48 8b 47 60 48 c1 ee 09 48 8b 58 40 48 8b
0x00007ffce9964cc9:   48 38 48 03 de 48 2b d9 48 39 9f b0 01 00 00 0f
0x00007ffce9964cd9:   84 42 fe ff ff 48 8d 14 19 48 8d 4f 18 e8 45 40
0x00007ffce9964ce9:   00 00 48 89 9f b0 01 00 00 e9 29 fe ff ff f6 c3
0x00007ffce9964cf9:   03 0f 85 09 01 00 00 48 8b 47 08 4c 8b 13 49 8b 


Stack slot to memory mapping:
stack at sp + 0 slots: 0x000000070fc70000 is pointing into object: org.codehaus.groovy.util.SingleKeyHashMap$Entry 
{0x000000070fc6ffe8} - klass: 'org/codehaus/groovy/util/SingleKeyHashMap$Entry'
 - ---- fields (total size 4 words):
 - public 'hash' 'I' @12  -909297948 (c9cd36e4)
 - public 'next' 'Lorg/codehaus/groovy/util/ComplexKeyHashMap$Entry;' @16  NULL (0)
 - public 'value' 'Ljava/lang/Object;' @20  a 'org/codehaus/groovy/runtime/metaclass/MetaMethodIndex$Header'{0x000000070fc70008} (e1f8e001)
 - public 'key' 'Ljava/lang/Object;' @24  a 'java/lang/Class'{0x000000070fc6e848} = 'build_6xb3drmut0fqtl24wyiwfr0ts$_run_closure2' (e1f8dd09)
stack at sp + 1 slots: 0x0000000000000100 is an unknown value
stack at sp + 2 slots: 0x0000019200000000 is an unknown value
stack at sp + 3 slots: 0x0000000000000009 is an unknown value
stack at sp + 4 slots: 0x0000019251bbf4c0 points into unknown readable memory: 0xffffffffffffffff | ff ff ff ff ff ff ff ff
stack at sp + 5 slots: 0x0000000000000002 is an unknown value
stack at sp + 6 slots: 0x0000000000000080 is an unknown value
stack at sp + 7 slots: 0x000000397dcffc00 points into unknown readable memory: 0x00007ffce9f60078 | 78 00 f6 e9 fc 7f 00 00


---------------  P R O C E S S  ---------------

Threads class SMR info:
_java_thread_list=0x00000192aa52b640, length=89, elements={
0x000001923aae9650, 0x000001925d051500, 0x000001925d053140, 0x000001925d065360,
0x000001925d067d40, 0x000001925d068610, 0x000001925d069ef0, 0x000001925d06cbb0,
0x000001925d071d30, 0x000001925d0de8f0, 0x000001925d2b3df0, 0x000001925d2b44f0,
0x00000192a4bc8010, 0x00000192a37e3a50, 0x00000192a447d030, 0x00000192a360a6b0,
0x00000192a360ab90, 0x00000192a3607980, 0x00000192a3605100, 0x00000192a3607470,
0x00000192a3606a50, 0x00000192a3606f60, 0x00000192a3607e90, 0x00000192a3606030,
0x00000192a3606540, 0x00000192a36046e0, 0x00000192a3604bf0, 0x00000192a3605610,
0x00000192a3cb4f70, 0x00000192a3cb5480, 0x00000192a3caea30, 0x00000192a3cb17c0,
0x00000192a3cafe70, 0x00000192a3cb1cd0, 0x00000192a3cae520, 0x00000192a3cb12b0,
0x00000192a3cb0380, 0x00000192a3cb21e0, 0x00000192a3cb26f0, 0x00000192a3cae010,
0x00000192a3cb2c00, 0x00000192a3caef40, 0x00000192a3caf450, 0x00000192a3cb3b30,
0x00000192a3cb3110, 0x00000192a3cb3620, 0x00000192a3cb4040, 0x00000192a3cb4550,
0x00000192a3caf960, 0x00000192a3cb4a60, 0x00000192a3cb5990, 0x000001925dcd6310,
0x000001925dcd1720, 0x000001925dcd4ed0, 0x000001925dcd8680, 0x000001925dcd44b0,
0x000001925dcd6820, 0x000001925dcd90a0, 0x000001925dcd53e0, 0x000001925dcd3580,
0x000001925dcd5e00, 0x000001925dcd49c0, 0x000001925dcd3a90, 0x000001925dcd1c30,
0x000001925dcd58f0, 0x000001925dcd8b90, 0x000001925dcd6d30, 0x000001925dcd2140,
0x000001925dcd2650, 0x000001925dcd7240, 0x000001925dcd7750, 0x000001925dcd7c60,
0x000001925dcd2b60, 0x000001925dcd3070, 0x000001925dcd8170, 0x00000192a6d04c60,
0x00000192a6cff650, 0x00000192a6d023e0, 0x00000192a6d05170, 0x00000192a6d05680,
0x00000192a6d00a90, 0x00000192a6cffb60, 0x00000192a6d05b90, 0x00000192a6d028f0,
0x00000192a6d060a0, 0x00000192a6d02e00, 0x00000192a6d04750, 0x00000192a6d019c0,
0x00000192aa491630
}

Java Threads: ( => current thread )
  0x000001923aae9650 JavaThread "main" [_thread_blocked, id=6936, stack(0x000000397db00000,0x000000397dc00000)]
  0x000001925d051500 JavaThread "Reference Handler" daemon [_thread_blocked, id=9448, stack(0x000000397e200000,0x000000397e300000)]
  0x000001925d053140 JavaThread "Finalizer" daemon [_thread_blocked, id=7220, stack(0x000000397e300000,0x000000397e400000)]
  0x000001925d065360 JavaThread "Signal Dispatcher" daemon [_thread_blocked, id=6924, stack(0x000000397e400000,0x000000397e500000)]
  0x000001925d067d40 JavaThread "Attach Listener" daemon [_thread_blocked, id=1028, stack(0x000000397e500000,0x000000397e600000)]
  0x000001925d068610 JavaThread "Service Thread" daemon [_thread_blocked, id=3128, stack(0x000000397e600000,0x000000397e700000)]
  0x000001925d069ef0 JavaThread "Monitor Deflation Thread" daemon [_thread_blocked, id=10008, stack(0x000000397e700000,0x000000397e800000)]
  0x000001925d06cbb0 JavaThread "C2 CompilerThread0" daemon [_thread_blocked, id=12820, stack(0x000000397e800000,0x000000397e900000)]
  0x000001925d071d30 JavaThread "C1 CompilerThread0" daemon [_thread_blocked, id=2724, stack(0x000000397e900000,0x000000397ea00000)]
  0x000001925d0de8f0 JavaThread "Sweeper thread" daemon [_thread_blocked, id=12392, stack(0x000000397ea00000,0x000000397eb00000)]
  0x000001925d2b3df0 JavaThread "Common-Cleaner" daemon [_thread_blocked, id=13572, stack(0x000000397eb00000,0x000000397ec00000)]
  0x000001925d2b44f0 JavaThread "Notification Thread" daemon [_thread_blocked, id=1136, stack(0x000000397ec00000,0x000000397ed00000)]
  0x00000192a4bc8010 JavaThread "Daemon health stats" [_thread_blocked, id=3232, stack(0x000000397f200000,0x000000397f300000)]
  0x00000192a37e3a50 JavaThread "Incoming local TCP Connector on port 60199" [_thread_in_native, id=10628, stack(0x000000397f000000,0x000000397f100000)]
  0x00000192a447d030 JavaThread "Daemon periodic checks" [_thread_blocked, id=11312, stack(0x000000397f300000,0x000000397f400000)]
  0x00000192a360a6b0 JavaThread "Daemon" [_thread_blocked, id=5872, stack(0x000000397f400000,0x000000397f500000)]
  0x00000192a360ab90 JavaThread "Handler for socket connection from /127.0.0.1:60199 to /127.0.0.1:60200" [_thread_in_native, id=3428, stack(0x000000397f500000,0x000000397f600000)]
  0x00000192a3607980 JavaThread "Cancel handler" [_thread_blocked, id=3712, stack(0x000000397f600000,0x000000397f700000)]
  0x00000192a3605100 JavaThread "Daemon worker" [_thread_blocked, id=9992, stack(0x000000397f700000,0x000000397f800000)]
  0x00000192a3607470 JavaThread "Asynchronous log dispatcher for DefaultDaemonConnection: socket connection from /127.0.0.1:60199 to /127.0.0.1:60200" [_thread_blocked, id=5464, stack(0x000000397f800000,0x000000397f900000)]
  0x00000192a3606a50 JavaThread "Stdin handler" [_thread_blocked, id=12856, stack(0x000000397f900000,0x000000397fa00000)]
  0x00000192a3606f60 JavaThread "Daemon client event forwarder" [_thread_blocked, id=10300, stack(0x000000397fa00000,0x000000397fb00000)]
  0x00000192a3607e90 JavaThread "Cache worker for journal cache (C:\Users\Al-Mahdi\.gradle\caches\journal-1)" [_thread_blocked, id=2696, stack(0x000000397fb00000,0x000000397fc00000)]
  0x00000192a3606030 JavaThread "File lock request listener" [_thread_in_native, id=13824, stack(0x000000397fc00000,0x000000397fd00000)]
  0x00000192a3606540 JavaThread "Cache worker for file hash cache (C:\Users\Al-Mahdi\.gradle\caches\7.6.3\fileHashes)" [_thread_blocked, id=4216, stack(0x000000397fd00000,0x000000397fe00000)]
  0x00000192a36046e0 JavaThread "File watcher server" daemon [_thread_in_native, id=13224, stack(0x000000397fe00000,0x000000397ff00000)]
  0x00000192a3604bf0 JavaThread "File watcher consumer" daemon [_thread_blocked, id=9572, stack(0x000000397ff00000,0x0000003980000000)]
  0x00000192a3605610 JavaThread "Cache worker for checksums cache (D:\khara\rct_app\android\.gradle\7.6.3\checksums)" [_thread_blocked, id=13900, stack(0x0000003900000000,0x0000003900100000)]
  0x00000192a3cb4f70 JavaThread "Cache worker for cache directory md-rule (C:\Users\Al-Mahdi\.gradle\caches\7.6.3\md-rule)" [_thread_blocked, id=14088, stack(0x0000003900100000,0x0000003900200000)]
  0x00000192a3cb5480 JavaThread "Cache worker for file content cache (C:\Users\Al-Mahdi\.gradle\caches\7.6.3\fileContent)" [_thread_blocked, id=11392, stack(0x0000003900200000,0x0000003900300000)]
  0x00000192a3caea30 JavaThread "Cache worker for file hash cache (D:\khara\rct_app\android\.gradle\7.6.3\fileHashes)" [_thread_blocked, id=9688, stack(0x0000003900300000,0x0000003900400000)]
  0x00000192a3cb17c0 JavaThread "Cache worker for cache directory md-supplier (C:\Users\Al-Mahdi\.gradle\caches\7.6.3\md-supplier)" [_thread_blocked, id=11128, stack(0x0000003900400000,0x0000003900500000)]
  0x00000192a3cafe70 JavaThread "Cache worker for execution history cache (C:\Users\Al-Mahdi\.gradle\caches\7.6.3\executionHistory)" [_thread_blocked, id=10912, stack(0x0000003900500000,0x0000003900600000)]
  0x00000192a3cb1cd0 JavaThread "jar transforms" [_thread_blocked, id=9432, stack(0x0000003900700000,0x0000003900800000)]
  0x00000192a3cae520 JavaThread "Cache worker for kotlin-dsl (C:\Users\Al-Mahdi\.gradle\caches\7.6.3\kotlin-dsl)" [_thread_blocked, id=9456, stack(0x0000003900800000,0x0000003900900000)]
  0x00000192a3cb12b0 JavaThread "jar transforms Thread 2" [_thread_blocked, id=12952, stack(0x0000003900900000,0x0000003900a00000)]
  0x00000192a3cb0380 JavaThread "Cache worker for dependencies-accessors (D:\khara\rct_app\android\.gradle\7.6.3\dependencies-accessors)" [_thread_blocked, id=7864, stack(0x0000003900a00000,0x0000003900b00000)]
  0x00000192a3cb21e0 JavaThread "Cache worker for Build Output Cleanup Cache (C:\src\flutter\packages\flutter_tools\gradle\.gradle\buildOutputCleanup)" [_thread_blocked, id=5672, stack(0x0000003900b00000,0x0000003900c00000)]
  0x00000192a3cb26f0 JavaThread "jar transforms Thread 3" [_thread_blocked, id=11584, stack(0x0000003900c00000,0x0000003900d00000)]
  0x00000192a3cae010 JavaThread "Memory manager" [_thread_blocked, id=5168, stack(0x0000003900d00000,0x0000003900e00000)]
  0x00000192a3cb2c00 JavaThread "jar transforms Thread 4" [_thread_blocked, id=14000, stack(0x0000003900600000,0x0000003900700000)]
  0x00000192a3caef40 JavaThread "included builds" [_thread_blocked, id=10936, stack(0x0000003900f00000,0x0000003901000000)]
  0x00000192a3caf450 JavaThread "Execution worker" [_thread_blocked, id=4416, stack(0x0000003901000000,0x0000003901100000)]
  0x00000192a3cb3b30 JavaThread "Execution worker Thread 2" [_thread_blocked, id=3556, stack(0x0000003901100000,0x0000003901200000)]
  0x00000192a3cb3110 JavaThread "Execution worker Thread 3" [_thread_blocked, id=11660, stack(0x0000003901200000,0x0000003901300000)]
  0x00000192a3cb3620 JavaThread "Cache worker for execution history cache (C:\src\flutter\packages\flutter_tools\gradle\.gradle\7.6.3\executionHistory)" [_thread_blocked, id=6272, stack(0x0000003901300000,0x0000003901400000)]
  0x00000192a3cb4040 JavaThread "Unconstrained build operations" [_thread_blocked, id=6868, stack(0x0000003901400000,0x0000003901500000)]
  0x00000192a3cb4550 JavaThread "Unconstrained build operations Thread 2" [_thread_blocked, id=1760, stack(0x0000003901500000,0x0000003901600000)]
  0x00000192a3caf960 JavaThread "Unconstrained build operations Thread 3" [_thread_blocked, id=4124, stack(0x0000003901600000,0x0000003901700000)]
  0x00000192a3cb4a60 JavaThread "Unconstrained build operations Thread 4" [_thread_blocked, id=4300, stack(0x0000003901700000,0x0000003901800000)]
  0x00000192a3cb5990 JavaThread "Unconstrained build operations Thread 5" [_thread_blocked, id=9904, stack(0x0000003901800000,0x0000003901900000)]
  0x000001925dcd6310 JavaThread "Unconstrained build operations Thread 6" [_thread_blocked, id=6856, stack(0x0000003901900000,0x0000003901a00000)]
  0x000001925dcd1720 JavaThread "Unconstrained build operations Thread 7" [_thread_blocked, id=9624, stack(0x0000003901a00000,0x0000003901b00000)]
  0x000001925dcd4ed0 JavaThread "Unconstrained build operations Thread 8" [_thread_blocked, id=13616, stack(0x0000003901b00000,0x0000003901c00000)]
  0x000001925dcd8680 JavaThread "Unconstrained build operations Thread 9" [_thread_blocked, id=1528, stack(0x0000003901c00000,0x0000003901d00000)]
  0x000001925dcd44b0 JavaThread "Unconstrained build operations Thread 10" [_thread_blocked, id=12072, stack(0x0000003901d00000,0x0000003901e00000)]
  0x000001925dcd6820 JavaThread "Unconstrained build operations Thread 11" [_thread_blocked, id=13852, stack(0x0000003901e00000,0x0000003901f00000)]
  0x000001925dcd90a0 JavaThread "Unconstrained build operations Thread 12" [_thread_blocked, id=764, stack(0x0000003901f00000,0x0000003902000000)]
  0x000001925dcd53e0 JavaThread "Unconstrained build operations Thread 13" [_thread_blocked, id=10608, stack(0x0000003902000000,0x0000003902100000)]
  0x000001925dcd3580 JavaThread "Unconstrained build operations Thread 14" [_thread_blocked, id=1120, stack(0x0000003902100000,0x0000003902200000)]
  0x000001925dcd5e00 JavaThread "Unconstrained build operations Thread 15" [_thread_blocked, id=10828, stack(0x0000003902200000,0x0000003902300000)]
  0x000001925dcd49c0 JavaThread "Unconstrained build operations Thread 16" [_thread_blocked, id=9504, stack(0x0000003902300000,0x0000003902400000)]
  0x000001925dcd3a90 JavaThread "Unconstrained build operations Thread 17" [_thread_blocked, id=5196, stack(0x0000003902400000,0x0000003902500000)]
  0x000001925dcd1c30 JavaThread "Unconstrained build operations Thread 18" [_thread_blocked, id=14284, stack(0x0000003902500000,0x0000003902600000)]
  0x000001925dcd58f0 JavaThread "Unconstrained build operations Thread 19" [_thread_blocked, id=10944, stack(0x0000003902600000,0x0000003902700000)]
  0x000001925dcd8b90 JavaThread "Unconstrained build operations Thread 20" [_thread_blocked, id=12832, stack(0x0000003902700000,0x0000003902800000)]
  0x000001925dcd6d30 JavaThread "Unconstrained build operations Thread 21" [_thread_blocked, id=11196, stack(0x0000003902800000,0x0000003902900000)]
  0x000001925dcd2140 JavaThread "Unconstrained build operations Thread 22" [_thread_blocked, id=8932, stack(0x0000003902900000,0x0000003902a00000)]
  0x000001925dcd2650 JavaThread "Unconstrained build operations Thread 23" [_thread_blocked, id=13200, stack(0x0000003902a00000,0x0000003902b00000)]
  0x000001925dcd7240 JavaThread "Unconstrained build operations Thread 24" [_thread_blocked, id=8160, stack(0x0000003902b00000,0x0000003902c00000)]
  0x000001925dcd7750 JavaThread "Unconstrained build operations Thread 25" [_thread_blocked, id=12900, stack(0x0000003902c00000,0x0000003902d00000)]
  0x000001925dcd7c60 JavaThread "Unconstrained build operations Thread 26" [_thread_blocked, id=11572, stack(0x0000003902d00000,0x0000003902e00000)]
  0x000001925dcd2b60 JavaThread "Unconstrained build operations Thread 27" [_thread_blocked, id=10900, stack(0x0000003902e00000,0x0000003902f00000)]
  0x000001925dcd3070 JavaThread "Unconstrained build operations Thread 28" [_thread_blocked, id=10172, stack(0x0000003902f00000,0x0000003903000000)]
  0x000001925dcd8170 JavaThread "Unconstrained build operations Thread 29" [_thread_blocked, id=13204, stack(0x0000003903000000,0x0000003903100000)]
  0x00000192a6d04c60 JavaThread "Unconstrained build operations Thread 30" [_thread_blocked, id=10844, stack(0x0000003903100000,0x0000003903200000)]
  0x00000192a6cff650 JavaThread "Unconstrained build operations Thread 31" [_thread_blocked, id=13564, stack(0x0000003903200000,0x0000003903300000)]
  0x00000192a6d023e0 JavaThread "Unconstrained build operations Thread 32" [_thread_blocked, id=13660, stack(0x0000003903300000,0x0000003903400000)]
  0x00000192a6d05170 JavaThread "Unconstrained build operations Thread 33" [_thread_blocked, id=7700, stack(0x0000003903400000,0x0000003903500000)]
  0x00000192a6d05680 JavaThread "Unconstrained build operations Thread 34" [_thread_blocked, id=13052, stack(0x0000003903500000,0x0000003903600000)]
  0x00000192a6d00a90 JavaThread "Unconstrained build operations Thread 35" [_thread_blocked, id=6772, stack(0x0000003903600000,0x0000003903700000)]
  0x00000192a6cffb60 JavaThread "Unconstrained build operations Thread 36" [_thread_blocked, id=2544, stack(0x0000003903700000,0x0000003903800000)]
  0x00000192a6d05b90 JavaThread "Unconstrained build operations Thread 37" [_thread_blocked, id=4268, stack(0x0000003903800000,0x0000003903900000)]
  0x00000192a6d028f0 JavaThread "Unconstrained build operations Thread 38" [_thread_blocked, id=13112, stack(0x0000003903900000,0x0000003903a00000)]
  0x00000192a6d060a0 JavaThread "Unconstrained build operations Thread 39" [_thread_blocked, id=2420, stack(0x0000003903a00000,0x0000003903b00000)]
  0x00000192a6d02e00 JavaThread "Unconstrained build operations Thread 40" [_thread_blocked, id=10856, stack(0x0000003903b00000,0x0000003903c00000)]
  0x00000192a6d04750 JavaThread "Cache worker for Build Output Cleanup Cache (D:\khara\rct_app\android\.gradle\buildOutputCleanup)" [_thread_blocked, id=6928, stack(0x0000003903c00000,0x0000003903d00000)]
  0x00000192a6d019c0 JavaThread "build event listener" [_thread_blocked, id=14208, stack(0x0000003903d00000,0x0000003903e00000)]
  0x00000192aa491630 JavaThread "C2 CompilerThread1" daemon [_thread_in_native, id=13784, stack(0x0000003900e00000,0x0000003900f00000)]

Other Threads:
  0x000001925d04aa80 VMThread "VM Thread" [stack: 0x000000397e100000,0x000000397e200000] [id=4760]
  0x000001925d2badf0 WatcherThread [stack: 0x000000397ed00000,0x000000397ee00000] [id=9632]
=>0x000001923ab54560 GCTaskThread "GC Thread#0" [stack: 0x000000397dc00000,0x000000397dd00000] [id=1064]
  0x000001925d7dcaa0 GCTaskThread "GC Thread#1" [stack: 0x000000397ee00000,0x000000397ef00000] [id=12804]
  0x000001925d7dcd60 GCTaskThread "GC Thread#2" [stack: 0x000000397ef00000,0x000000397f000000] [id=12796]
  0x00000192a318fa80 GCTaskThread "GC Thread#3" [stack: 0x000000397f100000,0x000000397f200000] [id=12132]
  0x000001923ab653c0 ConcurrentGCThread "G1 Main Marker" [stack: 0x000000397dd00000,0x000000397de00000] [id=9744]
  0x000001923ab65ce0 ConcurrentGCThread "G1 Conc#0" [stack: 0x000000397de00000,0x000000397df00000] [id=2000]
  0x000001923ab9f280 ConcurrentGCThread "G1 Refine#0" [stack: 0x000000397df00000,0x000000397e000000] [id=4996]
  0x000001923ab9fbc0 ConcurrentGCThread "G1 Service" [stack: 0x000000397e000000,0x000000397e100000] [id=13960]

Threads with active compile tasks:
C2 CompilerThread0    48547 14427       4       org.gradle.api.internal.DefaultDomainObjectCollection::all (119 bytes)
C2 CompilerThread1    48547 14329       4       com.google.common.reflect.TypeResolver::resolveType (74 bytes)

VM state: at safepoint (normal execution)

VM Mutex/Monitor currently owned by a thread:  ([mutex/lock_event])
[0x000001923aae4470] Threads_lock - owner thread: 0x000001925d04aa80
[0x000001923aae4110] Heap_lock - owner thread: 0x00000192a3605100

Heap address: 0x0000000700000000, size: 4096 MB, Compressed Oops mode: Zero based, Oop shift amount: 3

CDS archive(s) mapped at: [0x000001925e000000-0x000001925ebd0000-0x000001925ebd0000), size 12386304, SharedBaseAddress: 0x000001925e000000, ArchiveRelocationMode: 1.
Compressed class space mapped at: 0x000001925f000000-0x000001929f000000, reserved size: 1073741824
Narrow klass base: 0x000001925e000000, Narrow klass shift: 0, Narrow klass range: 0x100000000

GC Precious Log:
 CPUs: 4 total, 4 available
 Memory: 8050M
 Large Page Support: Disabled
 NUMA Support: Disabled
 Compressed Oops: Enabled (Zero based)
 Heap Region Size: 2M
 Heap Min Capacity: 8M
 Heap Initial Capacity: 126M
 Heap Max Capacity: 4G
 Pre-touch: Disabled
 Parallel Workers: 4
 Concurrent Workers: 1
 Concurrent Refinement Workers: 4
 Periodic GC: Disabled

Heap:
 garbage-first heap   total 335872K, used 262962K [0x0000000700000000, 0x0000000800000000)
  region size 2048K, 37 young (75776K), 5 survivors (10240K)
 Metaspace       used 92094K, committed 93568K, reserved 1179648K
  class space    used 12919K, committed 13568K, reserved 1048576K

Heap Regions: E=young(eden), S=young(survivor), O=old, HS=humongous(starts), HC=humongous(continues), CS=collection set, F=free, OA=open archive, CA=closed archive, TAMS=top-at-mark-start (previous, next)
|   0|0x0000000700000000, 0x0000000700200000, 0x0000000700200000|100%| O|  |TAMS 0x0000000700200000, 0x0000000700000000| Untracked 
|   1|0x0000000700200000, 0x0000000700400000, 0x0000000700400000|100%|HS|  |TAMS 0x0000000700400000, 0x0000000700200000| Complete 
|   2|0x0000000700400000, 0x0000000700600000, 0x0000000700600000|100%|HC|  |TAMS 0x0000000700600000, 0x0000000700400000| Complete 
|   3|0x0000000700600000, 0x0000000700800000, 0x0000000700800000|100%| O|  |TAMS 0x0000000700800000, 0x0000000700600000| Untracked 
|   4|0x0000000700800000, 0x0000000700a00000, 0x0000000700a00000|100%| O|  |TAMS 0x0000000700a00000, 0x0000000700800000| Untracked 
|   5|0x0000000700a00000, 0x0000000700c00000, 0x0000000700c00000|100%| O|  |TAMS 0x0000000700c00000, 0x0000000700a00000| Untracked 
|   6|0x0000000700c00000, 0x0000000700e00000, 0x0000000700e00000|100%| O|  |TAMS 0x0000000700e00000, 0x0000000700c00000| Untracked 
|   7|0x0000000700e00000, 0x0000000701000000, 0x0000000701000000|100%| O|  |TAMS 0x0000000701000000, 0x0000000700e00000| Untracked 
|   8|0x0000000701000000, 0x0000000701200000, 0x0000000701200000|100%| O|  |TAMS 0x0000000701200000, 0x0000000701000000| Untracked 
|   9|0x0000000701200000, 0x0000000701400000, 0x0000000701400000|100%| O|  |TAMS 0x0000000701400000, 0x0000000701200000| Untracked 
|  10|0x0000000701400000, 0x0000000701600000, 0x0000000701600000|100%| O|  |TAMS 0x0000000701600000, 0x0000000701400000| Untracked 
|  11|0x0000000701600000, 0x0000000701800000, 0x0000000701800000|100%| O|  |TAMS 0x0000000701800000, 0x0000000701600000| Untracked 
|  12|0x0000000701800000, 0x0000000701a00000, 0x0000000701a00000|100%| O|  |TAMS 0x0000000701a00000, 0x0000000701800000| Untracked 
|  13|0x0000000701a00000, 0x0000000701c00000, 0x0000000701c00000|100%| O|  |TAMS 0x0000000701c00000, 0x0000000701a00000| Untracked 
|  14|0x0000000701c00000, 0x0000000701e00000, 0x0000000701e00000|100%| O|  |TAMS 0x0000000701e00000, 0x0000000701c00000| Untracked 
|  15|0x0000000701e00000, 0x0000000702000000, 0x0000000702000000|100%| O|  |TAMS 0x0000000702000000, 0x0000000701e00000| Untracked 
|  16|0x0000000702000000, 0x0000000702200000, 0x0000000702200000|100%| O|  |TAMS 0x0000000702200000, 0x0000000702000000| Untracked 
|  17|0x0000000702200000, 0x0000000702400000, 0x0000000702400000|100%| O|  |TAMS 0x0000000702400000, 0x0000000702200000| Untracked 
|  18|0x0000000702400000, 0x0000000702600000, 0x0000000702600000|100%| O|  |TAMS 0x0000000702600000, 0x0000000702400000| Untracked 
|  19|0x0000000702600000, 0x0000000702800000, 0x0000000702800000|100%|HS|  |TAMS 0x0000000702800000, 0x0000000702600000| Complete 
|  20|0x0000000702800000, 0x0000000702a00000, 0x0000000702a00000|100%| O|  |TAMS 0x0000000702a00000, 0x0000000702800000| Untracked 
|  21|0x0000000702a00000, 0x0000000702c00000, 0x0000000702c00000|100%| O|  |TAMS 0x0000000702a00000, 0x0000000702a00000| Untracked 
|  22|0x0000000702c00000, 0x0000000702e00000, 0x0000000702e00000|100%| O|  |TAMS 0x0000000702e00000, 0x0000000702c00000| Untracked 
|  23|0x0000000702e00000, 0x0000000703000000, 0x0000000703000000|100%|HS|  |TAMS 0x0000000703000000, 0x0000000702e00000| Complete 
|  24|0x0000000703000000, 0x0000000703200000, 0x0000000703200000|100%|HC|  |TAMS 0x0000000703200000, 0x0000000703000000| Complete 
|  25|0x0000000703200000, 0x0000000703400000, 0x0000000703400000|100%| O|  |TAMS 0x0000000703400000, 0x0000000703200000| Untracked 
|  26|0x0000000703400000, 0x0000000703600000, 0x0000000703600000|100%| O|  |TAMS 0x0000000703600000, 0x0000000703400000| Untracked 
|  27|0x0000000703600000, 0x0000000703800000, 0x0000000703800000|100%| O|  |TAMS 0x0000000703800000, 0x0000000703600000| Untracked 
|  28|0x0000000703800000, 0x0000000703a00000, 0x0000000703a00000|100%|HS|  |TAMS 0x0000000703a00000, 0x0000000703800000| Complete 
|  29|0x0000000703a00000, 0x0000000703c00000, 0x0000000703c00000|100%| O|  |TAMS 0x0000000703c00000, 0x0000000703a00000| Untracked 
|  30|0x0000000703c00000, 0x0000000703e00000, 0x0000000703e00000|100%| O|  |TAMS 0x0000000703e00000, 0x0000000703c00000| Untracked 
|  31|0x0000000703e00000, 0x0000000704000000, 0x0000000704000000|100%| O|  |TAMS 0x0000000704000000, 0x0000000703e00000| Untracked 
|  32|0x0000000704000000, 0x0000000704200000, 0x0000000704200000|100%| O|  |TAMS 0x0000000704200000, 0x0000000704000000| Untracked 
|  33|0x0000000704200000, 0x0000000704400000, 0x0000000704400000|100%| O|  |TAMS 0x0000000704400000, 0x0000000704200000| Untracked 
|  34|0x0000000704400000, 0x0000000704600000, 0x0000000704600000|100%| O|  |TAMS 0x0000000704600000, 0x0000000704400000| Untracked 
|  35|0x0000000704600000, 0x0000000704800000, 0x0000000704800000|100%| O|  |TAMS 0x0000000704800000, 0x0000000704600000| Untracked 
|  36|0x0000000704800000, 0x0000000704a00000, 0x0000000704a00000|100%| O|  |TAMS 0x0000000704a00000, 0x0000000704800000| Untracked 
|  37|0x0000000704a00000, 0x0000000704c00000, 0x0000000704c00000|100%| O|  |TAMS 0x0000000704c00000, 0x0000000704a00000| Untracked 
|  38|0x0000000704c00000, 0x0000000704e00000, 0x0000000704e00000|100%| O|  |TAMS 0x0000000704e00000, 0x0000000704c00000| Untracked 
|  39|0x0000000704e00000, 0x0000000705000000, 0x0000000705000000|100%| O|  |TAMS 0x0000000705000000, 0x0000000704e00000| Untracked 
|  40|0x0000000705000000, 0x0000000705200000, 0x0000000705200000|100%| O|  |TAMS 0x0000000705200000, 0x0000000705000000| Untracked 
|  41|0x0000000705200000, 0x0000000705400000, 0x0000000705400000|100%| O|  |TAMS 0x0000000705400000, 0x0000000705200000| Untracked 
|  42|0x0000000705400000, 0x0000000705600000, 0x0000000705600000|100%|HS|  |TAMS 0x0000000705600000, 0x0000000705400000| Complete 
|  43|0x0000000705600000, 0x0000000705800000, 0x0000000705800000|100%|HC|  |TAMS 0x0000000705800000, 0x0000000705600000| Complete 
|  44|0x0000000705800000, 0x0000000705a00000, 0x0000000705a00000|100%| O|  |TAMS 0x0000000705a00000, 0x0000000705800000| Untracked 
|  45|0x0000000705a00000, 0x0000000705c00000, 0x0000000705c00000|100%| O|  |TAMS 0x0000000705c00000, 0x0000000705a00000| Untracked 
|  46|0x0000000705c00000, 0x0000000705e00000, 0x0000000705e00000|100%| O|  |TAMS 0x0000000705e00000, 0x0000000705c00000| Untracked 
|  47|0x0000000705e00000, 0x0000000706000000, 0x0000000706000000|100%| O|  |TAMS 0x0000000706000000, 0x0000000705e00000| Untracked 
|  48|0x0000000706000000, 0x0000000706200000, 0x0000000706200000|100%| O|  |TAMS 0x0000000706200000, 0x0000000706000000| Untracked 
|  49|0x0000000706200000, 0x0000000706400000, 0x0000000706400000|100%| O|  |TAMS 0x0000000706400000, 0x0000000706200000| Untracked 
|  50|0x0000000706400000, 0x0000000706600000, 0x0000000706600000|100%| O|  |TAMS 0x0000000706600000, 0x0000000706400000| Untracked 
|  51|0x0000000706600000, 0x0000000706800000, 0x0000000706800000|100%| O|  |TAMS 0x0000000706800000, 0x0000000706600000| Untracked 
|  52|0x0000000706800000, 0x0000000706a00000, 0x0000000706a00000|100%| O|  |TAMS 0x0000000706a00000, 0x0000000706800000| Untracked 
|  53|0x0000000706a00000, 0x0000000706c00000, 0x0000000706c00000|100%| O|  |TAMS 0x0000000706c00000, 0x0000000706a00000| Untracked 
|  54|0x0000000706c00000, 0x0000000706e00000, 0x0000000706e00000|100%| O|  |TAMS 0x0000000706e00000, 0x0000000706c00000| Untracked 
|  55|0x0000000706e00000, 0x0000000707000000, 0x0000000707000000|100%| O|  |TAMS 0x0000000706f20c00, 0x0000000706e00000| Untracked 
|  56|0x0000000707000000, 0x0000000707200000, 0x0000000707200000|100%| O|  |TAMS 0x0000000707000000, 0x0000000707000000| Untracked 
|  57|0x0000000707200000, 0x0000000707400000, 0x0000000707400000|100%| O|  |TAMS 0x0000000707200000, 0x0000000707200000| Untracked 
|  58|0x0000000707400000, 0x0000000707600000, 0x0000000707600000|100%| O|  |TAMS 0x0000000707400000, 0x0000000707400000| Untracked 
|  59|0x0000000707600000, 0x0000000707800000, 0x0000000707800000|100%| O|  |TAMS 0x0000000707600000, 0x0000000707600000| Untracked 
|  60|0x0000000707800000, 0x0000000707a00000, 0x0000000707a00000|100%|HS|  |TAMS 0x0000000707800000, 0x0000000707800000| Complete 
|  61|0x0000000707a00000, 0x0000000707c00000, 0x0000000707c00000|100%|HC|  |TAMS 0x0000000707a00000, 0x0000000707a00000| Complete 
|  62|0x0000000707c00000, 0x0000000707e00000, 0x0000000707e00000|100%| O|  |TAMS 0x0000000707c00000, 0x0000000707c00000| Untracked 
|  63|0x0000000707e00000, 0x0000000708000000, 0x0000000708000000|100%| O|  |TAMS 0x0000000707e00000, 0x0000000707e00000| Untracked 
|  64|0x0000000708000000, 0x0000000708200000, 0x0000000708200000|100%| O|  |TAMS 0x0000000708000000, 0x0000000708000000| Untracked 
|  65|0x0000000708200000, 0x0000000708400000, 0x0000000708400000|100%| O|  |TAMS 0x0000000708200000, 0x0000000708200000| Untracked 
|  66|0x0000000708400000, 0x0000000708600000, 0x0000000708600000|100%| O|  |TAMS 0x0000000708400000, 0x0000000708400000| Untracked 
|  67|0x0000000708600000, 0x0000000708800000, 0x0000000708800000|100%| O|  |TAMS 0x0000000708600000, 0x0000000708600000| Untracked 
|  68|0x0000000708800000, 0x0000000708a00000, 0x0000000708a00000|100%| O|  |TAMS 0x0000000708800000, 0x0000000708800000| Untracked 
|  69|0x0000000708a00000, 0x0000000708c00000, 0x0000000708c00000|100%| O|  |TAMS 0x0000000708a00000, 0x0000000708a00000| Untracked 
|  70|0x0000000708c00000, 0x0000000708e00000, 0x0000000708e00000|100%| O|  |TAMS 0x0000000708c00000, 0x0000000708c00000| Untracked 
|  71|0x0000000708e00000, 0x0000000709000000, 0x0000000709000000|100%| O|  |TAMS 0x0000000708e00000, 0x0000000708e00000| Untracked 
|  72|0x0000000709000000, 0x0000000709200000, 0x0000000709200000|100%| O|  |TAMS 0x0000000709000000, 0x0000000709000000| Untracked 
|  73|0x0000000709200000, 0x0000000709400000, 0x0000000709400000|100%| O|  |TAMS 0x0000000709200000, 0x0000000709200000| Untracked 
|  74|0x0000000709400000, 0x0000000709600000, 0x0000000709600000|100%| O|  |TAMS 0x0000000709400000, 0x0000000709400000| Untracked 
|  75|0x0000000709600000, 0x0000000709800000, 0x0000000709800000|100%| O|  |TAMS 0x0000000709600000, 0x0000000709600000| Untracked 
|  76|0x0000000709800000, 0x0000000709a00000, 0x0000000709a00000|100%| O|  |TAMS 0x0000000709800000, 0x0000000709800000| Untracked 
|  77|0x0000000709a00000, 0x0000000709c00000, 0x0000000709c00000|100%| O|  |TAMS 0x0000000709a00000, 0x0000000709a00000| Untracked 
|  78|0x0000000709c00000, 0x0000000709e00000, 0x0000000709e00000|100%| O|  |TAMS 0x0000000709c00000, 0x0000000709c00000| Untracked 
|  79|0x0000000709e00000, 0x000000070a000000, 0x000000070a000000|100%| O|  |TAMS 0x0000000709e00000, 0x0000000709e00000| Untracked 
|  80|0x000000070a000000, 0x000000070a200000, 0x000000070a200000|100%| O|  |TAMS 0x000000070a000000, 0x000000070a000000| Untracked 
|  81|0x000000070a200000, 0x000000070a400000, 0x000000070a400000|100%| O|  |TAMS 0x000000070a200000, 0x000000070a200000| Untracked 
|  82|0x000000070a400000, 0x000000070a600000, 0x000000070a600000|100%| O|  |TAMS 0x000000070a400000, 0x000000070a400000| Untracked 
|  83|0x000000070a600000, 0x000000070a800000, 0x000000070a800000|100%| O|  |TAMS 0x000000070a600000, 0x000000070a600000| Untracked 
|  84|0x000000070a800000, 0x000000070aa00000, 0x000000070aa00000|100%| O|  |TAMS 0x000000070a800000, 0x000000070a800000| Untracked 
|  85|0x000000070aa00000, 0x000000070ac00000, 0x000000070ac00000|100%| O|  |TAMS 0x000000070aa00000, 0x000000070aa00000| Untracked 
|  86|0x000000070ac00000, 0x000000070ae00000, 0x000000070ae00000|100%| O|  |TAMS 0x000000070ac00000, 0x000000070ac00000| Untracked 
|  87|0x000000070ae00000, 0x000000070b000000, 0x000000070b000000|100%| O|  |TAMS 0x000000070ae00000, 0x000000070ae00000| Untracked 
|  88|0x000000070b000000, 0x000000070b200000, 0x000000070b200000|100%| O|  |TAMS 0x000000070b000000, 0x000000070b000000| Untracked 
|  89|0x000000070b200000, 0x000000070b400000, 0x000000070b400000|100%| O|  |TAMS 0x000000070b200000, 0x000000070b200000| Untracked 
|  90|0x000000070b400000, 0x000000070b600000, 0x000000070b600000|100%| O|  |TAMS 0x000000070b400000, 0x000000070b400000| Untracked 
|  91|0x000000070b600000, 0x000000070b800000, 0x000000070b800000|100%| O|  |TAMS 0x000000070b600000, 0x000000070b600000| Untracked 
|  92|0x000000070b800000, 0x000000070ba00000, 0x000000070ba00000|100%| O|  |TAMS 0x000000070b800000, 0x000000070b800000| Untracked 
|  93|0x000000070ba00000, 0x000000070bc00000, 0x000000070bc00000|100%| O|  |TAMS 0x000000070ba00000, 0x000000070ba00000| Untracked 
|  94|0x000000070bc00000, 0x000000070be00000, 0x000000070be00000|100%| O|  |TAMS 0x000000070bc00000, 0x000000070bc00000| Untracked 
|  95|0x000000070be00000, 0x000000070c000000, 0x000000070c000000|100%| O|  |TAMS 0x000000070be00000, 0x000000070be00000| Untracked 
|  96|0x000000070c000000, 0x000000070c1fc6b0, 0x000000070c200000| 99%| O|  |TAMS 0x000000070c000000, 0x000000070c000000| Untracked 
|  97|0x000000070c200000, 0x000000070c200000, 0x000000070c400000|  0%| F|  |TAMS 0x000000070c200000, 0x000000070c200000| Untracked 
|  98|0x000000070c400000, 0x000000070c400000, 0x000000070c600000|  0%| F|  |TAMS 0x000000070c400000, 0x000000070c400000| Untracked 
|  99|0x000000070c600000, 0x000000070c600000, 0x000000070c800000|  0%| F|  |TAMS 0x000000070c600000, 0x000000070c600000| Untracked 
| 100|0x000000070c800000, 0x000000070c800000, 0x000000070ca00000|  0%| F|  |TAMS 0x000000070c800000, 0x000000070c800000| Untracked 
| 101|0x000000070ca00000, 0x000000070ca00000, 0x000000070cc00000|  0%| F|  |TAMS 0x000000070ca00000, 0x000000070ca00000| Untracked 
| 102|0x000000070cc00000, 0x000000070cc00000, 0x000000070ce00000|  0%| F|  |TAMS 0x000000070cc00000, 0x000000070cc00000| Untracked 
| 103|0x000000070ce00000, 0x000000070ce00000, 0x000000070d000000|  0%| F|  |TAMS 0x000000070ce00000, 0x000000070ce00000| Untracked 
| 104|0x000000070d000000, 0x000000070d000000, 0x000000070d200000|  0%| F|  |TAMS 0x000000070d000000, 0x000000070d000000| Untracked 
| 105|0x000000070d200000, 0x000000070d200000, 0x000000070d400000|  0%| F|  |TAMS 0x000000070d200000, 0x000000070d200000| Untracked 
| 106|0x000000070d400000, 0x000000070d400000, 0x000000070d600000|  0%| F|  |TAMS 0x000000070d400000, 0x000000070d400000| Untracked 
| 107|0x000000070d600000, 0x000000070d600000, 0x000000070d800000|  0%| F|  |TAMS 0x000000070d600000, 0x000000070d600000| Untracked 
| 108|0x000000070d800000, 0x000000070d800000, 0x000000070da00000|  0%| F|  |TAMS 0x000000070d800000, 0x000000070d800000| Untracked 
| 109|0x000000070da00000, 0x000000070da00000, 0x000000070dc00000|  0%| F|  |TAMS 0x000000070da00000, 0x000000070da00000| Untracked 
| 110|0x000000070dc00000, 0x000000070dc00000, 0x000000070de00000|  0%| F|  |TAMS 0x000000070dc00000, 0x000000070dc00000| Untracked 
| 111|0x000000070de00000, 0x000000070de00000, 0x000000070e000000|  0%| F|  |TAMS 0x000000070de00000, 0x000000070de00000| Untracked 
| 112|0x000000070e000000, 0x000000070e000000, 0x000000070e200000|  0%| F|  |TAMS 0x000000070e000000, 0x000000070e000000| Untracked 
| 113|0x000000070e200000, 0x000000070e200000, 0x000000070e400000|  0%| F|  |TAMS 0x000000070e200000, 0x000000070e200000| Untracked 
| 114|0x000000070e400000, 0x000000070e400000, 0x000000070e600000|  0%| F|  |TAMS 0x000000070e400000, 0x000000070e400000| Untracked 
| 115|0x000000070e600000, 0x000000070e600000, 0x000000070e800000|  0%| F|  |TAMS 0x000000070e600000, 0x000000070e600000| Untracked 
| 116|0x000000070e800000, 0x000000070e800000, 0x000000070ea00000|  0%| F|  |TAMS 0x000000070e800000, 0x000000070e800000| Untracked 
| 117|0x000000070ea00000, 0x000000070ea00000, 0x000000070ec00000|  0%| F|  |TAMS 0x000000070ea00000, 0x000000070ea00000| Untracked 
| 118|0x000000070ec00000, 0x000000070ec00000, 0x000000070ee00000|  0%| F|  |TAMS 0x000000070ec00000, 0x000000070ec00000| Untracked 
| 119|0x000000070ee00000, 0x000000070ee00000, 0x000000070f000000|  0%| F|  |TAMS 0x000000070ee00000, 0x000000070ee00000| Untracked 
| 120|0x000000070f000000, 0x000000070f000000, 0x000000070f200000|  0%| F|  |TAMS 0x000000070f000000, 0x000000070f000000| Untracked 
| 121|0x000000070f200000, 0x000000070f400000, 0x000000070f400000|100%| E|CS|TAMS 0x000000070f200000, 0x000000070f200000| Complete 
| 122|0x000000070f400000, 0x000000070f600000, 0x000000070f600000|100%| E|CS|TAMS 0x000000070f400000, 0x000000070f400000| Complete 
| 123|0x000000070f600000, 0x000000070f800000, 0x000000070f800000|100%| E|CS|TAMS 0x000000070f600000, 0x000000070f600000| Complete 
| 124|0x000000070f800000, 0x000000070fa00000, 0x000000070fa00000|100%| E|CS|TAMS 0x000000070f800000, 0x000000070f800000| Complete 
| 125|0x000000070fa00000, 0x000000070fc00000, 0x000000070fc00000|100%| E|CS|TAMS 0x000000070fa00000, 0x000000070fa00000| Complete 
| 126|0x000000070fc00000, 0x000000070fe00000, 0x000000070fe00000|100%| E|CS|TAMS 0x000000070fc00000, 0x000000070fc00000| Complete 
| 127|0x000000070fe00000, 0x000000070ffb8598, 0x0000000710000000| 86%| S|  |TAMS 0x000000070fe00000, 0x000000070fe00000| Complete 
| 128|0x0000000710000000, 0x0000000710200000, 0x0000000710200000|100%| S|  |TAMS 0x0000000710000000, 0x0000000710000000| Complete 
| 129|0x0000000710200000, 0x0000000710400000, 0x0000000710400000|100%| S|  |TAMS 0x0000000710200000, 0x0000000710200000| Complete 
| 130|0x0000000710400000, 0x0000000710600000, 0x0000000710600000|100%| S|  |TAMS 0x0000000710400000, 0x0000000710400000| Complete 
| 131|0x0000000710600000, 0x0000000710800000, 0x0000000710800000|100%| S|  |TAMS 0x0000000710600000, 0x0000000710600000| Complete 
| 132|0x0000000710800000, 0x0000000710a00000, 0x0000000710a00000|100%| E|CS|TAMS 0x0000000710800000, 0x0000000710800000| Complete 
| 133|0x0000000710a00000, 0x0000000710c00000, 0x0000000710c00000|100%| E|CS|TAMS 0x0000000710a00000, 0x0000000710a00000| Complete 
| 134|0x0000000710c00000, 0x0000000710e00000, 0x0000000710e00000|100%| E|CS|TAMS 0x0000000710c00000, 0x0000000710c00000| Complete 
| 135|0x0000000710e00000, 0x0000000711000000, 0x0000000711000000|100%| E|CS|TAMS 0x0000000710e00000, 0x0000000710e00000| Complete 
| 136|0x0000000711000000, 0x0000000711200000, 0x0000000711200000|100%| E|CS|TAMS 0x0000000711000000, 0x0000000711000000| Complete 
| 137|0x0000000711200000, 0x0000000711400000, 0x0000000711400000|100%| E|CS|TAMS 0x0000000711200000, 0x0000000711200000| Complete 
| 138|0x0000000711400000, 0x0000000711600000, 0x0000000711600000|100%| E|CS|TAMS 0x0000000711400000, 0x0000000711400000| Complete 
| 139|0x0000000711600000, 0x0000000711800000, 0x0000000711800000|100%| E|CS|TAMS 0x0000000711600000, 0x0000000711600000| Complete 
| 140|0x0000000711800000, 0x0000000711a00000, 0x0000000711a00000|100%| E|CS|TAMS 0x0000000711800000, 0x0000000711800000| Complete 
| 141|0x0000000711a00000, 0x0000000711c00000, 0x0000000711c00000|100%| E|CS|TAMS 0x0000000711a00000, 0x0000000711a00000| Complete 
| 142|0x0000000711c00000, 0x0000000711e00000, 0x0000000711e00000|100%| E|CS|TAMS 0x0000000711c00000, 0x0000000711c00000| Complete 
| 143|0x0000000711e00000, 0x0000000712000000, 0x0000000712000000|100%| E|CS|TAMS 0x0000000711e00000, 0x0000000711e00000| Complete 
| 144|0x0000000712000000, 0x0000000712200000, 0x0000000712200000|100%| E|CS|TAMS 0x0000000712000000, 0x0000000712000000| Complete 
| 145|0x0000000712200000, 0x0000000712400000, 0x0000000712400000|100%| E|CS|TAMS 0x0000000712200000, 0x0000000712200000| Complete 
| 146|0x0000000712400000, 0x0000000712600000, 0x0000000712600000|100%| E|CS|TAMS 0x0000000712400000, 0x0000000712400000| Complete 
| 147|0x0000000712600000, 0x0000000712800000, 0x0000000712800000|100%| E|CS|TAMS 0x0000000712600000, 0x0000000712600000| Complete 
| 148|0x0000000712800000, 0x0000000712a00000, 0x0000000712a00000|100%| E|CS|TAMS 0x0000000712800000, 0x0000000712800000| Complete 
| 149|0x0000000712a00000, 0x0000000712c00000, 0x0000000712c00000|100%| E|CS|TAMS 0x0000000712a00000, 0x0000000712a00000| Complete 
| 150|0x0000000712c00000, 0x0000000712e00000, 0x0000000712e00000|100%| E|CS|TAMS 0x0000000712c00000, 0x0000000712c00000| Complete 
| 151|0x0000000712e00000, 0x0000000713000000, 0x0000000713000000|100%| E|CS|TAMS 0x0000000712e00000, 0x0000000712e00000| Complete 
| 152|0x0000000713000000, 0x0000000713200000, 0x0000000713200000|100%| E|CS|TAMS 0x0000000713000000, 0x0000000713000000| Complete 
| 153|0x0000000713200000, 0x0000000713400000, 0x0000000713400000|100%| E|CS|TAMS 0x0000000713200000, 0x0000000713200000| Complete 
| 154|0x0000000713400000, 0x0000000713600000, 0x0000000713600000|100%| E|CS|TAMS 0x0000000713400000, 0x0000000713400000| Complete 
| 155|0x0000000713600000, 0x0000000713800000, 0x0000000713800000|100%| E|CS|TAMS 0x0000000713600000, 0x0000000713600000| Complete 
| 156|0x0000000713800000, 0x0000000713a00000, 0x0000000713a00000|100%| E|CS|TAMS 0x0000000713800000, 0x0000000713800000| Complete 
| 157|0x0000000713a00000, 0x0000000713c00000, 0x0000000713c00000|100%| E|CS|TAMS 0x0000000713a00000, 0x0000000713a00000| Complete 
| 158|0x0000000713c00000, 0x0000000713e00000, 0x0000000713e00000|100%| E|CS|TAMS 0x0000000713c00000, 0x0000000713c00000| Complete 
| 159|0x0000000713e00000, 0x0000000714000000, 0x0000000714000000|100%| E|CS|TAMS 0x0000000713e00000, 0x0000000713e00000| Complete 
| 160|0x0000000714000000, 0x0000000714200000, 0x0000000714200000|100%| E|CS|TAMS 0x0000000714000000, 0x0000000714000000| Complete 
| 161|0x0000000714200000, 0x0000000714400000, 0x0000000714400000|100%| E|CS|TAMS 0x0000000714200000, 0x0000000714200000| Complete 
| 162|0x0000000714400000, 0x0000000714600000, 0x0000000714600000|100%| E|CS|TAMS 0x0000000714400000, 0x0000000714400000| Complete 
| 163|0x0000000714600000, 0x0000000714800000, 0x0000000714800000|100%| E|CS|TAMS 0x0000000714600000, 0x0000000714600000| Complete 

Card table byte_map: [0x0000019251bb0000,0x00000192523b0000] _byte_map_base: 0x000001924e3b0000

Marking Bits (Prev, Next): (CMBitMap*) 0x000001923ab54ad0, (CMBitMap*) 0x000001923ab54a90
 Prev Bits: [0x0000019256bb0000, 0x000001925abb0000)
 Next Bits: [0x0000019252bb0000, 0x0000019256bb0000)

Polling page: 0x0000019238a80000

Metaspace:

Usage:
  Non-class:     77.32 MB used.
      Class:     12.62 MB used.
       Both:     89.94 MB used.

Virtual space:
  Non-class space:      128.00 MB reserved,      78.12 MB ( 61%) committed,  2 nodes.
      Class space:        1.00 GB reserved,      13.25 MB (  1%) committed,  1 nodes.
             Both:        1.12 GB reserved,      91.38 MB (  8%) committed. 

Chunk freelists:
   Non-Class:  1.44 MB
       Class:  2.81 MB
        Both:  4.25 MB

MaxMetaspaceSize: 2.00 GB
CompressedClassSpaceSize: 1.00 GB
Initial GC threshold: 21.00 MB
Current GC threshold: 138.06 MB
CDS: on
MetaspaceReclaimPolicy: balanced
 - commit_granule_bytes: 65536.
 - commit_granule_words: 8192.
 - virtual_space_node_default_size: 8388608.
 - enlarge_chunks_in_place: 1.
 - new_chunks_are_fully_committed: 0.
 - uncommit_free_chunks: 1.
 - use_allocation_guard: 0.
 - handle_deallocations: 1.


Internal statistics:

num_allocs_failed_limit: 6.
num_arena_births: 1650.
num_arena_deaths: 0.
num_vsnodes_births: 3.
num_vsnodes_deaths: 0.
num_space_committed: 1462.
num_space_uncommitted: 0.
num_chunks_returned_to_freelist: 6.
num_chunks_taken_from_freelist: 5828.
num_chunk_merges: 6.
num_chunk_splits: 3668.
num_chunks_enlarged: 2225.
num_inconsistent_stats: 0.

CodeHeap 'non-profiled nmethods': size=120000Kb used=8996Kb max_used=8996Kb free=111003Kb
 bounds [0x0000019249e80000, 0x000001924a750000, 0x00000192513b0000]
CodeHeap 'profiled nmethods': size=120000Kb used=23663Kb max_used=25400Kb free=96336Kb
 bounds [0x00000192423b0000, 0x0000019243c80000, 0x00000192498e0000]
CodeHeap 'non-nmethods': size=5760Kb used=2403Kb max_used=2503Kb free=3356Kb
 bounds [0x00000192498e0000, 0x0000019249b60000, 0x0000019249e80000]
 total_blobs=13011 nmethods=12071 adapters=852
 compilation: enabled
              stopped_count=0, restarted_count=0
 full_count=0

Compilation events (20 events):
Event: 48.397 Thread 0x000001925d071d30 14460       1       org.gradle.internal.snapshot.impl.IsolatedEnumValueSnapshot::isolate (5 bytes)
Event: 48.397 Thread 0x000001925d071d30 nmethod 14460 0x000001924a20e410 code [0x000001924a20e5a0, 0x000001924a20e678]
Event: 48.398 Thread 0x000001925d071d30 14461       3       org.gradle.api.internal.CompositeDomainObjectSet$DomainObjectCompositeCollection::<init> (5 bytes)
Event: 48.398 Thread 0x000001925d071d30 nmethod 14461 0x0000019242caee90 code [0x0000019242caf060, 0x0000019242caf538]
Event: 48.398 Thread 0x000001925d071d30 14462       3       org.gradle.api.internal.DefaultDomainObjectSet::<init> (15 bytes)
Event: 48.398 Thread 0x000001925d071d30 nmethod 14462 0x0000019242e1dc10 code [0x0000019242e1ddc0, 0x0000019242e1e028]
Event: 48.398 Thread 0x000001925d071d30 14463       3       org.gradle.api.internal.CompositeDomainObjectSet$DomainObjectCompositeCollection::onRealize (1 bytes)
Event: 48.398 Thread 0x000001925d071d30 nmethod 14463 0x0000019242ce1f90 code [0x0000019242ce2120, 0x0000019242ce2238]
Event: 48.398 Thread 0x000001925d071d30 14464       3       org.gradle.api.internal.CompositeDomainObjectSet::<init> (40 bytes)
Event: 48.399 Thread 0x000001925d071d30 nmethod 14464 0x00000192429eae10 code [0x00000192429eb000, 0x00000192429eb6b8]
Event: 48.400 Thread 0x000001925d071d30 14465       1       org.gradle.api.attributes.Category$Impl::getName (5 bytes)
Event: 48.400 Thread 0x000001925d071d30 nmethod 14465 0x000001924a20e110 code [0x000001924a20e2a0, 0x000001924a20e378]
Event: 48.400 Thread 0x000001925d071d30 14466       3       org.gradle.api.internal.artifacts.configurations.DefaultConfiguration$$Lambda$835/0x000001925f720928::test (8 bytes)
Event: 48.401 Thread 0x000001925d071d30 nmethod 14466 0x000001924307c090 code [0x000001924307c240, 0x000001924307c5e8]
Event: 48.401 Thread 0x000001925d071d30 14467       3       org.gradle.api.internal.artifacts.configurations.DefaultConfiguration_Decorated::isCanBeMutated (45 bytes)
Event: 48.401 Thread 0x000001925d071d30 nmethod 14467 0x00000192434b0510 code [0x00000192434b06e0, 0x00000192434b0b58]
Event: 48.403 Thread 0x000001925d071d30 14468       2       org.gradle.api.internal.attributes.DefaultMutableAttributeContainer::asImmutable (55 bytes)
Event: 48.403 Thread 0x000001925d071d30 nmethod 14468 0x000001924333f510 code [0x000001924333f6e0, 0x000001924333f8f8]
Event: 48.403 Thread 0x000001925d071d30 14469       2       org.gradle.api.internal.attributes.DefaultMutableAttributeContainer::realizeAllLazyAttributes (42 bytes)
Event: 48.403 Thread 0x000001925d071d30 nmethod 14469 0x00000192430e9710 code [0x00000192430e98e0, 0x00000192430e9ba8]

GC Heap History (20 events):
Event: 37.074 GC heap after
{Heap after GC invocations=46 (full 0):
 garbage-first heap   total 178176K, used 119939K [0x0000000700000000, 0x0000000800000000)
  region size 2048K, 3 young (6144K), 3 survivors (6144K)
 Metaspace       used 83312K, committed 84352K, reserved 1179648K
  class space    used 11719K, committed 12224K, reserved 1048576K
}
Event: 37.963 GC heap before
{Heap before GC invocations=46 (full 0):
 garbage-first heap   total 178176K, used 144515K [0x0000000700000000, 0x0000000800000000)
  region size 2048K, 16 young (32768K), 3 survivors (6144K)
 Metaspace       used 83690K, committed 84800K, reserved 1179648K
  class space    used 11769K, committed 12288K, reserved 1048576K
}
Event: 37.977 GC heap after
{Heap after GC invocations=47 (full 0):
 garbage-first heap   total 215040K, used 125872K [0x0000000700000000, 0x0000000800000000)
  region size 2048K, 2 young (4096K), 2 survivors (4096K)
 Metaspace       used 83690K, committed 84800K, reserved 1179648K
  class space    used 11769K, committed 12288K, reserved 1048576K
}
Event: 39.447 GC heap before
{Heap before GC invocations=48 (full 0):
 garbage-first heap   total 219136K, used 172976K [0x0000000700000000, 0x0000000800000000)
  region size 2048K, 24 young (49152K), 2 survivors (4096K)
 Metaspace       used 84129K, committed 85248K, reserved 1179648K
  class space    used 11818K, committed 12352K, reserved 1048576K
}
Event: 39.466 GC heap after
{Heap after GC invocations=49 (full 0):
 garbage-first heap   total 219136K, used 143325K [0x0000000700000000, 0x0000000800000000)
  region size 2048K, 3 young (6144K), 3 survivors (6144K)
 Metaspace       used 84129K, committed 85248K, reserved 1179648K
  class space    used 11818K, committed 12352K, reserved 1048576K
}
Event: 39.516 GC heap before
{Heap before GC invocations=49 (full 0):
 garbage-first heap   total 219136K, used 147421K [0x0000000700000000, 0x0000000800000000)
  region size 2048K, 5 young (10240K), 3 survivors (6144K)
 Metaspace       used 84134K, committed 85248K, reserved 1179648K
  class space    used 11818K, committed 12352K, reserved 1048576K
}
Event: 39.525 GC heap after
{Heap after GC invocations=50 (full 0):
 garbage-first heap   total 219136K, used 145236K [0x0000000700000000, 0x0000000800000000)
  region size 2048K, 1 young (2048K), 1 survivors (2048K)
 Metaspace       used 84134K, committed 85248K, reserved 1179648K
  class space    used 11818K, committed 12352K, reserved 1048576K
}
Event: 40.273 GC heap before
{Heap before GC invocations=50 (full 0):
 garbage-first heap   total 219136K, used 171860K [0x0000000700000000, 0x0000000800000000)
  region size 2048K, 15 young (30720K), 1 survivors (2048K)
 Metaspace       used 84352K, committed 85440K, reserved 1179648K
  class space    used 11853K, committed 12352K, reserved 1048576K
}
Event: 40.280 GC heap after
{Heap after GC invocations=51 (full 0):
 garbage-first heap   total 219136K, used 152743K [0x0000000700000000, 0x0000000800000000)
  region size 2048K, 2 young (4096K), 2 survivors (4096K)
 Metaspace       used 84352K, committed 85440K, reserved 1179648K
  class space    used 11853K, committed 12352K, reserved 1048576K
}
Event: 40.920 GC heap before
{Heap before GC invocations=51 (full 0):
 garbage-first heap   total 219136K, used 177319K [0x0000000700000000, 0x0000000800000000)
  region size 2048K, 14 young (28672K), 2 survivors (4096K)
 Metaspace       used 84615K, committed 85824K, reserved 1179648K
  class space    used 11885K, committed 12416K, reserved 1048576K
}
Event: 40.931 GC heap after
{Heap after GC invocations=52 (full 0):
 garbage-first heap   total 219136K, used 158078K [0x0000000700000000, 0x0000000800000000)
  region size 2048K, 2 young (4096K), 2 survivors (4096K)
 Metaspace       used 84615K, committed 85824K, reserved 1179648K
  class space    used 11885K, committed 12416K, reserved 1048576K
}
Event: 41.641 GC heap before
{Heap before GC invocations=52 (full 0):
 garbage-first heap   total 219136K, used 178558K [0x0000000700000000, 0x0000000800000000)
  region size 2048K, 12 young (24576K), 2 survivors (4096K)
 Metaspace       used 84800K, committed 86016K, reserved 1179648K
  class space    used 11903K, committed 12416K, reserved 1048576K
}
Event: 41.653 GC heap after
{Heap after GC invocations=53 (full 0):
 garbage-first heap   total 219136K, used 161851K [0x0000000700000000, 0x0000000800000000)
  region size 2048K, 2 young (4096K), 2 survivors (4096K)
 Metaspace       used 84800K, committed 86016K, reserved 1179648K
  class space    used 11903K, committed 12416K, reserved 1048576K
}
Event: 42.326 GC heap before
{Heap before GC invocations=53 (full 0):
 garbage-first heap   total 219136K, used 180283K [0x0000000700000000, 0x0000000800000000)
  region size 2048K, 11 young (22528K), 2 survivors (4096K)
 Metaspace       used 84938K, committed 86208K, reserved 1179648K
  class space    used 11922K, committed 12480K, reserved 1048576K
}
Event: 42.336 GC heap after
{Heap after GC invocations=54 (full 0):
 garbage-first heap   total 335872K, used 165524K [0x0000000700000000, 0x0000000800000000)
  region size 2048K, 2 young (4096K), 2 survivors (4096K)
 Metaspace       used 84938K, committed 86208K, reserved 1179648K
  class space    used 11922K, committed 12480K, reserved 1048576K
}
Event: 44.886 GC heap before
{Heap before GC invocations=54 (full 0):
 garbage-first heap   total 335872K, used 257684K [0x0000000700000000, 0x0000000800000000)
  region size 2048K, 47 young (96256K), 2 survivors (4096K)
 Metaspace       used 85987K, committed 87424K, reserved 1179648K
  class space    used 12081K, committed 12736K, reserved 1048576K
}
Event: 44.914 GC heap after
{Heap after GC invocations=55 (full 0):
 garbage-first heap   total 335872K, used 180556K [0x0000000700000000, 0x0000000800000000)
  region size 2048K, 6 young (12288K), 6 survivors (12288K)
 Metaspace       used 85987K, committed 87424K, reserved 1179648K
  class space    used 12081K, committed 12736K, reserved 1048576K
}
Event: 46.558 GC heap before
{Heap before GC invocations=55 (full 0):
 garbage-first heap   total 335872K, used 254284K [0x0000000700000000, 0x0000000800000000)
  region size 2048K, 43 young (88064K), 6 survivors (12288K)
 Metaspace       used 86495K, committed 88000K, reserved 1179648K
  class space    used 12144K, committed 12800K, reserved 1048576K
}
Event: 46.606 GC heap after
{Heap after GC invocations=56 (full 0):
 garbage-first heap   total 335872K, used 197426K [0x0000000700000000, 0x0000000800000000)
  region size 2048K, 6 young (12288K), 6 survivors (12288K)
 Metaspace       used 86495K, committed 88000K, reserved 1179648K
  class space    used 12144K, committed 12800K, reserved 1048576K
}
Event: 48.404 GC heap before
{Heap before GC invocations=56 (full 0):
 garbage-first heap   total 335872K, used 262962K [0x0000000700000000, 0x0000000800000000)
  region size 2048K, 38 young (77824K), 6 survivors (12288K)
 Metaspace       used 92094K, committed 93568K, reserved 1179648K
  class space    used 12919K, committed 13568K, reserved 1048576K
}

Deoptimization events (20 events):
Event: 48.396 Thread 0x00000192a3605100 Uncommon trap: trap_request=0xffffffde fr.pc=0x0000019249ee3c78 relative=0x00000000000001f8
Event: 48.396 Thread 0x00000192a3605100 Uncommon trap: reason=class_check action=maybe_recompile pc=0x0000019249ee3c78 method=org.gradle.api.internal.attributes.DefaultMutableAttributeContainer.realizeAllLazyAttributes()V @ 4 c2
Event: 48.396 Thread 0x00000192a3605100 DEOPT PACKING pc=0x0000019249ee3c78 sp=0x000000397f7f94f0
Event: 48.396 Thread 0x00000192a3605100 DEOPT UNPACKING pc=0x00000192499323a3 sp=0x000000397f7f9428 mode 2
Event: 48.397 Thread 0x00000192a3605100 Uncommon trap: trap_request=0xffffffde fr.pc=0x0000019249ee3ca4 relative=0x0000000000000224
Event: 48.397 Thread 0x00000192a3605100 Uncommon trap: reason=class_check action=maybe_recompile pc=0x0000019249ee3ca4 method=org.gradle.api.internal.attributes.DefaultMutableAttributeContainer.realizeAllLazyAttributes()V @ 4 c2
Event: 48.397 Thread 0x00000192a3605100 DEOPT PACKING pc=0x0000019249ee3ca4 sp=0x000000397f7f9600
Event: 48.398 Thread 0x00000192a3605100 DEOPT UNPACKING pc=0x00000192499323a3 sp=0x000000397f7f94d0 mode 2
Event: 48.399 Thread 0x00000192a3605100 Uncommon trap: trap_request=0xffffffde fr.pc=0x0000019249ee3c78 relative=0x00000000000001f8
Event: 48.399 Thread 0x00000192a3605100 Uncommon trap: reason=class_check action=maybe_recompile pc=0x0000019249ee3c78 method=org.gradle.api.internal.attributes.DefaultMutableAttributeContainer.realizeAllLazyAttributes()V @ 4 c2
Event: 48.399 Thread 0x00000192a3605100 DEOPT PACKING pc=0x0000019249ee3c78 sp=0x000000397f7f94f0
Event: 48.399 Thread 0x00000192a3605100 DEOPT UNPACKING pc=0x00000192499323a3 sp=0x000000397f7f9428 mode 2
Event: 48.400 Thread 0x00000192a3605100 Uncommon trap: trap_request=0xffffffde fr.pc=0x0000019249ee3ca4 relative=0x0000000000000224
Event: 48.400 Thread 0x00000192a3605100 Uncommon trap: reason=class_check action=maybe_recompile pc=0x0000019249ee3ca4 method=org.gradle.api.internal.attributes.DefaultMutableAttributeContainer.realizeAllLazyAttributes()V @ 4 c2
Event: 48.400 Thread 0x00000192a3605100 DEOPT PACKING pc=0x0000019249ee3ca4 sp=0x000000397f7f9600
Event: 48.400 Thread 0x00000192a3605100 DEOPT UNPACKING pc=0x00000192499323a3 sp=0x000000397f7f94d0 mode 2
Event: 48.400 Thread 0x00000192a3605100 Uncommon trap: trap_request=0xffffffde fr.pc=0x0000019249ee3770 relative=0x0000000000000070
Event: 48.400 Thread 0x00000192a3605100 Uncommon trap: reason=class_check action=maybe_recompile pc=0x0000019249ee3770 method=org.gradle.api.internal.attributes.DefaultMutableAttributeContainer.realizeAllLazyAttributes()V @ 4 c2
Event: 48.400 Thread 0x00000192a3605100 DEOPT PACKING pc=0x0000019249ee3770 sp=0x000000397f7f9480
Event: 48.400 Thread 0x00000192a3605100 DEOPT UNPACKING pc=0x00000192499323a3 sp=0x000000397f7f9418 mode 2

Classes unloaded (0 events):
No events

Classes redefined (0 events):
No events

Internal exceptions (20 events):
Event: 46.916 Thread 0x00000192a3605100 Exception <a 'java/lang/ClassNotFoundException'{0x000000071382ba88}: org/gradle/api/tasks/SourceTaskBeanInfo> (0x000000071382ba88) 
thrown [s\open\src\hotspot\share\classfile\systemDictionary.cpp, line 256]
Event: 46.917 Thread 0x00000192a3605100 Exception <a 'java/lang/ClassNotFoundException'{0x00000007138370d0}: org/gradle/api/tasks/SourceTaskCustomizer> (0x00000007138370d0) 
thrown [s\open\src\hotspot\share\classfile\systemDictionary.cpp, line 256]
Event: 46.918 Thread 0x00000192a3605100 Exception <a 'java/lang/ClassNotFoundException'{0x0000000713869490}: org/gradle/api/tasks/compile/AbstractCompileCustomizer> (0x0000000713869490) 
thrown [s\open\src\hotspot\share\classfile\systemDictionary.cpp, line 256]
Event: 46.919 Thread 0x00000192a3605100 Exception <a 'java/lang/ClassNotFoundException'{0x00000007138900f8}: org/gradle/api/tasks/compile/JavaCompileCustomizer> (0x00000007138900f8) 
thrown [s\open\src\hotspot\share\classfile\systemDictionary.cpp, line 256]
Event: 46.922 Thread 0x00000192a3605100 Exception <a 'java/lang/ClassNotFoundException'{0x00000007138b7af8}: org/gradle/api/tasks/compile/JavaCompile_DecoratedCustomizer> (0x00000007138b7af8) 
thrown [s\open\src\hotspot\share\classfile\systemDictionary.cpp, line 256]
Event: 46.964 Thread 0x00000192a3605100 Exception <a 'java/lang/ClassNotFoundException'{0x000000071395fc78}: org/gradle/api/tasks/compile/CompileOptions_DecoratedBeanInfo> (0x000000071395fc78) 
thrown [s\open\src\hotspot\share\classfile\systemDictionary.cpp, line 256]
Event: 46.965 Thread 0x00000192a3605100 Exception <a 'java/lang/ClassNotFoundException'{0x000000071396da18}: org/gradle/api/tasks/compile/CompileOptionsBeanInfo> (0x000000071396da18) 
thrown [s\open\src\hotspot\share\classfile\systemDictionary.cpp, line 256]
Event: 46.966 Thread 0x00000192a3605100 Exception <a 'java/lang/ClassNotFoundException'{0x000000071397b7b0}: org/gradle/api/tasks/compile/AbstractOptionsBeanInfo> (0x000000071397b7b0) 
thrown [s\open\src\hotspot\share\classfile\systemDictionary.cpp, line 256]
Event: 46.967 Thread 0x00000192a3605100 Exception <a 'java/lang/ClassNotFoundException'{0x0000000713989528}: org/gradle/api/tasks/compile/AbstractOptionsCustomizer> (0x0000000713989528) 
thrown [s\open\src\hotspot\share\classfile\systemDictionary.cpp, line 256]
Event: 46.968 Thread 0x00000192a3605100 Exception <a 'java/lang/ClassNotFoundException'{0x0000000713999b48}: org/gradle/api/tasks/compile/CompileOptionsCustomizer> (0x0000000713999b48) 
thrown [s\open\src\hotspot\share\classfile\systemDictionary.cpp, line 256]
Event: 46.970 Thread 0x00000192a3605100 Exception <a 'java/lang/ClassNotFoundException'{0x00000007139dccd8}: org/gradle/api/tasks/compile/CompileOptions_DecoratedCustomizer> (0x00000007139dccd8) 
thrown [s\open\src\hotspot\share\classfile\systemDictionary.cpp, line 256]
Event: 47.251 Thread 0x00000192a3605100 Exception <a 'sun/nio/fs/WindowsException'{0x0000000712daf9f8}> (0x0000000712daf9f8) 
thrown [s\open\src\hotspot\share\prims\jni.cpp, line 516]
Event: 47.488 Thread 0x00000192a3605100 Exception <a 'java/lang/NullPointerException'{0x00000007124bdd38}> (0x00000007124bdd38) 
thrown [s\open\src\hotspot\share\interpreter\linkResolver.cpp, line 1433]
Event: 47.603 Thread 0x00000192a3605100 Implicit null exception at 0x000001924a30c961 to 0x000001924a30efec
Event: 47.910 Thread 0x00000192a3605100 Exception <a 'java/lang/NoSuchMethodError'{0x00000007119685c8}: 'int java.lang.invoke.DirectMethodHandle$Holder.invokeStatic(java.lang.Object, java.lang.Object, int, java.lang.Object)'> (0x00000007119685c8) 
thrown [s\open\src\hotspot\share\interpreter\linkResolver.cpp, line 759]
Event: 48.006 Thread 0x00000192a3605100 Exception <a 'sun/nio/fs/WindowsException'{0x0000000711681ed8}> (0x0000000711681ed8) 
thrown [s\open\src\hotspot\share\prims\jni.cpp, line 516]
Event: 48.008 Thread 0x00000192a3605100 Exception <a 'sun/nio/fs/WindowsException'{0x0000000711683268}> (0x0000000711683268) 
thrown [s\open\src\hotspot\share\prims\jni.cpp, line 516]
Event: 48.008 Thread 0x00000192a3605100 Exception <a 'sun/nio/fs/WindowsException'{0x0000000711684630}> (0x0000000711684630) 
thrown [s\open\src\hotspot\share\prims\jni.cpp, line 516]
Event: 48.008 Thread 0x00000192a3605100 Exception <a 'sun/nio/fs/WindowsException'{0x00000007116859f8}> (0x00000007116859f8) 
thrown [s\open\src\hotspot\share\prims\jni.cpp, line 516]
Event: 48.131 Thread 0x00000192a3605100 Implicit null exception at 0x000001924a4d1e0a to 0x000001924a4d2584

VM Operations (20 events):
Event: 44.914 Executing VM operation: G1CollectForAllocation done
Event: 45.929 Executing VM operation: Cleanup
Event: 45.929 Executing VM operation: Cleanup done
Event: 46.334 Executing VM operation: HandshakeAllThreads
Event: 46.337 Executing VM operation: HandshakeAllThreads done
Event: 46.364 Executing VM operation: HandshakeAllThreads
Event: 46.365 Executing VM operation: HandshakeAllThreads done
Event: 46.440 Executing VM operation: HandshakeAllThreads
Event: 46.440 Executing VM operation: HandshakeAllThreads done
Event: 46.481 Executing VM operation: ICBufferFull
Event: 46.481 Executing VM operation: ICBufferFull done
Event: 46.558 Executing VM operation: G1CollectForAllocation
Event: 46.607 Executing VM operation: G1CollectForAllocation done
Event: 47.611 Executing VM operation: Cleanup
Event: 47.612 Executing VM operation: Cleanup done
Event: 48.007 Executing VM operation: HandshakeAllThreads
Event: 48.007 Executing VM operation: HandshakeAllThreads done
Event: 48.039 Executing VM operation: HandshakeAllThreads
Event: 48.040 Executing VM operation: HandshakeAllThreads done
Event: 48.404 Executing VM operation: G1CollectForAllocation

Events (20 events):
Event: 48.009 loading class java/util/EnumMap$EntryIterator$Entry
Event: 48.009 loading class java/util/EnumMap$EntryIterator$Entry done
Event: 48.152 loading class java/util/concurrent/ConcurrentSkipListMap$KeySet
Event: 48.152 loading class java/util/concurrent/ConcurrentSkipListMap$KeySet done
Event: 48.152 loading class java/util/concurrent/ConcurrentSkipListMap$KeyIterator
Event: 48.152 loading class java/util/concurrent/ConcurrentSkipListMap$KeyIterator done
Event: 48.152 loading class java/net/InetAddress$NameServiceAddresses
Event: 48.152 loading class java/net/InetAddress$Addresses
Event: 48.152 loading class java/net/InetAddress$Addresses done
Event: 48.152 loading class java/net/InetAddress$NameServiceAddresses done
Event: 48.173 loading class sun/net/InetAddressCachePolicy
Event: 48.174 loading class sun/net/InetAddressCachePolicy done
Event: 48.174 loading class sun/net/InetAddressCachePolicy$1
Event: 48.174 loading class sun/net/InetAddressCachePolicy$1 done
Event: 48.174 loading class sun/net/InetAddressCachePolicy$2
Event: 48.174 loading class sun/net/InetAddressCachePolicy$2 done
Event: 48.174 loading class java/net/InetAddress$CachedAddresses
Event: 48.174 loading class java/net/InetAddress$CachedAddresses done
Event: 48.174 loading class java/net/InetAddress$CachedLocalHost
Event: 48.174 loading class java/net/InetAddress$CachedLocalHost done


Dynamic libraries:
0x00007ff6213d0000 - 0x00007ff6213e0000 	C:\Program Files\Java\jdk-17\bin\java.exe
0x00007ffd41c30000 - 0x00007ffd41e28000 	C:\Windows\SYSTEM32\ntdll.dll
0x00007ffd411a0000 - 0x00007ffd41262000 	C:\Windows\System32\KERNEL32.DLL
0x00007ffd3f3f0000 - 0x00007ffd3f6ee000 	C:\Windows\System32\KERNELBASE.dll
0x00007ffd3f8f0000 - 0x00007ffd3f9f0000 	C:\Windows\System32\ucrtbase.dll
0x00007ffd34d60000 - 0x00007ffd34d79000 	C:\Program Files\Java\jdk-17\bin\jli.dll
0x00007ffd40f60000 - 0x00007ffd41011000 	C:\Windows\System32\ADVAPI32.dll
0x00007ffd410a0000 - 0x00007ffd4113e000 	C:\Windows\System32\msvcrt.dll
0x00007ffd41a50000 - 0x00007ffd41aef000 	C:\Windows\System32\sechost.dll
0x00007ffd3fcb0000 - 0x00007ffd3fdd3000 	C:\Windows\System32\RPCRT4.dll
0x00007ffd3fc20000 - 0x00007ffd3fc47000 	C:\Windows\System32\bcrypt.dll
0x00007ffd40850000 - 0x00007ffd409ed000 	C:\Windows\System32\USER32.dll
0x00007ffd3fb50000 - 0x00007ffd3fb72000 	C:\Windows\System32\win32u.dll
0x00007ffd40590000 - 0x00007ffd405bb000 	C:\Windows\System32\GDI32.dll
0x00007ffd3f2d0000 - 0x00007ffd3f3e7000 	C:\Windows\System32\gdi32full.dll
0x00007ffd3fb80000 - 0x00007ffd3fc1d000 	C:\Windows\System32\msvcp_win.dll
0x00007ffd2af20000 - 0x00007ffd2af3b000 	C:\Program Files\Java\jdk-17\bin\VCRUNTIME140.dll
0x00007ffd2fc90000 - 0x00007ffd2ff2a000 	C:\Windows\WinSxS\amd64_microsoft.windows.common-controls_6595b64144ccf1df_6.0.19041.4355_none_60b8b9eb71f62e16\COMCTL32.dll
0x00007ffd358a0000 - 0x00007ffd358aa000 	C:\Windows\SYSTEM32\VERSION.dll
0x00007ffd3fdf0000 - 0x00007ffd3fe1f000 	C:\Windows\System32\IMM32.DLL
0x00007ffd362b0000 - 0x00007ffd362bc000 	C:\Program Files\Java\jdk-17\bin\vcruntime140_1.dll
0x00007ffd08310000 - 0x00007ffd0839e000 	C:\Program Files\Java\jdk-17\bin\msvcp140.dll
0x00007ffce9660000 - 0x00007ffcea240000 	C:\Program Files\Java\jdk-17\bin\server\jvm.dll
0x00007ffd3fde0000 - 0x00007ffd3fde8000 	C:\Windows\System32\PSAPI.DLL
0x00007ffd361f0000 - 0x00007ffd361f9000 	C:\Windows\SYSTEM32\WSOCK32.dll
0x00007ffd40e90000 - 0x00007ffd40efb000 	C:\Windows\System32\WS2_32.dll
0x00007ffd27d50000 - 0x00007ffd27d77000 	C:\Windows\SYSTEM32\WINMM.dll
0x00007ffd3db20000 - 0x00007ffd3db32000 	C:\Windows\SYSTEM32\kernel.appcore.dll
0x00007ffd35120000 - 0x00007ffd3512a000 	C:\Program Files\Java\jdk-17\bin\jimage.dll
0x00007ffd3a000000 - 0x00007ffd3a1e4000 	C:\Windows\SYSTEM32\DBGHELP.DLL
0x00007ffd25510000 - 0x00007ffd25544000 	C:\Windows\SYSTEM32\dbgcore.DLL
0x00007ffd3f7a0000 - 0x00007ffd3f822000 	C:\Windows\System32\bcryptPrimitives.dll
0x00007ffd1c970000 - 0x00007ffd1c995000 	C:\Program Files\Java\jdk-17\bin\java.dll
0x00007ffd03d30000 - 0x00007ffd03e07000 	C:\Program Files\Java\jdk-17\bin\jsvml.dll
0x00007ffd3fe20000 - 0x00007ffd4058d000 	C:\Windows\System32\SHELL32.dll
0x00007ffd3a1f0000 - 0x00007ffd3a994000 	C:\Windows\SYSTEM32\windows.storage.dll
0x00007ffd409f0000 - 0x00007ffd40d43000 	C:\Windows\System32\combase.dll
0x00007ffd3ed00000 - 0x00007ffd3ed2e000 	C:\Windows\SYSTEM32\Wldp.dll
0x00007ffd418f0000 - 0x00007ffd419bd000 	C:\Windows\System32\OLEAUT32.dll
0x00007ffd405c0000 - 0x00007ffd4066d000 	C:\Windows\System32\SHCORE.dll
0x00007ffd41140000 - 0x00007ffd41195000 	C:\Windows\System32\shlwapi.dll
0x00007ffd3f200000 - 0x00007ffd3f224000 	C:\Windows\SYSTEM32\profapi.dll
0x00007ffd28510000 - 0x00007ffd28529000 	C:\Program Files\Java\jdk-17\bin\net.dll
0x00007ffd31d30000 - 0x00007ffd31e3d000 	C:\Windows\SYSTEM32\WINHTTP.dll
0x00007ffd3ea60000 - 0x00007ffd3eaca000 	C:\Windows\system32\mswsock.dll
0x00007ffd26100000 - 0x00007ffd26116000 	C:\Program Files\Java\jdk-17\bin\nio.dll
0x00007ffd1f2a0000 - 0x00007ffd1f2b8000 	C:\Program Files\Java\jdk-17\bin\zip.dll
0x00007ffd2b0f0000 - 0x00007ffd2b100000 	C:\Program Files\Java\jdk-17\bin\verify.dll
0x00007ffd0d410000 - 0x00007ffd0d437000 	C:\Users\Al-Mahdi\.gradle\native\c067742578af261105cb4f569cf0c3c89f3d7b1fecec35dd04571415982c5e48\windows-amd64\native-platform.dll
0x00007ffceedf0000 - 0x00007ffceef34000 	C:\Users\Al-Mahdi\.gradle\native\38dada09dfb8b06ba9b0570ebf7e218e3eb74d4ef43ca46872605cf95ebc2f47\windows-amd64\native-platform-file-events.dll
0x00007ffd2bc40000 - 0x00007ffd2bc4a000 	C:\Program Files\Java\jdk-17\bin\management.dll
0x00007ffd2b7f0000 - 0x00007ffd2b7fb000 	C:\Program Files\Java\jdk-17\bin\management_ext.dll
0x00007ffd3ec50000 - 0x00007ffd3ec68000 	C:\Windows\SYSTEM32\CRYPTSP.dll
0x00007ffd3e310000 - 0x00007ffd3e344000 	C:\Windows\system32\rsaenh.dll
0x00007ffd3f180000 - 0x00007ffd3f1ae000 	C:\Windows\SYSTEM32\USERENV.dll
0x00007ffd3ec70000 - 0x00007ffd3ec7c000 	C:\Windows\SYSTEM32\CRYPTBASE.dll
0x00007ffd3e6f0000 - 0x00007ffd3e72b000 	C:\Windows\SYSTEM32\IPHLPAPI.DLL
0x00007ffd40d50000 - 0x00007ffd40d58000 	C:\Windows\System32\NSI.dll
0x00007ffd32cd0000 - 0x00007ffd32ce7000 	C:\Windows\SYSTEM32\dhcpcsvc6.DLL
0x00007ffd34400000 - 0x00007ffd3441d000 	C:\Windows\SYSTEM32\dhcpcsvc.DLL
0x00007ffd3e740000 - 0x00007ffd3e80a000 	C:\Windows\SYSTEM32\DNSAPI.dll
0x00007ffd30630000 - 0x00007ffd3063e000 	C:\Program Files\Java\jdk-17\bin\sunmscapi.dll
0x00007ffd3f9f0000 - 0x00007ffd3fb4c000 	C:\Windows\System32\CRYPT32.dll
0x00007ffd3ed70000 - 0x00007ffd3ed97000 	C:\Windows\SYSTEM32\ncrypt.dll
0x00007ffd3ed30000 - 0x00007ffd3ed6b000 	C:\Windows\SYSTEM32\NTASN1.dll
0x00007ffd2f800000 - 0x00007ffd2f807000 	C:\Windows\system32\wshunix.dll
0x00007ffd36220000 - 0x00007ffd36237000 	C:\Windows\system32\napinsp.dll
0x00007ffd36200000 - 0x00007ffd3621b000 	C:\Windows\system32\pnrpnsp.dll
0x00007ffd38320000 - 0x00007ffd38335000 	C:\Windows\system32\wshbth.dll
0x00007ffd36290000 - 0x00007ffd362ad000 	C:\Windows\system32\NLAapi.dll
0x00007ffd30cf0000 - 0x00007ffd30d02000 	C:\Windows\System32\winrnr.dll
0x00007ffd28e00000 - 0x00007ffd28e0a000 	C:\Windows\System32\rasadhlp.dll
0x00007ffd28e40000 - 0x00007ffd28ec0000 	C:\Windows\System32\fwpuclnt.dll

dbghelp: loaded successfully - version: 4.0.5 - missing functions: none
symbol engine: initialized successfully - sym options: 0x614 - pdb path: .;C:\Program Files\Java\jdk-17\bin;C:\Windows\SYSTEM32;C:\Windows\WinSxS\amd64_microsoft.windows.common-controls_6595b64144ccf1df_6.0.19041.4355_none_60b8b9eb71f62e16;C:\Program Files\Java\jdk-17\bin\server;C:\Users\Al-Mahdi\.gradle\native\c067742578af261105cb4f569cf0c3c89f3d7b1fecec35dd04571415982c5e48\windows-amd64;C:\Users\Al-Mahdi\.gradle\native\38dada09dfb8b06ba9b0570ebf7e218e3eb74d4ef43ca46872605cf95ebc2f47\windows-amd64

VM Arguments:
jvm_args: -XX:MaxMetaspaceSize=2G -XX:+HeapDumpOnOutOfMemoryError --add-opens=java.base/java.util=ALL-UNNAMED --add-opens=java.base/java.lang=ALL-UNNAMED --add-opens=java.base/java.lang.invoke=ALL-UNNAMED --add-opens=java.prefs/java.util.prefs=ALL-UNNAMED --add-opens=java.base/java.nio.charset=ALL-UNNAMED --add-opens=java.base/java.net=ALL-UNNAMED --add-opens=java.base/java.util.concurrent.atomic=ALL-UNNAMED -Xmx4G -Dfile.encoding=windows-1252 -Duser.country=US -Duser.language=en -Duser.variant 
java_command: org.gradle.launcher.daemon.bootstrap.GradleDaemon 7.6.3
java_class_path (initial): C:\Users\Al-Mahdi\.gradle\wrapper\dists\gradle-7.6.3-all\aocdy2d2z8kodnny3rsumj8i8\gradle-7.6.3\lib\gradle-launcher-7.6.3.jar
Launcher Type: SUN_STANDARD

[Global flags]
     intx CICompilerCount                          = 3                                         {product} {ergonomic}
     uint ConcGCThreads                            = 1                                         {product} {ergonomic}
     uint G1ConcRefinementThreads                  = 4                                         {product} {ergonomic}
   size_t G1HeapRegionSize                         = 2097152                                   {product} {ergonomic}
    uintx GCDrainStackTargetSize                   = 64                                        {product} {ergonomic}
     bool HeapDumpOnOutOfMemoryError               = true                                   {manageable} {command line}
   size_t InitialHeapSize                          = 132120576                                 {product} {ergonomic}
   size_t MarkStackSize                            = 4194304                                   {product} {ergonomic}
   size_t MaxHeapSize                              = 4294967296                                {product} {command line}
   size_t MaxMetaspaceSize                         = 2147483648                                {product} {command line}
   size_t MaxNewSize                               = 2575302656                                {product} {ergonomic}
   size_t MinHeapDeltaBytes                        = 2097152                                   {product} {ergonomic}
   size_t MinHeapSize                              = 8388608                                   {product} {ergonomic}
    uintx NonNMethodCodeHeapSize                   = 5832780                                {pd product} {ergonomic}
    uintx NonProfiledCodeHeapSize                  = 122912730                              {pd product} {ergonomic}
    uintx ProfiledCodeHeapSize                     = 122912730                              {pd product} {ergonomic}
    uintx ReservedCodeCacheSize                    = 251658240                              {pd product} {ergonomic}
     bool SegmentedCodeCache                       = true                                      {product} {ergonomic}
   size_t SoftMaxHeapSize                          = 4294967296                             {manageable} {ergonomic}
     bool UseCompressedClassPointers               = true                           {product lp64_product} {ergonomic}
     bool UseCompressedOops                        = true                           {product lp64_product} {ergonomic}
     bool UseG1GC                                  = true                                      {product} {ergonomic}
     bool UseLargePagesIndividualAllocation        = false                                  {pd product} {ergonomic}

Logging:
Log output configuration:
 #0: stdout all=warning uptime,level,tags
 #1: stderr all=off uptime,level,tags

Environment Variables:
JAVA_HOME=C:\Program Files\Java\jdk-17
CLASSPATH=D:\khara\rct_app\android\\gradle\wrapper\gradle-wrapper.jar
PATH=C:\Program Files\Java\jdk-17\bin;C:\Program Files\Common Files\Oracle\Java\javapath;C:\Program Files (x86)\Common Files\Intel\Shared Libraries\redist\intel64\compiler;C:\Windows\system32;C:\Windows;C:\Windows\System32\Wbem;C:\Windows\System32\WindowsPowerShell\v1.0\;C:\Windows\System32\OpenSSH\;C:\Program Files\Git\cmd;C:\Users\Al-Mahdi\AppData\Local\Pub\Cache\bin;C:\Program Files\nodejs\;C:\Program Files\Java\jdk-17\bin;C:\Users\Al-Mahdi\AppData\Local\Microsoft\WindowsApps;C:\src\flutter\bin;C:\dart-sdk\bin;C:\Users\Al-Mahdi\Downloads\flutter_tools;C:\Users\Al-Mahdi\AppData\Local\Programs\Microsoft VS Code\bin;C:\ProgramData\Microsoft\Windows\Start Menu\Programs\Android Studio;C:\Users\Al-Mahdi\AppData\Local\Pub\Cache\bin;C:\Users\Al-Mahdi\AppData\Roaming\npm;C:\Program Files\Java\jdk-17\bin;;C:\src\flutter\bin\mingit\cmd;C:\src\flutter\bin\mingit\cmd
USERNAME=Al-Mahdi
OS=Windows_NT
PROCESSOR_IDENTIFIER=Intel64 Family 6 Model 142 Stepping 9, GenuineIntel



---------------  S Y S T E M  ---------------

OS:
 Windows 10 , 64 bit Build 19041 (10.0.19041.5072)
OS uptime: 0 days 4:19 hours

CPU: total 4 (initial active 4) (2 cores per cpu, 2 threads per core) family 6 model 142 stepping 9 microcode 0xf4, cx8, cmov, fxsr, ht, mmx, 3dnowpref, sse, sse2, sse3, ssse3, sse4.1, sse4.2, popcnt, lzcnt, tsc, tscinvbit, avx, avx2, aes, erms, clmul, bmi1, bmi2, rtm, adx, fma, vzeroupper, clflush, clflushopt

Memory: 4k page, system-wide physical 8050M (1752M free)
TotalPageFile size 17266M (AvailPageFile size 8982M)
current process WorkingSet (physical memory assigned to process): 619M, peak: 621M
current process commit charge ("private bytes"): 675M, peak: 677M

vm_info: Java HotSpot(TM) 64-Bit Server VM (17.0.12+8-LTS-286) for windows-amd64 JRE (17.0.12+8-LTS-286), built on Jun  5 2024 06:46:59 by "mach5one" with MS VC++ 17.6 (VS2022)

END.
