#
# A fatal error has been detected by the Java Runtime Environment:
#
#  EXCEPTION_ACCESS_VIOLATION (0xc0000005) at pc=0x00007fffd6e34c09, pid=788, tid=10936
#
# JRE version: Java(TM) SE Runtime Environment (17.0.12+8) (build 17.0.12+8-LTS-286)
# Java VM: Java HotSpot(TM) 64-Bit Server VM (17.0.12+8-LTS-286, mixed mode, sharing, tiered, compressed oops, compressed class ptrs, g1 gc, windows-amd64)
# Problematic frame:
# V  [jvm.dll+0x304c09]
#
# No core dump will be written. Minidumps are not enabled by default on client versions of Windows
#
# If you would like to submit a bug report, please visit:
#   https://bugreport.java.com/bugreport/crash.jsp
#

---------------  S U M M A R Y ------------

Command Line: -XX:MaxMetaspaceSize=2G -XX:+HeapDumpOnOutOfMemoryError --add-opens=java.base/java.util=ALL-UNNAMED --add-opens=java.base/java.lang=ALL-UNNAMED --add-opens=java.base/java.lang.invoke=ALL-UNNAMED --add-opens=java.prefs/java.util.prefs=ALL-UNNAMED --add-opens=java.base/java.nio.charset=ALL-UNNAMED --add-opens=java.base/java.net=ALL-UNNAMED --add-opens=java.base/java.util.concurrent.atomic=ALL-UNNAMED -Xmx4G -Dfile.encoding=windows-1252 -Duser.country=US -Duser.language=en -Duser.variant org.gradle.launcher.daemon.bootstrap.GradleDaemon 7.6.3

Host: Intel(R) Core(TM) i5-7300U CPU @ 2.60GHz, 4 cores, 7G,  Windows 10 , 64 bit Build 19041 (10.0.19041.5072)
Time: Wed Dec 11 19:04:36 2024 Egypt Standard Time elapsed time: 151.030863 seconds (0d 0h 2m 31s)

---------------  T H R E A D  ---------------

Current thread (0x0000019fcd97d9a0):  GCTaskThread "GC Thread#2" [stack: 0x00000048bad00000,0x00000048bae00000] [id=10936]

Stack: [0x00000048bad00000,0x00000048bae00000],  sp=0x00000048badff400,  free space=1021k
Native frames: (J=compiled Java code, j=interpreted, Vv=VM code, C=native code)
V  [jvm.dll+0x304c09]
V  [jvm.dll+0x30190e]
V  [jvm.dll+0x310113]
V  [jvm.dll+0x311f2b]
V  [jvm.dll+0x31070d]
V  [jvm.dll+0x311ada]
V  [jvm.dll+0x2dc663]
V  [jvm.dll+0x2ddf0b]
V  [jvm.dll+0x80832b]
V  [jvm.dll+0x808376]
V  [jvm.dll+0x78abea]
V  [jvm.dll+0x678f35]
C  [ucrtbase.dll+0x21bb2]
C  [KERNEL32.DLL+0x17374]
C  [ntdll.dll+0x4cc91]


siginfo: EXCEPTION_ACCESS_VIOLATION (0xc0000005), reading address 0x000000061757ff38


Registers:
RAX=0x0000000000000000, RBX=0x00000007183a4219, RCX=0x0000000000000015, RDX=0x0000000000000000
RSP=0x00000048badff400, RBP=0x00000000000015bd, RSI=0x00000007183a4218, RDI=0x0000019fd3ead730
R8 =0x00000007183a4208, R9 =0x000000071761d118, R10=0x000000061757ff38, R11=0x0000000000000001
R12=0x00000048badff660, R13=0x0000019fe59e9ac0, R14=0x0000000000000040, R15=0x0000000000000000
RIP=0x00007fffd6e34c09, EFLAGS=0x0000000000010246


Register to memory mapping:

RIP=0x00007fffd6e34c09 jvm.dll
RAX=0x0 is NULL
RBX=0x00000007183a4219 is pointing into object: java.util.HashMap$Node 
{0x00000007183a4208} - klass: 'java/util/HashMap$Node'
 - ---- fields (total size 4 words):
 - final 'hash' 'I' @12  -1374993638 (ae0b431a)
 - final 'key' 'Ljava/lang/Object;' @16  
[error occurred during error reporting (printing register info), id 0xc0000005, EXCEPTION_ACCESS_VIOLATION (0xc0000005) at pc=0x00007fffd6ebeb3e]

Top of Stack: (sp=0x00000048badff400)
0x00000048badff400:   000000071c0c0000 0000000000000100
0x00000048badff410:   0000019f00000000 0000000000000009
0x00000048badff420:   0000019ffcb70900 0000000000000003
0x00000048badff430:   00000000000000c0 00000048badff660
0x00000048badff440:   0000000718124c00 00007fffd6e3190e
0x00000048badff450:   0000000718107e00 0000019fd3ead730
0x00000048badff460:   0000019fe59e9ac0 0000019ffcb70900
0x00000048badff470:   000000005a0140c0 0000005f576c5ab6
0x00000048badff480:   00000048badff660 0000000718124c00
0x00000048badff490:   0000000718125210 00007fffd6e40113
0x00000048badff4a0:   0000000718124c00 00000048badff4c0
0x00000048badff4b0:   00000048badff4d0 00000048badff660
0x00000048badff4c0:   0000000718124c00 00000000000000c0
0x00000048badff4d0:   00007fffd742fe88 0000000000000000
0x00000048badff4e0:   0000019fe59fc5a0 0000019fd3ead730
0x00000048badff4f0:   0000019ffcb70940 00007fffd6e41f2b 

Instructions: (pc=0x00007fffd6e34c09)
0x00007fffd6e34b09:   ff 48 8d 53 fe 48 8b cf e8 aa f6 ff ff e9 35 fd
0x00007fffd6e34b19:   ff ff 0f 1f 44 00 00 48 8b 77 10 8b ae 80 00 00
0x00007fffd6e34b29:   00 8b cd 8b 86 00 01 00 00 2b c8 81 e1 ff ff 01
0x00007fffd6e34b39:   00 41 3b ce 0f 86 e9 02 00 00 ff cd 81 e5 ff ff
0x00007fffd6e34b49:   01 00 89 ae 80 00 00 00 e8 ba 6c 36 00 90 8b d5
0x00007fffd6e34b59:   8b 86 00 01 00 00 8b cd 48 8b 9e 80 01 00 00 2b
0x00007fffd6e34b69:   c8 81 e1 ff ff 01 00 81 f9 ff ff 01 00 48 8b 1c
0x00007fffd6e34b79:   eb 41 0f 44 cf 85 c9 75 3d 90 89 6c 24 50 48 8b
0x00007fffd6e34b89:   86 00 01 00 00 48 8b c8 48 c1 e9 20 ff c1 89 4c
0x00007fffd6e34b99:   24 54 3b e8 0f 85 77 02 00 00 48 c1 e1 20 48 0b
0x00007fffd6e34ba9:   ca f0 48 0f b1 8e 00 01 00 00 0f 85 61 02 00 00
0x00007fffd6e34bb9:   8b 86 00 01 00 00 f6 c3 01 0f 84 2f 01 00 00 8b
0x00007fffd6e34bc9:   0d ea c6 79 00 48 8d 73 ff 48 8b 47 08 44 8b 16
0x00007fffd6e34bd9:   49 d3 e2 4c 03 15 cd c6 79 00 8b 88 90 05 00 00
0x00007fffd6e34be9:   49 8b d2 48 8b 80 80 05 00 00 48 d3 ea 0f b7 14
0x00007fffd6e34bf9:   50 0f b7 c2 66 c1 e8 08 84 c0 0f 88 17 ff ff ff
0x00007fffd6e34c09:   4d 8b 02 41 0f b6 c0 24 03 3c 03 75 1e 44 38 3d
0x00007fffd6e34c19:   c4 43 80 00 74 0f 41 0f b6 c0 24 07 3c 05 75 05
0x00007fffd6e34c29:   4d 8b c7 eb 17 49 83 e0 fc eb 11 4d 8b c8 48 8b
0x00007fffd6e34c39:   cf 4d 8b c2 e8 be f0 ff ff 4c 8b c0 8b 0d 6d c6
0x00007fffd6e34c49:   79 00 49 8b d0 48 2b 15 5b c6 79 00 48 d3 ea 89
0x00007fffd6e34c59:   16 48 8b d6 8b 0d 0d 4c 80 00 49 33 d0 48 d3 ea
0x00007fffd6e34c69:   48 85 d2 0f 84 ae fe ff ff 48 8b 47 08 48 8b d6
0x00007fffd6e34c79:   8b 88 c0 01 00 00 48 8b 80 b0 01 00 00 48 d3 ea
0x00007fffd6e34c89:   48 8b 0c d0 8b 81 94 00 00 00 d1 e8 a8 01 0f 85
0x00007fffd6e34c99:   83 fe ff ff 48 8b 47 08 8b 88 90 05 00 00 48 8b
0x00007fffd6e34ca9:   80 80 05 00 00 49 d3 e8 46 38 3c 40 0f 84 65 fe
0x00007fffd6e34cb9:   ff ff 48 8b 47 60 48 c1 ee 09 48 8b 58 40 48 8b
0x00007fffd6e34cc9:   48 38 48 03 de 48 2b d9 48 39 9f b0 01 00 00 0f
0x00007fffd6e34cd9:   84 42 fe ff ff 48 8d 14 19 48 8d 4f 18 e8 45 40
0x00007fffd6e34ce9:   00 00 48 89 9f b0 01 00 00 e9 29 fe ff ff f6 c3
0x00007fffd6e34cf9:   03 0f 85 09 01 00 00 48 8b 47 08 4c 8b 13 49 8b 


Stack slot to memory mapping:
stack at sp + 0 slots: 0x000000071c0c0000 is pointing into object: org.gradle.cache.internal.btree.BTreePersistentIndexedCache$IndexEntry 
{0x000000071c0bfff0} - klass: 'org/gradle/cache/internal/btree/BTreePersistentIndexedCache$IndexEntry'
 - ---- fields (total size 4 words):
 - 'dataBlock' 'Lorg/gradle/cache/internal/btree/BlockPointer;' @12  a 'org/gradle/cache/internal/btree/BlockPointer'{0x000000071c0c0010} (e3818002)
 - 'hashCode' 'J' @16  -8227307103071694465 (a75d117f 8dd2bbc7)
 - 'childIndexBlock' 'Lorg/gradle/cache/internal/btree/BlockPointer;' @24  a 'org/gradle/cache/internal/btree/BlockPointer'{0x0000000701b70870} (e036e10e)
stack at sp + 1 slots: 0x0000000000000100 is an unknown value
stack at sp + 2 slots: 0x0000019f00000000 is an unknown value
stack at sp + 3 slots: 0x0000000000000009 is an unknown value
stack at sp + 4 slots: 0x0000019ffcb70900 points into unknown readable memory: 0xffffffffffffffff | ff ff ff ff ff ff ff ff
stack at sp + 5 slots: 0x0000000000000003 is an unknown value
stack at sp + 6 slots: 0x00000000000000c0 is an unknown value
stack at sp + 7 slots: 0x00000048badff660 points into unknown readable memory: 0x00007fffd7430078 | 78 00 43 d7 ff 7f 00 00


---------------  P R O C E S S  ---------------

Threads class SMR info:
_java_thread_list=0x0000019fd2eb2170, length=105, elements={
0x0000019fe59ea540, 0x0000019ffff51f90, 0x0000019ffff52d20, 0x0000019ffff65240,
0x0000019ffff68c30, 0x0000019ffff69500, 0x0000019ffff6ade0, 0x0000019ffff6ba90,
0x0000019ffff6ec00, 0x0000019fcd138810, 0x0000019fcd1f6540, 0x0000019fcd1fec70,
0x0000019fcf218540, 0x0000019fce628a70, 0x0000019fce536fb0, 0x0000019fce312ea0,
0x0000019fce4d6f50, 0x0000019fce1f2ee0, 0x0000019fce1f33f0, 0x0000019fce1f3900,
0x0000019fce1f1590, 0x0000019fce1f3e10, 0x0000019fce1f24c0, 0x0000019fce1f0660,
0x0000019fce1f1080, 0x0000019fce1f1aa0, 0x0000019fce1f1fb0, 0x0000019fce1f29d0,
0x0000019fd0c5cc20, 0x0000019fd0c5f4a0, 0x0000019fd0c5adc0, 0x0000019fd0c59e90,
0x0000019fd0c5e570, 0x0000019fd0c59980, 0x0000019fd0c5bcf0, 0x0000019fd0c59470,
0x0000019fd0c5d130, 0x0000019fd0c5e060, 0x0000019fd0c5c200, 0x0000019fd0c5d640,
0x0000019fd0c5c710, 0x0000019fd0c5db50, 0x0000019fd0c5ea80, 0x0000019fd0c5b7e0,
0x0000019fd0c5ef90, 0x0000019fd0c5f9b0, 0x0000019fd0c58f60, 0x0000019fd0c608e0,
0x0000019fd0c5a3a0, 0x0000019fd0c5b2d0, 0x0000019fd0c5a8b0, 0x0000019fcd306a70,
0x0000019fcd304c10, 0x0000019fcd306f80, 0x0000019fcd303ce0, 0x0000019fcd307490,
0x0000019fcd304700, 0x0000019fcd305120, 0x0000019fcd305630, 0x0000019fcd305b40,
0x0000019fcd306050, 0x0000019fcd306560, 0x0000019fd05a9c30, 0x0000019fd05a5550,
0x0000019fd05a78c0, 0x0000019fd05a6480, 0x0000019fd05a9210, 0x0000019fd05a31e0,
0x0000019fd05a6990, 0x0000019fd05a7dd0, 0x0000019fd05a82e0, 0x0000019fd05a5a60,
0x0000019fd05a5f70, 0x0000019fd05a6ea0, 0x0000019fd05a73b0, 0x0000019fd05a2cd0,
0x0000019fd05a36f0, 0x0000019fd05a8d00, 0x0000019fd05a87f0, 0x0000019fd05a9720,
0x0000019fd05a4110, 0x0000019fd05a3c00, 0x0000019fd05a27c0, 0x0000019fd05a4620,
0x0000019fd05aa140, 0x0000019fd05a4b30, 0x0000019fd05a5040, 0x0000019fd1d9ca90,
0x0000019fd1d97ea0, 0x0000019fd1d988c0, 0x0000019fd1d9e3e0, 0x0000019fd1d983b0,
0x0000019fd1d97990, 0x0000019fd1d9c070, 0x0000019fcd3041f0, 0x0000019fd29eedf0,
0x0000019fd29f0230, 0x0000019fd29f0740, 0x0000019fd29f2090, 0x0000019fd29f25a0,
0x0000019fd29f2fc0, 0x0000019fd29f39e0, 0x0000019fd29f1160, 0x0000019fd1d9ee00,
0x0000019fd9f274b0
}

Java Threads: ( => current thread )
  0x0000019fe59ea540 JavaThread "main" [_thread_blocked, id=11436, stack(0x00000048b9800000,0x00000048b9900000)]
  0x0000019ffff51f90 JavaThread "Reference Handler" daemon [_thread_blocked, id=3908, stack(0x00000048b9f00000,0x00000048ba000000)]
  0x0000019ffff52d20 JavaThread "Finalizer" daemon [_thread_blocked, id=3704, stack(0x00000048ba000000,0x00000048ba100000)]
  0x0000019ffff65240 JavaThread "Signal Dispatcher" daemon [_thread_blocked, id=11816, stack(0x00000048ba100000,0x00000048ba200000)]
  0x0000019ffff68c30 JavaThread "Attach Listener" daemon [_thread_blocked, id=6168, stack(0x00000048ba200000,0x00000048ba300000)]
  0x0000019ffff69500 JavaThread "Service Thread" daemon [_thread_blocked, id=3792, stack(0x00000048ba300000,0x00000048ba400000)]
  0x0000019ffff6ade0 JavaThread "Monitor Deflation Thread" daemon [_thread_blocked, id=5896, stack(0x00000048ba400000,0x00000048ba500000)]
  0x0000019ffff6ba90 JavaThread "C2 CompilerThread0" daemon [_thread_blocked, id=6716, stack(0x00000048ba500000,0x00000048ba600000)]
  0x0000019ffff6ec00 JavaThread "C1 CompilerThread0" daemon [_thread_blocked, id=9020, stack(0x00000048ba600000,0x00000048ba700000)]
  0x0000019fcd138810 JavaThread "Sweeper thread" daemon [_thread_blocked, id=8460, stack(0x00000048ba700000,0x00000048ba800000)]
  0x0000019fcd1f6540 JavaThread "Common-Cleaner" daemon [_thread_blocked, id=9952, stack(0x00000048ba800000,0x00000048ba900000)]
  0x0000019fcd1fec70 JavaThread "Notification Thread" daemon [_thread_blocked, id=5588, stack(0x00000048ba900000,0x00000048baa00000)]
  0x0000019fcf218540 JavaThread "Daemon health stats" [_thread_blocked, id=9600, stack(0x00000048baf00000,0x00000048bb000000)]
  0x0000019fce628a70 JavaThread "Incoming local TCP Connector on port 52449" [_thread_in_native, id=3612, stack(0x00000048bb000000,0x00000048bb100000)]
  0x0000019fce536fb0 JavaThread "Daemon periodic checks" [_thread_blocked, id=4504, stack(0x00000048bb100000,0x00000048bb200000)]
  0x0000019fce312ea0 JavaThread "Daemon" [_thread_blocked, id=3664, stack(0x00000048bab00000,0x00000048bac00000)]
  0x0000019fce4d6f50 JavaThread "Handler for socket connection from /127.0.0.1:52449 to /127.0.0.1:52450" [_thread_in_native, id=8264, stack(0x00000048bb200000,0x00000048bb300000)]
  0x0000019fce1f2ee0 JavaThread "Cancel handler" [_thread_blocked, id=11580, stack(0x00000048bb300000,0x00000048bb400000)]
  0x0000019fce1f33f0 JavaThread "Daemon worker" [_thread_blocked, id=1708, stack(0x00000048bb400000,0x00000048bb500000)]
  0x0000019fce1f3900 JavaThread "Asynchronous log dispatcher for DefaultDaemonConnection: socket connection from /127.0.0.1:52449 to /127.0.0.1:52450" [_thread_blocked, id=11732, stack(0x00000048bb500000,0x00000048bb600000)]
  0x0000019fce1f1590 JavaThread "Stdin handler" [_thread_blocked, id=10524, stack(0x00000048bb600000,0x00000048bb700000)]
  0x0000019fce1f3e10 JavaThread "Daemon client event forwarder" [_thread_blocked, id=1688, stack(0x00000048bb700000,0x00000048bb800000)]
  0x0000019fce1f24c0 JavaThread "Cache worker for journal cache (C:\Users\Al-Mahdi\.gradle\caches\journal-1)" [_thread_blocked, id=952, stack(0x00000048bb800000,0x00000048bb900000)]
  0x0000019fce1f0660 JavaThread "File lock request listener" [_thread_in_native, id=8944, stack(0x00000048bb900000,0x00000048bba00000)]
  0x0000019fce1f1080 JavaThread "Cache worker for file hash cache (C:\Users\Al-Mahdi\.gradle\caches\7.6.3\fileHashes)" [_thread_blocked, id=10868, stack(0x00000048bba00000,0x00000048bbb00000)]
  0x0000019fce1f1aa0 JavaThread "File watcher server" daemon [_thread_blocked, id=11104, stack(0x00000048bbc00000,0x00000048bbd00000)]
  0x0000019fce1f1fb0 JavaThread "File watcher consumer" daemon [_thread_blocked, id=8240, stack(0x00000048bbd00000,0x00000048bbe00000)]
  0x0000019fce1f29d0 JavaThread "Cache worker for checksums cache (E:\anas\rct_app\android\.gradle\7.6.3\checksums)" [_thread_blocked, id=7036, stack(0x00000048bbe00000,0x00000048bbf00000)]
  0x0000019fd0c5cc20 JavaThread "Cache worker for cache directory md-rule (C:\Users\Al-Mahdi\.gradle\caches\7.6.3\md-rule)" [_thread_blocked, id=8440, stack(0x00000048bbf00000,0x00000048bc000000)]
  0x0000019fd0c5f4a0 JavaThread "Cache worker for file content cache (C:\Users\Al-Mahdi\.gradle\caches\7.6.3\fileContent)" [_thread_blocked, id=11592, stack(0x00000048bc000000,0x00000048bc100000)]
  0x0000019fd0c5adc0 JavaThread "Cache worker for file hash cache (E:\anas\rct_app\android\.gradle\7.6.3\fileHashes)" [_thread_blocked, id=1252, stack(0x00000048bbb00000,0x00000048bbc00000)]
  0x0000019fd0c59e90 JavaThread "Cache worker for cache directory md-supplier (C:\Users\Al-Mahdi\.gradle\caches\7.6.3\md-supplier)" [_thread_blocked, id=7744, stack(0x00000048bc100000,0x00000048bc200000)]
  0x0000019fd0c5e570 JavaThread "Cache worker for execution history cache (C:\Users\Al-Mahdi\.gradle\caches\7.6.3\executionHistory)" [_thread_blocked, id=10852, stack(0x00000048bc300000,0x00000048bc400000)]
  0x0000019fd0c59980 JavaThread "jar transforms" [_thread_blocked, id=9644, stack(0x00000048bc500000,0x00000048bc600000)]
  0x0000019fd0c5bcf0 JavaThread "Cache worker for kotlin-dsl (C:\Users\Al-Mahdi\.gradle\caches\7.6.3\kotlin-dsl)" [_thread_blocked, id=12268, stack(0x00000048bc600000,0x00000048bc700000)]
  0x0000019fd0c59470 JavaThread "jar transforms Thread 2" [_thread_blocked, id=3756, stack(0x00000048bc700000,0x00000048bc800000)]
  0x0000019fd0c5d130 JavaThread "Cache worker for dependencies-accessors (E:\anas\rct_app\android\.gradle\7.6.3\dependencies-accessors)" [_thread_blocked, id=11668, stack(0x00000048bc800000,0x00000048bc900000)]
  0x0000019fd0c5e060 JavaThread "Cache worker for Build Output Cleanup Cache (C:\src\flutter\packages\flutter_tools\gradle\.gradle\buildOutputCleanup)" [_thread_blocked, id=8008, stack(0x00000048bc900000,0x00000048bca00000)]
  0x0000019fd0c5c200 JavaThread "jar transforms Thread 3" [_thread_blocked, id=6568, stack(0x00000048bca00000,0x00000048bcb00000)]
  0x0000019fd0c5d640 JavaThread "Memory manager" [_thread_blocked, id=4632, stack(0x00000048bcb00000,0x00000048bcc00000)]
  0x0000019fd0c5c710 JavaThread "jar transforms Thread 4" [_thread_blocked, id=7456, stack(0x00000048bc400000,0x00000048bc500000)]
  0x0000019fd0c5db50 JavaThread "included builds" [_thread_blocked, id=8716, stack(0x00000048bcd00000,0x00000048bce00000)]
  0x0000019fd0c5ea80 JavaThread "Execution worker" [_thread_blocked, id=8424, stack(0x00000048bce00000,0x00000048bcf00000)]
  0x0000019fd0c5b7e0 JavaThread "Execution worker Thread 2" [_thread_blocked, id=9864, stack(0x00000048bcf00000,0x00000048bd000000)]
  0x0000019fd0c5ef90 JavaThread "Execution worker Thread 3" [_thread_blocked, id=7644, stack(0x00000048bd000000,0x00000048bd100000)]
  0x0000019fd0c5f9b0 JavaThread "Cache worker for execution history cache (C:\src\flutter\packages\flutter_tools\gradle\.gradle\7.6.3\executionHistory)" [_thread_blocked, id=7460, stack(0x00000048bd100000,0x00000048bd200000)]
  0x0000019fd0c58f60 JavaThread "Unconstrained build operations" [_thread_blocked, id=9128, stack(0x00000048bd200000,0x00000048bd300000)]
  0x0000019fd0c608e0 JavaThread "Unconstrained build operations Thread 2" [_thread_blocked, id=7780, stack(0x00000048bd300000,0x00000048bd400000)]
  0x0000019fd0c5a3a0 JavaThread "Unconstrained build operations Thread 3" [_thread_blocked, id=6200, stack(0x00000048bd400000,0x00000048bd500000)]
  0x0000019fd0c5b2d0 JavaThread "Unconstrained build operations Thread 4" [_thread_blocked, id=1224, stack(0x00000048bd500000,0x00000048bd600000)]
  0x0000019fd0c5a8b0 JavaThread "Unconstrained build operations Thread 5" [_thread_blocked, id=3160, stack(0x00000048bd600000,0x00000048bd700000)]
  0x0000019fcd306a70 JavaThread "Unconstrained build operations Thread 6" [_thread_blocked, id=11908, stack(0x00000048bd700000,0x00000048bd800000)]
  0x0000019fcd304c10 JavaThread "Unconstrained build operations Thread 7" [_thread_blocked, id=7012, stack(0x00000048bd800000,0x00000048bd900000)]
  0x0000019fcd306f80 JavaThread "Unconstrained build operations Thread 8" [_thread_blocked, id=5980, stack(0x00000048bd900000,0x00000048bda00000)]
  0x0000019fcd303ce0 JavaThread "Unconstrained build operations Thread 9" [_thread_blocked, id=6492, stack(0x00000048bda00000,0x00000048bdb00000)]
  0x0000019fcd307490 JavaThread "Unconstrained build operations Thread 10" [_thread_blocked, id=8892, stack(0x00000048bdb00000,0x00000048bdc00000)]
  0x0000019fcd304700 JavaThread "Unconstrained build operations Thread 11" [_thread_blocked, id=6424, stack(0x00000048bcc00000,0x00000048bcd00000)]
  0x0000019fcd305120 JavaThread "Unconstrained build operations Thread 12" [_thread_blocked, id=1312, stack(0x00000048bdc00000,0x00000048bdd00000)]
  0x0000019fcd305630 JavaThread "Unconstrained build operations Thread 13" [_thread_blocked, id=4812, stack(0x00000048bdd00000,0x00000048bde00000)]
  0x0000019fcd305b40 JavaThread "Unconstrained build operations Thread 14" [_thread_blocked, id=11116, stack(0x00000048bde00000,0x00000048bdf00000)]
  0x0000019fcd306050 JavaThread "Unconstrained build operations Thread 15" [_thread_blocked, id=10368, stack(0x00000048bdf00000,0x00000048be000000)]
  0x0000019fcd306560 JavaThread "Unconstrained build operations Thread 16" [_thread_blocked, id=9888, stack(0x00000048be000000,0x00000048be100000)]
  0x0000019fd05a9c30 JavaThread "Unconstrained build operations Thread 17" [_thread_blocked, id=3592, stack(0x00000048be100000,0x00000048be200000)]
  0x0000019fd05a5550 JavaThread "Unconstrained build operations Thread 18" [_thread_blocked, id=6348, stack(0x00000048be200000,0x00000048be300000)]
  0x0000019fd05a78c0 JavaThread "Unconstrained build operations Thread 19" [_thread_blocked, id=11336, stack(0x00000048be300000,0x00000048be400000)]
  0x0000019fd05a6480 JavaThread "Unconstrained build operations Thread 20" [_thread_blocked, id=10632, stack(0x00000048be400000,0x00000048be500000)]
  0x0000019fd05a9210 JavaThread "Unconstrained build operations Thread 21" [_thread_blocked, id=1832, stack(0x00000048be500000,0x00000048be600000)]
  0x0000019fd05a31e0 JavaThread "Unconstrained build operations Thread 22" [_thread_blocked, id=9760, stack(0x00000048be600000,0x00000048be700000)]
  0x0000019fd05a6990 JavaThread "Unconstrained build operations Thread 23" [_thread_blocked, id=10884, stack(0x00000048be700000,0x00000048be800000)]
  0x0000019fd05a7dd0 JavaThread "Unconstrained build operations Thread 24" [_thread_blocked, id=9900, stack(0x00000048be800000,0x00000048be900000)]
  0x0000019fd05a82e0 JavaThread "Unconstrained build operations Thread 25" [_thread_blocked, id=3892, stack(0x00000048be900000,0x00000048bea00000)]
  0x0000019fd05a5a60 JavaThread "Unconstrained build operations Thread 26" [_thread_blocked, id=7868, stack(0x00000048bea00000,0x00000048beb00000)]
  0x0000019fd05a5f70 JavaThread "Unconstrained build operations Thread 27" [_thread_blocked, id=4496, stack(0x00000048beb00000,0x00000048bec00000)]
  0x0000019fd05a6ea0 JavaThread "Unconstrained build operations Thread 28" [_thread_blocked, id=10784, stack(0x00000048bec00000,0x00000048bed00000)]
  0x0000019fd05a73b0 JavaThread "Unconstrained build operations Thread 29" [_thread_blocked, id=9980, stack(0x00000048bed00000,0x00000048bee00000)]
  0x0000019fd05a2cd0 JavaThread "Unconstrained build operations Thread 30" [_thread_blocked, id=5716, stack(0x00000048bee00000,0x00000048bef00000)]
  0x0000019fd05a36f0 JavaThread "Unconstrained build operations Thread 31" [_thread_blocked, id=10768, stack(0x00000048bef00000,0x00000048bf000000)]
  0x0000019fd05a8d00 JavaThread "Unconstrained build operations Thread 32" [_thread_blocked, id=8000, stack(0x00000048bf000000,0x00000048bf100000)]
  0x0000019fd05a87f0 JavaThread "Unconstrained build operations Thread 33" [_thread_blocked, id=11108, stack(0x00000048bf100000,0x00000048bf200000)]
  0x0000019fd05a9720 JavaThread "Unconstrained build operations Thread 34" [_thread_blocked, id=10712, stack(0x00000048bf200000,0x00000048bf300000)]
  0x0000019fd05a4110 JavaThread "Unconstrained build operations Thread 35" [_thread_blocked, id=6816, stack(0x00000048bf300000,0x00000048bf400000)]
  0x0000019fd05a3c00 JavaThread "Unconstrained build operations Thread 36" [_thread_blocked, id=10792, stack(0x00000048bf400000,0x00000048bf500000)]
  0x0000019fd05a27c0 JavaThread "Unconstrained build operations Thread 37" [_thread_blocked, id=9880, stack(0x00000048bf500000,0x00000048bf600000)]
  0x0000019fd05a4620 JavaThread "Unconstrained build operations Thread 38" [_thread_blocked, id=10624, stack(0x00000048bf600000,0x00000048bf700000)]
  0x0000019fd05aa140 JavaThread "Unconstrained build operations Thread 39" [_thread_blocked, id=3440, stack(0x00000048bf700000,0x00000048bf800000)]
  0x0000019fd05a4b30 JavaThread "Unconstrained build operations Thread 40" [_thread_blocked, id=3964, stack(0x00000048bf800000,0x00000048bf900000)]
  0x0000019fd05a5040 JavaThread "Cache worker for Build Output Cleanup Cache (E:\anas\rct_app\android\.gradle\buildOutputCleanup)" [_thread_blocked, id=6624, stack(0x00000048bfa00000,0x00000048bfb00000)]
  0x0000019fd1d9ca90 JavaThread "build event listener" [_thread_blocked, id=7020, stack(0x00000048bfb00000,0x00000048bfc00000)]
  0x0000019fd1d97ea0 JavaThread "Cache worker for execution history cache (E:\anas\rct_app\android\.gradle\7.6.3\executionHistory)" [_thread_blocked, id=5968, stack(0x00000048bfe00000,0x00000048bff00000)]
  0x0000019fd1d988c0 JavaThread "Exec process" [_thread_blocked, id=6848, stack(0x00000048bff00000,0x00000048c0000000)]
  0x0000019fd1d9e3e0 JavaThread "Exec process Thread 2" [_thread_blocked, id=10288, stack(0x00000048c0000000,0x00000048c0100000)]
  0x0000019fd1d983b0 JavaThread "Exec process Thread 3" [_thread_blocked, id=7952, stack(0x00000048c0100000,0x00000048c0200000)]
  0x0000019fd1d97990 JavaThread "WorkerExecutor Queue" [_thread_blocked, id=3984, stack(0x00000048b9700000,0x00000048b9800000)]
  0x0000019fd1d9c070 JavaThread "WorkerExecutor Queue Thread 3" [_thread_blocked, id=8464, stack(0x00000048c0200000,0x00000048c0300000)]
  0x0000019fcd3041f0 JavaThread "WorkerExecutor Queue Thread 5" [_thread_blocked, id=9872, stack(0x00000048c0400000,0x00000048c0500000)]
  0x0000019fd29eedf0 JavaThread "WorkerExecutor Queue Thread 7" [_thread_blocked, id=8092, stack(0x00000048bfc00000,0x00000048bfd00000)]
  0x0000019fd29f0230 JavaThread "Cache worker for Java compile cache (C:\Users\Al-Mahdi\.gradle\caches\7.6.3\javaCompile)" [_thread_blocked, id=7600, stack(0x00000048b9600000,0x00000048b9700000)]
  0x0000019fd29f0740 JavaThread "Build operations" [_thread_blocked, id=10136, stack(0x00000048c0300000,0x00000048c0400000)]
  0x0000019fd29f2090 JavaThread "Build operations Thread 2" [_thread_blocked, id=11568, stack(0x00000048c0500000,0x00000048c0600000)]
  0x0000019fd29f25a0 JavaThread "Build operations Thread 3" [_thread_blocked, id=928, stack(0x00000048c0600000,0x00000048c0700000)]
  0x0000019fd29f2fc0 JavaThread "Build operations Thread 4" [_thread_blocked, id=2512, stack(0x00000048c0700000,0x00000048c0800000)]
  0x0000019fd29f39e0 JavaThread "pool-3-thread-1" [_thread_blocked, id=10352, stack(0x00000048c0900000,0x00000048c0a00000)]
  0x0000019fd29f1160 JavaThread "stderr" [_thread_in_native, id=5992, stack(0x00000048c0a00000,0x00000048c0b00000)]
  0x0000019fd1d9ee00 JavaThread "stdout" [_thread_in_native, id=10384, stack(0x00000048c0b00000,0x00000048c0c00000)]
  0x0000019fd9f274b0 JavaThread "C2 CompilerThread1" daemon [_thread_blocked, id=1100, stack(0x00000048bf900000,0x00000048bfa00000)]

Other Threads:
  0x0000019ffff49400 VMThread "VM Thread" [stack: 0x00000048b9e00000,0x00000048b9f00000] [id=6036]
  0x0000019fcd206180 WatcherThread [stack: 0x00000048baa00000,0x00000048bab00000] [id=6500]
  0x0000019fe5a555e0 GCTaskThread "GC Thread#0" [stack: 0x00000048b9900000,0x00000048b9a00000] [id=3540]
  0x0000019fcd3fa000 GCTaskThread "GC Thread#1" [stack: 0x00000048bac00000,0x00000048bad00000] [id=11324]
=>0x0000019fcd97d9a0 GCTaskThread "GC Thread#2" [stack: 0x00000048bad00000,0x00000048bae00000] [id=10936]
  0x0000019fcdc0da50 GCTaskThread "GC Thread#3" [stack: 0x00000048bae00000,0x00000048baf00000] [id=10816]
  0x0000019fe5a66440 ConcurrentGCThread "G1 Main Marker" [stack: 0x00000048b9a00000,0x00000048b9b00000] [id=1852]
  0x0000019fe5a66d60 ConcurrentGCThread "G1 Conc#0" [stack: 0x00000048b9b00000,0x00000048b9c00000] [id=4828]
  0x0000019fe5abe140 ConcurrentGCThread "G1 Refine#0" [stack: 0x00000048b9c00000,0x00000048b9d00000] [id=9356]
  0x0000019fcef131a0 ConcurrentGCThread "G1 Refine#1" [stack: 0x00000048bc200000,0x00000048bc300000] [id=6924]
  0x0000019fe5abea80 ConcurrentGCThread "G1 Service" [stack: 0x00000048b9d00000,0x00000048b9e00000] [id=4164]

Threads with active compile tasks:
C2 CompilerThread0   151139 26719       4       com.sun.tools.javac.file.PathFileObject$JarFileObject::inferBinaryName (40 bytes)
C2 CompilerThread1   151139 26726       4       com.sun.tools.javac.file.Locations::getHandler (35 bytes)

VM state: at safepoint (normal execution)

VM Mutex/Monitor currently owned by a thread:  ([mutex/lock_event])
[0x0000019fe59e5b40] Threads_lock - owner thread: 0x0000019ffff49400
[0x0000019fe59e5cf0] Heap_lock - owner thread: 0x0000019fd0c5b7e0

Heap address: 0x0000000700000000, size: 4096 MB, Compressed Oops mode: Zero based, Oop shift amount: 3

CDS archive(s) mapped at: [0x0000019f88000000-0x0000019f88bd0000-0x0000019f88bd0000), size 12386304, SharedBaseAddress: 0x0000019f88000000, ArchiveRelocationMode: 1.
Compressed class space mapped at: 0x0000019f89000000-0x0000019fc9000000, reserved size: 1073741824
Narrow klass base: 0x0000019f88000000, Narrow klass shift: 0, Narrow klass range: 0x100000000

GC Precious Log:
 CPUs: 4 total, 4 available
 Memory: 8050M
 Large Page Support: Disabled
 NUMA Support: Disabled
 Compressed Oops: Enabled (Zero based)
 Heap Region Size: 2M
 Heap Min Capacity: 8M
 Heap Initial Capacity: 126M
 Heap Max Capacity: 4G
 Pre-touch: Disabled
 Parallel Workers: 4
 Concurrent Workers: 1
 Concurrent Refinement Workers: 4
 Periodic GC: Disabled

Heap:
 garbage-first heap   total 479232K, used 418569K [0x0000000700000000, 0x0000000800000000)
  region size 2048K, 11 young (22528K), 2 survivors (4096K)
 Metaspace       used 122764K, committed 124736K, reserved 1179648K
  class space    used 16173K, committed 17024K, reserved 1048576K

Heap Regions: E=young(eden), S=young(survivor), O=old, HS=humongous(starts), HC=humongous(continues), CS=collection set, F=free, OA=open archive, CA=closed archive, TAMS=top-at-mark-start (previous, next)
|   0|0x0000000700000000, 0x0000000700200000, 0x0000000700200000|100%| O|  |TAMS 0x0000000700200000, 0x0000000700000000| Untracked 
|   1|0x0000000700200000, 0x0000000700400000, 0x0000000700400000|100%|HS|  |TAMS 0x0000000700400000, 0x0000000700200000| Complete 
|   2|0x0000000700400000, 0x0000000700600000, 0x0000000700600000|100%|HC|  |TAMS 0x0000000700600000, 0x0000000700400000| Complete 
|   3|0x0000000700600000, 0x0000000700800000, 0x0000000700800000|100%| O|  |TAMS 0x0000000700800000, 0x0000000700600000| Untracked 
|   4|0x0000000700800000, 0x0000000700a00000, 0x0000000700a00000|100%| O|  |TAMS 0x0000000700a00000, 0x0000000700800000| Untracked 
|   5|0x0000000700a00000, 0x0000000700c00000, 0x0000000700c00000|100%| O|  |TAMS 0x0000000700c00000, 0x0000000700a00000| Untracked 
|   6|0x0000000700c00000, 0x0000000700e00000, 0x0000000700e00000|100%| O|  |TAMS 0x0000000700e00000, 0x0000000700c00000| Untracked 
|   7|0x0000000700e00000, 0x0000000701000000, 0x0000000701000000|100%| O|  |TAMS 0x0000000701000000, 0x0000000700e00000| Untracked 
|   8|0x0000000701000000, 0x0000000701200000, 0x0000000701200000|100%| O|  |TAMS 0x0000000701200000, 0x0000000701000000| Untracked 
|   9|0x0000000701200000, 0x0000000701400000, 0x0000000701400000|100%| O|  |TAMS 0x0000000701400000, 0x0000000701200000| Untracked 
|  10|0x0000000701400000, 0x0000000701600000, 0x0000000701600000|100%| O|  |TAMS 0x0000000701600000, 0x0000000701400000| Untracked 
|  11|0x0000000701600000, 0x0000000701800000, 0x0000000701800000|100%| O|  |TAMS 0x0000000701800000, 0x0000000701600000| Untracked 
|  12|0x0000000701800000, 0x0000000701a00000, 0x0000000701a00000|100%| O|  |TAMS 0x0000000701a00000, 0x0000000701800000| Untracked 
|  13|0x0000000701a00000, 0x0000000701c00000, 0x0000000701c00000|100%| O|  |TAMS 0x0000000701c00000, 0x0000000701a00000| Untracked 
|  14|0x0000000701c00000, 0x0000000701e00000, 0x0000000701e00000|100%| O|  |TAMS 0x0000000701e00000, 0x0000000701c00000| Untracked 
|  15|0x0000000701e00000, 0x0000000702000000, 0x0000000702000000|100%| O|  |TAMS 0x0000000702000000, 0x0000000701e00000| Untracked 
|  16|0x0000000702000000, 0x0000000702200000, 0x0000000702200000|100%| O|  |TAMS 0x0000000702200000, 0x0000000702000000| Untracked 
|  17|0x0000000702200000, 0x0000000702400000, 0x0000000702400000|100%| O|  |TAMS 0x0000000702400000, 0x0000000702200000| Untracked 
|  18|0x0000000702400000, 0x0000000702600000, 0x0000000702600000|100%| O|  |TAMS 0x0000000702600000, 0x0000000702400000| Untracked 
|  19|0x0000000702600000, 0x0000000702800000, 0x0000000702800000|100%|HS|  |TAMS 0x0000000702800000, 0x0000000702600000| Complete 
|  20|0x0000000702800000, 0x0000000702a00000, 0x0000000702a00000|100%| O|  |TAMS 0x0000000702a00000, 0x0000000702800000| Untracked 
|  21|0x0000000702a00000, 0x0000000702c00000, 0x0000000702c00000|100%| O|  |TAMS 0x0000000702c00000, 0x0000000702a00000| Untracked 
|  22|0x0000000702c00000, 0x0000000702e00000, 0x0000000702e00000|100%| O|  |TAMS 0x0000000702e00000, 0x0000000702c00000| Untracked 
|  23|0x0000000702e00000, 0x0000000703000000, 0x0000000703000000|100%|HS|  |TAMS 0x0000000703000000, 0x0000000702e00000| Complete 
|  24|0x0000000703000000, 0x0000000703200000, 0x0000000703200000|100%|HC|  |TAMS 0x0000000703200000, 0x0000000703000000| Complete 
|  25|0x0000000703200000, 0x0000000703400000, 0x0000000703400000|100%| O|  |TAMS 0x0000000703400000, 0x0000000703200000| Untracked 
|  26|0x0000000703400000, 0x0000000703600000, 0x0000000703600000|100%| O|  |TAMS 0x0000000703600000, 0x0000000703400000| Untracked 
|  27|0x0000000703600000, 0x0000000703800000, 0x0000000703800000|100%| O|  |TAMS 0x0000000703800000, 0x0000000703600000| Untracked 
|  28|0x0000000703800000, 0x0000000703a00000, 0x0000000703a00000|100%|HS|  |TAMS 0x0000000703a00000, 0x0000000703800000| Complete 
|  29|0x0000000703a00000, 0x0000000703c00000, 0x0000000703c00000|100%| O|  |TAMS 0x0000000703c00000, 0x0000000703a00000| Untracked 
|  30|0x0000000703c00000, 0x0000000703e00000, 0x0000000703e00000|100%| O|  |TAMS 0x0000000703e00000, 0x0000000703c00000| Untracked 
|  31|0x0000000703e00000, 0x0000000704000000, 0x0000000704000000|100%| O|  |TAMS 0x0000000704000000, 0x0000000703e00000| Untracked 
|  32|0x0000000704000000, 0x0000000704200000, 0x0000000704200000|100%| O|  |TAMS 0x0000000704000000, 0x0000000704000000| Untracked 
|  33|0x0000000704200000, 0x0000000704400000, 0x0000000704400000|100%| O|  |TAMS 0x0000000704400000, 0x0000000704200000| Untracked 
|  34|0x0000000704400000, 0x0000000704600000, 0x0000000704600000|100%| O|  |TAMS 0x0000000704600000, 0x0000000704400000| Untracked 
|  35|0x0000000704600000, 0x0000000704800000, 0x0000000704800000|100%| O|  |TAMS 0x0000000704800000, 0x0000000704600000| Untracked 
|  36|0x0000000704800000, 0x0000000704a00000, 0x0000000704a00000|100%| O|  |TAMS 0x0000000704a00000, 0x0000000704800000| Untracked 
|  37|0x0000000704a00000, 0x0000000704c00000, 0x0000000704c00000|100%| O|  |TAMS 0x0000000704c00000, 0x0000000704a00000| Untracked 
|  38|0x0000000704c00000, 0x0000000704e00000, 0x0000000704e00000|100%| O|  |TAMS 0x0000000704e00000, 0x0000000704c00000| Untracked 
|  39|0x0000000704e00000, 0x0000000705000000, 0x0000000705000000|100%|HS|  |TAMS 0x0000000705000000, 0x0000000704e00000| Complete 
|  40|0x0000000705000000, 0x0000000705200000, 0x0000000705200000|100%|HC|  |TAMS 0x0000000705200000, 0x0000000705000000| Complete 
|  41|0x0000000705200000, 0x0000000705400000, 0x0000000705400000|100%| O|  |TAMS 0x0000000705400000, 0x0000000705200000| Untracked 
|  42|0x0000000705400000, 0x0000000705600000, 0x0000000705600000|100%| O|  |TAMS 0x0000000705600000, 0x0000000705400000| Untracked 
|  43|0x0000000705600000, 0x0000000705800000, 0x0000000705800000|100%| O|  |TAMS 0x0000000705800000, 0x0000000705600000| Untracked 
|  44|0x0000000705800000, 0x0000000705a00000, 0x0000000705a00000|100%| O|  |TAMS 0x0000000705a00000, 0x0000000705800000| Untracked 
|  45|0x0000000705a00000, 0x0000000705c00000, 0x0000000705c00000|100%| O|  |TAMS 0x0000000705c00000, 0x0000000705a00000| Untracked 
|  46|0x0000000705c00000, 0x0000000705e00000, 0x0000000705e00000|100%| O|  |TAMS 0x0000000705e00000, 0x0000000705c00000| Untracked 
|  47|0x0000000705e00000, 0x0000000706000000, 0x0000000706000000|100%| O|  |TAMS 0x0000000706000000, 0x0000000705e00000| Untracked 
|  48|0x0000000706000000, 0x0000000706200000, 0x0000000706200000|100%|HS|  |TAMS 0x0000000706000000, 0x0000000706000000| Complete 
|  49|0x0000000706200000, 0x0000000706400000, 0x0000000706400000|100%| O|  |TAMS 0x0000000706400000, 0x0000000706200000| Untracked 
|  50|0x0000000706400000, 0x0000000706600000, 0x0000000706600000|100%| O|  |TAMS 0x0000000706600000, 0x0000000706400000| Untracked 
|  51|0x0000000706600000, 0x0000000706800000, 0x0000000706800000|100%| O|  |TAMS 0x0000000706800000, 0x0000000706600000| Untracked 
|  52|0x0000000706800000, 0x0000000706a00000, 0x0000000706a00000|100%| O|  |TAMS 0x0000000706a00000, 0x0000000706800000| Untracked 
|  53|0x0000000706a00000, 0x0000000706c00000, 0x0000000706c00000|100%| O|  |TAMS 0x0000000706c00000, 0x0000000706a00000| Untracked 
|  54|0x0000000706c00000, 0x0000000706e00000, 0x0000000706e00000|100%| O|  |TAMS 0x0000000706e00000, 0x0000000706c00000| Untracked 
|  55|0x0000000706e00000, 0x0000000707000000, 0x0000000707000000|100%| O|  |TAMS 0x0000000707000000, 0x0000000706e00000| Untracked 
|  56|0x0000000707000000, 0x0000000707200000, 0x0000000707200000|100%| O|  |TAMS 0x0000000707200000, 0x0000000707000000| Untracked 
|  57|0x0000000707200000, 0x0000000707400000, 0x0000000707400000|100%| O|  |TAMS 0x0000000707400000, 0x0000000707200000| Untracked 
|  58|0x0000000707400000, 0x0000000707600000, 0x0000000707600000|100%| O|  |TAMS 0x0000000707600000, 0x0000000707400000| Untracked 
|  59|0x0000000707600000, 0x0000000707800000, 0x0000000707800000|100%|HS|  |TAMS 0x0000000707800000, 0x0000000707600000| Complete 
|  60|0x0000000707800000, 0x0000000707a00000, 0x0000000707a00000|100%|HS|  |TAMS 0x0000000707a00000, 0x0000000707800000| Complete 
|  61|0x0000000707a00000, 0x0000000707c00000, 0x0000000707c00000|100%|HC|  |TAMS 0x0000000707c00000, 0x0000000707a00000| Complete 
|  62|0x0000000707c00000, 0x0000000707e00000, 0x0000000707e00000|100%| O|  |TAMS 0x0000000707e00000, 0x0000000707c00000| Untracked 
|  63|0x0000000707e00000, 0x0000000708000000, 0x0000000708000000|100%| O|  |TAMS 0x0000000708000000, 0x0000000707e00000| Untracked 
|  64|0x0000000708000000, 0x0000000708200000, 0x0000000708200000|100%| O|  |TAMS 0x0000000708200000, 0x0000000708000000| Untracked 
|  65|0x0000000708200000, 0x0000000708400000, 0x0000000708400000|100%| O|  |TAMS 0x0000000708400000, 0x0000000708200000| Untracked 
|  66|0x0000000708400000, 0x0000000708600000, 0x0000000708600000|100%| O|  |TAMS 0x0000000708600000, 0x0000000708400000| Untracked 
|  67|0x0000000708600000, 0x0000000708800000, 0x0000000708800000|100%| O|  |TAMS 0x0000000708800000, 0x0000000708600000| Untracked 
|  68|0x0000000708800000, 0x0000000708a00000, 0x0000000708a00000|100%| O|  |TAMS 0x00000007088d7a00, 0x0000000708800000| Untracked 
|  69|0x0000000708a00000, 0x0000000708c00000, 0x0000000708c00000|100%| O|  |TAMS 0x0000000708a00000, 0x0000000708a00000| Untracked 
|  70|0x0000000708c00000, 0x0000000708e00000, 0x0000000708e00000|100%| O|  |TAMS 0x0000000708c00000, 0x0000000708c00000| Untracked 
|  71|0x0000000708e00000, 0x0000000709000000, 0x0000000709000000|100%| O|  |TAMS 0x0000000708e00000, 0x0000000708e00000| Untracked 
|  72|0x0000000709000000, 0x0000000709200000, 0x0000000709200000|100%| O|  |TAMS 0x0000000709000000, 0x0000000709000000| Untracked 
|  73|0x0000000709200000, 0x0000000709400000, 0x0000000709400000|100%| O|  |TAMS 0x0000000709200000, 0x0000000709200000| Untracked 
|  74|0x0000000709400000, 0x0000000709600000, 0x0000000709600000|100%| O|  |TAMS 0x0000000709400000, 0x0000000709400000| Untracked 
|  75|0x0000000709600000, 0x0000000709800000, 0x0000000709800000|100%| O|  |TAMS 0x0000000709600000, 0x0000000709600000| Untracked 
|  76|0x0000000709800000, 0x0000000709a00000, 0x0000000709a00000|100%| O|  |TAMS 0x0000000709800000, 0x0000000709800000| Untracked 
|  77|0x0000000709a00000, 0x0000000709c00000, 0x0000000709c00000|100%| O|  |TAMS 0x0000000709a00000, 0x0000000709a00000| Untracked 
|  78|0x0000000709c00000, 0x0000000709e00000, 0x0000000709e00000|100%|HS|  |TAMS 0x0000000709c00000, 0x0000000709c00000| Complete 
|  79|0x0000000709e00000, 0x000000070a000000, 0x000000070a000000|100%|HC|  |TAMS 0x0000000709e00000, 0x0000000709e00000| Complete 
|  80|0x000000070a000000, 0x000000070a200000, 0x000000070a200000|100%| O|  |TAMS 0x000000070a000000, 0x000000070a000000| Untracked 
|  81|0x000000070a200000, 0x000000070a400000, 0x000000070a400000|100%| O|  |TAMS 0x000000070a200000, 0x000000070a200000| Untracked 
|  82|0x000000070a400000, 0x000000070a600000, 0x000000070a600000|100%| O|  |TAMS 0x000000070a400000, 0x000000070a400000| Untracked 
|  83|0x000000070a600000, 0x000000070a800000, 0x000000070a800000|100%| O|  |TAMS 0x000000070a600000, 0x000000070a600000| Untracked 
|  84|0x000000070a800000, 0x000000070aa00000, 0x000000070aa00000|100%| O|  |TAMS 0x000000070a800000, 0x000000070a800000| Untracked 
|  85|0x000000070aa00000, 0x000000070ac00000, 0x000000070ac00000|100%| O|  |TAMS 0x000000070aa00000, 0x000000070aa00000| Untracked 
|  86|0x000000070ac00000, 0x000000070ae00000, 0x000000070ae00000|100%| O|  |TAMS 0x000000070ac00000, 0x000000070ac00000| Untracked 
|  87|0x000000070ae00000, 0x000000070b000000, 0x000000070b000000|100%| O|  |TAMS 0x000000070ae00000, 0x000000070ae00000| Untracked 
|  88|0x000000070b000000, 0x000000070b200000, 0x000000070b200000|100%| O|  |TAMS 0x000000070b000000, 0x000000070b000000| Untracked 
|  89|0x000000070b200000, 0x000000070b400000, 0x000000070b400000|100%| O|  |TAMS 0x000000070b200000, 0x000000070b200000| Untracked 
|  90|0x000000070b400000, 0x000000070b600000, 0x000000070b600000|100%| O|  |TAMS 0x000000070b400000, 0x000000070b400000| Untracked 
|  91|0x000000070b600000, 0x000000070b800000, 0x000000070b800000|100%| O|  |TAMS 0x000000070b600000, 0x000000070b600000| Untracked 
|  92|0x000000070b800000, 0x000000070ba00000, 0x000000070ba00000|100%| O|  |TAMS 0x000000070b800000, 0x000000070b800000| Untracked 
|  93|0x000000070ba00000, 0x000000070bc00000, 0x000000070bc00000|100%| O|  |TAMS 0x000000070ba00000, 0x000000070ba00000| Untracked 
|  94|0x000000070bc00000, 0x000000070be00000, 0x000000070be00000|100%| O|  |TAMS 0x000000070bc00000, 0x000000070bc00000| Untracked 
|  95|0x000000070be00000, 0x000000070c000000, 0x000000070c000000|100%| O|  |TAMS 0x000000070be00000, 0x000000070be00000| Untracked 
|  96|0x000000070c000000, 0x000000070c200000, 0x000000070c200000|100%| O|  |TAMS 0x000000070c000000, 0x000000070c000000| Untracked 
|  97|0x000000070c200000, 0x000000070c400000, 0x000000070c400000|100%| O|  |TAMS 0x000000070c200000, 0x000000070c200000| Untracked 
|  98|0x000000070c400000, 0x000000070c600000, 0x000000070c600000|100%| O|  |TAMS 0x000000070c400000, 0x000000070c400000| Untracked 
|  99|0x000000070c600000, 0x000000070c800000, 0x000000070c800000|100%| O|  |TAMS 0x000000070c600000, 0x000000070c600000| Untracked 
| 100|0x000000070c800000, 0x000000070ca00000, 0x000000070ca00000|100%| O|  |TAMS 0x000000070c800000, 0x000000070c800000| Untracked 
| 101|0x000000070ca00000, 0x000000070cc00000, 0x000000070cc00000|100%| O|  |TAMS 0x000000070ca00000, 0x000000070ca00000| Untracked 
| 102|0x000000070cc00000, 0x000000070ce00000, 0x000000070ce00000|100%| O|  |TAMS 0x000000070cc00000, 0x000000070cc00000| Untracked 
| 103|0x000000070ce00000, 0x000000070d000000, 0x000000070d000000|100%| O|  |TAMS 0x000000070ce00000, 0x000000070ce00000| Untracked 
| 104|0x000000070d000000, 0x000000070d200000, 0x000000070d200000|100%| O|  |TAMS 0x000000070d000000, 0x000000070d000000| Untracked 
| 105|0x000000070d200000, 0x000000070d400000, 0x000000070d400000|100%| O|  |TAMS 0x000000070d200000, 0x000000070d200000| Untracked 
| 106|0x000000070d400000, 0x000000070d600000, 0x000000070d600000|100%| O|  |TAMS 0x000000070d400000, 0x000000070d400000| Untracked 
| 107|0x000000070d600000, 0x000000070d800000, 0x000000070d800000|100%| O|  |TAMS 0x000000070d600000, 0x000000070d600000| Untracked 
| 108|0x000000070d800000, 0x000000070da00000, 0x000000070da00000|100%| O|  |TAMS 0x000000070d800000, 0x000000070d800000| Untracked 
| 109|0x000000070da00000, 0x000000070dc00000, 0x000000070dc00000|100%| O|  |TAMS 0x000000070da00000, 0x000000070da00000| Untracked 
| 110|0x000000070dc00000, 0x000000070de00000, 0x000000070de00000|100%| O|  |TAMS 0x000000070dc00000, 0x000000070dc00000| Untracked 
| 111|0x000000070de00000, 0x000000070e000000, 0x000000070e000000|100%| O|  |TAMS 0x000000070de00000, 0x000000070de00000| Untracked 
| 112|0x000000070e000000, 0x000000070e200000, 0x000000070e200000|100%| O|  |TAMS 0x000000070e000000, 0x000000070e000000| Untracked 
| 113|0x000000070e200000, 0x000000070e400000, 0x000000070e400000|100%| O|  |TAMS 0x000000070e200000, 0x000000070e200000| Untracked 
| 114|0x000000070e400000, 0x000000070e600000, 0x000000070e600000|100%| O|  |TAMS 0x000000070e400000, 0x000000070e400000| Untracked 
| 115|0x000000070e600000, 0x000000070e800000, 0x000000070e800000|100%| O|  |TAMS 0x000000070e600000, 0x000000070e600000| Untracked 
| 116|0x000000070e800000, 0x000000070ea00000, 0x000000070ea00000|100%| O|  |TAMS 0x000000070e800000, 0x000000070e800000| Untracked 
| 117|0x000000070ea00000, 0x000000070ec00000, 0x000000070ec00000|100%| O|  |TAMS 0x000000070ea00000, 0x000000070ea00000| Untracked 
| 118|0x000000070ec00000, 0x000000070ee00000, 0x000000070ee00000|100%| O|  |TAMS 0x000000070ec00000, 0x000000070ec00000| Untracked 
| 119|0x000000070ee00000, 0x000000070f000000, 0x000000070f000000|100%| O|  |TAMS 0x000000070ee00000, 0x000000070ee00000| Untracked 
| 120|0x000000070f000000, 0x000000070f200000, 0x000000070f200000|100%| O|  |TAMS 0x000000070f000000, 0x000000070f000000| Untracked 
| 121|0x000000070f200000, 0x000000070f400000, 0x000000070f400000|100%| O|  |TAMS 0x000000070f200000, 0x000000070f200000| Untracked 
| 122|0x000000070f400000, 0x000000070f600000, 0x000000070f600000|100%| O|  |TAMS 0x000000070f400000, 0x000000070f400000| Untracked 
| 123|0x000000070f600000, 0x000000070f800000, 0x000000070f800000|100%| O|  |TAMS 0x000000070f600000, 0x000000070f600000| Untracked 
| 124|0x000000070f800000, 0x000000070fa00000, 0x000000070fa00000|100%| O|  |TAMS 0x000000070f800000, 0x000000070f800000| Untracked 
| 125|0x000000070fa00000, 0x000000070fc00000, 0x000000070fc00000|100%| O|  |TAMS 0x000000070fa00000, 0x000000070fa00000| Untracked 
| 126|0x000000070fc00000, 0x000000070fe00000, 0x000000070fe00000|100%| O|  |TAMS 0x000000070fc00000, 0x000000070fc00000| Untracked 
| 127|0x000000070fe00000, 0x0000000710000000, 0x0000000710000000|100%| O|  |TAMS 0x000000070fe00000, 0x000000070fe00000| Untracked 
| 128|0x0000000710000000, 0x0000000710200000, 0x0000000710200000|100%| O|  |TAMS 0x0000000710000000, 0x0000000710000000| Untracked 
| 129|0x0000000710200000, 0x0000000710400000, 0x0000000710400000|100%| O|  |TAMS 0x0000000710200000, 0x0000000710200000| Untracked 
| 130|0x0000000710400000, 0x0000000710600000, 0x0000000710600000|100%| O|  |TAMS 0x0000000710400000, 0x0000000710400000| Untracked 
| 131|0x0000000710600000, 0x0000000710800000, 0x0000000710800000|100%| O|  |TAMS 0x0000000710600000, 0x0000000710600000| Untracked 
| 132|0x0000000710800000, 0x0000000710a00000, 0x0000000710a00000|100%| O|  |TAMS 0x0000000710800000, 0x0000000710800000| Untracked 
| 133|0x0000000710a00000, 0x0000000710c00000, 0x0000000710c00000|100%| O|  |TAMS 0x0000000710a00000, 0x0000000710a00000| Untracked 
| 134|0x0000000710c00000, 0x0000000710e00000, 0x0000000710e00000|100%|HS|  |TAMS 0x0000000710c00000, 0x0000000710c00000| Complete 
| 135|0x0000000710e00000, 0x0000000711000000, 0x0000000711000000|100%| O|  |TAMS 0x0000000710e00000, 0x0000000710e00000| Untracked 
| 136|0x0000000711000000, 0x0000000711200000, 0x0000000711200000|100%| O|  |TAMS 0x0000000711000000, 0x0000000711000000| Untracked 
| 137|0x0000000711200000, 0x0000000711400000, 0x0000000711400000|100%| O|  |TAMS 0x0000000711200000, 0x0000000711200000| Untracked 
| 138|0x0000000711400000, 0x0000000711600000, 0x0000000711600000|100%| O|  |TAMS 0x0000000711400000, 0x0000000711400000| Untracked 
| 139|0x0000000711600000, 0x0000000711800000, 0x0000000711800000|100%| O|  |TAMS 0x0000000711600000, 0x0000000711600000| Untracked 
| 140|0x0000000711800000, 0x0000000711a00000, 0x0000000711a00000|100%| O|  |TAMS 0x0000000711800000, 0x0000000711800000| Untracked 
| 141|0x0000000711a00000, 0x0000000711c00000, 0x0000000711c00000|100%| O|  |TAMS 0x0000000711a00000, 0x0000000711a00000| Untracked 
| 142|0x0000000711c00000, 0x0000000711e00000, 0x0000000711e00000|100%| O|  |TAMS 0x0000000711c00000, 0x0000000711c00000| Untracked 
| 143|0x0000000711e00000, 0x0000000712000000, 0x0000000712000000|100%| O|  |TAMS 0x0000000711e00000, 0x0000000711e00000| Untracked 
| 144|0x0000000712000000, 0x0000000712200000, 0x0000000712200000|100%| O|  |TAMS 0x0000000712000000, 0x0000000712000000| Untracked 
| 145|0x0000000712200000, 0x0000000712400000, 0x0000000712400000|100%| O|  |TAMS 0x0000000712200000, 0x0000000712200000| Untracked 
| 146|0x0000000712400000, 0x0000000712600000, 0x0000000712600000|100%| O|  |TAMS 0x0000000712400000, 0x0000000712400000| Untracked 
| 147|0x0000000712600000, 0x0000000712800000, 0x0000000712800000|100%| O|  |TAMS 0x0000000712600000, 0x0000000712600000| Untracked 
| 148|0x0000000712800000, 0x0000000712a00000, 0x0000000712a00000|100%| O|  |TAMS 0x0000000712800000, 0x0000000712800000| Untracked 
| 149|0x0000000712a00000, 0x0000000712c00000, 0x0000000712c00000|100%| O|  |TAMS 0x0000000712a00000, 0x0000000712a00000| Untracked 
| 150|0x0000000712c00000, 0x0000000712e00000, 0x0000000712e00000|100%| O|  |TAMS 0x0000000712c00000, 0x0000000712c00000| Untracked 
| 151|0x0000000712e00000, 0x0000000713000000, 0x0000000713000000|100%| O|  |TAMS 0x0000000712e00000, 0x0000000712e00000| Untracked 
| 152|0x0000000713000000, 0x0000000713200000, 0x0000000713200000|100%| O|  |TAMS 0x0000000713000000, 0x0000000713000000| Untracked 
| 153|0x0000000713200000, 0x0000000713400000, 0x0000000713400000|100%| O|  |TAMS 0x0000000713200000, 0x0000000713200000| Untracked 
| 154|0x0000000713400000, 0x0000000713600000, 0x0000000713600000|100%| O|  |TAMS 0x0000000713400000, 0x0000000713400000| Untracked 
| 155|0x0000000713600000, 0x0000000713800000, 0x0000000713800000|100%| O|  |TAMS 0x0000000713600000, 0x0000000713600000| Untracked 
| 156|0x0000000713800000, 0x0000000713a00000, 0x0000000713a00000|100%| O|  |TAMS 0x0000000713800000, 0x0000000713800000| Untracked 
| 157|0x0000000713a00000, 0x0000000713c00000, 0x0000000713c00000|100%| O|  |TAMS 0x0000000713a00000, 0x0000000713a00000| Untracked 
| 158|0x0000000713c00000, 0x0000000713e00000, 0x0000000713e00000|100%| O|  |TAMS 0x0000000713c00000, 0x0000000713c00000| Untracked 
| 159|0x0000000713e00000, 0x0000000714000000, 0x0000000714000000|100%| O|  |TAMS 0x0000000713e00000, 0x0000000713e00000| Untracked 
| 160|0x0000000714000000, 0x0000000714200000, 0x0000000714200000|100%| O|  |TAMS 0x0000000714000000, 0x0000000714000000| Untracked 
| 161|0x0000000714200000, 0x0000000714400000, 0x0000000714400000|100%| O|  |TAMS 0x0000000714200000, 0x0000000714200000| Untracked 
| 162|0x0000000714400000, 0x0000000714600000, 0x0000000714600000|100%| O|  |TAMS 0x0000000714400000, 0x0000000714400000| Untracked 
| 163|0x0000000714600000, 0x0000000714800000, 0x0000000714800000|100%| O|  |TAMS 0x0000000714600000, 0x0000000714600000| Untracked 
| 164|0x0000000714800000, 0x0000000714a00000, 0x0000000714a00000|100%| O|  |TAMS 0x0000000714800000, 0x0000000714800000| Untracked 
| 165|0x0000000714a00000, 0x0000000714c00000, 0x0000000714c00000|100%| O|  |TAMS 0x0000000714a00000, 0x0000000714a00000| Untracked 
| 166|0x0000000714c00000, 0x0000000714e00000, 0x0000000714e00000|100%| O|  |TAMS 0x0000000714c00000, 0x0000000714c00000| Untracked 
| 167|0x0000000714e00000, 0x0000000715000000, 0x0000000715000000|100%| O|  |TAMS 0x0000000714e00000, 0x0000000714e00000| Untracked 
| 168|0x0000000715000000, 0x0000000715200000, 0x0000000715200000|100%| O|  |TAMS 0x0000000715000000, 0x0000000715000000| Untracked 
| 169|0x0000000715200000, 0x0000000715400000, 0x0000000715400000|100%| O|  |TAMS 0x0000000715200000, 0x0000000715200000| Untracked 
| 170|0x0000000715400000, 0x0000000715600000, 0x0000000715600000|100%| O|  |TAMS 0x0000000715400000, 0x0000000715400000| Untracked 
| 171|0x0000000715600000, 0x0000000715800000, 0x0000000715800000|100%| O|  |TAMS 0x0000000715600000, 0x0000000715600000| Untracked 
| 172|0x0000000715800000, 0x0000000715a00000, 0x0000000715a00000|100%| O|  |TAMS 0x0000000715800000, 0x0000000715800000| Untracked 
| 173|0x0000000715a00000, 0x0000000715c00000, 0x0000000715c00000|100%| O|  |TAMS 0x0000000715a00000, 0x0000000715a00000| Untracked 
| 174|0x0000000715c00000, 0x0000000715e00000, 0x0000000715e00000|100%| O|  |TAMS 0x0000000715c00000, 0x0000000715c00000| Untracked 
| 175|0x0000000715e00000, 0x0000000716000000, 0x0000000716000000|100%| O|  |TAMS 0x0000000715e00000, 0x0000000715e00000| Untracked 
| 176|0x0000000716000000, 0x0000000716200000, 0x0000000716200000|100%| O|  |TAMS 0x0000000716000000, 0x0000000716000000| Untracked 
| 177|0x0000000716200000, 0x0000000716400000, 0x0000000716400000|100%|HS|  |TAMS 0x0000000716200000, 0x0000000716200000| Complete 
| 178|0x0000000716400000, 0x0000000716600000, 0x0000000716600000|100%| O|  |TAMS 0x0000000716400000, 0x0000000716400000| Untracked 
| 179|0x0000000716600000, 0x0000000716800000, 0x0000000716800000|100%| O|  |TAMS 0x0000000716600000, 0x0000000716600000| Untracked 
| 180|0x0000000716800000, 0x0000000716a00000, 0x0000000716a00000|100%| O|  |TAMS 0x0000000716800000, 0x0000000716800000| Untracked 
| 181|0x0000000716a00000, 0x0000000716c00000, 0x0000000716c00000|100%| O|  |TAMS 0x0000000716a00000, 0x0000000716a00000| Untracked 
| 182|0x0000000716c00000, 0x0000000716e00000, 0x0000000716e00000|100%| O|  |TAMS 0x0000000716c00000, 0x0000000716c00000| Untracked 
| 183|0x0000000716e00000, 0x0000000717000000, 0x0000000717000000|100%| O|  |TAMS 0x0000000716e00000, 0x0000000716e00000| Untracked 
| 184|0x0000000717000000, 0x0000000717200000, 0x0000000717200000|100%| O|  |TAMS 0x0000000717000000, 0x0000000717000000| Untracked 
| 185|0x0000000717200000, 0x0000000717400000, 0x0000000717400000|100%| O|  |TAMS 0x0000000717200000, 0x0000000717200000| Untracked 
| 186|0x0000000717400000, 0x0000000717600000, 0x0000000717600000|100%| O|  |TAMS 0x0000000717400000, 0x0000000717400000| Untracked 
| 187|0x0000000717600000, 0x0000000717800000, 0x0000000717800000|100%| O|  |TAMS 0x0000000717600000, 0x0000000717600000| Untracked 
| 188|0x0000000717800000, 0x0000000717a00000, 0x0000000717a00000|100%| O|  |TAMS 0x0000000717800000, 0x0000000717800000| Untracked 
| 189|0x0000000717a00000, 0x0000000717c00000, 0x0000000717c00000|100%|HS|  |TAMS 0x0000000717a00000, 0x0000000717a00000| Complete 
| 190|0x0000000717c00000, 0x0000000717e00000, 0x0000000717e00000|100%| O|  |TAMS 0x0000000717c00000, 0x0000000717c00000| Untracked 
| 191|0x0000000717e00000, 0x0000000718000000, 0x0000000718000000|100%| O|  |TAMS 0x0000000717e00000, 0x0000000717e00000| Untracked 
| 192|0x0000000718000000, 0x0000000718200000, 0x0000000718200000|100%| O|  |TAMS 0x0000000718000000, 0x0000000718000000| Untracked 
| 193|0x0000000718200000, 0x0000000718400000, 0x0000000718400000|100%| O|  |TAMS 0x0000000718200000, 0x0000000718200000| Untracked 
| 194|0x0000000718400000, 0x0000000718600000, 0x0000000718600000|100%|HS|  |TAMS 0x0000000718400000, 0x0000000718400000| Complete 
| 195|0x0000000718600000, 0x0000000718800000, 0x0000000718800000|100%| O|  |TAMS 0x0000000718600000, 0x0000000718600000| Untracked 
| 196|0x0000000718800000, 0x0000000718830050, 0x0000000718a00000|  9%| O|  |TAMS 0x0000000718800000, 0x0000000718800000| Untracked 
| 197|0x0000000718a00000, 0x0000000718a00000, 0x0000000718c00000|  0%| F|  |TAMS 0x0000000718a00000, 0x0000000718a00000| Untracked 
| 198|0x0000000718c00000, 0x0000000718c00000, 0x0000000718e00000|  0%| F|  |TAMS 0x0000000718c00000, 0x0000000718c00000| Untracked 
| 199|0x0000000718e00000, 0x0000000718e00000, 0x0000000719000000|  0%| F|  |TAMS 0x0000000718e00000, 0x0000000718e00000| Untracked 
| 200|0x0000000719000000, 0x0000000719000000, 0x0000000719200000|  0%| F|  |TAMS 0x0000000719000000, 0x0000000719000000| Untracked 
| 201|0x0000000719200000, 0x0000000719200000, 0x0000000719400000|  0%| F|  |TAMS 0x0000000719200000, 0x0000000719200000| Untracked 
| 202|0x0000000719400000, 0x0000000719400000, 0x0000000719600000|  0%| F|  |TAMS 0x0000000719400000, 0x0000000719400000| Untracked 
| 203|0x0000000719600000, 0x0000000719600000, 0x0000000719800000|  0%| F|  |TAMS 0x0000000719600000, 0x0000000719600000| Untracked 
| 204|0x0000000719800000, 0x0000000719800000, 0x0000000719a00000|  0%| F|  |TAMS 0x0000000719800000, 0x0000000719800000| Untracked 
| 205|0x0000000719a00000, 0x0000000719a00000, 0x0000000719c00000|  0%| F|  |TAMS 0x0000000719a00000, 0x0000000719a00000| Untracked 
| 206|0x0000000719c00000, 0x0000000719c00000, 0x0000000719e00000|  0%| F|  |TAMS 0x0000000719c00000, 0x0000000719c00000| Untracked 
| 207|0x0000000719e00000, 0x0000000719e00000, 0x000000071a000000|  0%| F|  |TAMS 0x0000000719e00000, 0x0000000719e00000| Untracked 
| 208|0x000000071a000000, 0x000000071a000000, 0x000000071a200000|  0%| F|  |TAMS 0x000000071a000000, 0x000000071a000000| Untracked 
| 209|0x000000071a200000, 0x000000071a200000, 0x000000071a400000|  0%| F|  |TAMS 0x000000071a200000, 0x000000071a200000| Untracked 
| 210|0x000000071a400000, 0x000000071a400000, 0x000000071a600000|  0%| F|  |TAMS 0x000000071a400000, 0x000000071a400000| Untracked 
| 211|0x000000071a600000, 0x000000071a600000, 0x000000071a800000|  0%| F|  |TAMS 0x000000071a600000, 0x000000071a600000| Untracked 
| 212|0x000000071a800000, 0x000000071a800000, 0x000000071aa00000|  0%| F|  |TAMS 0x000000071a800000, 0x000000071a800000| Untracked 
| 213|0x000000071aa00000, 0x000000071aa00000, 0x000000071ac00000|  0%| F|  |TAMS 0x000000071aa00000, 0x000000071aa00000| Untracked 
| 214|0x000000071ac00000, 0x000000071ac00000, 0x000000071ae00000|  0%| F|  |TAMS 0x000000071ac00000, 0x000000071ac00000| Untracked 
| 215|0x000000071ae00000, 0x000000071ae00000, 0x000000071b000000|  0%| F|  |TAMS 0x000000071ae00000, 0x000000071ae00000| Untracked 
| 216|0x000000071b000000, 0x000000071b000000, 0x000000071b200000|  0%| F|  |TAMS 0x000000071b000000, 0x000000071b000000| Untracked 
| 217|0x000000071b200000, 0x000000071b200000, 0x000000071b400000|  0%| F|  |TAMS 0x000000071b200000, 0x000000071b200000| Untracked 
| 218|0x000000071b400000, 0x000000071b400000, 0x000000071b600000|  0%| F|  |TAMS 0x000000071b400000, 0x000000071b400000| Untracked 
| 219|0x000000071b600000, 0x000000071b600000, 0x000000071b800000|  0%| F|  |TAMS 0x000000071b600000, 0x000000071b600000| Untracked 
| 220|0x000000071b800000, 0x000000071b800000, 0x000000071ba00000|  0%| F|  |TAMS 0x000000071b800000, 0x000000071b800000| Untracked 
| 221|0x000000071ba00000, 0x000000071bc00000, 0x000000071bc00000|100%| S|  |TAMS 0x000000071ba00000, 0x000000071ba00000| Complete 
| 222|0x000000071bc00000, 0x000000071be00000, 0x000000071be00000|100%| S|  |TAMS 0x000000071bc00000, 0x000000071bc00000| Complete 
| 223|0x000000071be00000, 0x000000071be837d8, 0x000000071c000000| 25%| E|CS|TAMS 0x000000071be00000, 0x000000071be00000| Complete 
| 224|0x000000071c000000, 0x000000071c200000, 0x000000071c200000|100%| E|CS|TAMS 0x000000071c000000, 0x000000071c000000| Complete 
| 225|0x000000071c200000, 0x000000071c400000, 0x000000071c400000|100%| E|CS|TAMS 0x000000071c200000, 0x000000071c200000| Complete 
| 226|0x000000071c400000, 0x000000071c600000, 0x000000071c600000|100%| E|CS|TAMS 0x000000071c400000, 0x000000071c400000| Complete 
| 227|0x000000071c600000, 0x000000071c800000, 0x000000071c800000|100%| E|CS|TAMS 0x000000071c600000, 0x000000071c600000| Complete 
| 228|0x000000071c800000, 0x000000071ca00000, 0x000000071ca00000|100%| E|CS|TAMS 0x000000071c800000, 0x000000071c800000| Complete 
| 229|0x000000071ca00000, 0x000000071cc00000, 0x000000071cc00000|100%| E|CS|TAMS 0x000000071ca00000, 0x000000071ca00000| Complete 
| 230|0x000000071cc00000, 0x000000071ce00000, 0x000000071ce00000|100%| E|CS|TAMS 0x000000071cc00000, 0x000000071cc00000| Complete 
| 231|0x000000071ce00000, 0x000000071d000000, 0x000000071d000000|100%| E|CS|TAMS 0x000000071ce00000, 0x000000071ce00000| Complete 
| 232|0x000000071d000000, 0x000000071d200000, 0x000000071d200000|100%| E|CS|TAMS 0x000000071d000000, 0x000000071d000000| Complete 
| 233|0x000000071d200000, 0x000000071d400000, 0x000000071d400000|100%| E|CS|TAMS 0x000000071d200000, 0x000000071d200000| Complete 

Card table byte_map: [0x0000019ffcab0000,0x0000019ffd2b0000] _byte_map_base: 0x0000019ff92b0000

Marking Bits (Prev, Next): (CMBitMap*) 0x0000019fe5a55b50, (CMBitMap*) 0x0000019fe5a55b10
 Prev Bits: [0x0000019f84000000, 0x0000019f88000000)
 Next Bits: [0x0000019f80000000, 0x0000019f84000000)

Polling page: 0x0000019fe51c0000

Metaspace:

Usage:
  Non-class:    104.09 MB used.
      Class:     15.79 MB used.
       Both:    119.89 MB used.

Virtual space:
  Non-class space:      128.00 MB reserved,     105.19 MB ( 82%) committed,  2 nodes.
      Class space:        1.00 GB reserved,      16.62 MB (  2%) committed,  1 nodes.
             Both:        1.12 GB reserved,     121.81 MB ( 11%) committed. 

Chunk freelists:
   Non-Class:  6.48 MB
       Class:  15.20 MB
        Both:  21.68 MB

MaxMetaspaceSize: 2.00 GB
CompressedClassSpaceSize: 1.00 GB
Initial GC threshold: 21.00 MB
Current GC threshold: 139.94 MB
CDS: on
MetaspaceReclaimPolicy: balanced
 - commit_granule_bytes: 65536.
 - commit_granule_words: 8192.
 - virtual_space_node_default_size: 8388608.
 - enlarge_chunks_in_place: 1.
 - new_chunks_are_fully_committed: 0.
 - uncommit_free_chunks: 1.
 - use_allocation_guard: 0.
 - handle_deallocations: 1.


Internal statistics:

num_allocs_failed_limit: 6.
num_arena_births: 2660.
num_arena_deaths: 0.
num_vsnodes_births: 3.
num_vsnodes_deaths: 0.
num_space_committed: 1948.
num_space_uncommitted: 0.
num_chunks_returned_to_freelist: 6.
num_chunks_taken_from_freelist: 8453.
num_chunk_merges: 6.
num_chunk_splits: 5172.
num_chunks_enlarged: 2919.
num_inconsistent_stats: 0.

CodeHeap 'non-profiled nmethods': size=120000Kb used=18977Kb max_used=18977Kb free=101022Kb
 bounds [0x0000019ff4d80000, 0x0000019ff6010000, 0x0000019ffc2b0000]
CodeHeap 'profiled nmethods': size=120000Kb used=44021Kb max_used=44021Kb free=75978Kb
 bounds [0x0000019fed2b0000, 0x0000019fefdb0000, 0x0000019ff47e0000]
CodeHeap 'non-nmethods': size=5760Kb used=2451Kb max_used=2574Kb free=3308Kb
 bounds [0x0000019ff47e0000, 0x0000019ff4a80000, 0x0000019ff4d80000]
 total_blobs=22803 nmethods=21810 adapters=904
 compilation: enabled
              stopped_count=0, restarted_count=0
 full_count=0

Compilation events (20 events):
Event: 150.938 Thread 0x0000019ffff6ec00 26716   !   3       sun.nio.fs.WindowsLinkSupport::getFinalPath (175 bytes)
Event: 150.940 Thread 0x0000019ffff6ec00 nmethod 26716 0x0000019fefda3c90 code [0x0000019fefda3fe0, 0x0000019fefda5388]
Event: 150.941 Thread 0x0000019ffff6ec00 26717       1       sun.nio.fs.WindowsNativeDispatcher$VolumeInformation::volumeName (5 bytes)
Event: 150.941 Thread 0x0000019ffff6ec00 nmethod 26717 0x0000019ff6007410 code [0x0000019ff60075a0, 0x0000019ff6007678]
Event: 150.951 Thread 0x0000019ffff6ec00 26718       3       com.sun.tools.javac.file.JavacFileManager$$Lambda$1655/0x0000019f8a058910::<init> (10 bytes)
Event: 150.951 Thread 0x0000019ffff6ec00 nmethod 26718 0x0000019fefda5a90 code [0x0000019fefda5c20, 0x0000019fefda5dd8]
Event: 150.951 Thread 0x0000019ffff6ba90 26719       4       com.sun.tools.javac.file.PathFileObject$JarFileObject::inferBinaryName (40 bytes)
Event: 150.954 Thread 0x0000019ffff6ec00 26722       3       java.time.LocalDateTime::plusSeconds (14 bytes)
Event: 150.954 Thread 0x0000019ffff6ec00 nmethod 26722 0x0000019fefda5e90 code [0x0000019fefda6020, 0x0000019fefda6188]
Event: 150.956 Thread 0x0000019ffff6ec00 26723   !   3       com.sun.tools.javac.jvm.ClassReader::readClassFile (560 bytes)
Event: 150.961 Thread 0x0000019ffff6ec00 nmethod 26723 0x0000019fefda6210 code [0x0000019fefda6820, 0x0000019fefdaa638]
Event: 150.961 Thread 0x0000019ffff6ec00 26725   !   3       com.sun.tools.javac.code.ClassFinder::getSupplementaryFlags (192 bytes)
Event: 150.962 Thread 0x0000019ffff6ec00 nmethod 26725 0x0000019fefdac490 code [0x0000019fefdac760, 0x0000019fefdadbd8]
Event: 150.962 Thread 0x0000019ffff6ec00 26724       3       jdk.nio.zipfs.ZipFileSystem$2::available (38 bytes)
Event: 150.963 Thread 0x0000019ffff6ec00 nmethod 26724 0x0000019fefdae390 code [0x0000019fefdae540, 0x0000019fefdae7a8]
Event: 150.979 Thread 0x0000019ffff6ec00 26728   !   3       com.sun.tools.javac.comp.TypeEnter$Phase::completeEnvs (137 bytes)
Event: 150.980 Thread 0x0000019ffff6ec00 nmethod 26728 0x0000019fefdae890 code [0x0000019fefdaeac0, 0x0000019fefdaf478]
Event: 150.980 Thread 0x0000019fd9f274b0 26721       4       jdk.nio.zipfs.ZipPath::relativize (314 bytes)
Event: 150.996 Thread 0x0000019fd9f274b0 nmethod 26721 0x0000019ff6007710 code [0x0000019ff60078c0, 0x0000019ff6008018]
Event: 150.996 Thread 0x0000019fd9f274b0 26726       4       com.sun.tools.javac.file.Locations::getHandler (35 bytes)

GC Heap History (20 events):
Event: 134.655 GC heap after
{Heap after GC invocations=63 (full 0):
 garbage-first heap   total 479232K, used 346762K [0x0000000700000000, 0x0000000800000000)
  region size 2048K, 5 young (10240K), 5 survivors (10240K)
 Metaspace       used 111026K, committed 112960K, reserved 1179648K
  class space    used 14850K, committed 15744K, reserved 1048576K
}
Event: 136.340 GC heap before
{Heap before GC invocations=63 (full 0):
 garbage-first heap   total 479232K, used 404106K [0x0000000700000000, 0x0000000800000000)
  region size 2048K, 34 young (69632K), 5 survivors (10240K)
 Metaspace       used 111135K, committed 113152K, reserved 1179648K
  class space    used 14852K, committed 15744K, reserved 1048576K
}
Event: 136.358 GC heap after
{Heap after GC invocations=64 (full 0):
 garbage-first heap   total 479232K, used 354027K [0x0000000700000000, 0x0000000800000000)
  region size 2048K, 4 young (8192K), 4 survivors (8192K)
 Metaspace       used 111135K, committed 113152K, reserved 1179648K
  class space    used 14852K, committed 15744K, reserved 1048576K
}
Event: 138.168 GC heap before
{Heap before GC invocations=64 (full 0):
 garbage-first heap   total 479232K, used 409323K [0x0000000700000000, 0x0000000800000000)
  region size 2048K, 31 young (63488K), 4 survivors (8192K)
 Metaspace       used 111325K, committed 113280K, reserved 1179648K
  class space    used 14868K, committed 15744K, reserved 1048576K
}
Event: 138.192 GC heap after
{Heap after GC invocations=65 (full 0):
 garbage-first heap   total 479232K, used 361283K [0x0000000700000000, 0x0000000800000000)
  region size 2048K, 4 young (8192K), 4 survivors (8192K)
 Metaspace       used 111325K, committed 113280K, reserved 1179648K
  class space    used 14868K, committed 15744K, reserved 1048576K
}
Event: 139.946 GC heap before
{Heap before GC invocations=65 (full 0):
 garbage-first heap   total 479232K, used 408387K [0x0000000700000000, 0x0000000800000000)
  region size 2048K, 28 young (57344K), 4 survivors (8192K)
 Metaspace       used 111421K, committed 113344K, reserved 1179648K
  class space    used 14871K, committed 15744K, reserved 1048576K
}
Event: 139.960 GC heap after
{Heap after GC invocations=66 (full 0):
 garbage-first heap   total 479232K, used 367641K [0x0000000700000000, 0x0000000800000000)
  region size 2048K, 4 young (8192K), 4 survivors (8192K)
 Metaspace       used 111421K, committed 113344K, reserved 1179648K
  class space    used 14871K, committed 15744K, reserved 1048576K
}
Event: 144.390 GC heap before
{Heap before GC invocations=66 (full 0):
 garbage-first heap   total 479232K, used 410649K [0x0000000700000000, 0x0000000800000000)
  region size 2048K, 25 young (51200K), 4 survivors (8192K)
 Metaspace       used 118705K, committed 120640K, reserved 1179648K
  class space    used 15768K, committed 16640K, reserved 1048576K
}
Event: 144.408 GC heap after
{Heap after GC invocations=67 (full 0):
 garbage-first heap   total 479232K, used 379522K [0x0000000700000000, 0x0000000800000000)
  region size 2048K, 4 young (8192K), 4 survivors (8192K)
 Metaspace       used 118705K, committed 120640K, reserved 1179648K
  class space    used 15768K, committed 16640K, reserved 1048576K
}
Event: 146.891 GC heap before
{Heap before GC invocations=67 (full 0):
 garbage-first heap   total 479232K, used 412290K [0x0000000700000000, 0x0000000800000000)
  region size 2048K, 20 young (40960K), 4 survivors (8192K)
 Metaspace       used 121211K, committed 123200K, reserved 1179648K
  class space    used 16016K, committed 16896K, reserved 1048576K
}
Event: 146.909 GC heap after
{Heap after GC invocations=68 (full 0):
 garbage-first heap   total 479232K, used 381630K [0x0000000700000000, 0x0000000800000000)
  region size 2048K, 3 young (6144K), 3 survivors (6144K)
 Metaspace       used 121211K, committed 123200K, reserved 1179648K
  class space    used 16016K, committed 16896K, reserved 1048576K
}
Event: 147.401 GC heap before
{Heap before GC invocations=68 (full 0):
 garbage-first heap   total 479232K, used 410302K [0x0000000700000000, 0x0000000800000000)
  region size 2048K, 18 young (36864K), 3 survivors (6144K)
 Metaspace       used 121375K, committed 123392K, reserved 1179648K
  class space    used 16043K, committed 16960K, reserved 1048576K
}
Event: 147.420 GC heap after
{Heap after GC invocations=69 (full 0):
 garbage-first heap   total 479232K, used 385702K [0x0000000700000000, 0x0000000800000000)
  region size 2048K, 2 young (4096K), 2 survivors (4096K)
 Metaspace       used 121375K, committed 123392K, reserved 1179648K
  class space    used 16043K, committed 16960K, reserved 1048576K
}
Event: 148.221 GC heap before
{Heap before GC invocations=69 (full 0):
 garbage-first heap   total 479232K, used 412326K [0x0000000700000000, 0x0000000800000000)
  region size 2048K, 16 young (32768K), 2 survivors (4096K)
 Metaspace       used 121892K, committed 123840K, reserved 1179648K
  class space    used 16095K, committed 16960K, reserved 1048576K
}
Event: 148.231 GC heap after
{Heap after GC invocations=70 (full 0):
 garbage-first heap   total 479232K, used 388753K [0x0000000700000000, 0x0000000800000000)
  region size 2048K, 2 young (4096K), 2 survivors (4096K)
 Metaspace       used 121892K, committed 123840K, reserved 1179648K
  class space    used 16095K, committed 16960K, reserved 1048576K
}
Event: 149.346 GC heap before
{Heap before GC invocations=70 (full 0):
 garbage-first heap   total 479232K, used 415377K [0x0000000700000000, 0x0000000800000000)
  region size 2048K, 15 young (30720K), 2 survivors (4096K)
 Metaspace       used 122189K, committed 124160K, reserved 1179648K
  class space    used 16131K, committed 17024K, reserved 1048576K
}
Event: 149.358 GC heap after
{Heap after GC invocations=71 (full 0):
 garbage-first heap   total 479232K, used 398060K [0x0000000700000000, 0x0000000800000000)
  region size 2048K, 2 young (4096K), 2 survivors (4096K)
 Metaspace       used 122189K, committed 124160K, reserved 1179648K
  class space    used 16131K, committed 17024K, reserved 1048576K
}
Event: 150.352 GC heap before
{Heap before GC invocations=71 (full 0):
 garbage-first heap   total 479232K, used 414444K [0x0000000700000000, 0x0000000800000000)
  region size 2048K, 11 young (22528K), 2 survivors (4096K)
 Metaspace       used 122737K, committed 124736K, reserved 1179648K
  class space    used 16173K, committed 17024K, reserved 1048576K
}
Event: 150.362 GC heap after
{Heap after GC invocations=72 (full 0):
 garbage-first heap   total 479232K, used 398089K [0x0000000700000000, 0x0000000800000000)
  region size 2048K, 2 young (4096K), 2 survivors (4096K)
 Metaspace       used 122737K, committed 124736K, reserved 1179648K
  class space    used 16173K, committed 17024K, reserved 1048576K
}
Event: 150.999 GC heap before
{Heap before GC invocations=72 (full 0):
 garbage-first heap   total 479232K, used 418569K [0x0000000700000000, 0x0000000800000000)
  region size 2048K, 11 young (22528K), 2 survivors (4096K)
 Metaspace       used 122764K, committed 124736K, reserved 1179648K
  class space    used 16173K, committed 17024K, reserved 1048576K
}

Deoptimization events (20 events):
Event: 150.399 Thread 0x0000019fd0c5b7e0 Uncommon trap: trap_request=0xffffffc6 fr.pc=0x0000019ff5f87044 relative=0x0000000000006164
Event: 150.399 Thread 0x0000019fd0c5b7e0 Uncommon trap: reason=bimorphic_or_optimized_type_check action=maybe_recompile pc=0x0000019ff5f87044 method=org.gradle.api.internal.artifacts.transform.AttributeMatchingVariantSelector.doSelect(Lorg/gradle/api/internal/artifacts/ivyservice/resolveengine/a
Event: 150.399 Thread 0x0000019fd0c5b7e0 DEOPT PACKING pc=0x0000019ff5f87044 sp=0x00000048bcffc760
Event: 150.399 Thread 0x0000019fd0c5b7e0 DEOPT UNPACKING pc=0x0000019ff48323a3 sp=0x00000048bcffc798 mode 2
Event: 150.399 Thread 0x0000019fd0c5b7e0 Uncommon trap: trap_request=0xffffffc6 fr.pc=0x0000019ff5f87044 relative=0x0000000000006164
Event: 150.399 Thread 0x0000019fd0c5b7e0 Uncommon trap: reason=bimorphic_or_optimized_type_check action=maybe_recompile pc=0x0000019ff5f87044 method=org.gradle.api.internal.artifacts.transform.AttributeMatchingVariantSelector.doSelect(Lorg/gradle/api/internal/artifacts/ivyservice/resolveengine/a
Event: 150.399 Thread 0x0000019fd0c5b7e0 DEOPT PACKING pc=0x0000019ff5f87044 sp=0x00000048bcffc760
Event: 150.399 Thread 0x0000019fd0c5b7e0 DEOPT UNPACKING pc=0x0000019ff48323a3 sp=0x00000048bcffc798 mode 2
Event: 150.399 Thread 0x0000019fd0c5b7e0 Uncommon trap: trap_request=0xffffffc6 fr.pc=0x0000019ff5f87044 relative=0x0000000000006164
Event: 150.399 Thread 0x0000019fd0c5b7e0 Uncommon trap: reason=bimorphic_or_optimized_type_check action=maybe_recompile pc=0x0000019ff5f87044 method=org.gradle.api.internal.artifacts.transform.AttributeMatchingVariantSelector.doSelect(Lorg/gradle/api/internal/artifacts/ivyservice/resolveengine/a
Event: 150.399 Thread 0x0000019fd0c5b7e0 DEOPT PACKING pc=0x0000019ff5f87044 sp=0x00000048bcffc760
Event: 150.399 Thread 0x0000019fd0c5b7e0 DEOPT UNPACKING pc=0x0000019ff48323a3 sp=0x00000048bcffc798 mode 2
Event: 150.418 Thread 0x0000019fd0c5b7e0 Uncommon trap: trap_request=0xffffffde fr.pc=0x0000019ff562fc84 relative=0x0000000000000a04
Event: 150.418 Thread 0x0000019fd0c5b7e0 Uncommon trap: reason=class_check action=maybe_recompile pc=0x0000019ff562fc84 method=org.gradle.api.internal.file.AbstractFileCollection.iterator()Ljava/util/Iterator; @ 4 c2
Event: 150.418 Thread 0x0000019fd0c5b7e0 DEOPT PACKING pc=0x0000019ff562fc84 sp=0x00000048bcffb230
Event: 150.418 Thread 0x0000019fd0c5b7e0 DEOPT UNPACKING pc=0x0000019ff48323a3 sp=0x00000048bcffb1f8 mode 2
Event: 150.419 Thread 0x0000019fd0c5b7e0 Uncommon trap: trap_request=0xffffffc6 fr.pc=0x0000019ff5d74024 relative=0x0000000000002a64
Event: 150.419 Thread 0x0000019fd0c5b7e0 Uncommon trap: reason=bimorphic_or_optimized_type_check action=maybe_recompile pc=0x0000019ff5d74024 method=org.gradle.api.internal.file.AbstractFileCollection$2.visitCollection(Lorg/gradle/api/internal/file/FileCollectionInternal$Source;Ljava/lang/Iterab
Event: 150.419 Thread 0x0000019fd0c5b7e0 DEOPT PACKING pc=0x0000019ff5d74024 sp=0x00000048bcffa980
Event: 150.419 Thread 0x0000019fd0c5b7e0 DEOPT UNPACKING pc=0x0000019ff48323a3 sp=0x00000048bcffa968 mode 2

Classes unloaded (0 events):
No events

Classes redefined (0 events):
No events

Internal exceptions (20 events):
Event: 150.032 Thread 0x0000019fd0c5ef90 Exception <a 'sun/nio/fs/WindowsException'{0x000000071cb70d78}> (0x000000071cb70d78) 
thrown [s\open\src\hotspot\share\prims\jni.cpp, line 516]
Event: 150.037 Thread 0x0000019fd0c5ef90 Exception <a 'sun/nio/fs/WindowsException'{0x000000071cb7f058}> (0x000000071cb7f058) 
thrown [s\open\src\hotspot\share\prims\jni.cpp, line 516]
Event: 150.048 Thread 0x0000019fd0c5ef90 Exception <a 'sun/nio/fs/WindowsException'{0x000000071cbdef10}> (0x000000071cbdef10) 
thrown [s\open\src\hotspot\share\prims\jni.cpp, line 516]
Event: 150.055 Thread 0x0000019fd0c5ef90 Exception <a 'sun/nio/fs/WindowsException'{0x000000071cbfc178}> (0x000000071cbfc178) 
thrown [s\open\src\hotspot\share\prims\jni.cpp, line 516]
Event: 150.088 Thread 0x0000019fd0c5ef90 Exception <a 'sun/nio/fs/WindowsException'{0x000000071c8fc350}> (0x000000071c8fc350) 
thrown [s\open\src\hotspot\share\prims\jni.cpp, line 516]
Event: 150.094 Thread 0x0000019fd0c5ef90 Exception <a 'sun/nio/fs/WindowsException'{0x000000071c90dd60}> (0x000000071c90dd60) 
thrown [s\open\src\hotspot\share\prims\jni.cpp, line 516]
Event: 150.250 Thread 0x0000019fd0c5ef90 Exception <a 'sun/nio/fs/WindowsException'{0x000000071c2c2900}> (0x000000071c2c2900) 
thrown [s\open\src\hotspot\share\prims\jni.cpp, line 516]
Event: 150.250 Thread 0x0000019fd0c5ef90 Exception <a 'sun/nio/fs/WindowsException'{0x000000071c2c3778}> (0x000000071c2c3778) 
thrown [s\open\src\hotspot\share\prims\jni.cpp, line 516]
Event: 150.251 Thread 0x0000019fcd3041f0 Exception <a 'sun/nio/fs/WindowsException'{0x000000071c2de810}> (0x000000071c2de810) 
thrown [s\open\src\hotspot\share\prims\jni.cpp, line 516]
Event: 150.251 Thread 0x0000019fcd3041f0 Exception <a 'sun/nio/fs/WindowsException'{0x000000071c2de9c8}> (0x000000071c2de9c8) 
thrown [s\open\src\hotspot\share\prims\jni.cpp, line 516]
Event: 150.251 Thread 0x0000019fcd3041f0 Exception <a 'sun/nio/fs/WindowsException'{0x000000071c2dea68}> (0x000000071c2dea68) 
thrown [s\open\src\hotspot\share\prims\jni.cpp, line 516]
Event: 150.251 Thread 0x0000019fcd3041f0 Exception <a 'sun/nio/fs/WindowsException'{0x000000071c2dedd8}> (0x000000071c2dedd8) 
thrown [s\open\src\hotspot\share\prims\jni.cpp, line 516]
Event: 150.256 Thread 0x0000019fd0c5b7e0 Exception <a 'sun/nio/fs/WindowsException'{0x000000071c31bd10}> (0x000000071c31bd10) 
thrown [s\open\src\hotspot\share\prims\jni.cpp, line 516]
Event: 150.256 Thread 0x0000019fd0c5b7e0 Exception <a 'sun/nio/fs/WindowsException'{0x000000071c31ce18}> (0x000000071c31ce18) 
thrown [s\open\src\hotspot\share\prims\jni.cpp, line 516]
Event: 150.257 Thread 0x0000019fd1d9c070 Exception <a 'sun/nio/fs/WindowsException'{0x000000071c2d99b0}> (0x000000071c2d99b0) 
thrown [s\open\src\hotspot\share\prims\jni.cpp, line 516]
Event: 150.331 Thread 0x0000019fd0c5db50 Exception <a 'sun/nio/fs/WindowsException'{0x000000071c3cb000}> (0x000000071c3cb000) 
thrown [s\open\src\hotspot\share\prims\jni.cpp, line 516]
Event: 150.331 Thread 0x0000019fd0c5db50 Exception <a 'sun/nio/fs/WindowsException'{0x000000071c3cc3e0}> (0x000000071c3cc3e0) 
thrown [s\open\src\hotspot\share\prims\jni.cpp, line 516]
Event: 150.333 Thread 0x0000019fd1d97990 Exception <a 'sun/nio/fs/WindowsException'{0x000000071c2e2a20}> (0x000000071c2e2a20) 
thrown [s\open\src\hotspot\share\prims\jni.cpp, line 516]
Event: 150.665 Thread 0x0000019fd0c5b7e0 Exception <a 'sun/nio/fs/WindowsException'{0x000000071cf264c8}> (0x000000071cf264c8) 
thrown [s\open\src\hotspot\share\prims\jni.cpp, line 516]
Event: 150.665 Thread 0x0000019fd0c5b7e0 Exception <a 'sun/nio/fs/WindowsException'{0x000000071cf266f8}> (0x000000071cf266f8) 
thrown [s\open\src\hotspot\share\prims\jni.cpp, line 516]

VM Operations (20 events):
Event: 148.162 Executing VM operation: HandshakeAllThreads done
Event: 148.162 Executing VM operation: HandshakeAllThreads
Event: 148.162 Executing VM operation: HandshakeAllThreads done
Event: 148.207 Executing VM operation: G1CollectForAllocation
Event: 148.234 Executing VM operation: G1CollectForAllocation done
Event: 149.243 Executing VM operation: Cleanup
Event: 149.244 Executing VM operation: Cleanup done
Event: 149.325 Executing VM operation: HandshakeAllThreads
Event: 149.325 Executing VM operation: HandshakeAllThreads done
Event: 149.346 Executing VM operation: G1CollectForAllocation
Event: 149.358 Executing VM operation: G1CollectForAllocation done
Event: 149.684 Executing VM operation: HandshakeAllThreads
Event: 149.684 Executing VM operation: HandshakeAllThreads done
Event: 149.696 Executing VM operation: ICBufferFull
Event: 149.697 Executing VM operation: ICBufferFull done
Event: 150.062 Executing VM operation: ICBufferFull
Event: 150.062 Executing VM operation: ICBufferFull done
Event: 150.352 Executing VM operation: G1CollectForAllocation
Event: 150.364 Executing VM operation: G1CollectForAllocation done
Event: 150.999 Executing VM operation: G1CollectForAllocation

Events (20 events):
Event: 148.240 loading class java/nio/channels/FileChannel$MapMode done
Event: 148.240 loading class jdk/internal/misc/ExtendedMapMode
Event: 148.241 loading class jdk/internal/misc/ExtendedMapMode done
Event: 148.242 loading class sun/nio/ch/FileChannelImpl$DefaultUnmapper
Event: 148.247 loading class sun/nio/ch/FileChannelImpl$Unmapper
Event: 148.248 loading class jdk/internal/access/foreign/UnmapperProxy
Event: 148.248 loading class jdk/internal/access/foreign/UnmapperProxy done
Event: 148.248 loading class sun/nio/ch/FileChannelImpl$Unmapper done
Event: 148.248 loading class sun/nio/ch/FileChannelImpl$DefaultUnmapper done
Event: 148.248 loading class sun/nio/ch/Util$4
Event: 148.248 loading class java/util/concurrent/Executors$DelegatedScheduledExecutorService
Event: 148.248 loading class sun/nio/ch/Util$4 done
Event: 148.252 loading class java/util/concurrent/Executors$DelegatedExecutorService
Event: 148.253 loading class java/util/concurrent/Executors$DelegatedExecutorService done
Event: 148.253 loading class java/util/concurrent/Executors$DelegatedScheduledExecutorService done
Event: 148.254 Thread 0x0000019fd29f39e0 Thread added: 0x0000019fd29f39e0
Event: 148.449 Thread 0x0000019fd29f1160 Thread added: 0x0000019fd29f1160
Event: 148.450 Thread 0x0000019fd1d9ee00 Thread added: 0x0000019fd1d9ee00
Event: 150.895 Thread 0x0000019fd9f27a00 Thread exited: 0x0000019fd9f27a00
Event: 150.980 Thread 0x0000019fd9f274b0 Thread added: 0x0000019fd9f274b0


Dynamic libraries:
0x00007ff7968f0000 - 0x00007ff796900000 	C:\Program Files\Java\jdk-17\bin\java.exe
0x00007ff8364b0000 - 0x00007ff8366a8000 	C:\Windows\SYSTEM32\ntdll.dll
0x00007ff835420000 - 0x00007ff8354e2000 	C:\Windows\System32\KERNEL32.DLL
0x00007ff8341d0000 - 0x00007ff8344ce000 	C:\Windows\System32\KERNELBASE.dll
0x00007ff834060000 - 0x00007ff834160000 	C:\Windows\System32\ucrtbase.dll
0x00007ff81fc20000 - 0x00007ff81fc39000 	C:\Program Files\Java\jdk-17\bin\jli.dll
0x00007ff8344d0000 - 0x00007ff834581000 	C:\Windows\System32\ADVAPI32.dll
0x00007ff835380000 - 0x00007ff83541e000 	C:\Windows\System32\msvcrt.dll
0x00007ff835970000 - 0x00007ff835a0f000 	C:\Windows\System32\sechost.dll
0x00007ff8346b0000 - 0x00007ff8347d3000 	C:\Windows\System32\RPCRT4.dll
0x00007ff834030000 - 0x00007ff834057000 	C:\Windows\System32\bcrypt.dll
0x00007ff835eb0000 - 0x00007ff83604d000 	C:\Windows\System32\USER32.dll
0x00007ff833f20000 - 0x00007ff833f42000 	C:\Windows\System32\win32u.dll
0x00007ff834620000 - 0x00007ff83464b000 	C:\Windows\System32\GDI32.dll
0x00007ff833ca0000 - 0x00007ff833db7000 	C:\Windows\System32\gdi32full.dll
0x00007ff833b50000 - 0x00007ff833bed000 	C:\Windows\System32\msvcp_win.dll
0x00007ff81b4d0000 - 0x00007ff81b4eb000 	C:\Program Files\Java\jdk-17\bin\VCRUNTIME140.dll
0x00007ff81eb30000 - 0x00007ff81edca000 	C:\Windows\WinSxS\amd64_microsoft.windows.common-controls_6595b64144ccf1df_6.0.19041.4355_none_60b8b9eb71f62e16\COMCTL32.dll
0x00007ff829990000 - 0x00007ff82999a000 	C:\Windows\SYSTEM32\VERSION.dll
0x00007ff835620000 - 0x00007ff83564f000 	C:\Windows\System32\IMM32.DLL
0x00007ff81ff20000 - 0x00007ff81ff2c000 	C:\Program Files\Java\jdk-17\bin\vcruntime140_1.dll
0x00007ffffff60000 - 0x00007ffffffee000 	C:\Program Files\Java\jdk-17\bin\msvcp140.dll
0x00007fffd6b30000 - 0x00007fffd7710000 	C:\Program Files\Java\jdk-17\bin\server\jvm.dll
0x00007ff835e80000 - 0x00007ff835e88000 	C:\Windows\System32\PSAPI.DLL
0x00007ff81ea20000 - 0x00007ff81ea29000 	C:\Windows\SYSTEM32\WSOCK32.dll
0x00007ff835820000 - 0x00007ff83588b000 	C:\Windows\System32\WS2_32.dll
0x00007ff81c700000 - 0x00007ff81c727000 	C:\Windows\SYSTEM32\WINMM.dll
0x00007ff832370000 - 0x00007ff832382000 	C:\Windows\SYSTEM32\kernel.appcore.dll
0x00007ff81e1c0000 - 0x00007ff81e1ca000 	C:\Program Files\Java\jdk-17\bin\jimage.dll
0x00007ff82e730000 - 0x00007ff82e914000 	C:\Windows\SYSTEM32\DBGHELP.DLL
0x00007ff8110f0000 - 0x00007ff811124000 	C:\Windows\SYSTEM32\dbgcore.DLL
0x00007ff833fa0000 - 0x00007ff834022000 	C:\Windows\System32\bcryptPrimitives.dll
0x00007ffffff00000 - 0x00007ffffff25000 	C:\Program Files\Java\jdk-17\bin\java.dll
0x00007ffffede0000 - 0x00007ffffeeb7000 	C:\Program Files\Java\jdk-17\bin\jsvml.dll
0x00007ff834c10000 - 0x00007ff83537d000 	C:\Windows\System32\SHELL32.dll
0x00007ff831bb0000 - 0x00007ff832354000 	C:\Windows\SYSTEM32\windows.storage.dll
0x00007ff836110000 - 0x00007ff836463000 	C:\Windows\System32\combase.dll
0x00007ff833580000 - 0x00007ff8335ae000 	C:\Windows\SYSTEM32\Wldp.dll
0x00007ff835890000 - 0x00007ff83595d000 	C:\Windows\System32\OLEAUT32.dll
0x00007ff835650000 - 0x00007ff8356fd000 	C:\Windows\System32\SHCORE.dll
0x00007ff834650000 - 0x00007ff8346a5000 	C:\Windows\System32\shlwapi.dll
0x00007ff833a80000 - 0x00007ff833aa4000 	C:\Windows\SYSTEM32\profapi.dll
0x00007ff8177f0000 - 0x00007ff817809000 	C:\Program Files\Java\jdk-17\bin\net.dll
0x00007ff826980000 - 0x00007ff826a8d000 	C:\Windows\SYSTEM32\WINHTTP.dll
0x00007ff8332e0000 - 0x00007ff83334a000 	C:\Windows\system32\mswsock.dll
0x00007ff8175b0000 - 0x00007ff8175c6000 	C:\Program Files\Java\jdk-17\bin\nio.dll
0x00007ff81b3e0000 - 0x00007ff81b3f8000 	C:\Program Files\Java\jdk-17\bin\zip.dll
0x00007ff82cc90000 - 0x00007ff82cca0000 	C:\Program Files\Java\jdk-17\bin\verify.dll
0x00007ff82a870000 - 0x00007ff82a897000 	C:\Users\Al-Mahdi\.gradle\native\c067742578af261105cb4f569cf0c3c89f3d7b1fecec35dd04571415982c5e48\windows-amd64\native-platform.dll
0x00007ff802060000 - 0x00007ff8021a4000 	C:\Users\Al-Mahdi\.gradle\native\38dada09dfb8b06ba9b0570ebf7e218e3eb74d4ef43ca46872605cf95ebc2f47\windows-amd64\native-platform-file-events.dll
0x00007ff81df30000 - 0x00007ff81df3a000 	C:\Program Files\Java\jdk-17\bin\management.dll
0x00007ff81dbb0000 - 0x00007ff81dbbb000 	C:\Program Files\Java\jdk-17\bin\management_ext.dll
0x00007ff8334d0000 - 0x00007ff8334e8000 	C:\Windows\SYSTEM32\CRYPTSP.dll
0x00007ff832b90000 - 0x00007ff832bc4000 	C:\Windows\system32\rsaenh.dll
0x00007ff833a40000 - 0x00007ff833a6e000 	C:\Windows\SYSTEM32\USERENV.dll
0x00007ff8334f0000 - 0x00007ff8334fc000 	C:\Windows\SYSTEM32\CRYPTBASE.dll
0x00007ff832f70000 - 0x00007ff832fab000 	C:\Windows\SYSTEM32\IPHLPAPI.DLL
0x00007ff835960000 - 0x00007ff835968000 	C:\Windows\System32\NSI.dll
0x00007ff828150000 - 0x00007ff828167000 	C:\Windows\SYSTEM32\dhcpcsvc6.DLL
0x00007ff828620000 - 0x00007ff82863d000 	C:\Windows\SYSTEM32\dhcpcsvc.DLL
0x00007ff832fc0000 - 0x00007ff83308a000 	C:\Windows\SYSTEM32\DNSAPI.dll
0x00007ff81daf0000 - 0x00007ff81dafe000 	C:\Program Files\Java\jdk-17\bin\sunmscapi.dll
0x00007ff833dc0000 - 0x00007ff833f1c000 	C:\Windows\System32\CRYPT32.dll
0x00007ff8335f0000 - 0x00007ff833617000 	C:\Windows\SYSTEM32\ncrypt.dll
0x00007ff8335b0000 - 0x00007ff8335eb000 	C:\Windows\SYSTEM32\NTASN1.dll
0x00007ff81c9c0000 - 0x00007ff81c9c7000 	C:\Windows\system32\wshunix.dll
0x00007fffc9690000 - 0x00007fffc96a7000 	C:\Windows\system32\napinsp.dll
0x00007fffc96b0000 - 0x00007fffc96cb000 	C:\Windows\system32\pnrpnsp.dll
0x00007ff80dde0000 - 0x00007ff80ddf5000 	C:\Windows\system32\wshbth.dll
0x00007ff82aca0000 - 0x00007ff82acbd000 	C:\Windows\system32\NLAapi.dll
0x00007fffc96d0000 - 0x00007fffc96e2000 	C:\Windows\System32\winrnr.dll
0x00007ff81d8e0000 - 0x00007ff81d8ea000 	C:\Windows\System32\rasadhlp.dll
0x00007ff81ea50000 - 0x00007ff81ead0000 	C:\Windows\System32\fwpuclnt.dll
0x00007ff832de0000 - 0x00007ff832e13000 	C:\Windows\SYSTEM32\ntmarta.dll

dbghelp: loaded successfully - version: 4.0.5 - missing functions: none
symbol engine: initialized successfully - sym options: 0x614 - pdb path: .;C:\Program Files\Java\jdk-17\bin;C:\Windows\SYSTEM32;C:\Windows\WinSxS\amd64_microsoft.windows.common-controls_6595b64144ccf1df_6.0.19041.4355_none_60b8b9eb71f62e16;C:\Program Files\Java\jdk-17\bin\server;C:\Users\Al-Mahdi\.gradle\native\c067742578af261105cb4f569cf0c3c89f3d7b1fecec35dd04571415982c5e48\windows-amd64;C:\Users\Al-Mahdi\.gradle\native\38dada09dfb8b06ba9b0570ebf7e218e3eb74d4ef43ca46872605cf95ebc2f47\windows-amd64

VM Arguments:
jvm_args: -XX:MaxMetaspaceSize=2G -XX:+HeapDumpOnOutOfMemoryError --add-opens=java.base/java.util=ALL-UNNAMED --add-opens=java.base/java.lang=ALL-UNNAMED --add-opens=java.base/java.lang.invoke=ALL-UNNAMED --add-opens=java.prefs/java.util.prefs=ALL-UNNAMED --add-opens=java.base/java.nio.charset=ALL-UNNAMED --add-opens=java.base/java.net=ALL-UNNAMED --add-opens=java.base/java.util.concurrent.atomic=ALL-UNNAMED -Xmx4G -Dfile.encoding=windows-1252 -Duser.country=US -Duser.language=en -Duser.variant 
java_command: org.gradle.launcher.daemon.bootstrap.GradleDaemon 7.6.3
java_class_path (initial): C:\Users\Al-Mahdi\.gradle\wrapper\dists\gradle-7.6.3-all\aocdy2d2z8kodnny3rsumj8i8\gradle-7.6.3\lib\gradle-launcher-7.6.3.jar
Launcher Type: SUN_STANDARD

[Global flags]
     intx CICompilerCount                          = 3                                         {product} {ergonomic}
     uint ConcGCThreads                            = 1                                         {product} {ergonomic}
     uint G1ConcRefinementThreads                  = 4                                         {product} {ergonomic}
   size_t G1HeapRegionSize                         = 2097152                                   {product} {ergonomic}
    uintx GCDrainStackTargetSize                   = 64                                        {product} {ergonomic}
     bool HeapDumpOnOutOfMemoryError               = true                                   {manageable} {command line}
   size_t InitialHeapSize                          = 132120576                                 {product} {ergonomic}
   size_t MarkStackSize                            = 4194304                                   {product} {ergonomic}
   size_t MaxHeapSize                              = 4294967296                                {product} {command line}
   size_t MaxMetaspaceSize                         = 2147483648                                {product} {command line}
   size_t MaxNewSize                               = 2575302656                                {product} {ergonomic}
   size_t MinHeapDeltaBytes                        = 2097152                                   {product} {ergonomic}
   size_t MinHeapSize                              = 8388608                                   {product} {ergonomic}
    uintx NonNMethodCodeHeapSize                   = 5832780                                {pd product} {ergonomic}
    uintx NonProfiledCodeHeapSize                  = 122912730                              {pd product} {ergonomic}
    uintx ProfiledCodeHeapSize                     = 122912730                              {pd product} {ergonomic}
    uintx ReservedCodeCacheSize                    = 251658240                              {pd product} {ergonomic}
     bool SegmentedCodeCache                       = true                                      {product} {ergonomic}
   size_t SoftMaxHeapSize                          = 4294967296                             {manageable} {ergonomic}
     bool UseCompressedClassPointers               = true                           {product lp64_product} {ergonomic}
     bool UseCompressedOops                        = true                           {product lp64_product} {ergonomic}
     bool UseG1GC                                  = true                                      {product} {ergonomic}
     bool UseLargePagesIndividualAllocation        = false                                  {pd product} {ergonomic}

Logging:
Log output configuration:
 #0: stdout all=warning uptime,level,tags
 #1: stderr all=off uptime,level,tags

Environment Variables:
JAVA_HOME=C:\Program Files\Java\jdk-17
CLASSPATH=E:\anas\rct_app\android\\gradle\wrapper\gradle-wrapper.jar
PATH=C:\Program Files\Java\jdk-17\bin;C:\Program Files\Common Files\Oracle\Java\javapath;C:\Program Files (x86)\Common Files\Intel\Shared Libraries\redist\intel64\compiler;C:\Windows\system32;C:\Windows;C:\Windows\System32\Wbem;C:\Windows\System32\WindowsPowerShell\v1.0\;C:\Windows\System32\OpenSSH\;C:\Program Files\Git\cmd;C:\Users\Al-Mahdi\AppData\Local\Pub\Cache\bin;C:\Program Files\nodejs\;C:\Program Files\Java\jdk-17\bin;C:\Users\Al-Mahdi\AppData\Local\Microsoft\WindowsApps;C:\src\flutter\bin;C:\dart-sdk\bin;C:\Users\Al-Mahdi\Downloads\flutter_tools;C:\Users\Al-Mahdi\AppData\Local\Programs\Microsoft VS Code\bin;C:\ProgramData\Microsoft\Windows\Start Menu\Programs\Android Studio;C:\Users\Al-Mahdi\AppData\Local\Pub\Cache\bin;C:\Users\Al-Mahdi\AppData\Roaming\npm;C:\Program Files\Java\jdk-17\bin;;C:\src\flutter\bin\mingit\cmd;C:\src\flutter\bin\mingit\cmd
USERNAME=Al-Mahdi
OS=Windows_NT
PROCESSOR_IDENTIFIER=Intel64 Family 6 Model 142 Stepping 9, GenuineIntel



---------------  S Y S T E M  ---------------

OS:
 Windows 10 , 64 bit Build 19041 (10.0.19041.5072)
OS uptime: 0 days 1:02 hours

CPU: total 4 (initial active 4) (2 cores per cpu, 2 threads per core) family 6 model 142 stepping 9 microcode 0xf4, cx8, cmov, fxsr, ht, mmx, 3dnowpref, sse, sse2, sse3, ssse3, sse4.1, sse4.2, popcnt, lzcnt, tsc, tscinvbit, avx, avx2, aes, erms, clmul, bmi1, bmi2, rtm, adx, fma, vzeroupper, clflush, clflushopt

Memory: 4k page, system-wide physical 8050M (1387M free)
TotalPageFile size 15218M (AvailPageFile size 6357M)
current process WorkingSet (physical memory assigned to process): 854M, peak: 856M
current process commit charge ("private bytes"): 894M, peak: 897M

vm_info: Java HotSpot(TM) 64-Bit Server VM (17.0.12+8-LTS-286) for windows-amd64 JRE (17.0.12+8-LTS-286), built on Jun  5 2024 06:46:59 by "mach5one" with MS VC++ 17.6 (VS2022)

END.
