#
# A fatal error has been detected by the Java Runtime Environment:
#
#  EXCEPTION_ACCESS_VIOLATION (0xc0000005) at pc=0x000002c81ec93460, pid=9116, tid=11640
#
# JRE version: Java(TM) SE Runtime Environment (17.0.12+8) (build 17.0.12+8-LTS-286)
# Java VM: Java HotSpot(TM) 64-Bit Server VM (17.0.12+8-LTS-286, mixed mode, sharing, tiered, compressed oops, compressed class ptrs, g1 gc, windows-amd64)
# Problematic frame:
# J 12319 c1 org.gradle.api.internal.artifacts.ivyservice.ivyresolve.CachingModuleComponentRepository$LocateInCacheRepositoryAccess.resolveArtifactFromCache(Lorg/gradle/internal/component/model/ComponentArtifactMetadata;Lorg/gradle/internal/component/model/ModuleSources;Lorg/gradle/internal/resolve/result/BuildableArtifactFileResolveResult;)V (295 bytes) @ 0x000002c83edca1a4 [0x000002c83edc9d00+0x00000000000004a4]
#
# No core dump will be written. Minidumps are not enabled by default on client versions of Windows
#
# If you would like to submit a bug report, please visit:
#   https://bugreport.java.com/bugreport/crash.jsp
#

---------------  S U M M A R Y ------------

Command Line: -XX:MaxMetaspaceSize=2G -XX:+HeapDumpOnOutOfMemoryError --add-opens=java.base/java.util=ALL-UNNAMED --add-opens=java.base/java.lang=ALL-UNNAMED --add-opens=java.base/java.lang.invoke=ALL-UNNAMED --add-opens=java.prefs/java.util.prefs=ALL-UNNAMED --add-opens=java.base/java.nio.charset=ALL-UNNAMED --add-opens=java.base/java.net=ALL-UNNAMED --add-opens=java.base/java.util.concurrent.atomic=ALL-UNNAMED -Xmx4G -Dfile.encoding=windows-1252 -Duser.country=US -Duser.language=en -Duser.variant org.gradle.launcher.daemon.bootstrap.GradleDaemon 7.6.3

Host: Intel(R) Core(TM) i5-7300U CPU @ 2.60GHz, 4 cores, 7G,  Windows 10 , 64 bit Build 19041 (10.0.19041.5072)
Time: Fri Nov 29 02:32:59 2024 Egypt Standard Time elapsed time: 34.425922 seconds (0d 0h 0m 34s)

---------------  T H R E A D  ---------------

Current thread (0x000002c8a2255540):  JavaThread "Unconstrained build operations Thread 16" [_thread_in_Java, id=11640, stack(0x000000fdf8000000,0x000000fdf8100000)]

Stack: [0x000000fdf8000000,0x000000fdf8100000],  sp=0x000000fdf80fddf0,  free space=1015k
Native frames: (J=compiled Java code, j=interpreted, Vv=VM code, C=native code)
C  0x000002c81ec93460


siginfo: EXCEPTION_ACCESS_VIOLATION (0xc0000005), data execution prevention violation at address 0x000002c81ec93460


Registers:
RAX=0x000002c85a32c000, RBX=0x00000007014c0e60, RCX=0x0000000000000000, RDX=0x00000007014c0e60
RSP=0x000000fdf80fdde8, RBP=0x0000000715015570, RSI=0x000002c89ddbb1d0, RDI=0x000002c89ddba020
R8 =0x0000000715015818, R9 =0x00000007155f8a40, R10=0x000002c859000000, R11=0x00000000e044d1dc
R12=0x0000000000000000, R13=0x000002c84d06c4ea, R14=0x00000007014a5c80, R15=0x000002c8a2255540
RIP=0x000002c81ec93460, EFLAGS=0x0000000000010202


Register to memory mapping:

RIP=0x000002c81ec93460 is an unknown value
RAX=0x000002c85a32c000 is a pointer to class: 
org.gradle.api.internal.artifacts.ivyservice.modulecache.artifacts.InMemoryModuleArtifactCache {0x000002c85a32c008}
 - instance size:     3
 - klass size:        75
 - access:            public synchronized 
 - state:             fully_initialized
 - name:              'org/gradle/api/internal/artifacts/ivyservice/modulecache/artifacts/InMemoryModuleArtifactCache'
 - super:             'java/lang/Object'
 - sub:               
 - arrays:            NULL
 - methods:           Array<T>(0x000002c89b1ff360)
 - method ordering:   Array<T>(0x000002c8598fb090)
 - default_methods:   Array<T>(0x0000000000000000)
 - local interfaces:  Array<T>(0x000002c89b1ff320)
 - trans. interfaces: Array<T>(0x000002c89b1ff320)
 - constants:         constant pool [102] {0x000002c89b1fef68} for 'org/gradle/api/internal/artifacts/ivyservice/modulecache/artifacts/InMemoryModuleArtifactCache' cache=0x000002c89b1ff928
 - class loader data:  loader data: 0x000002c89eab4d10 for instance a 'org/gradle/initialization/MixInLegacyTypesClassLoader'{0x0000000700996308}
 - source file:       'InMemoryModuleArtifactCache.java'
 - class annotations:       Array<T>(0x0000000000000000)
 - class type annotations:  Array<T>(0x0000000000000000)
 - field annotations:       Array<T>(0x0000000000000000)
 - field type annotations:  Array<T>(0x0000000000000000)
 - inner classes:     Array<T>(0x000002c8595d1e80)
 - nest members:     Array<T>(0x000002c8595d1e80)
 - permitted subclasses:     Array<T>(0x000002c8595d1e80)
 - java mirror:       a 'java/lang/Class'{0x00000007014c2d90} = 'org/gradle/api/internal/artifacts/ivyservice/modulecache/artifacts/InMemoryModuleArtifactCache'
 - vtable length      9  (start addr: 0x000002c85a32c1c8)
 - itable length      8 (start addr: 0x000002c85a32c210)
 - ---- static fields (0 words):
 - ---- non-static fields (3 words):
 - private final 'inMemoryCache' 'Ljava/util/Map;' @12 
 - private final 'timeProvider' 'Lorg/gradle/util/internal/BuildCommencedTimeProvider;' @16 
 - private final 'delegate' 'Lorg/gradle/api/internal/artifacts/ivyservice/modulecache/artifacts/ModuleArtifactCache;' @20 
 - non-static oop maps: 12-20 
RBX=0x00000007014c0e60 is an oop: org.gradle.api.internal.artifacts.ivyservice.modulecache.artifacts.InMemoryModuleArtifactCache 
{0x00000007014c0e60} - klass: 'org/gradle/api/internal/artifacts/ivyservice/modulecache/artifacts/InMemoryModuleArtifactCache'
 - ---- fields (total size 3 words):
 - private final 'inMemoryCache' 'Ljava/util/Map;' @12  a 'java/util/concurrent/ConcurrentHashMap'{0x00000007014c0e78} (e02981cf)
 - private final 'timeProvider' 'Lorg/gradle/util/internal/BuildCommencedTimeProvider;' @16  a 'org/gradle/util/internal/BuildCommencedTimeProvider'{0x00000007014bd2a0} (e0297a54)
 - private final 'delegate' 'Lorg/gradle/api/internal/artifacts/ivyservice/modulecache/artifacts/ModuleArtifactCache;' @20  a 'org/gradle/api/internal/artifacts/ivyservice/modulecache/artifacts/DefaultModuleArtifactCache'{0x00000007014c0eb8} (e02981d7)
RCX=0x0 is NULL
RDX=0x00000007014c0e60 is an oop: org.gradle.api.internal.artifacts.ivyservice.modulecache.artifacts.InMemoryModuleArtifactCache 
{0x00000007014c0e60} - klass: 'org/gradle/api/internal/artifacts/ivyservice/modulecache/artifacts/InMemoryModuleArtifactCache'
 - ---- fields (total size 3 words):
 - private final 'inMemoryCache' 'Ljava/util/Map;' @12  a 'java/util/concurrent/ConcurrentHashMap'{0x00000007014c0e78} (e02981cf)
 - private final 'timeProvider' 'Lorg/gradle/util/internal/BuildCommencedTimeProvider;' @16  a 'org/gradle/util/internal/BuildCommencedTimeProvider'{0x00000007014bd2a0} (e0297a54)
 - private final 'delegate' 'Lorg/gradle/api/internal/artifacts/ivyservice/modulecache/artifacts/ModuleArtifactCache;' @20  a 'org/gradle/api/internal/artifacts/ivyservice/modulecache/artifacts/DefaultModuleArtifactCache'{0x00000007014c0eb8} (e02981d7)
RSP=0x000000fdf80fdde8 is pointing into the stack for thread: 0x000002c8a2255540
RBP=0x0000000715015570 is an oop: org.gradle.internal.operations.BuildOperationDescriptor 
{0x0000000715015570} - klass: 'org/gradle/internal/operations/BuildOperationDescriptor'
 - ---- fields (total size 6 words):
 - private final 'totalProgress' 'I' @12  0
 - private final 'id' 'Lorg/gradle/internal/operations/OperationIdentifier;' @16  a 'org/gradle/internal/operations/OperationIdentifier'{0x0000000715015558} (e2a02aab)
 - private final 'parentId' 'Lorg/gradle/internal/operations/OperationIdentifier;' @20  a 'org/gradle/internal/operations/OperationIdentifier'{0x000000071539b950} (e2a7372a)
 - private final 'displayName' 'Ljava/lang/String;' @24  "Resolve builder-7.3.1.jar (com.android.tools.build:builder:7.3.1)"{0x00000007150152e0} (e2a02a5c)
 - private final 'name' 'Ljava/lang/String;' @28  "Resolve builder-7.3.1.jar (com.android.tools.build:builder:7.3.1)"{0x00000007150152e0} (e2a02a5c)
 - private final 'progressDisplayName' 'Ljava/lang/String;' @32  NULL (0)
 - private final 'details' 'Ljava/lang/Object;' @36  a 'org/gradle/api/internal/artifacts/DownloadArtifactBuildOperationType$DetailsImpl'{0x0000000715015378} (e2a02a6f)
 - private final 'metadata' 'Lorg/gradle/internal/operations/BuildOperationMetadata;' @40  a 'org/gradle/internal/operations/BuildOperationMetadata$1'{0x0000000701f3ffc8} (e03e7ff9)
RSI=0x000002c89ddbb1d0 is pointing into metadata
RDI=0x000002c89ddba020 is pointing into metadata
R8 =0x0000000715015818 is an oop: org.gradle.api.internal.artifacts.ivyservice.modulecache.artifacts.ArtifactAtRepositoryKey 
{0x0000000715015818} - klass: 'org/gradle/api/internal/artifacts/ivyservice/modulecache/artifacts/ArtifactAtRepositoryKey'
 - ---- fields (total size 3 words):
 - private final 'repositoryId' 'Ljava/lang/String;' @12  "11cd36a7dcab7d14d0c14c5e6c7582e3"{0x0000000702268ee0} (e044d1dc)
 - private final 'artifactId' 'Lorg/gradle/api/artifacts/component/ComponentArtifactIdentifier;' @16  a 'org/gradle/internal/component/external/model/ModuleComponentFileArtifactIdentifier'{0x000000071535e708} (e2a6bce1)
R9 =0x00000007155f8a40 is an oop: org.gradle.internal.component.model.ImmutableModuleSources 
{0x00000007155f8a40} - klass: 'org/gradle/internal/component/model/ImmutableModuleSources'
 - ---- fields (total size 4 words):
 - private final 'hashCode' 'I' @12  1705841093 (65ad11c5)
 - private final 'size' 'I' @16  3
 - private final 'previous' 'Lorg/gradle/internal/component/model/ImmutableModuleSources;' @20  a 'org/gradle/internal/component/model/ImmutableModuleSources'{0x00000007155a2e10} (e2ab45c2)
 - private final 'value' 'Lorg/gradle/internal/component/model/ModuleSource;' @24  a 'org/gradle/api/internal/artifacts/ivyservice/ivyresolve/RepositoryChainModuleSource'{0x00000007155f8a28} (e2abf145)
R10=0x000002c859000000 is pointing into metadata
R11=3762606556 is a compressed pointer to object: java.lang.String 
{0x0000000702268ee0} - klass: 'java/lang/String'
 - string: "11cd36a7dcab7d14d0c14c5e6c7582e3"
R12=0x0 is NULL
R13=0x000002c84d06c4ea points into unknown readable memory: 00 ff ff ff ff ff
R14=0x00000007014a5c80 is an oop: org.gradle.api.logging.LogLevel 
{0x00000007014a5c80} - klass: 'org/gradle/api/logging/LogLevel'
 - ---- fields (total size 3 words):
 - private final 'ordinal' 'I' @12  2
 - private final 'name' 'Ljava/lang/String;' @16  "LIFECYCLE"{0x000000070013c2d0} (e002785a)
R15=0x000002c8a2255540 is a thread


Top of Stack: (sp=0x000000fdf80fdde8)
0x000000fdf80fdde8:   000002c83edca1a4 0000000715015818
0x000000fdf80fddf8:   000002c89c068d1c 000000fdf80fde88
0x000000fdf80fde08:   000002c89c06eaa8 000000fdf80fded8
0x000000fdf80fde18:   000002c83e2e9094 000002c89c068dd0
0x000000fdf80fde28:   0000000000000000 000000fdf80fde60
0x000000fdf80fde38:   000000fdf80fded8 000002c844d99abf
0x000000fdf80fde48:   000000070dca56b0 000000fdf80fded8
0x000000fdf80fde58:   000002c844d99966 000000fdf80fded8
0x000000fdf80fde68:   000002c844d99966 0000000714337a08
0x000000fdf80fde78:   000002c844d99966 0000000714337a08
0x000000fdf80fde88:   0000000714334e98 000000fdf80fde90
0x000000fdf80fde98:   000002c89c944799 000000fdf80fdf50
0x000000fdf80fdea8:   000002c89c944ae8 000002c89ddbba90
0x000000fdf80fdeb8:   00000007154c3278 00000007014c0e60
0x000000fdf80fdec8:   00000007154c32b0 00000007155f8a40
0x000000fdf80fded8:   000000071535e6e8 00000007150157c0 

Instructions: (pc=0x000002c83edca1a4)
0x000002c83edca0a4:   48 c1 ea 15 48 83 fa 00 0f 85 72 21 00 00 41 0f
0x000002c83edca0b4:   be 57 38 83 fa 00 0f 85 7c 21 00 00 48 8b 84 24
0x000002c83edca0c4:   00 01 00 00 4c 8b d0 49 c1 ea 03 45 89 50 10 49
0x000002c83edca0d4:   8b d0 48 33 d0 48 c1 ea 15 48 83 fa 00 0f 85 75
0x000002c83edca0e4:   21 00 00 48 8b 9c 24 d0 00 00 00 48 3b 03 48 8b
0x000002c83edca0f4:   d3 48 be d0 b1 db 9d c8 02 00 00 8b 52 08 49 ba
0x000002c83edca104:   00 00 00 59 c8 02 00 00 49 03 d2 48 3b 96 78 01
0x000002c83edca114:   00 00 75 0d 48 83 86 80 01 00 00 01 e9 66 00 00
0x000002c83edca124:   00 48 3b 96 88 01 00 00 75 0d 48 83 86 90 01 00
0x000002c83edca134:   00 01 e9 50 00 00 00 48 81 be 78 01 00 00 00 00
0x000002c83edca144:   00 00 75 17 48 89 96 78 01 00 00 48 c7 86 80 01
0x000002c83edca154:   00 00 01 00 00 00 e9 2c 00 00 00 48 81 be 88 01
0x000002c83edca164:   00 00 00 00 00 00 75 17 48 89 96 88 01 00 00 48
0x000002c83edca174:   c7 86 90 01 00 00 01 00 00 00 e9 08 00 00 00 48
0x000002c83edca184:   83 86 68 01 00 00 01 48 8b d3 0f 1f 80 00 00 00
0x000002c83edca194:   00 48 b8 00 c0 32 5a c8 02 00 00 e8 bc 92 ec df
0x000002c83edca1a4:   48 89 84 24 08 01 00 00 48 83 f8 00 49 b8 d0 b1
0x000002c83edca1b4:   db 9d c8 02 00 00 48 ba a0 01 00 00 00 00 00 00
0x000002c83edca1c4:   0f 84 0a 00 00 00 48 ba b0 01 00 00 00 00 00 00
0x000002c83edca1d4:   49 8b 34 10 48 8d 76 01 49 89 34 10 0f 84 a0 1d
0x000002c83edca1e4:   00 00 4c 8b 8c 24 e0 00 00 00 48 8b 94 24 d8 00
0x000002c83edca1f4:   00 00 44 8b 42 0c 49 c1 e0 03 48 be d0 b1 db 9d
0x000002c83edca204:   c8 02 00 00 48 83 86 c0 01 00 00 01 48 be 88 d3
0x000002c83edca214:   6d a6 c8 02 00 00 8b be cc 00 00 00 83 c7 02 89
0x000002c83edca224:   be cc 00 00 00 81 e7 fe ff 1f 00 83 ff 00 0f 84
0x000002c83edca234:   41 20 00 00 49 3b 00 48 be 88 d3 6d a6 c8 02 00
0x000002c83edca244:   00 48 83 86 10 01 00 00 01 49 b8 d0 d4 6d a6 c8
0x000002c83edca254:   02 00 00 41 8b b0 cc 00 00 00 83 c6 02 41 89 b0
0x000002c83edca264:   cc 00 00 00 81 e6 fe ff 1f 00 83 fe 00 0f 84 28
0x000002c83edca274:   20 00 00 49 3b 01 4d 8b c1 48 be d0 d4 6d a6 c8
0x000002c83edca284:   02 00 00 45 8b 40 08 49 ba 00 00 00 59 c8 02 00
0x000002c83edca294:   00 4d 03 c2 4c 3b 86 20 01 00 00 75 0d 48 83 86 


Stack slot to memory mapping:
stack at sp + 0 slots: 0x0000000715015818 is an oop: org.gradle.api.internal.artifacts.ivyservice.modulecache.artifacts.ArtifactAtRepositoryKey 
{0x0000000715015818} - klass: 'org/gradle/api/internal/artifacts/ivyservice/modulecache/artifacts/ArtifactAtRepositoryKey'
 - ---- fields (total size 3 words):
 - private final 'repositoryId' 'Ljava/lang/String;' @12  "11cd36a7dcab7d14d0c14c5e6c7582e3"{0x0000000702268ee0} (e044d1dc)
 - private final 'artifactId' 'Lorg/gradle/api/artifacts/component/ComponentArtifactIdentifier;' @16  a 'org/gradle/internal/component/external/model/ModuleComponentFileArtifactIdentifier'{0x000000071535e708} (e2a6bce1)
stack at sp + 1 slots: 0x000002c89c068d1c is pointing into metadata
stack at sp + 2 slots: 0x000000fdf80fde88 is pointing into the stack for thread: 0x000002c8a2255540
stack at sp + 3 slots: 0x000002c89c06eaa8 is pointing into metadata
stack at sp + 4 slots: 0x000000fdf80fded8 is pointing into the stack for thread: 0x000002c8a2255540
stack at sp + 5 slots: 0x000002c83e2e9094 is at entry_point+116 in (nmethod*)0x000002c83e2e8e90
Compiled method (c1)   34644 6373       3       org.gradle.internal.logging.slf4j.OutputEventListenerBackedLogger::debug (8 bytes)
 total in heap  [0x000002c83e2e8e90,0x000002c83e2e91f0] = 864
 relocation     [0x000002c83e2e8fe8,0x000002c83e2e9020] = 56
 main code      [0x000002c83e2e9020,0x000002c83e2e9120] = 256
 stub code      [0x000002c83e2e9120,0x000002c83e2e9168] = 72
 oops           [0x000002c83e2e9168,0x000002c83e2e9170] = 8
 metadata       [0x000002c83e2e9170,0x000002c83e2e9180] = 16
 scopes data    [0x000002c83e2e9180,0x000002c83e2e91a8] = 40
 scopes pcs     [0x000002c83e2e91a8,0x000002c83e2e91e8] = 64
 dependencies   [0x000002c83e2e91e8,0x000002c83e2e91f0] = 8
stack at sp + 6 slots: {method} {0x000002c89c068dd8} 'artifactExpiry' '(Lorg/gradle/api/artifacts/ArtifactIdentifier;Ljava/io/File;Ljava/time/Duration;ZZ)Lorg/gradle/api/internal/artifacts/configurations/dynamicversion/Expiry;' in 'org/gradle/api/internal/artifacts/ivyservice/resolutionstrategy/DefaultCachePolicy'
stack at sp + 7 slots: 0x0 is NULL


---------------  P R O C E S S  ---------------

Threads class SMR info:
_java_thread_list=0x000002c8a3c0cec0, length=89, elements={
0x000002c835f98f40, 0x000002c8584ff230, 0x000002c8584fffc0, 0x000002c858511500,
0x000002c858513ee0, 0x000002c8585157c0, 0x000002c8585180a0, 0x000002c85851ad60,
0x000002c85851bec0, 0x000002c8585203b0, 0x000002c85875b0c0, 0x000002c858760800,
0x000002c89ec51130, 0x000002c89f8bf040, 0x000002c89f761030, 0x000002c8a01b6d40,
0x000002c89eb57320, 0x000002c89ef0d340, 0x000002c89ef0dd60, 0x000002c89ef0e270,
0x000002c89ef0ce30, 0x000002c89ef0d850, 0x000002c89fed3960, 0x000002c89fed8040,
0x000002c89fed7620, 0x000002c89fed2010, 0x000002c89fed3e70, 0x000002c89fed2f40,
0x000002c89fed8a60, 0x000002c89fed57c0, 0x000002c89fed9480, 0x000002c89fed52b0,
0x000002c89fed2a30, 0x000002c89fed5cd0, 0x000002c89fed7b30, 0x000002c89fed61e0,
0x000002c89fed2520, 0x000002c89fed8550, 0x000002c89fed8f70, 0x000002c89fed3450,
0x000002c89fed66f0, 0x000002c89fed6c00, 0x000002c89fed7110, 0x000002c8a2259200,
0x000002c8a22531d0, 0x000002c8a2254b20, 0x000002c8a2251d90, 0x000002c8a22536e0,
0x000002c8a2256980, 0x000002c8a2256e90, 0x000002c8a2253bf0, 0x000002c8a22573a0,
0x000002c8a2254610, 0x000002c8a2258cf0, 0x000002c8a2254100, 0x000002c8a2255f60,
0x000002c8a22578b0, 0x000002c8a2259710, 0x000002c8a22522a0, 0x000002c8a2252cc0,
0x000002c8a2255030, 0x000002c8a2255540, 0x000002c8a2255a50, 0x000002c8a2257dc0,
0x000002c8a22582d0, 0x000002c8a22587e0, 0x000002c8a147e3d0, 0x000002c8a1480740,
0x000002c8a147edf0, 0x000002c8a1482fc0, 0x000002c8a147e8e0, 0x000002c8a147f810,
0x000002c8a147fd20, 0x000002c8a147bb50, 0x000002c8a1481670, 0x000002c8a1482ab0,
0x000002c8a14834d0, 0x000002c8a147d9b0, 0x000002c8a147cf90, 0x000002c8a1480230,
0x000002c8a1481160, 0x000002c8a1480c50, 0x000002c8a147dec0, 0x000002c8a147c060,
0x000002c8a1481b80, 0x000002c8a147c570, 0x000002c8a147ca80, 0x000002c8a1482090,
0x000002c89f8b2ce0
}

Java Threads: ( => current thread )
  0x000002c835f98f40 JavaThread "main" [_thread_blocked, id=9120, stack(0x000000fdf3700000,0x000000fdf3800000)]
  0x000002c8584ff230 JavaThread "Reference Handler" daemon [_thread_blocked, id=11336, stack(0x000000fdf3e00000,0x000000fdf3f00000)]
  0x000002c8584fffc0 JavaThread "Finalizer" daemon [_thread_blocked, id=8544, stack(0x000000fdf3f00000,0x000000fdf4000000)]
  0x000002c858511500 JavaThread "Signal Dispatcher" daemon [_thread_blocked, id=8144, stack(0x000000fdf4000000,0x000000fdf4100000)]
  0x000002c858513ee0 JavaThread "Attach Listener" daemon [_thread_blocked, id=8, stack(0x000000fdf4100000,0x000000fdf4200000)]
  0x000002c8585157c0 JavaThread "Service Thread" daemon [_thread_blocked, id=13300, stack(0x000000fdf4200000,0x000000fdf4300000)]
  0x000002c8585180a0 JavaThread "Monitor Deflation Thread" daemon [_thread_blocked, id=10912, stack(0x000000fdf4300000,0x000000fdf4400000)]
  0x000002c85851ad60 JavaThread "C2 CompilerThread0" daemon [_thread_in_native, id=12940, stack(0x000000fdf4400000,0x000000fdf4500000)]
  0x000002c85851bec0 JavaThread "C1 CompilerThread0" daemon [_thread_blocked, id=12608, stack(0x000000fdf4500000,0x000000fdf4600000)]
  0x000002c8585203b0 JavaThread "Sweeper thread" daemon [_thread_blocked, id=5328, stack(0x000000fdf4600000,0x000000fdf4700000)]
  0x000002c85875b0c0 JavaThread "Common-Cleaner" daemon [_thread_blocked, id=12800, stack(0x000000fdf4700000,0x000000fdf4800000)]
  0x000002c858760800 JavaThread "Notification Thread" daemon [_thread_blocked, id=2444, stack(0x000000fdf4800000,0x000000fdf4900000)]
  0x000002c89ec51130 JavaThread "Daemon health stats" [_thread_blocked, id=11388, stack(0x000000fdf4e00000,0x000000fdf4f00000)]
  0x000002c89f8bf040 JavaThread "Incoming local TCP Connector on port 65367" [_thread_in_native, id=13000, stack(0x000000fdf4a00000,0x000000fdf4b00000)]
  0x000002c89f761030 JavaThread "Daemon periodic checks" [_thread_blocked, id=10728, stack(0x000000fdf4f00000,0x000000fdf5000000)]
  0x000002c8a01b6d40 JavaThread "Daemon" [_thread_blocked, id=5300, stack(0x000000fdf5000000,0x000000fdf5100000)]
  0x000002c89eb57320 JavaThread "Handler for socket connection from /127.0.0.1:65367 to /127.0.0.1:65368" [_thread_in_native, id=13156, stack(0x000000fdf5100000,0x000000fdf5200000)]
  0x000002c89ef0d340 JavaThread "Cancel handler" [_thread_blocked, id=2620, stack(0x000000fdf5200000,0x000000fdf5300000)]
  0x000002c89ef0dd60 JavaThread "Daemon worker" [_thread_blocked, id=928, stack(0x000000fdf5300000,0x000000fdf5400000)]
  0x000002c89ef0e270 JavaThread "Asynchronous log dispatcher for DefaultDaemonConnection: socket connection from /127.0.0.1:65367 to /127.0.0.1:65368" [_thread_blocked, id=7208, stack(0x000000fdf5400000,0x000000fdf5500000)]
  0x000002c89ef0ce30 JavaThread "Stdin handler" [_thread_blocked, id=1412, stack(0x000000fdf5500000,0x000000fdf5600000)]
  0x000002c89ef0d850 JavaThread "Daemon client event forwarder" [_thread_blocked, id=5872, stack(0x000000fdf5600000,0x000000fdf5700000)]
  0x000002c89fed3960 JavaThread "Cache worker for journal cache (C:\Users\Al-Mahdi\.gradle\caches\journal-1)" [_thread_blocked, id=4664, stack(0x000000fdf5700000,0x000000fdf5800000)]
  0x000002c89fed8040 JavaThread "File lock request listener" [_thread_in_native, id=8196, stack(0x000000fdf5800000,0x000000fdf5900000)]
  0x000002c89fed7620 JavaThread "Cache worker for file hash cache (C:\Users\Al-Mahdi\.gradle\caches\7.6.3\fileHashes)" [_thread_blocked, id=504, stack(0x000000fdf5900000,0x000000fdf5a00000)]
  0x000002c89fed2010 JavaThread "File watcher server" daemon [_thread_in_native, id=11272, stack(0x000000fdf5b00000,0x000000fdf5c00000)]
  0x000002c89fed3e70 JavaThread "File watcher consumer" daemon [_thread_blocked, id=580, stack(0x000000fdf5c00000,0x000000fdf5d00000)]
  0x000002c89fed2f40 JavaThread "Cache worker for checksums cache (E:\anas\rct_app\android\.gradle\7.6.3\checksums)" [_thread_blocked, id=5336, stack(0x000000fdf5d00000,0x000000fdf5e00000)]
  0x000002c89fed8a60 JavaThread "Cache worker for cache directory md-rule (C:\Users\Al-Mahdi\.gradle\caches\7.6.3\md-rule)" [_thread_blocked, id=3004, stack(0x000000fdf5e00000,0x000000fdf5f00000)]
  0x000002c89fed57c0 JavaThread "Cache worker for file content cache (C:\Users\Al-Mahdi\.gradle\caches\7.6.3\fileContent)" [_thread_blocked, id=4888, stack(0x000000fdf5f00000,0x000000fdf6000000)]
  0x000002c89fed9480 JavaThread "Cache worker for file hash cache (E:\anas\rct_app\android\.gradle\7.6.3\fileHashes)" [_thread_blocked, id=5500, stack(0x000000fdf6000000,0x000000fdf6100000)]
  0x000002c89fed52b0 JavaThread "Cache worker for cache directory md-supplier (C:\Users\Al-Mahdi\.gradle\caches\7.6.3\md-supplier)" [_thread_blocked, id=8536, stack(0x000000fdf6100000,0x000000fdf6200000)]
  0x000002c89fed2a30 JavaThread "Cache worker for execution history cache (C:\Users\Al-Mahdi\.gradle\caches\7.6.3\executionHistory)" [_thread_blocked, id=8572, stack(0x000000fdf6300000,0x000000fdf6400000)]
  0x000002c89fed5cd0 JavaThread "jar transforms" [_thread_blocked, id=12724, stack(0x000000fdf6400000,0x000000fdf6500000)]
  0x000002c89fed7b30 JavaThread "Cache worker for kotlin-dsl (C:\Users\Al-Mahdi\.gradle\caches\7.6.3\kotlin-dsl)" [_thread_blocked, id=13112, stack(0x000000fdf6500000,0x000000fdf6600000)]
  0x000002c89fed61e0 JavaThread "jar transforms Thread 2" [_thread_blocked, id=7504, stack(0x000000fdf6600000,0x000000fdf6700000)]
  0x000002c89fed2520 JavaThread "Cache worker for dependencies-accessors (E:\anas\rct_app\android\.gradle\7.6.3\dependencies-accessors)" [_thread_blocked, id=11616, stack(0x000000fdf6700000,0x000000fdf6800000)]
  0x000002c89fed8550 JavaThread "Cache worker for Build Output Cleanup Cache (C:\src\flutter\packages\flutter_tools\gradle\.gradle\buildOutputCleanup)" [_thread_blocked, id=10548, stack(0x000000fdf6800000,0x000000fdf6900000)]
  0x000002c89fed8f70 JavaThread "jar transforms Thread 3" [_thread_blocked, id=11644, stack(0x000000fdf6900000,0x000000fdf6a00000)]
  0x000002c89fed3450 JavaThread "Memory manager" [_thread_blocked, id=2728, stack(0x000000fdf5a00000,0x000000fdf5b00000)]
  0x000002c89fed66f0 JavaThread "jar transforms Thread 4" [_thread_blocked, id=11968, stack(0x000000fdf6b00000,0x000000fdf6c00000)]
  0x000002c89fed6c00 JavaThread "included builds" [_thread_blocked, id=11452, stack(0x000000fdf6c00000,0x000000fdf6d00000)]
  0x000002c89fed7110 JavaThread "Execution worker" [_thread_blocked, id=10636, stack(0x000000fdf6d00000,0x000000fdf6e00000)]
  0x000002c8a2259200 JavaThread "Execution worker Thread 2" [_thread_blocked, id=12088, stack(0x000000fdf6e00000,0x000000fdf6f00000)]
  0x000002c8a22531d0 JavaThread "Execution worker Thread 3" [_thread_blocked, id=13296, stack(0x000000fdf6f00000,0x000000fdf7000000)]
  0x000002c8a2254b20 JavaThread "Cache worker for execution history cache (C:\src\flutter\packages\flutter_tools\gradle\.gradle\7.6.3\executionHistory)" [_thread_blocked, id=984, stack(0x000000fdf7000000,0x000000fdf7100000)]
  0x000002c8a2251d90 JavaThread "Unconstrained build operations" [_thread_blocked, id=11720, stack(0x000000fdf7100000,0x000000fdf7200000)]
  0x000002c8a22536e0 JavaThread "Unconstrained build operations Thread 2" [_thread_blocked, id=13060, stack(0x000000fdf7200000,0x000000fdf7300000)]
  0x000002c8a2256980 JavaThread "Unconstrained build operations Thread 3" [_thread_blocked, id=12632, stack(0x000000fdf7300000,0x000000fdf7400000)]
  0x000002c8a2256e90 JavaThread "Unconstrained build operations Thread 4" [_thread_blocked, id=6604, stack(0x000000fdf7400000,0x000000fdf7500000)]
  0x000002c8a2253bf0 JavaThread "Unconstrained build operations Thread 5" [_thread_blocked, id=12336, stack(0x000000fdf7500000,0x000000fdf7600000)]
  0x000002c8a22573a0 JavaThread "Unconstrained build operations Thread 6" [_thread_blocked, id=5788, stack(0x000000fdf7600000,0x000000fdf7700000)]
  0x000002c8a2254610 JavaThread "Unconstrained build operations Thread 7" [_thread_blocked, id=9312, stack(0x000000fdf7700000,0x000000fdf7800000)]
  0x000002c8a2258cf0 JavaThread "Unconstrained build operations Thread 8" [_thread_in_Java, id=5796, stack(0x000000fdf7800000,0x000000fdf7900000)]
  0x000002c8a2254100 JavaThread "Unconstrained build operations Thread 9" [_thread_blocked, id=9748, stack(0x000000fdf7900000,0x000000fdf7a00000)]
  0x000002c8a2255f60 JavaThread "Unconstrained build operations Thread 10" [_thread_blocked, id=6236, stack(0x000000fdf7a00000,0x000000fdf7b00000)]
  0x000002c8a22578b0 JavaThread "Unconstrained build operations Thread 11" [_thread_blocked, id=9664, stack(0x000000fdf7b00000,0x000000fdf7c00000)]
  0x000002c8a2259710 JavaThread "Unconstrained build operations Thread 12" [_thread_blocked, id=1448, stack(0x000000fdf7c00000,0x000000fdf7d00000)]
  0x000002c8a22522a0 JavaThread "Unconstrained build operations Thread 13" [_thread_blocked, id=7652, stack(0x000000fdf7d00000,0x000000fdf7e00000)]
  0x000002c8a2252cc0 JavaThread "Unconstrained build operations Thread 14" [_thread_blocked, id=8252, stack(0x000000fdf7e00000,0x000000fdf7f00000)]
  0x000002c8a2255030 JavaThread "Unconstrained build operations Thread 15" [_thread_blocked, id=4112, stack(0x000000fdf7f00000,0x000000fdf8000000)]
=>0x000002c8a2255540 JavaThread "Unconstrained build operations Thread 16" [_thread_in_Java, id=11640, stack(0x000000fdf8000000,0x000000fdf8100000)]
  0x000002c8a2255a50 JavaThread "Unconstrained build operations Thread 17" [_thread_blocked, id=5260, stack(0x000000fdf8100000,0x000000fdf8200000)]
  0x000002c8a2257dc0 JavaThread "Unconstrained build operations Thread 18" [_thread_blocked, id=1964, stack(0x000000fdf8200000,0x000000fdf8300000)]
  0x000002c8a22582d0 JavaThread "Unconstrained build operations Thread 19" [_thread_blocked, id=11780, stack(0x000000fdf8300000,0x000000fdf8400000)]
  0x000002c8a22587e0 JavaThread "Unconstrained build operations Thread 20" [_thread_in_Java, id=8392, stack(0x000000fdf8400000,0x000000fdf8500000)]
  0x000002c8a147e3d0 JavaThread "Unconstrained build operations Thread 21" [_thread_blocked, id=3928, stack(0x000000fdf8500000,0x000000fdf8600000)]
  0x000002c8a1480740 JavaThread "Unconstrained build operations Thread 22" [_thread_blocked, id=8828, stack(0x000000fdf8600000,0x000000fdf8700000)]
  0x000002c8a147edf0 JavaThread "Unconstrained build operations Thread 23" [_thread_blocked, id=12576, stack(0x000000fdf8700000,0x000000fdf8800000)]
  0x000002c8a1482fc0 JavaThread "Unconstrained build operations Thread 24" [_thread_blocked, id=11856, stack(0x000000fdf8800000,0x000000fdf8900000)]
  0x000002c8a147e8e0 JavaThread "Unconstrained build operations Thread 25" [_thread_blocked, id=12560, stack(0x000000fdf8900000,0x000000fdf8a00000)]
  0x000002c8a147f810 JavaThread "Unconstrained build operations Thread 26" [_thread_blocked, id=3676, stack(0x000000fdf8a00000,0x000000fdf8b00000)]
  0x000002c8a147fd20 JavaThread "Unconstrained build operations Thread 27" [_thread_blocked, id=12100, stack(0x000000fdf8b00000,0x000000fdf8c00000)]
  0x000002c8a147bb50 JavaThread "Unconstrained build operations Thread 28" [_thread_blocked, id=3240, stack(0x000000fdf8c00000,0x000000fdf8d00000)]
  0x000002c8a1481670 JavaThread "Unconstrained build operations Thread 29" [_thread_blocked, id=5704, stack(0x000000fdf8d00000,0x000000fdf8e00000)]
  0x000002c8a1482ab0 JavaThread "Unconstrained build operations Thread 30" [_thread_blocked, id=11212, stack(0x000000fdf8e00000,0x000000fdf8f00000)]
  0x000002c8a14834d0 JavaThread "Unconstrained build operations Thread 31" [_thread_blocked, id=1828, stack(0x000000fdf8f00000,0x000000fdf9000000)]
  0x000002c8a147d9b0 JavaThread "Unconstrained build operations Thread 32" [_thread_blocked, id=2324, stack(0x000000fdf9000000,0x000000fdf9100000)]
  0x000002c8a147cf90 JavaThread "Unconstrained build operations Thread 33" [_thread_blocked, id=2172, stack(0x000000fdf9100000,0x000000fdf9200000)]
  0x000002c8a1480230 JavaThread "Unconstrained build operations Thread 34" [_thread_blocked, id=9224, stack(0x000000fdf9200000,0x000000fdf9300000)]
  0x000002c8a1481160 JavaThread "Unconstrained build operations Thread 35" [_thread_in_Java, id=12072, stack(0x000000fdf9300000,0x000000fdf9400000)]
  0x000002c8a1480c50 JavaThread "Unconstrained build operations Thread 36" [_thread_blocked, id=1332, stack(0x000000fdf9400000,0x000000fdf9500000)]
  0x000002c8a147dec0 JavaThread "Unconstrained build operations Thread 37" [_thread_blocked, id=8160, stack(0x000000fdf9500000,0x000000fdf9600000)]
  0x000002c8a147c060 JavaThread "Unconstrained build operations Thread 38" [_thread_blocked, id=6808, stack(0x000000fdf9600000,0x000000fdf9700000)]
  0x000002c8a1481b80 JavaThread "Unconstrained build operations Thread 39" [_thread_blocked, id=3348, stack(0x000000fdf9700000,0x000000fdf9800000)]
  0x000002c8a147c570 JavaThread "Unconstrained build operations Thread 40" [_thread_blocked, id=12732, stack(0x000000fdf9800000,0x000000fdf9900000)]
  0x000002c8a147ca80 JavaThread "Cache worker for Build Output Cleanup Cache (E:\anas\rct_app\android\.gradle\buildOutputCleanup)" [_thread_blocked, id=13212, stack(0x000000fdf9900000,0x000000fdf9a00000)]
  0x000002c8a1482090 JavaThread "build event listener" [_thread_blocked, id=2888, stack(0x000000fdf9a00000,0x000000fdf9b00000)]
  0x000002c89f8b2ce0 JavaThread "C2 CompilerThread1" daemon [_thread_blocked, id=5384, stack(0x000000fdf6a00000,0x000000fdf6b00000)]

Other Threads:
  0x000002c8584f86b0 VMThread "VM Thread" [stack: 0x000000fdf3d00000,0x000000fdf3e00000] [id=12500]
  0x000002c858765100 WatcherThread [stack: 0x000000fdf4900000,0x000000fdf4a00000] [id=5056]
  0x000002c836003d30 GCTaskThread "GC Thread#0" [stack: 0x000000fdf3800000,0x000000fdf3900000] [id=4980]
  0x000002c89e16b4b0 GCTaskThread "GC Thread#1" [stack: 0x000000fdf4b00000,0x000000fdf4c00000] [id=1036]
  0x000002c89e1eb930 GCTaskThread "GC Thread#2" [stack: 0x000000fdf4c00000,0x000000fdf4d00000] [id=1420]
  0x000002c89e884fd0 GCTaskThread "GC Thread#3" [stack: 0x000000fdf4d00000,0x000000fdf4e00000] [id=1624]
  0x000002c836014b90 ConcurrentGCThread "G1 Main Marker" [stack: 0x000000fdf3900000,0x000000fdf3a00000] [id=4400]
  0x000002c8360154b0 ConcurrentGCThread "G1 Conc#0" [stack: 0x000000fdf3a00000,0x000000fdf3b00000] [id=12068]
  0x000002c83606e8c0 ConcurrentGCThread "G1 Refine#0" [stack: 0x000000fdf3b00000,0x000000fdf3c00000] [id=2832]
  0x000002c8a0246e80 ConcurrentGCThread "G1 Refine#1" [stack: 0x000000fdf6200000,0x000000fdf6300000] [id=752]
  0x000002c8a312b750 ConcurrentGCThread "G1 Refine#2" [stack: 0x000000fdf9d00000,0x000000fdf9e00000] [id=1884]
  0x000002c8583b2300 ConcurrentGCThread "G1 Service" [stack: 0x000000fdf3c00000,0x000000fdf3d00000] [id=12008]

Threads with active compile tasks:
C2 CompilerThread0    34675 12550       4       org.gradle.api.internal.attributes.DefaultAttributesSchema$DefaultAttributeMatcher::matches (17 bytes)

VM state: not at safepoint (normal execution)

VM Mutex/Monitor currently owned by a thread: None

Heap address: 0x0000000700000000, size: 4096 MB, Compressed Oops mode: Zero based, Oop shift amount: 3

CDS archive(s) mapped at: [0x000002c859000000-0x000002c859bd0000-0x000002c859bd0000), size 12386304, SharedBaseAddress: 0x000002c859000000, ArchiveRelocationMode: 1.
Compressed class space mapped at: 0x000002c85a000000-0x000002c89a000000, reserved size: 1073741824
Narrow klass base: 0x000002c859000000, Narrow klass shift: 0, Narrow klass range: 0x100000000

GC Precious Log:
 CPUs: 4 total, 4 available
 Memory: 8050M
 Large Page Support: Disabled
 NUMA Support: Disabled
 Compressed Oops: Enabled (Zero based)
 Heap Region Size: 2M
 Heap Min Capacity: 8M
 Heap Initial Capacity: 126M
 Heap Max Capacity: 4G
 Pre-touch: Disabled
 Parallel Workers: 4
 Concurrent Workers: 1
 Concurrent Refinement Workers: 4
 Periodic GC: Disabled

Heap:
 garbage-first heap   total 364544K, used 169535K [0x0000000700000000, 0x0000000800000000)
  region size 2048K, 21 young (43008K), 11 survivors (22528K)
 Metaspace       used 84804K, committed 86016K, reserved 1179648K
  class space    used 11890K, committed 12416K, reserved 1048576K

Heap Regions: E=young(eden), S=young(survivor), O=old, HS=humongous(starts), HC=humongous(continues), CS=collection set, F=free, OA=open archive, CA=closed archive, TAMS=top-at-mark-start (previous, next)
|   0|0x0000000700000000, 0x0000000700200000, 0x0000000700200000|100%| O|  |TAMS 0x0000000700200000, 0x0000000700000000| Untracked 
|   1|0x0000000700200000, 0x0000000700400000, 0x0000000700400000|100%|HS|  |TAMS 0x0000000700400000, 0x0000000700200000| Complete 
|   2|0x0000000700400000, 0x0000000700600000, 0x0000000700600000|100%|HC|  |TAMS 0x0000000700600000, 0x0000000700400000| Complete 
|   3|0x0000000700600000, 0x0000000700800000, 0x0000000700800000|100%| O|  |TAMS 0x0000000700800000, 0x0000000700600000| Untracked 
|   4|0x0000000700800000, 0x0000000700a00000, 0x0000000700a00000|100%| O|  |TAMS 0x0000000700a00000, 0x0000000700800000| Untracked 
|   5|0x0000000700a00000, 0x0000000700c00000, 0x0000000700c00000|100%| O|  |TAMS 0x0000000700c00000, 0x0000000700a00000| Untracked 
|   6|0x0000000700c00000, 0x0000000700e00000, 0x0000000700e00000|100%| O|  |TAMS 0x0000000700e00000, 0x0000000700c00000| Untracked 
|   7|0x0000000700e00000, 0x0000000701000000, 0x0000000701000000|100%| O|  |TAMS 0x0000000701000000, 0x0000000700e00000| Untracked 
|   8|0x0000000701000000, 0x0000000701200000, 0x0000000701200000|100%| O|  |TAMS 0x0000000701200000, 0x0000000701000000| Untracked 
|   9|0x0000000701200000, 0x0000000701400000, 0x0000000701400000|100%| O|  |TAMS 0x0000000701400000, 0x0000000701200000| Untracked 
|  10|0x0000000701400000, 0x0000000701600000, 0x0000000701600000|100%| O|  |TAMS 0x0000000701600000, 0x0000000701400000| Untracked 
|  11|0x0000000701600000, 0x0000000701800000, 0x0000000701800000|100%| O|  |TAMS 0x0000000701800000, 0x0000000701600000| Untracked 
|  12|0x0000000701800000, 0x0000000701a00000, 0x0000000701a00000|100%| O|  |TAMS 0x0000000701a00000, 0x0000000701800000| Untracked 
|  13|0x0000000701a00000, 0x0000000701c00000, 0x0000000701c00000|100%| O|  |TAMS 0x0000000701c00000, 0x0000000701a00000| Untracked 
|  14|0x0000000701c00000, 0x0000000701e00000, 0x0000000701e00000|100%| O|  |TAMS 0x0000000701e00000, 0x0000000701c00000| Untracked 
|  15|0x0000000701e00000, 0x0000000702000000, 0x0000000702000000|100%| O|  |TAMS 0x0000000702000000, 0x0000000701e00000| Untracked 
|  16|0x0000000702000000, 0x0000000702200000, 0x0000000702200000|100%| O|  |TAMS 0x0000000702200000, 0x0000000702000000| Untracked 
|  17|0x0000000702200000, 0x0000000702400000, 0x0000000702400000|100%| O|  |TAMS 0x0000000702400000, 0x0000000702200000| Untracked 
|  18|0x0000000702400000, 0x0000000702600000, 0x0000000702600000|100%| O|  |TAMS 0x0000000702600000, 0x0000000702400000| Untracked 
|  19|0x0000000702600000, 0x0000000702800000, 0x0000000702800000|100%|HS|  |TAMS 0x0000000702800000, 0x0000000702600000| Complete 
|  20|0x0000000702800000, 0x0000000702a00000, 0x0000000702a00000|100%| O|  |TAMS 0x0000000702a00000, 0x0000000702800000| Untracked 
|  21|0x0000000702a00000, 0x0000000702c00000, 0x0000000702c00000|100%| O|  |TAMS 0x0000000702c00000, 0x0000000702a00000| Untracked 
|  22|0x0000000702c00000, 0x0000000702e00000, 0x0000000702e00000|100%| O|  |TAMS 0x0000000702e00000, 0x0000000702c00000| Untracked 
|  23|0x0000000702e00000, 0x0000000703000000, 0x0000000703000000|100%| O|  |TAMS 0x0000000703000000, 0x0000000702e00000| Untracked 
|  24|0x0000000703000000, 0x0000000703200000, 0x0000000703200000|100%| O|  |TAMS 0x0000000703000000, 0x0000000703000000| Untracked 
|  25|0x0000000703200000, 0x0000000703400000, 0x0000000703400000|100%| O|  |TAMS 0x0000000703400000, 0x0000000703200000| Untracked 
|  26|0x0000000703400000, 0x0000000703600000, 0x0000000703600000|100%|HS|  |TAMS 0x0000000703600000, 0x0000000703400000| Complete 
|  27|0x0000000703600000, 0x0000000703800000, 0x0000000703800000|100%|HC|  |TAMS 0x0000000703800000, 0x0000000703600000| Complete 
|  28|0x0000000703800000, 0x0000000703a00000, 0x0000000703a00000|100%|HS|  |TAMS 0x0000000703a00000, 0x0000000703800000| Complete 
|  29|0x0000000703a00000, 0x0000000703c00000, 0x0000000703c00000|100%| O|  |TAMS 0x0000000703c00000, 0x0000000703a00000| Untracked 
|  30|0x0000000703c00000, 0x0000000703e00000, 0x0000000703e00000|100%| O|  |TAMS 0x0000000703e00000, 0x0000000703c00000| Untracked 
|  31|0x0000000703e00000, 0x0000000704000000, 0x0000000704000000|100%| O|  |TAMS 0x0000000704000000, 0x0000000703e00000| Untracked 
|  32|0x0000000704000000, 0x0000000704200000, 0x0000000704200000|100%| O|  |TAMS 0x0000000704200000, 0x0000000704000000| Untracked 
|  33|0x0000000704200000, 0x0000000704400000, 0x0000000704400000|100%| O|  |TAMS 0x0000000704400000, 0x0000000704200000| Untracked 
|  34|0x0000000704400000, 0x0000000704600000, 0x0000000704600000|100%| O|  |TAMS 0x0000000704600000, 0x0000000704400000| Untracked 
|  35|0x0000000704600000, 0x0000000704800000, 0x0000000704800000|100%| O|  |TAMS 0x0000000704600000, 0x0000000704600000| Untracked 
|  36|0x0000000704800000, 0x0000000704a00000, 0x0000000704a00000|100%| O|  |TAMS 0x0000000704a00000, 0x0000000704800000| Untracked 
|  37|0x0000000704a00000, 0x0000000704c00000, 0x0000000704c00000|100%| O|  |TAMS 0x0000000704c00000, 0x0000000704a00000| Untracked 
|  38|0x0000000704c00000, 0x0000000704e00000, 0x0000000704e00000|100%| O|  |TAMS 0x0000000704e00000, 0x0000000704c00000| Untracked 
|  39|0x0000000704e00000, 0x0000000705000000, 0x0000000705000000|100%| O|  |TAMS 0x0000000705000000, 0x0000000704e00000| Untracked 
|  40|0x0000000705000000, 0x0000000705200000, 0x0000000705200000|100%| O|  |TAMS 0x0000000705200000, 0x0000000705000000| Untracked 
|  41|0x0000000705200000, 0x0000000705400000, 0x0000000705400000|100%|HS|  |TAMS 0x0000000705400000, 0x0000000705200000| Complete 
|  42|0x0000000705400000, 0x0000000705600000, 0x0000000705600000|100%|HC|  |TAMS 0x0000000705600000, 0x0000000705400000| Complete 
|  43|0x0000000705600000, 0x0000000705800000, 0x0000000705800000|100%| O|  |TAMS 0x0000000705800000, 0x0000000705600000| Untracked 
|  44|0x0000000705800000, 0x0000000705a00000, 0x0000000705a00000|100%| O|  |TAMS 0x0000000705a00000, 0x0000000705800000| Untracked 
|  45|0x0000000705a00000, 0x0000000705c00000, 0x0000000705c00000|100%| O|  |TAMS 0x0000000705c00000, 0x0000000705a00000| Untracked 
|  46|0x0000000705c00000, 0x0000000705e00000, 0x0000000705e00000|100%| O|  |TAMS 0x0000000705e00000, 0x0000000705c00000| Untracked 
|  47|0x0000000705e00000, 0x0000000706000000, 0x0000000706000000|100%| O|  |TAMS 0x0000000706000000, 0x0000000705e00000| Untracked 
|  48|0x0000000706000000, 0x0000000706200000, 0x0000000706200000|100%| O|  |TAMS 0x0000000706200000, 0x0000000706000000| Untracked 
|  49|0x0000000706200000, 0x0000000706400000, 0x0000000706400000|100%| O|  |TAMS 0x00000007062eb000, 0x0000000706200000| Untracked 
|  50|0x0000000706400000, 0x0000000706600000, 0x0000000706600000|100%| O|  |TAMS 0x0000000706400000, 0x0000000706400000| Untracked 
|  51|0x0000000706600000, 0x0000000706800000, 0x0000000706800000|100%| O|  |TAMS 0x0000000706600000, 0x0000000706600000| Untracked 
|  52|0x0000000706800000, 0x0000000706a00000, 0x0000000706a00000|100%| O|  |TAMS 0x0000000706800000, 0x0000000706800000| Untracked 
|  53|0x0000000706a00000, 0x0000000706c00000, 0x0000000706c00000|100%|HS|  |TAMS 0x0000000706a00000, 0x0000000706a00000| Complete 
|  54|0x0000000706c00000, 0x0000000706e00000, 0x0000000706e00000|100%|HC|  |TAMS 0x0000000706c00000, 0x0000000706c00000| Complete 
|  55|0x0000000706e00000, 0x0000000707000000, 0x0000000707000000|100%| O|  |TAMS 0x0000000706e00000, 0x0000000706e00000| Untracked 
|  56|0x0000000707000000, 0x0000000707200000, 0x0000000707200000|100%| O|  |TAMS 0x0000000707000000, 0x0000000707000000| Untracked 
|  57|0x0000000707200000, 0x0000000707400000, 0x0000000707400000|100%| O|  |TAMS 0x0000000707200000, 0x0000000707200000| Untracked 
|  58|0x0000000707400000, 0x0000000707600000, 0x0000000707600000|100%| O|  |TAMS 0x0000000707400000, 0x0000000707400000| Untracked 
|  59|0x0000000707600000, 0x0000000707800000, 0x0000000707800000|100%| O|  |TAMS 0x0000000707600000, 0x0000000707600000| Untracked 
|  60|0x0000000707800000, 0x0000000707a00000, 0x0000000707a00000|100%| O|  |TAMS 0x0000000707800000, 0x0000000707800000| Untracked 
|  61|0x0000000707a00000, 0x0000000707c00000, 0x0000000707c00000|100%| O|  |TAMS 0x0000000707a00000, 0x0000000707a00000| Untracked 
|  62|0x0000000707c00000, 0x0000000707d8fc00, 0x0000000707e00000| 78%| O|  |TAMS 0x0000000707c00000, 0x0000000707c00000| Untracked 
|  63|0x0000000707e00000, 0x0000000707e00000, 0x0000000708000000|  0%| F|  |TAMS 0x0000000707e00000, 0x0000000707e00000| Untracked 
|  64|0x0000000708000000, 0x0000000708000000, 0x0000000708200000|  0%| F|  |TAMS 0x0000000708000000, 0x0000000708000000| Untracked 
|  65|0x0000000708200000, 0x0000000708200000, 0x0000000708400000|  0%| F|  |TAMS 0x0000000708200000, 0x0000000708200000| Untracked 
|  66|0x0000000708400000, 0x0000000708400000, 0x0000000708600000|  0%| F|  |TAMS 0x0000000708400000, 0x0000000708400000| Untracked 
|  67|0x0000000708600000, 0x0000000708600000, 0x0000000708800000|  0%| F|  |TAMS 0x0000000708600000, 0x0000000708600000| Untracked 
|  68|0x0000000708800000, 0x0000000708800000, 0x0000000708a00000|  0%| F|  |TAMS 0x0000000708800000, 0x0000000708800000| Untracked 
|  69|0x0000000708a00000, 0x0000000708a00000, 0x0000000708c00000|  0%| F|  |TAMS 0x0000000708a00000, 0x0000000708a00000| Untracked 
|  70|0x0000000708c00000, 0x0000000708c00000, 0x0000000708e00000|  0%| F|  |TAMS 0x0000000708c00000, 0x0000000708c00000| Untracked 
|  71|0x0000000708e00000, 0x0000000708e00000, 0x0000000709000000|  0%| F|  |TAMS 0x0000000708e00000, 0x0000000708e00000| Untracked 
|  72|0x0000000709000000, 0x0000000709000000, 0x0000000709200000|  0%| F|  |TAMS 0x0000000709000000, 0x0000000709000000| Untracked 
|  73|0x0000000709200000, 0x0000000709200000, 0x0000000709400000|  0%| F|  |TAMS 0x0000000709200000, 0x0000000709200000| Untracked 
|  74|0x0000000709400000, 0x0000000709400000, 0x0000000709600000|  0%| F|  |TAMS 0x0000000709400000, 0x0000000709400000| Untracked 
|  75|0x0000000709600000, 0x0000000709600000, 0x0000000709800000|  0%| F|  |TAMS 0x0000000709600000, 0x0000000709600000| Untracked 
|  76|0x0000000709800000, 0x0000000709800000, 0x0000000709a00000|  0%| F|  |TAMS 0x0000000709800000, 0x0000000709800000| Untracked 
|  77|0x0000000709a00000, 0x0000000709a00000, 0x0000000709c00000|  0%| F|  |TAMS 0x0000000709a00000, 0x0000000709a00000| Untracked 
|  78|0x0000000709c00000, 0x0000000709c00000, 0x0000000709e00000|  0%| F|  |TAMS 0x0000000709c00000, 0x0000000709c00000| Untracked 
|  79|0x0000000709e00000, 0x0000000709e00000, 0x000000070a000000|  0%| F|  |TAMS 0x0000000709e00000, 0x0000000709e00000| Untracked 
|  80|0x000000070a000000, 0x000000070a000000, 0x000000070a200000|  0%| F|  |TAMS 0x000000070a000000, 0x000000070a000000| Untracked 
|  81|0x000000070a200000, 0x000000070a200000, 0x000000070a400000|  0%| F|  |TAMS 0x000000070a200000, 0x000000070a200000| Untracked 
|  82|0x000000070a400000, 0x000000070a600000, 0x000000070a600000|100%| S|CS|TAMS 0x000000070a400000, 0x000000070a400000| Complete 
|  83|0x000000070a600000, 0x000000070a800000, 0x000000070a800000|100%| S|CS|TAMS 0x000000070a600000, 0x000000070a600000| Complete 
|  84|0x000000070a800000, 0x000000070aa00000, 0x000000070aa00000|100%| S|CS|TAMS 0x000000070a800000, 0x000000070a800000| Complete 
|  85|0x000000070aa00000, 0x000000070ac00000, 0x000000070ac00000|100%| S|CS|TAMS 0x000000070aa00000, 0x000000070aa00000| Complete 
|  86|0x000000070ac00000, 0x000000070ae00000, 0x000000070ae00000|100%| S|CS|TAMS 0x000000070ac00000, 0x000000070ac00000| Complete 
|  87|0x000000070ae00000, 0x000000070b000000, 0x000000070b000000|100%| S|CS|TAMS 0x000000070ae00000, 0x000000070ae00000| Complete 
|  88|0x000000070b000000, 0x000000070b200000, 0x000000070b200000|100%| S|CS|TAMS 0x000000070b000000, 0x000000070b000000| Complete 
|  89|0x000000070b200000, 0x000000070b400000, 0x000000070b400000|100%| S|CS|TAMS 0x000000070b200000, 0x000000070b200000| Complete 
|  90|0x000000070b400000, 0x000000070b600000, 0x000000070b600000|100%| S|CS|TAMS 0x000000070b400000, 0x000000070b400000| Complete 
|  91|0x000000070b600000, 0x000000070b800000, 0x000000070b800000|100%| S|CS|TAMS 0x000000070b600000, 0x000000070b600000| Complete 
|  92|0x000000070b800000, 0x000000070ba00000, 0x000000070ba00000|100%| S|CS|TAMS 0x000000070b800000, 0x000000070b800000| Complete 
|  93|0x000000070ba00000, 0x000000070ba00000, 0x000000070bc00000|  0%| F|  |TAMS 0x000000070ba00000, 0x000000070ba00000| Untracked 
|  94|0x000000070bc00000, 0x000000070bc00000, 0x000000070be00000|  0%| F|  |TAMS 0x000000070bc00000, 0x000000070bc00000| Untracked 
|  95|0x000000070be00000, 0x000000070be00000, 0x000000070c000000|  0%| F|  |TAMS 0x000000070be00000, 0x000000070be00000| Untracked 
|  96|0x000000070c000000, 0x000000070c000000, 0x000000070c200000|  0%| F|  |TAMS 0x000000070c000000, 0x000000070c000000| Untracked 
|  97|0x000000070c200000, 0x000000070c200000, 0x000000070c400000|  0%| F|  |TAMS 0x000000070c200000, 0x000000070c200000| Untracked 
|  98|0x000000070c400000, 0x000000070c400000, 0x000000070c600000|  0%| F|  |TAMS 0x000000070c400000, 0x000000070c400000| Untracked 
|  99|0x000000070c600000, 0x000000070c600000, 0x000000070c800000|  0%| F|  |TAMS 0x000000070c600000, 0x000000070c600000| Untracked 
| 100|0x000000070c800000, 0x000000070c800000, 0x000000070ca00000|  0%| F|  |TAMS 0x000000070c800000, 0x000000070c800000| Untracked 
| 101|0x000000070ca00000, 0x000000070ca00000, 0x000000070cc00000|  0%| F|  |TAMS 0x000000070ca00000, 0x000000070ca00000| Untracked 
| 102|0x000000070cc00000, 0x000000070cc00000, 0x000000070ce00000|  0%| F|  |TAMS 0x000000070cc00000, 0x000000070cc00000| Untracked 
| 103|0x000000070ce00000, 0x000000070ce00000, 0x000000070d000000|  0%| F|  |TAMS 0x000000070ce00000, 0x000000070ce00000| Untracked 
| 104|0x000000070d000000, 0x000000070d000000, 0x000000070d200000|  0%| F|  |TAMS 0x000000070d000000, 0x000000070d000000| Untracked 
| 105|0x000000070d200000, 0x000000070d200000, 0x000000070d400000|  0%| F|  |TAMS 0x000000070d200000, 0x000000070d200000| Untracked 
| 106|0x000000070d400000, 0x000000070d400000, 0x000000070d600000|  0%| F|  |TAMS 0x000000070d400000, 0x000000070d400000| Untracked 
| 107|0x000000070d600000, 0x000000070d600000, 0x000000070d800000|  0%| F|  |TAMS 0x000000070d600000, 0x000000070d600000| Untracked 
| 108|0x000000070d800000, 0x000000070d800000, 0x000000070da00000|  0%| F|  |TAMS 0x000000070d800000, 0x000000070d800000| Untracked 
| 109|0x000000070da00000, 0x000000070da00000, 0x000000070dc00000|  0%| F|  |TAMS 0x000000070da00000, 0x000000070da00000| Untracked 
| 110|0x000000070dc00000, 0x000000070dc00000, 0x000000070de00000|  0%| F|  |TAMS 0x000000070dc00000, 0x000000070dc00000| Untracked 
| 111|0x000000070de00000, 0x000000070de00000, 0x000000070e000000|  0%| F|  |TAMS 0x000000070de00000, 0x000000070de00000| Untracked 
| 112|0x000000070e000000, 0x000000070e000000, 0x000000070e200000|  0%| F|  |TAMS 0x000000070e000000, 0x000000070e000000| Untracked 
| 113|0x000000070e200000, 0x000000070e200000, 0x000000070e400000|  0%| F|  |TAMS 0x000000070e200000, 0x000000070e200000| Untracked 
| 114|0x000000070e400000, 0x000000070e400000, 0x000000070e600000|  0%| F|  |TAMS 0x000000070e400000, 0x000000070e400000| Untracked 
| 115|0x000000070e600000, 0x000000070e600000, 0x000000070e800000|  0%| F|  |TAMS 0x000000070e600000, 0x000000070e600000| Untracked 
| 116|0x000000070e800000, 0x000000070e800000, 0x000000070ea00000|  0%| F|  |TAMS 0x000000070e800000, 0x000000070e800000| Untracked 
| 117|0x000000070ea00000, 0x000000070ea00000, 0x000000070ec00000|  0%| F|  |TAMS 0x000000070ea00000, 0x000000070ea00000| Untracked 
| 118|0x000000070ec00000, 0x000000070ec00000, 0x000000070ee00000|  0%| F|  |TAMS 0x000000070ec00000, 0x000000070ec00000| Untracked 
| 119|0x000000070ee00000, 0x000000070ee00000, 0x000000070f000000|  0%| F|  |TAMS 0x000000070ee00000, 0x000000070ee00000| Untracked 
| 120|0x000000070f000000, 0x000000070f000000, 0x000000070f200000|  0%| F|  |TAMS 0x000000070f000000, 0x000000070f000000| Untracked 
| 121|0x000000070f200000, 0x000000070f200000, 0x000000070f400000|  0%| F|  |TAMS 0x000000070f200000, 0x000000070f200000| Untracked 
| 122|0x000000070f400000, 0x000000070f400000, 0x000000070f600000|  0%| F|  |TAMS 0x000000070f400000, 0x000000070f400000| Untracked 
| 123|0x000000070f600000, 0x000000070f600000, 0x000000070f800000|  0%| F|  |TAMS 0x000000070f600000, 0x000000070f600000| Untracked 
| 124|0x000000070f800000, 0x000000070f800000, 0x000000070fa00000|  0%| F|  |TAMS 0x000000070f800000, 0x000000070f800000| Untracked 
| 125|0x000000070fa00000, 0x000000070fa00000, 0x000000070fc00000|  0%| F|  |TAMS 0x000000070fa00000, 0x000000070fa00000| Untracked 
| 126|0x000000070fc00000, 0x000000070fc00000, 0x000000070fe00000|  0%| F|  |TAMS 0x000000070fc00000, 0x000000070fc00000| Untracked 
| 127|0x000000070fe00000, 0x000000070fe00000, 0x0000000710000000|  0%| F|  |TAMS 0x000000070fe00000, 0x000000070fe00000| Untracked 
| 128|0x0000000710000000, 0x0000000710000000, 0x0000000710200000|  0%| F|  |TAMS 0x0000000710000000, 0x0000000710000000| Untracked 
| 129|0x0000000710200000, 0x0000000710200000, 0x0000000710400000|  0%| F|  |TAMS 0x0000000710200000, 0x0000000710200000| Untracked 
| 130|0x0000000710400000, 0x0000000710400000, 0x0000000710600000|  0%| F|  |TAMS 0x0000000710400000, 0x0000000710400000| Untracked 
| 131|0x0000000710600000, 0x0000000710600000, 0x0000000710800000|  0%| F|  |TAMS 0x0000000710600000, 0x0000000710600000| Untracked 
| 132|0x0000000710800000, 0x0000000710800000, 0x0000000710a00000|  0%| F|  |TAMS 0x0000000710800000, 0x0000000710800000| Untracked 
| 133|0x0000000710a00000, 0x0000000710a00000, 0x0000000710c00000|  0%| F|  |TAMS 0x0000000710a00000, 0x0000000710a00000| Untracked 
| 134|0x0000000710c00000, 0x0000000710c00000, 0x0000000710e00000|  0%| F|  |TAMS 0x0000000710c00000, 0x0000000710c00000| Untracked 
| 135|0x0000000710e00000, 0x0000000710e00000, 0x0000000711000000|  0%| F|  |TAMS 0x0000000710e00000, 0x0000000710e00000| Untracked 
| 136|0x0000000711000000, 0x0000000711000000, 0x0000000711200000|  0%| F|  |TAMS 0x0000000711000000, 0x0000000711000000| Untracked 
| 137|0x0000000711200000, 0x0000000711200000, 0x0000000711400000|  0%| F|  |TAMS 0x0000000711200000, 0x0000000711200000| Untracked 
| 138|0x0000000711400000, 0x0000000711400000, 0x0000000711600000|  0%| F|  |TAMS 0x0000000711400000, 0x0000000711400000| Untracked 
| 139|0x0000000711600000, 0x0000000711600000, 0x0000000711800000|  0%| F|  |TAMS 0x0000000711600000, 0x0000000711600000| Untracked 
| 140|0x0000000711800000, 0x0000000711800000, 0x0000000711a00000|  0%| F|  |TAMS 0x0000000711800000, 0x0000000711800000| Untracked 
| 141|0x0000000711a00000, 0x0000000711a00000, 0x0000000711c00000|  0%| F|  |TAMS 0x0000000711a00000, 0x0000000711a00000| Untracked 
| 142|0x0000000711c00000, 0x0000000711c00000, 0x0000000711e00000|  0%| F|  |TAMS 0x0000000711c00000, 0x0000000711c00000| Untracked 
| 143|0x0000000711e00000, 0x0000000711e00000, 0x0000000712000000|  0%| F|  |TAMS 0x0000000711e00000, 0x0000000711e00000| Untracked 
| 144|0x0000000712000000, 0x0000000712000000, 0x0000000712200000|  0%| F|  |TAMS 0x0000000712000000, 0x0000000712000000| Untracked 
| 145|0x0000000712200000, 0x0000000712200000, 0x0000000712400000|  0%| F|  |TAMS 0x0000000712200000, 0x0000000712200000| Untracked 
| 146|0x0000000712400000, 0x0000000712400000, 0x0000000712600000|  0%| F|  |TAMS 0x0000000712400000, 0x0000000712400000| Untracked 
| 147|0x0000000712600000, 0x0000000712600000, 0x0000000712800000|  0%| F|  |TAMS 0x0000000712600000, 0x0000000712600000| Untracked 
| 148|0x0000000712800000, 0x0000000712800000, 0x0000000712a00000|  0%| F|  |TAMS 0x0000000712800000, 0x0000000712800000| Untracked 
| 149|0x0000000712a00000, 0x0000000712a00000, 0x0000000712c00000|  0%| F|  |TAMS 0x0000000712a00000, 0x0000000712a00000| Untracked 
| 150|0x0000000712c00000, 0x0000000712c00000, 0x0000000712e00000|  0%| F|  |TAMS 0x0000000712c00000, 0x0000000712c00000| Untracked 
| 151|0x0000000712e00000, 0x0000000712e00000, 0x0000000713000000|  0%| F|  |TAMS 0x0000000712e00000, 0x0000000712e00000| Untracked 
| 152|0x0000000713000000, 0x0000000713000000, 0x0000000713200000|  0%| F|  |TAMS 0x0000000713000000, 0x0000000713000000| Untracked 
| 153|0x0000000713200000, 0x0000000713200000, 0x0000000713400000|  0%| F|  |TAMS 0x0000000713200000, 0x0000000713200000| Untracked 
| 154|0x0000000713400000, 0x0000000713400000, 0x0000000713600000|  0%| F|  |TAMS 0x0000000713400000, 0x0000000713400000| Untracked 
| 155|0x0000000713600000, 0x0000000713600000, 0x0000000713800000|  0%| F|  |TAMS 0x0000000713600000, 0x0000000713600000| Untracked 
| 156|0x0000000713800000, 0x0000000713800000, 0x0000000713a00000|  0%| F|  |TAMS 0x0000000713800000, 0x0000000713800000| Untracked 
| 157|0x0000000713a00000, 0x0000000713a00000, 0x0000000713c00000|  0%| F|  |TAMS 0x0000000713a00000, 0x0000000713a00000| Untracked 
| 158|0x0000000713c00000, 0x0000000713c00000, 0x0000000713e00000|  0%| F|  |TAMS 0x0000000713c00000, 0x0000000713c00000| Untracked 
| 159|0x0000000713e00000, 0x0000000713e00000, 0x0000000714000000|  0%| F|  |TAMS 0x0000000713e00000, 0x0000000713e00000| Untracked 
| 160|0x0000000714000000, 0x0000000714000000, 0x0000000714200000|  0%| F|  |TAMS 0x0000000714000000, 0x0000000714000000| Untracked 
| 161|0x0000000714200000, 0x0000000714200000, 0x0000000714400000|  0%| F|  |TAMS 0x0000000714200000, 0x0000000714200000| Untracked 
| 162|0x0000000714400000, 0x0000000714400000, 0x0000000714600000|  0%| F|  |TAMS 0x0000000714400000, 0x0000000714400000| Untracked 
| 163|0x0000000714600000, 0x0000000714600000, 0x0000000714800000|  0%| F|  |TAMS 0x0000000714600000, 0x0000000714600000| Untracked 
| 164|0x0000000714800000, 0x0000000714800000, 0x0000000714a00000|  0%| F|  |TAMS 0x0000000714800000, 0x0000000714800000| Untracked 
| 165|0x0000000714a00000, 0x0000000714a00000, 0x0000000714c00000|  0%| F|  |TAMS 0x0000000714a00000, 0x0000000714a00000| Untracked 
| 166|0x0000000714c00000, 0x0000000714c00000, 0x0000000714e00000|  0%| F|  |TAMS 0x0000000714c00000, 0x0000000714c00000| Untracked 
| 167|0x0000000714e00000, 0x0000000714e00000, 0x0000000715000000|  0%| F|  |TAMS 0x0000000714e00000, 0x0000000714e00000| Untracked 
| 168|0x0000000715000000, 0x0000000715170e58, 0x0000000715200000| 72%| E|  |TAMS 0x0000000715000000, 0x0000000715000000| Complete 
| 169|0x0000000715200000, 0x0000000715400000, 0x0000000715400000|100%| E|CS|TAMS 0x0000000715200000, 0x0000000715200000| Complete 
| 170|0x0000000715400000, 0x0000000715600000, 0x0000000715600000|100%| E|CS|TAMS 0x0000000715400000, 0x0000000715400000| Complete 
| 171|0x0000000715600000, 0x0000000715800000, 0x0000000715800000|100%| E|CS|TAMS 0x0000000715600000, 0x0000000715600000| Complete 
| 172|0x0000000715800000, 0x0000000715a00000, 0x0000000715a00000|100%| E|CS|TAMS 0x0000000715800000, 0x0000000715800000| Complete 
| 173|0x0000000715a00000, 0x0000000715c00000, 0x0000000715c00000|100%| E|CS|TAMS 0x0000000715a00000, 0x0000000715a00000| Complete 
| 174|0x0000000715c00000, 0x0000000715e00000, 0x0000000715e00000|100%| E|CS|TAMS 0x0000000715c00000, 0x0000000715c00000| Complete 
| 175|0x0000000715e00000, 0x0000000716000000, 0x0000000716000000|100%| E|CS|TAMS 0x0000000715e00000, 0x0000000715e00000| Complete 
| 176|0x0000000716000000, 0x0000000716200000, 0x0000000716200000|100%| E|CS|TAMS 0x0000000716000000, 0x0000000716000000| Complete 
| 177|0x0000000716200000, 0x0000000716400000, 0x0000000716400000|100%| E|CS|TAMS 0x0000000716200000, 0x0000000716200000| Complete 

Card table byte_map: [0x000002c84d060000,0x000002c84d860000] _byte_map_base: 0x000002c849860000

Marking Bits (Prev, Next): (CMBitMap*) 0x000002c8360042a0, (CMBitMap*) 0x000002c836004260
 Prev Bits: [0x000002c852060000, 0x000002c856060000)
 Next Bits: [0x000002c84e060000, 0x000002c852060000)

Polling page: 0x000002c835770000

Metaspace:

Usage:
  Non-class:     71.20 MB used.
      Class:     11.61 MB used.
       Both:     82.82 MB used.

Virtual space:
  Non-class space:      128.00 MB reserved,      71.88 MB ( 56%) committed,  2 nodes.
      Class space:        1.00 GB reserved,      12.12 MB (  1%) committed,  1 nodes.
             Both:        1.12 GB reserved,      84.00 MB (  7%) committed. 

Chunk freelists:
   Non-Class:  8.18 MB
       Class:  3.83 MB
        Both:  12.01 MB

MaxMetaspaceSize: 2.00 GB
CompressedClassSpaceSize: 1.00 GB
Initial GC threshold: 21.00 MB
Current GC threshold: 129.50 MB
CDS: on
MetaspaceReclaimPolicy: balanced
 - commit_granule_bytes: 65536.
 - commit_granule_words: 8192.
 - virtual_space_node_default_size: 8388608.
 - enlarge_chunks_in_place: 1.
 - new_chunks_are_fully_committed: 0.
 - uncommit_free_chunks: 1.
 - use_allocation_guard: 0.
 - handle_deallocations: 1.


Internal statistics:

num_allocs_failed_limit: 6.
num_arena_births: 1280.
num_arena_deaths: 0.
num_vsnodes_births: 3.
num_vsnodes_deaths: 0.
num_space_committed: 1344.
num_space_uncommitted: 0.
num_chunks_returned_to_freelist: 6.
num_chunks_taken_from_freelist: 4970.
num_chunk_merges: 6.
num_chunk_splits: 3203.
num_chunks_enlarged: 2040.
num_inconsistent_stats: 0.

CodeHeap 'non-profiled nmethods': size=120000Kb used=7577Kb max_used=7577Kb free=112422Kb
 bounds [0x000002c845330000, 0x000002c845aa0000, 0x000002c84c860000]
CodeHeap 'profiled nmethods': size=120000Kb used=22826Kb max_used=22826Kb free=97174Kb
 bounds [0x000002c83d860000, 0x000002c83eeb0000, 0x000002c844d90000]
CodeHeap 'non-nmethods': size=5760Kb used=2400Kb max_used=2501Kb free=3360Kb
 bounds [0x000002c844d90000, 0x000002c845020000, 0x000002c845330000]
 total_blobs=12153 nmethods=11219 adapters=846
 compilation: enabled
              stopped_count=0, restarted_count=0
 full_count=0

Compilation events (20 events):
Event: 34.324 Thread 0x000002c85851bec0 nmethod 12722 0x000002c845a71e90 code [0x000002c845a72020, 0x000002c845a720d8]
Event: 34.326 Thread 0x000002c85851bec0 12723   !   3       org.gradle.internal.service.DefaultServiceRegistry$ConstructorService::invokeMethod (70 bytes)
Event: 34.328 Thread 0x000002c85851bec0 nmethod 12723 0x000002c83eea4b90 code [0x000002c83eea4f40, 0x000002c83eea69c8]
Event: 34.328 Thread 0x000002c85851bec0 12725       3       org.gradle.internal.extensibility.DefaultConvention::findByType (9 bytes)
Event: 34.330 Thread 0x000002c85851bec0 nmethod 12725 0x000002c83eea7310 code [0x000002c83eea7580, 0x000002c83eea8098]
Event: 34.330 Thread 0x000002c85851bec0 12724       1       org.gradle.groovy.scripts.TextResourceScriptSource::getResource (5 bytes)
Event: 34.330 Thread 0x000002c85851bec0 nmethod 12724 0x000002c845a72190 code [0x000002c845a72320, 0x000002c845a723f8]
Event: 34.349 Thread 0x000002c85851bec0 12726       1       org.gradle.api.internal.artifacts.dsl.ParsedModuleStringNotation::getVersion (5 bytes)
Event: 34.349 Thread 0x000002c85851bec0 nmethod 12726 0x000002c845a72490 code [0x000002c845a72620, 0x000002c845a726f8]
Event: 34.349 Thread 0x000002c85851bec0 12727       1       org.gradle.api.internal.artifacts.dsl.ParsedModuleStringNotation::getGroup (5 bytes)
Event: 34.349 Thread 0x000002c85851bec0 nmethod 12727 0x000002c845a72790 code [0x000002c845a72920, 0x000002c845a729f8]
Event: 34.349 Thread 0x000002c85851bec0 12728       1       org.gradle.api.internal.artifacts.dsl.ParsedModuleStringNotation::getName (5 bytes)
Event: 34.349 Thread 0x000002c85851bec0 nmethod 12728 0x000002c845a72a90 code [0x000002c845a72c20, 0x000002c845a72cf8]
Event: 34.349 Thread 0x000002c85851bec0 12729       3       org.gradle.api.internal.artifacts.ivyservice.resolutionstrategy.DefaultCachePolicy::eachArtifact (24 bytes)
Event: 34.349 Thread 0x000002c85851bec0 nmethod 12729 0x000002c83eea8510 code [0x000002c83eea86c0, 0x000002c83eea8998]
Event: 34.366 Thread 0x000002c85851bec0 12730       1       org.gradle.launcher.daemon.protocol.OutputMessage::getEvent (5 bytes)
Event: 34.366 Thread 0x000002c85851bec0 nmethod 12730 0x000002c845a72d90 code [0x000002c845a72f20, 0x000002c845a72ff8]
Event: 34.420 Thread 0x000002c85851ad60 nmethod 12547 0x000002c845a73090 code [0x000002c845a737c0, 0x000002c845a7afd8]
Event: 34.421 Thread 0x000002c85851ad60 12551       4       org.gradle.api.internal.attributes.DefaultImmutableAttributesFactory::concat (126 bytes)
Event: 34.423 Thread 0x000002c85851bec0 12735       3       org.gradle.internal.work.DefaultWorkerLeaseService::containsProjectLocks (40 bytes)

GC Heap History (20 events):
Event: 21.290 GC heap before
{Heap before GC invocations=33 (full 0):
 garbage-first heap   total 151552K, used 113303K [0x0000000700000000, 0x0000000800000000)
  region size 2048K, 17 young (34816K), 2 survivors (4096K)
 Metaspace       used 68420K, committed 69120K, reserved 1114112K
  class space    used 9425K, committed 9728K, reserved 1048576K
}
Event: 21.297 GC heap after
{Heap after GC invocations=34 (full 0):
 garbage-first heap   total 151552K, used 84496K [0x0000000700000000, 0x0000000800000000)
  region size 2048K, 3 young (6144K), 3 survivors (6144K)
 Metaspace       used 68420K, committed 69120K, reserved 1114112K
  class space    used 9425K, committed 9728K, reserved 1048576K
}
Event: 22.667 GC heap before
{Heap before GC invocations=34 (full 0):
 garbage-first heap   total 151552K, used 119312K [0x0000000700000000, 0x0000000800000000)
  region size 2048K, 20 young (40960K), 3 survivors (6144K)
 Metaspace       used 71496K, committed 72192K, reserved 1114112K
  class space    used 9867K, committed 10176K, reserved 1048576K
}
Event: 22.676 GC heap after
{Heap after GC invocations=35 (full 0):
 garbage-first heap   total 182272K, used 86041K [0x0000000700000000, 0x0000000800000000)
  region size 2048K, 2 young (4096K), 2 survivors (4096K)
 Metaspace       used 71496K, committed 72192K, reserved 1114112K
  class space    used 9867K, committed 10176K, reserved 1048576K
}
Event: 23.909 GC heap before
{Heap before GC invocations=36 (full 0):
 garbage-first heap   total 182272K, used 137241K [0x0000000700000000, 0x0000000800000000)
  region size 2048K, 29 young (59392K), 2 survivors (4096K)
 Metaspace       used 72663K, committed 73408K, reserved 1114112K
  class space    used 10027K, committed 10368K, reserved 1048576K
}
Event: 23.921 GC heap after
{Heap after GC invocations=37 (full 0):
 garbage-first heap   total 182272K, used 91211K [0x0000000700000000, 0x0000000800000000)
  region size 2048K, 4 young (8192K), 4 survivors (8192K)
 Metaspace       used 72663K, committed 73408K, reserved 1114112K
  class space    used 10027K, committed 10368K, reserved 1048576K
}
Event: 24.828 GC heap before
{Heap before GC invocations=38 (full 0):
 garbage-first heap   total 182272K, used 150603K [0x0000000700000000, 0x0000000800000000)
  region size 2048K, 31 young (63488K), 4 survivors (8192K)
 Metaspace       used 73614K, committed 74432K, reserved 1114112K
  class space    used 10139K, committed 10496K, reserved 1048576K
}
Event: 24.841 GC heap after
{Heap after GC invocations=39 (full 0):
 garbage-first heap   total 182272K, used 101001K [0x0000000700000000, 0x0000000800000000)
  region size 2048K, 3 young (6144K), 3 survivors (6144K)
 Metaspace       used 73614K, committed 74432K, reserved 1114112K
  class space    used 10139K, committed 10496K, reserved 1048576K
}
Event: 24.885 GC heap before
{Heap before GC invocations=39 (full 0):
 garbage-first heap   total 182272K, used 101001K [0x0000000700000000, 0x0000000800000000)
  region size 2048K, 4 young (8192K), 3 survivors (6144K)
 Metaspace       used 73649K, committed 74432K, reserved 1114112K
  class space    used 10145K, committed 10496K, reserved 1048576K
}
Event: 24.892 GC heap after
{Heap after GC invocations=40 (full 0):
 garbage-first heap   total 182272K, used 99941K [0x0000000700000000, 0x0000000800000000)
  region size 2048K, 1 young (2048K), 1 survivors (2048K)
 Metaspace       used 73649K, committed 74432K, reserved 1114112K
  class space    used 10145K, committed 10496K, reserved 1048576K
}
Event: 26.327 GC heap before
{Heap before GC invocations=40 (full 0):
 garbage-first heap   total 182272K, used 147045K [0x0000000700000000, 0x0000000800000000)
  region size 2048K, 24 young (49152K), 1 survivors (2048K)
 Metaspace       used 78453K, committed 79232K, reserved 1179648K
  class space    used 10979K, committed 11328K, reserved 1048576K
}
Event: 26.333 GC heap after
{Heap after GC invocations=41 (full 0):
 garbage-first heap   total 182272K, used 102023K [0x0000000700000000, 0x0000000800000000)
  region size 2048K, 2 young (4096K), 2 survivors (4096K)
 Metaspace       used 78453K, committed 79232K, reserved 1179648K
  class space    used 10979K, committed 11328K, reserved 1048576K
}
Event: 27.399 GC heap before
{Heap before GC invocations=42 (full 0):
 garbage-first heap   total 182272K, used 149127K [0x0000000700000000, 0x0000000800000000)
  region size 2048K, 25 young (51200K), 2 survivors (4096K)
 Metaspace       used 80310K, committed 81024K, reserved 1179648K
  class space    used 11253K, committed 11584K, reserved 1048576K
}
Event: 27.410 GC heap after
{Heap after GC invocations=43 (full 0):
 garbage-first heap   total 182272K, used 106767K [0x0000000700000000, 0x0000000800000000)
  region size 2048K, 4 young (8192K), 4 survivors (8192K)
 Metaspace       used 80310K, committed 81024K, reserved 1179648K
  class space    used 11253K, committed 11584K, reserved 1048576K
}
Event: 27.451 GC heap before
{Heap before GC invocations=43 (full 0):
 garbage-first heap   total 182272K, used 108815K [0x0000000700000000, 0x0000000800000000)
  region size 2048K, 5 young (10240K), 4 survivors (8192K)
 Metaspace       used 80385K, committed 81152K, reserved 1179648K
  class space    used 11266K, committed 11648K, reserved 1048576K
}
Event: 27.460 GC heap after
{Heap after GC invocations=44 (full 0):
 garbage-first heap   total 182272K, used 107237K [0x0000000700000000, 0x0000000800000000)
  region size 2048K, 1 young (2048K), 1 survivors (2048K)
 Metaspace       used 80385K, committed 81152K, reserved 1179648K
  class space    used 11266K, committed 11648K, reserved 1048576K
}
Event: 28.336 GC heap before
{Heap before GC invocations=44 (full 0):
 garbage-first heap   total 182272K, used 150245K [0x0000000700000000, 0x0000000800000000)
  region size 2048K, 22 young (45056K), 1 survivors (2048K)
 Metaspace       used 82161K, committed 83008K, reserved 1179648K
  class space    used 11500K, committed 11904K, reserved 1048576K
}
Event: 28.347 GC heap after
{Heap after GC invocations=45 (full 0):
 garbage-first heap   total 364544K, used 111452K [0x0000000700000000, 0x0000000800000000)
  region size 2048K, 3 young (6144K), 3 survivors (6144K)
 Metaspace       used 82161K, committed 83008K, reserved 1179648K
  class space    used 11500K, committed 11904K, reserved 1048576K
}
Event: 33.740 GC heap before
{Heap before GC invocations=45 (full 0):
 garbage-first heap   total 364544K, used 287580K [0x0000000700000000, 0x0000000800000000)
  region size 2048K, 88 young (180224K), 3 survivors (6144K)
 Metaspace       used 84622K, committed 85824K, reserved 1179648K
  class space    used 11873K, committed 12416K, reserved 1048576K
}
Event: 33.778 GC heap after
{Heap after GC invocations=46 (full 0):
 garbage-first heap   total 364544K, used 151103K [0x0000000700000000, 0x0000000800000000)
  region size 2048K, 11 young (22528K), 11 survivors (22528K)
 Metaspace       used 84622K, committed 85824K, reserved 1179648K
  class space    used 11873K, committed 12416K, reserved 1048576K
}

Deoptimization events (20 events):
Event: 32.530 Thread 0x000002c89ef0dd60 DEOPT PACKING pc=0x000002c8459c0488 sp=0x000000fdf53f94e0
Event: 32.530 Thread 0x000002c89ef0dd60 DEOPT UNPACKING pc=0x000002c844de23a3 sp=0x000000fdf53f9498 mode 2
Event: 32.535 Thread 0x000002c89ef0dd60 Uncommon trap: trap_request=0xffffffbe fr.pc=0x000002c8459c0488 relative=0x0000000000000ce8
Event: 32.535 Thread 0x000002c89ef0dd60 Uncommon trap: reason=profile_predicate action=maybe_recompile pc=0x000002c8459c0488 method=org.gradle.tooling.internal.provider.runner.ClientBuildEventGenerator.started(Lorg/gradle/internal/operations/BuildOperationDescriptor;Lorg/gradle/internal/operati
Event: 32.535 Thread 0x000002c89ef0dd60 DEOPT PACKING pc=0x000002c8459c0488 sp=0x000000fdf53f94e0
Event: 32.535 Thread 0x000002c89ef0dd60 DEOPT UNPACKING pc=0x000002c844de23a3 sp=0x000000fdf53f9498 mode 2
Event: 32.535 Thread 0x000002c89ef0dd60 Uncommon trap: trap_request=0xffffffbe fr.pc=0x000002c8459c0488 relative=0x0000000000000ce8
Event: 32.535 Thread 0x000002c89ef0dd60 Uncommon trap: reason=profile_predicate action=maybe_recompile pc=0x000002c8459c0488 method=org.gradle.tooling.internal.provider.runner.ClientBuildEventGenerator.started(Lorg/gradle/internal/operations/BuildOperationDescriptor;Lorg/gradle/internal/operati
Event: 32.535 Thread 0x000002c89ef0dd60 DEOPT PACKING pc=0x000002c8459c0488 sp=0x000000fdf53f94e0
Event: 32.535 Thread 0x000002c89ef0dd60 DEOPT UNPACKING pc=0x000002c844de23a3 sp=0x000000fdf53f9498 mode 2
Event: 33.318 Thread 0x000002c89ef0dd60 DEOPT PACKING pc=0x000002c83e09b6e5 sp=0x000000fdf53f8c50
Event: 33.318 Thread 0x000002c89ef0dd60 DEOPT UNPACKING pc=0x000002c844de2b43 sp=0x000000fdf53f8140 mode 0
Event: 33.385 Thread 0x000002c89ef0dd60 DEOPT PACKING pc=0x000002c83e0d2abf sp=0x000000fdf53f8e20
Event: 33.385 Thread 0x000002c89ef0dd60 DEOPT UNPACKING pc=0x000002c844de2b43 sp=0x000000fdf53f8370 mode 0
Event: 33.449 Thread 0x000002c89ef0dd60 DEOPT PACKING pc=0x000002c83e1a0ace sp=0x000000fdf53f9950
Event: 33.449 Thread 0x000002c89ef0dd60 DEOPT UNPACKING pc=0x000002c844de2b43 sp=0x000000fdf53f8ef0 mode 0
Event: 33.951 Thread 0x000002c89ef0dd60 Uncommon trap: trap_request=0xffffff76 fr.pc=0x000002c8459e5660 relative=0x0000000000000240
Event: 33.951 Thread 0x000002c89ef0dd60 Uncommon trap: reason=predicate action=maybe_recompile pc=0x000002c8459e5660 method=java.util.HashMap.keysToArray([Ljava/lang/Object;)[Ljava/lang/Object; @ 48 c2
Event: 33.951 Thread 0x000002c89ef0dd60 DEOPT PACKING pc=0x000002c8459e5660 sp=0x000000fdf53f7ab0
Event: 33.951 Thread 0x000002c89ef0dd60 DEOPT UNPACKING pc=0x000002c844de23a3 sp=0x000000fdf53f7a48 mode 2

Classes unloaded (0 events):
No events

Classes redefined (0 events):
No events

Internal exceptions (20 events):
Event: 32.673 Thread 0x000002c89ef0dd60 Exception <a 'java/lang/ClassNotFoundException'{0x000000070e32ddd0}: com/android/build/gradle/internal/dsl/TestOptionsCustomizer> (0x000000070e32ddd0) 
thrown [s\open\src\hotspot\share\classfile\systemDictionary.cpp, line 256]
Event: 32.674 Thread 0x000002c89ef0dd60 Exception <a 'java/lang/ClassNotFoundException'{0x000000070e359488}: com/android/build/gradle/internal/dsl/TestOptions_DecoratedCustomizer> (0x000000070e359488) 
thrown [s\open\src\hotspot\share\classfile\systemDictionary.cpp, line 256]
Event: 32.678 Thread 0x000002c89ef0dd60 Exception <a 'java/lang/ClassNotFoundException'{0x000000070e3b5a68}: com/android/build/gradle/internal/dsl/TestOptions$UnitTestOptions_DecoratedBeanInfo> (0x000000070e3b5a68) 
thrown [s\open\src\hotspot\share\classfile\systemDictionary.cpp, line 256]
Event: 32.680 Thread 0x000002c89ef0dd60 Exception <a 'java/lang/ClassNotFoundException'{0x000000070e3c6620}: com/android/build/gradle/internal/dsl/TestOptions$UnitTestOptionsBeanInfo> (0x000000070e3c6620) 
thrown [s\open\src\hotspot\share\classfile\systemDictionary.cpp, line 256]
Event: 32.681 Thread 0x000002c89ef0dd60 Exception <a 'java/lang/ClassNotFoundException'{0x000000070e3d71c0}: com/android/build/gradle/internal/dsl/TestOptions$UnitTestOptionsCustomizer> (0x000000070e3d71c0) 
thrown [s\open\src\hotspot\share\classfile\systemDictionary.cpp, line 256]
Event: 32.683 Thread 0x000002c89ef0dd60 Exception <a 'java/lang/ClassNotFoundException'{0x000000070e3ef1a8}: com/android/build/gradle/internal/dsl/TestOptions$UnitTestOptions_DecoratedCustomizer> (0x000000070e3ef1a8) 
thrown [s\open\src\hotspot\share\classfile\systemDictionary.cpp, line 256]
Event: 32.801 Thread 0x000002c89ef0dd60 Exception <a 'java/lang/ClassNotFoundException'{0x000000070dc68180}: build_dh9m0y4yd0aif1ehl3h8tedyeBeanInfo> (0x000000070dc68180) 
thrown [s\open\src\hotspot\share\classfile\systemDictionary.cpp, line 256]
Event: 32.802 Thread 0x000002c89ef0dd60 Exception <a 'java/lang/ClassNotFoundException'{0x000000070dc6e9b8}: build_dh9m0y4yd0aif1ehl3h8tedyeCustomizer> (0x000000070dc6e9b8) 
thrown [s\open\src\hotspot\share\classfile\systemDictionary.cpp, line 256]
Event: 33.268 Thread 0x000002c89ef0dd60 Exception <a 'java/lang/ClassNotFoundException'{0x000000070cc390f8}: build_dh9m0y4yd0aif1ehl3h8tedyeBeanInfo> (0x000000070cc390f8) 
thrown [s\open\src\hotspot\share\classfile\systemDictionary.cpp, line 256]
Event: 33.269 Thread 0x000002c89ef0dd60 Exception <a 'java/lang/ClassNotFoundException'{0x000000070cc3f8d0}: build_dh9m0y4yd0aif1ehl3h8tedyeCustomizer> (0x000000070cc3f8d0) 
thrown [s\open\src\hotspot\share\classfile\systemDictionary.cpp, line 256]
Event: 33.384 Thread 0x000002c89ef0dd60 Exception <a 'java/lang/ClassNotFoundException'{0x000000070c8fc298}: build_de3ogyjc02nnqjk2xxailnewyBeanInfo> (0x000000070c8fc298) 
thrown [s\open\src\hotspot\share\classfile\systemDictionary.cpp, line 256]
Event: 33.384 Thread 0x000002c89ef0dd60 Exception <a 'java/lang/ClassNotFoundException'{0x000000070c902ad0}: build_de3ogyjc02nnqjk2xxailnewyCustomizer> (0x000000070c902ad0) 
thrown [s\open\src\hotspot\share\classfile\systemDictionary.cpp, line 256]
Event: 33.452 Thread 0x000002c89ef0dd60 Exception <a 'java/lang/ClassNotFoundException'{0x000000070c2e1578}: build_de3ogyjc02nnqjk2xxailnewyBeanInfo> (0x000000070c2e1578) 
thrown [s\open\src\hotspot\share\classfile\systemDictionary.cpp, line 256]
Event: 33.452 Thread 0x000002c89ef0dd60 Exception <a 'java/lang/ClassNotFoundException'{0x000000070c2e7d50}: build_de3ogyjc02nnqjk2xxailnewyCustomizer> (0x000000070c2e7d50) 
thrown [s\open\src\hotspot\share\classfile\systemDictionary.cpp, line 256]
Event: 33.653 Thread 0x000002c89ef0dd60 Exception <a 'java/lang/ClassNotFoundException'{0x000000070bfd4ff0}: build_a7etfujgrrs8xsj46szfwlgzkBeanInfo> (0x000000070bfd4ff0) 
thrown [s\open\src\hotspot\share\classfile\systemDictionary.cpp, line 256]
Event: 33.653 Thread 0x000002c89ef0dd60 Exception <a 'java/lang/ClassNotFoundException'{0x000000070bfdb828}: build_a7etfujgrrs8xsj46szfwlgzkCustomizer> (0x000000070bfdb828) 
thrown [s\open\src\hotspot\share\classfile\systemDictionary.cpp, line 256]
Event: 33.824 Thread 0x000002c89ef0dd60 Exception <a 'java/lang/ClassNotFoundException'{0x00000007162c59e0}: build_a7etfujgrrs8xsj46szfwlgzkBeanInfo> (0x00000007162c59e0) 
thrown [s\open\src\hotspot\share\classfile\systemDictionary.cpp, line 256]
Event: 33.825 Thread 0x000002c89ef0dd60 Exception <a 'java/lang/ClassNotFoundException'{0x00000007162cc1b8}: build_a7etfujgrrs8xsj46szfwlgzkCustomizer> (0x00000007162cc1b8) 
thrown [s\open\src\hotspot\share\classfile\systemDictionary.cpp, line 256]
Event: 34.341 Thread 0x000002c89ef0dd60 Exception <a 'java/lang/ClassNotFoundException'{0x0000000715478d10}: build_a4qw75s7xag8gmqqmgblabtrgBeanInfo> (0x0000000715478d10) 
thrown [s\open\src\hotspot\share\classfile\systemDictionary.cpp, line 256]
Event: 34.341 Thread 0x000002c89ef0dd60 Exception <a 'java/lang/ClassNotFoundException'{0x000000071547f548}: build_a4qw75s7xag8gmqqmgblabtrgCustomizer> (0x000000071547f548) 
thrown [s\open\src\hotspot\share\classfile\systemDictionary.cpp, line 256]

VM Operations (20 events):
Event: 28.178 Executing VM operation: ICBufferFull
Event: 28.179 Executing VM operation: ICBufferFull done
Event: 28.336 Executing VM operation: G1CollectForAllocation
Event: 28.347 Executing VM operation: G1CollectForAllocation done
Event: 29.217 Executing VM operation: ICBufferFull
Event: 29.218 Executing VM operation: ICBufferFull done
Event: 29.945 Executing VM operation: ICBufferFull
Event: 29.946 Executing VM operation: ICBufferFull done
Event: 30.233 Executing VM operation: HandshakeAllThreads
Event: 30.234 Executing VM operation: HandshakeAllThreads done
Event: 30.308 Executing VM operation: ICBufferFull
Event: 30.308 Executing VM operation: ICBufferFull done
Event: 31.320 Executing VM operation: Cleanup
Event: 31.321 Executing VM operation: Cleanup done
Event: 32.176 Executing VM operation: ICBufferFull
Event: 32.176 Executing VM operation: ICBufferFull done
Event: 32.972 Executing VM operation: ICBufferFull
Event: 32.973 Executing VM operation: ICBufferFull done
Event: 33.740 Executing VM operation: G1CollectForAllocation
Event: 33.791 Executing VM operation: G1CollectForAllocation done

Events (20 events):
Event: 27.893 loading class jdk/internal/reflect/UnsafeQualifiedStaticIntegerFieldAccessorImpl done
Event: 29.573 loading class java/util/regex/PatternBeanInfo
Event: 29.573 loading class java/util/regex/PatternBeanInfo done
Event: 29.574 loading class java/util/regex/PatternBeanInfo
Event: 29.574 loading class java/util/regex/PatternBeanInfo done
Event: 29.574 loading class java/util/regex/PatternCustomizer
Event: 29.574 loading class java/util/regex/PatternCustomizer done
Event: 29.574 loading class java/util/regex/PatternCustomizer
Event: 29.574 loading class java/util/regex/PatternCustomizer done
Event: 29.583 loading class java/util/regex/MatcherBeanInfo
Event: 29.583 loading class java/util/regex/MatcherBeanInfo done
Event: 29.583 loading class java/util/regex/MatcherBeanInfo
Event: 29.583 loading class java/util/regex/MatcherBeanInfo done
Event: 29.583 loading class java/util/regex/MatcherCustomizer
Event: 29.583 loading class java/util/regex/MatcherCustomizer done
Event: 29.584 loading class java/util/regex/MatcherCustomizer
Event: 29.584 loading class java/util/regex/MatcherCustomizer done
Event: 30.238 Thread 0x000002c8585203b0 flushing nmethod 0x000002c83d9be010
Event: 30.242 Thread 0x000002c8585203b0 flushing nmethod 0x000002c83ddd1d90
Event: 30.244 Thread 0x000002c8585203b0 flushing nmethod 0x000002c83dffd610


Dynamic libraries:
0x00007ff798fa0000 - 0x00007ff798fb0000 	C:\Program Files\Java\jdk-17\bin\java.exe
0x00007ff921b50000 - 0x00007ff921d48000 	C:\Windows\SYSTEM32\ntdll.dll
0x00007ff921120000 - 0x00007ff9211e2000 	C:\Windows\System32\KERNEL32.DLL
0x00007ff91f390000 - 0x00007ff91f68e000 	C:\Windows\System32\KERNELBASE.dll
0x00007ff91fa40000 - 0x00007ff91fb40000 	C:\Windows\System32\ucrtbase.dll
0x00007ff8e0540000 - 0x00007ff8e055b000 	C:\Program Files\Java\jdk-17\bin\VCRUNTIME140.dll
0x00007ff8e0560000 - 0x00007ff8e0579000 	C:\Program Files\Java\jdk-17\bin\jli.dll
0x00007ff920ea0000 - 0x00007ff920f51000 	C:\Windows\System32\ADVAPI32.dll
0x00007ff921a70000 - 0x00007ff921b0e000 	C:\Windows\System32\msvcrt.dll
0x00007ff9213a0000 - 0x00007ff92143f000 	C:\Windows\System32\sechost.dll
0x00007ff921810000 - 0x00007ff921933000 	C:\Windows\System32\RPCRT4.dll
0x00007ff91fb40000 - 0x00007ff91fb67000 	C:\Windows\System32\bcrypt.dll
0x00007ff920610000 - 0x00007ff9207ad000 	C:\Windows\System32\USER32.dll
0x00007ff909f40000 - 0x00007ff90a1da000 	C:\Windows\WinSxS\amd64_microsoft.windows.common-controls_6595b64144ccf1df_6.0.19041.4355_none_60b8b9eb71f62e16\COMCTL32.dll
0x00007ff91f360000 - 0x00007ff91f382000 	C:\Windows\System32\win32u.dll
0x00007ff920500000 - 0x00007ff92052b000 	C:\Windows\System32\GDI32.dll
0x00007ff91f730000 - 0x00007ff91f847000 	C:\Windows\System32\gdi32full.dll
0x00007ff91f690000 - 0x00007ff91f72d000 	C:\Windows\System32\msvcp_win.dll
0x00007ff9145c0000 - 0x00007ff9145ca000 	C:\Windows\SYSTEM32\VERSION.dll
0x00007ff9208d0000 - 0x00007ff9208ff000 	C:\Windows\System32\IMM32.DLL
0x00007ff8f3a10000 - 0x00007ff8f3a1c000 	C:\Program Files\Java\jdk-17\bin\vcruntime140_1.dll
0x00007ff8c8440000 - 0x00007ff8c84ce000 	C:\Program Files\Java\jdk-17\bin\msvcp140.dll
0x00007ff8c7860000 - 0x00007ff8c8440000 	C:\Program Files\Java\jdk-17\bin\server\jvm.dll
0x00007ff9214a0000 - 0x00007ff9214a8000 	C:\Windows\System32\PSAPI.DLL
0x00007ff8f3850000 - 0x00007ff8f3859000 	C:\Windows\SYSTEM32\WSOCK32.dll
0x00007ff907aa0000 - 0x00007ff907ac7000 	C:\Windows\SYSTEM32\WINMM.dll
0x00007ff9207b0000 - 0x00007ff92081b000 	C:\Windows\System32\WS2_32.dll
0x00007ff91da10000 - 0x00007ff91da22000 	C:\Windows\SYSTEM32\kernel.appcore.dll
0x00007ff8ea4e0000 - 0x00007ff8ea4ea000 	C:\Program Files\Java\jdk-17\bin\jimage.dll
0x00007ff919dd0000 - 0x00007ff919fb4000 	C:\Windows\SYSTEM32\DBGHELP.DLL
0x00007ff9045e0000 - 0x00007ff904614000 	C:\Windows\SYSTEM32\dbgcore.DLL
0x00007ff91f9b0000 - 0x00007ff91fa32000 	C:\Windows\System32\bcryptPrimitives.dll
0x00007ff8ea4b0000 - 0x00007ff8ea4d5000 	C:\Program Files\Java\jdk-17\bin\java.dll
0x00007ff8c8970000 - 0x00007ff8c8a47000 	C:\Program Files\Java\jdk-17\bin\jsvml.dll
0x00007ff91fd30000 - 0x00007ff92049d000 	C:\Windows\System32\SHELL32.dll
0x00007ff91d250000 - 0x00007ff91d9f4000 	C:\Windows\SYSTEM32\windows.storage.dll
0x00007ff9214b0000 - 0x00007ff921803000 	C:\Windows\System32\combase.dll
0x00007ff91ec20000 - 0x00007ff91ec4e000 	C:\Windows\SYSTEM32\Wldp.dll
0x00007ff920fc0000 - 0x00007ff92108d000 	C:\Windows\System32\OLEAUT32.dll
0x00007ff920820000 - 0x00007ff9208cd000 	C:\Windows\System32\SHCORE.dll
0x00007ff9219f0000 - 0x00007ff921a45000 	C:\Windows\System32\shlwapi.dll
0x00007ff91f120000 - 0x00007ff91f144000 	C:\Windows\SYSTEM32\profapi.dll
0x00007ff8e11b0000 - 0x00007ff8e11c9000 	C:\Program Files\Java\jdk-17\bin\net.dll
0x00007ff911cb0000 - 0x00007ff911dbd000 	C:\Windows\SYSTEM32\WINHTTP.dll
0x00007ff91e980000 - 0x00007ff91e9ea000 	C:\Windows\system32\mswsock.dll
0x00007ff8e0590000 - 0x00007ff8e05a6000 	C:\Program Files\Java\jdk-17\bin\nio.dll
0x00007ff8e04f0000 - 0x00007ff8e0508000 	C:\Program Files\Java\jdk-17\bin\zip.dll
0x00007ff914160000 - 0x00007ff914170000 	C:\Program Files\Java\jdk-17\bin\verify.dll
0x00007ff8ff2b0000 - 0x00007ff8ff2d7000 	C:\Users\Al-Mahdi\.gradle\native\c067742578af261105cb4f569cf0c3c89f3d7b1fecec35dd04571415982c5e48\windows-amd64\native-platform.dll
0x00007ff8ec980000 - 0x00007ff8ecac4000 	C:\Users\Al-Mahdi\.gradle\native\38dada09dfb8b06ba9b0570ebf7e218e3eb74d4ef43ca46872605cf95ebc2f47\windows-amd64\native-platform-file-events.dll
0x00007ff8ea4a0000 - 0x00007ff8ea4aa000 	C:\Program Files\Java\jdk-17\bin\management.dll
0x00007ff8ea280000 - 0x00007ff8ea28b000 	C:\Program Files\Java\jdk-17\bin\management_ext.dll
0x00007ff91eb70000 - 0x00007ff91eb88000 	C:\Windows\SYSTEM32\CRYPTSP.dll
0x00007ff91e230000 - 0x00007ff91e264000 	C:\Windows\system32\rsaenh.dll
0x00007ff91f0e0000 - 0x00007ff91f10e000 	C:\Windows\SYSTEM32\USERENV.dll
0x00007ff91eb90000 - 0x00007ff91eb9c000 	C:\Windows\SYSTEM32\CRYPTBASE.dll
0x00007ff91e610000 - 0x00007ff91e64b000 	C:\Windows\SYSTEM32\IPHLPAPI.DLL
0x00007ff91fd20000 - 0x00007ff91fd28000 	C:\Windows\System32\NSI.dll
0x00007ff912b70000 - 0x00007ff912b87000 	C:\Windows\SYSTEM32\dhcpcsvc6.DLL
0x00007ff9137c0000 - 0x00007ff9137dd000 	C:\Windows\SYSTEM32\dhcpcsvc.DLL
0x00007ff91e660000 - 0x00007ff91e72a000 	C:\Windows\SYSTEM32\DNSAPI.dll
0x00007ff8ea270000 - 0x00007ff8ea27e000 	C:\Program Files\Java\jdk-17\bin\sunmscapi.dll
0x00007ff91f850000 - 0x00007ff91f9ac000 	C:\Windows\System32\CRYPT32.dll
0x00007ff91ec90000 - 0x00007ff91ecb7000 	C:\Windows\SYSTEM32\ncrypt.dll
0x00007ff91ec50000 - 0x00007ff91ec8b000 	C:\Windows\SYSTEM32\NTASN1.dll
0x00007ff8eb0d0000 - 0x00007ff8eb0d7000 	C:\Windows\system32\wshunix.dll

dbghelp: loaded successfully - version: 4.0.5 - missing functions: none
symbol engine: initialized successfully - sym options: 0x614 - pdb path: .;C:\Program Files\Java\jdk-17\bin;C:\Windows\SYSTEM32;C:\Windows\WinSxS\amd64_microsoft.windows.common-controls_6595b64144ccf1df_6.0.19041.4355_none_60b8b9eb71f62e16;C:\Program Files\Java\jdk-17\bin\server;C:\Users\Al-Mahdi\.gradle\native\c067742578af261105cb4f569cf0c3c89f3d7b1fecec35dd04571415982c5e48\windows-amd64;C:\Users\Al-Mahdi\.gradle\native\38dada09dfb8b06ba9b0570ebf7e218e3eb74d4ef43ca46872605cf95ebc2f47\windows-amd64

VM Arguments:
jvm_args: -XX:MaxMetaspaceSize=2G -XX:+HeapDumpOnOutOfMemoryError --add-opens=java.base/java.util=ALL-UNNAMED --add-opens=java.base/java.lang=ALL-UNNAMED --add-opens=java.base/java.lang.invoke=ALL-UNNAMED --add-opens=java.prefs/java.util.prefs=ALL-UNNAMED --add-opens=java.base/java.nio.charset=ALL-UNNAMED --add-opens=java.base/java.net=ALL-UNNAMED --add-opens=java.base/java.util.concurrent.atomic=ALL-UNNAMED -Xmx4G -Dfile.encoding=windows-1252 -Duser.country=US -Duser.language=en -Duser.variant 
java_command: org.gradle.launcher.daemon.bootstrap.GradleDaemon 7.6.3
java_class_path (initial): C:\Users\Al-Mahdi\.gradle\wrapper\dists\gradle-7.6.3-all\aocdy2d2z8kodnny3rsumj8i8\gradle-7.6.3\lib\gradle-launcher-7.6.3.jar
Launcher Type: SUN_STANDARD

[Global flags]
     intx CICompilerCount                          = 3                                         {product} {ergonomic}
     uint ConcGCThreads                            = 1                                         {product} {ergonomic}
     uint G1ConcRefinementThreads                  = 4                                         {product} {ergonomic}
   size_t G1HeapRegionSize                         = 2097152                                   {product} {ergonomic}
    uintx GCDrainStackTargetSize                   = 64                                        {product} {ergonomic}
     bool HeapDumpOnOutOfMemoryError               = true                                   {manageable} {command line}
   size_t InitialHeapSize                          = 132120576                                 {product} {ergonomic}
   size_t MarkStackSize                            = 4194304                                   {product} {ergonomic}
   size_t MaxHeapSize                              = 4294967296                                {product} {command line}
   size_t MaxMetaspaceSize                         = 2147483648                                {product} {command line}
   size_t MaxNewSize                               = 2575302656                                {product} {ergonomic}
   size_t MinHeapDeltaBytes                        = 2097152                                   {product} {ergonomic}
   size_t MinHeapSize                              = 8388608                                   {product} {ergonomic}
    uintx NonNMethodCodeHeapSize                   = 5832780                                {pd product} {ergonomic}
    uintx NonProfiledCodeHeapSize                  = 122912730                              {pd product} {ergonomic}
    uintx ProfiledCodeHeapSize                     = 122912730                              {pd product} {ergonomic}
    uintx ReservedCodeCacheSize                    = 251658240                              {pd product} {ergonomic}
     bool SegmentedCodeCache                       = true                                      {product} {ergonomic}
   size_t SoftMaxHeapSize                          = 4294967296                             {manageable} {ergonomic}
     bool UseCompressedClassPointers               = true                           {product lp64_product} {ergonomic}
     bool UseCompressedOops                        = true                           {product lp64_product} {ergonomic}
     bool UseG1GC                                  = true                                      {product} {ergonomic}
     bool UseLargePagesIndividualAllocation        = false                                  {pd product} {ergonomic}

Logging:
Log output configuration:
 #0: stdout all=warning uptime,level,tags
 #1: stderr all=off uptime,level,tags

Environment Variables:
JAVA_HOME=C:\Program Files\Java\jdk-17
CLASSPATH=E:\anas\rct_app\android\\gradle\wrapper\gradle-wrapper.jar
PATH=C:\Program Files\Java\jdk-17\bin;C:\Program Files\Common Files\Oracle\Java\javapath;C:\Program Files (x86)\Common Files\Intel\Shared Libraries\redist\intel64\compiler;C:\Windows\system32;C:\Windows;C:\Windows\System32\Wbem;C:\Windows\System32\WindowsPowerShell\v1.0\;C:\Windows\System32\OpenSSH\;C:\Program Files\Git\cmd;C:\Users\Al-Mahdi\AppData\Local\Pub\Cache\bin;C:\Program Files\nodejs\;C:\Program Files\Java\jdk-17\bin;C:\Users\Al-Mahdi\AppData\Local\Microsoft\WindowsApps;C:\src\flutter\bin;C:\dart-sdk\bin;C:\Users\Al-Mahdi\Downloads\flutter_tools;C:\Users\Al-Mahdi\AppData\Local\Programs\Microsoft VS Code\bin;C:\ProgramData\Microsoft\Windows\Start Menu\Programs\Android Studio;C:\Users\Al-Mahdi\AppData\Local\Pub\Cache\bin;C:\Users\Al-Mahdi\AppData\Roaming\npm;C:\Program Files\Java\jdk-17\bin;;C:\src\flutter\bin\mingit\cmd;C:\src\flutter\bin\mingit\cmd
USERNAME=Al-Mahdi
OS=Windows_NT
PROCESSOR_IDENTIFIER=Intel64 Family 6 Model 142 Stepping 9, GenuineIntel



---------------  S Y S T E M  ---------------

OS:
 Windows 10 , 64 bit Build 19041 (10.0.19041.5072)
OS uptime: 0 days 3:41 hours

CPU: total 4 (initial active 4) (2 cores per cpu, 2 threads per core) family 6 model 142 stepping 9 microcode 0xf4, cx8, cmov, fxsr, ht, mmx, 3dnowpref, sse, sse2, sse3, ssse3, sse4.1, sse4.2, popcnt, lzcnt, tsc, tscinvbit, avx, avx2, aes, erms, clmul, bmi1, bmi2, rtm, adx, fma, vzeroupper, clflush, clflushopt

Memory: 4k page, system-wide physical 8050M (2619M free)
TotalPageFile size 15730M (AvailPageFile size 5015M)
current process WorkingSet (physical memory assigned to process): 642M, peak: 649M
current process commit charge ("private bytes"): 688M, peak: 696M

vm_info: Java HotSpot(TM) 64-Bit Server VM (17.0.12+8-LTS-286) for windows-amd64 JRE (17.0.12+8-LTS-286), built on Jun  5 2024 06:46:59 by "mach5one" with MS VC++ 17.6 (VS2022)

END.
