#
# A fatal error has been detected by the Java Runtime Environment:
#
#  EXCEPTION_ACCESS_VIOLATION (0xc0000005) at pc=0x00007ffc12284c09, pid=14592, tid=1888
#
# JRE version: Java(TM) SE Runtime Environment (17.0.12+8) (build 17.0.12+8-LTS-286)
# Java VM: Java HotSpot(TM) 64-Bit Server VM (17.0.12+8-LTS-286, mixed mode, sharing, tiered, compressed oops, compressed class ptrs, g1 gc, windows-amd64)
# Problematic frame:
# V  [jvm.dll+0x304c09]
#
# No core dump will be written. Minidumps are not enabled by default on client versions of Windows
#
# If you would like to submit a bug report, please visit:
#   https://bugreport.java.com/bugreport/crash.jsp
#

---------------  S U M M A R Y ------------

Command Line: -XX:MaxMetaspaceSize=2G -XX:+HeapDumpOnOutOfMemoryError --add-opens=java.base/java.util=ALL-UNNAMED --add-opens=java.base/java.lang=ALL-UNNAMED --add-opens=java.base/java.lang.invoke=ALL-UNNAMED --add-opens=java.prefs/java.util.prefs=ALL-UNNAMED --add-opens=java.base/java.nio.charset=ALL-UNNAMED --add-opens=java.base/java.net=ALL-UNNAMED --add-opens=java.base/java.util.concurrent.atomic=ALL-UNNAMED -Xmx4G -Dfile.encoding=windows-1252 -Duser.country=US -Duser.language=en -Duser.variant org.gradle.launcher.daemon.bootstrap.GradleDaemon 7.6.3

Host: Intel(R) Core(TM) i5-7300U CPU @ 2.60GHz, 4 cores, 7G,  Windows 10 , 64 bit Build 19041 (10.0.19041.5438)
Time: Fri Mar 14 03:37:47 2025 Egypt Standard Time elapsed time: 106.223970 seconds (0d 0h 1m 46s)

---------------  T H R E A D  ---------------

Current thread (0x000001e4d9b7cdc0):  GCTaskThread "GC Thread#2" [stack: 0x000000233c100000,0x000000233c200000] [id=1888]

Stack: [0x000000233c100000,0x000000233c200000],  sp=0x000000233c1ff8a0,  free space=1022k
Native frames: (J=compiled Java code, j=interpreted, Vv=VM code, C=native code)
V  [jvm.dll+0x304c09]
V  [jvm.dll+0x2d82f5]
V  [jvm.dll+0x2d8a0a]
V  [jvm.dll+0x2d8af7]
V  [jvm.dll+0x2ddf1b]
V  [jvm.dll+0x80832b]
V  [jvm.dll+0x808376]
V  [jvm.dll+0x78abea]
V  [jvm.dll+0x678f35]
C  [ucrtbase.dll+0x21bb2]
C  [KERNEL32.DLL+0x17374]
C  [ntdll.dll+0x4cc91]


siginfo: EXCEPTION_ACCESS_VIOLATION (0xc0000005), reading address 0x0000000618dd8110


Registers:
RAX=0x0000000000000000, RBX=0x0000000716c67ad1, RCX=0x0000000000000015, RDX=0x0000000000000000
RSP=0x000000233c1ff8a0, RBP=0x0000000000000b19, RSI=0x0000000716c67ad0, RDI=0x000001e52cf38cd0
R8 =0x0000000717954d28, R9 =0x0000000000000000, R10=0x0000000618dd8110, R11=0x0000000000000001
R12=0x000001e4d98bce18, R13=0x000001e52cf38cd0, R14=0x0000000000000000, R15=0x0000000000000000
RIP=0x00007ffc12284c09, EFLAGS=0x0000000000010246


Register to memory mapping:

RIP=0x00007ffc12284c09 jvm.dll
RAX=0x0 is NULL
RBX=0x0000000716c67ad1 is pointing into object: java.util.WeakHashMap$Entry 
{0x0000000716c67ab0} - klass: 'java/util/WeakHashMap$Entry'
 - ---- fields (total size 5 words):
 - private 'referent' 'Ljava/lang/Object;' @12  a 'org/apache/xerces/dom/ElementNSImpl'{0x0000000718dd8018} (e31bb003)
 - volatile 'queue' 'Ljava/lang/ref/ReferenceQueue;' @16  a 'java/lang/ref/ReferenceQueue'{0x0000000717954d28} (e2f2a9a5)
 - volatile 'next' 'Ljava/lang/ref/Reference;' @20  NULL (0)
 - private transient 'discovered' 'Ljava/lang/ref/Reference;' @24  a 'java/util/WeakHashMap$Entry'{0x0000000716c679a0} (e2d8cf34)
 - final 'hash' 'I' @28  2081175119 (7c0c364f)
 - 'value' 'Ljava/lang/Object;' @32  
[error occurred during error reporting (printing register info), id 0xc0000005, EXCEPTION_ACCESS_VIOLATION (0xc0000005) at pc=0x00007ffc1230eb3e]

Top of Stack: (sp=0x000000233c1ff8a0)
0x000000233c1ff8a0:   0000000718db0000 0000000000000001
0x000000233c1ff8b0:   0000000000000008 0000000000000001
0x000000233c1ff8c0:   000001e4d98bca40 000001e51f2ad7f0
0x000000233c1ff8d0:   000000233b2fe9c0 000000233c1ff9c0
0x000000233c1ff8e0:   000000233c1ff950 00007ffc122582f5
0x000000233c1ff8f0:   0000000000000030 000001e52cf38cd0
0x000000233c1ff900:   0000000000000004 00007ffc12279257
0x000000233c1ff910:   000000233b2fe9c0 00007ffc125f380f
0x000000233c1ff920:   0000000000000000 0000000000000000
0x000000233c1ff930:   0000000000000000 0000000000000000
0x000000233c1ff940:   0000000000000000 00007ffc12719467
0x000000233c1ff950:   000001e4d98bca40 000001e51f2ad7f0
0x000000233c1ff960:   00000000000003d8 000001e4d98bce18
0x000000233c1ff970:   0000000000000000 00007ffc12258a0a
0x000000233c1ff980:   000001e52cf38cd0 0000000000000013
0x000000233c1ff990:   000000233b2fe9c0 0000000000000000 

Instructions: (pc=0x00007ffc12284c09)
0x00007ffc12284b09:   ff 48 8d 53 fe 48 8b cf e8 aa f6 ff ff e9 35 fd
0x00007ffc12284b19:   ff ff 0f 1f 44 00 00 48 8b 77 10 8b ae 80 00 00
0x00007ffc12284b29:   00 8b cd 8b 86 00 01 00 00 2b c8 81 e1 ff ff 01
0x00007ffc12284b39:   00 41 3b ce 0f 86 e9 02 00 00 ff cd 81 e5 ff ff
0x00007ffc12284b49:   01 00 89 ae 80 00 00 00 e8 ba 6c 36 00 90 8b d5
0x00007ffc12284b59:   8b 86 00 01 00 00 8b cd 48 8b 9e 80 01 00 00 2b
0x00007ffc12284b69:   c8 81 e1 ff ff 01 00 81 f9 ff ff 01 00 48 8b 1c
0x00007ffc12284b79:   eb 41 0f 44 cf 85 c9 75 3d 90 89 6c 24 50 48 8b
0x00007ffc12284b89:   86 00 01 00 00 48 8b c8 48 c1 e9 20 ff c1 89 4c
0x00007ffc12284b99:   24 54 3b e8 0f 85 77 02 00 00 48 c1 e1 20 48 0b
0x00007ffc12284ba9:   ca f0 48 0f b1 8e 00 01 00 00 0f 85 61 02 00 00
0x00007ffc12284bb9:   8b 86 00 01 00 00 f6 c3 01 0f 84 2f 01 00 00 8b
0x00007ffc12284bc9:   0d ea c6 79 00 48 8d 73 ff 48 8b 47 08 44 8b 16
0x00007ffc12284bd9:   49 d3 e2 4c 03 15 cd c6 79 00 8b 88 90 05 00 00
0x00007ffc12284be9:   49 8b d2 48 8b 80 80 05 00 00 48 d3 ea 0f b7 14
0x00007ffc12284bf9:   50 0f b7 c2 66 c1 e8 08 84 c0 0f 88 17 ff ff ff
0x00007ffc12284c09:   4d 8b 02 41 0f b6 c0 24 03 3c 03 75 1e 44 38 3d
0x00007ffc12284c19:   c4 43 80 00 74 0f 41 0f b6 c0 24 07 3c 05 75 05
0x00007ffc12284c29:   4d 8b c7 eb 17 49 83 e0 fc eb 11 4d 8b c8 48 8b
0x00007ffc12284c39:   cf 4d 8b c2 e8 be f0 ff ff 4c 8b c0 8b 0d 6d c6
0x00007ffc12284c49:   79 00 49 8b d0 48 2b 15 5b c6 79 00 48 d3 ea 89
0x00007ffc12284c59:   16 48 8b d6 8b 0d 0d 4c 80 00 49 33 d0 48 d3 ea
0x00007ffc12284c69:   48 85 d2 0f 84 ae fe ff ff 48 8b 47 08 48 8b d6
0x00007ffc12284c79:   8b 88 c0 01 00 00 48 8b 80 b0 01 00 00 48 d3 ea
0x00007ffc12284c89:   48 8b 0c d0 8b 81 94 00 00 00 d1 e8 a8 01 0f 85
0x00007ffc12284c99:   83 fe ff ff 48 8b 47 08 8b 88 90 05 00 00 48 8b
0x00007ffc12284ca9:   80 80 05 00 00 49 d3 e8 46 38 3c 40 0f 84 65 fe
0x00007ffc12284cb9:   ff ff 48 8b 47 60 48 c1 ee 09 48 8b 58 40 48 8b
0x00007ffc12284cc9:   48 38 48 03 de 48 2b d9 48 39 9f b0 01 00 00 0f
0x00007ffc12284cd9:   84 42 fe ff ff 48 8d 14 19 48 8d 4f 18 e8 45 40
0x00007ffc12284ce9:   00 00 48 89 9f b0 01 00 00 e9 29 fe ff ff f6 c3
0x00007ffc12284cf9:   03 0f 85 09 01 00 00 48 8b 47 08 4c 8b 13 49 8b 


Stack slot to memory mapping:
stack at sp + 0 slots: 0x0000000718db0000 is an oop: org.apache.xerces.dom.TextImpl 
{0x0000000718db0000} - klass: 'org/apache/xerces/dom/TextImpl'
 - ---- fields (total size 4 words):
 - protected 'flags' 'S' @12  8
 - protected 'ownerNode' 'Lorg/apache/xerces/dom/NodeImpl;' @16  a 'org/apache/xerces/dom/ElementNSImpl'{0x0000000718dae148} (e31b5c29)
 - protected 'previousSibling' 'Lorg/apache/xerces/dom/ChildNode;' @20  a 'org/apache/xerces/dom/ElementNSImpl'{0x0000000718dafd38} (e31b5fa7)
 - protected 'nextSibling' 'Lorg/apache/xerces/dom/ChildNode;' @24  a 'org/apache/xerces/dom/ElementNSImpl'{0x0000000718db0020} (e31b6004)
 - protected 'data' 'Ljava/lang/String;' @28  "\x0A        \x0A        "{0x0000000718daffe8} (e31b5ffd)
stack at sp + 1 slots: 0x0000000000000001 is an unknown value
stack at sp + 2 slots: 0x0000000000000008 is an unknown value
stack at sp + 3 slots: 0x0000000000000001 is an unknown value
stack at sp + 4 slots: 0x000001e4d98bca40 points into unknown readable memory: 0x000001e4d9a05074 | 74 50 a0 d9 e4 01 00 00
stack at sp + 5 slots: 0x000001e51f2ad7f0 points into unknown readable memory: 0x000001e500000004 | 04 00 00 00 e5 01 00 00
stack at sp + 6 slots: 0x000000233b2fe9c0 points into unknown readable memory: 0x00007ffc12879ab0 | b0 9a 87 12 fc 7f 00 00
stack at sp + 7 slots: 0x000000233c1ff9c0 points into unknown readable memory: 0x00007ffc128787e0 | e0 87 87 12 fc 7f 00 00


---------------  P R O C E S S  ---------------

Threads class SMR info:
_java_thread_list=0x000001e52c7ca7c0, length=97, elements={
0x000001e4b730c1c0, 0x000001e4d9876b90, 0x000001e4d9877920, 0x000001e4d9888d90,
0x000001e4d988a870, 0x000001e4d988da60, 0x000001e4d988e330, 0x000001e4d9893350,
0x000001e4d9899c50, 0x000001e4d98bad60, 0x000001e4d9ad9b70, 0x000001e4d9ae2470,
0x000001e5207aa000, 0x000001e5206e2f50, 0x000001e51ff05520, 0x000001e52053f640,
0x000001e5204da0c0, 0x000001e51fc918f0, 0x000001e51fc909c0, 0x000001e51fc90ed0,
0x000001e51fc8f070, 0x000001e51fc8ffa0, 0x000001e51fc8fa90, 0x000001e51fc92820,
0x000001e51fc91e00, 0x000001e51fc92310, 0x000001e51fc913e0, 0x000001e51fc904b0,
0x000001e520fff8a0, 0x000001e521002120, 0x000001e5210011f0, 0x000001e520fffdb0,
0x000001e520ffe460, 0x000001e520ffee80, 0x000001e520ffd530, 0x000001e520fff390,
0x000001e521001700, 0x000001e521001c10, 0x000001e521002630, 0x000001e521002b40,
0x000001e521003f80, 0x000001e521003050, 0x000001e521003a70, 0x000001e521000ce0,
0x000001e520ffda40, 0x000001e520ffe970, 0x000001e5210049a0, 0x000001e521004eb0,
0x000001e520ffdf50, 0x000001e5210002c0, 0x000001e5210007d0, 0x000001e4d9cd0000,
0x000001e4d9ccebc0, 0x000001e4d9cd32a0, 0x000001e4d9cd46e0, 0x000001e4d9ccfaf0,
0x000001e4d9cd2370, 0x000001e4d9cd37b0, 0x000001e4d9cd0a20, 0x000001e4d9cd4bf0,
0x000001e4d9cd5610, 0x000001e4d9cd5b20, 0x000001e4d9cd2880, 0x000001e4d9cd1e60,
0x000001e4d9cd2d90, 0x000001e4d9cd6540, 0x000001e4d9cd3cc0, 0x000001e4d9ccf0d0,
0x000001e4d9cd0f30, 0x000001e4d9cd1440, 0x000001e4d9ccf5e0, 0x000001e4d9cd41d0,
0x000001e4d9cd5100, 0x000001e4d9cd6030, 0x000001e4d9cd1950, 0x000001e520ddfad0,
0x000001e520de0f10, 0x000001e520ddeba0, 0x000001e520ddcd40, 0x000001e520de3ca0,
0x000001e520ddc830, 0x000001e520de41b0, 0x000001e520ddd250, 0x000001e520ddffe0,
0x000001e520dde690, 0x000001e520de3790, 0x000001e520dddc70, 0x000001e520dde180,
0x000001e520de2d70, 0x000001e4d9cd0510, 0x000001e526eff4d0, 0x000001e526ef9ec0,
0x000001e526efb810, 0x000001e526efa3d0, 0x000001e526efa8e0, 0x000001e526efcc50,
0x000001e526c05580
}

Java Threads: ( => current thread )
  0x000001e4b730c1c0 JavaThread "main" [_thread_blocked, id=16900, stack(0x000000233ac00000,0x000000233ad00000)]
  0x000001e4d9876b90 JavaThread "Reference Handler" daemon [_thread_blocked, id=6852, stack(0x000000233b300000,0x000000233b400000)]
  0x000001e4d9877920 JavaThread "Finalizer" daemon [_thread_blocked, id=18096, stack(0x000000233b400000,0x000000233b500000)]
  0x000001e4d9888d90 JavaThread "Signal Dispatcher" daemon [_thread_blocked, id=236, stack(0x000000233b500000,0x000000233b600000)]
  0x000001e4d988a870 JavaThread "Attach Listener" daemon [_thread_blocked, id=17920, stack(0x000000233b600000,0x000000233b700000)]
  0x000001e4d988da60 JavaThread "Service Thread" daemon [_thread_blocked, id=1440, stack(0x000000233b700000,0x000000233b800000)]
  0x000001e4d988e330 JavaThread "Monitor Deflation Thread" daemon [_thread_blocked, id=18268, stack(0x000000233b800000,0x000000233b900000)]
  0x000001e4d9893350 JavaThread "C2 CompilerThread0" daemon [_thread_blocked, id=15364, stack(0x000000233b900000,0x000000233ba00000)]
  0x000001e4d9899c50 JavaThread "C1 CompilerThread0" daemon [_thread_blocked, id=9392, stack(0x000000233ba00000,0x000000233bb00000)]
  0x000001e4d98bad60 JavaThread "Sweeper thread" daemon [_thread_blocked, id=13364, stack(0x000000233bb00000,0x000000233bc00000)]
  0x000001e4d9ad9b70 JavaThread "Common-Cleaner" daemon [_thread_blocked, id=16064, stack(0x000000233bc00000,0x000000233bd00000)]
  0x000001e4d9ae2470 JavaThread "Notification Thread" daemon [_thread_blocked, id=14616, stack(0x000000233bd00000,0x000000233be00000)]
  0x000001e5207aa000 JavaThread "Daemon health stats" [_thread_blocked, id=14904, stack(0x000000233c300000,0x000000233c400000)]
  0x000001e5206e2f50 JavaThread "Incoming local TCP Connector on port 55370" [_thread_in_native, id=7112, stack(0x000000233bf00000,0x000000233c000000)]
  0x000001e51ff05520 JavaThread "Daemon periodic checks" [_thread_blocked, id=14196, stack(0x000000233c500000,0x000000233c600000)]
  0x000001e52053f640 JavaThread "Daemon" [_thread_blocked, id=16168, stack(0x000000233c600000,0x000000233c700000)]
  0x000001e5204da0c0 JavaThread "Handler for socket connection from /127.0.0.1:55370 to /127.0.0.1:55371" [_thread_in_native, id=15888, stack(0x000000233c700000,0x000000233c800000)]
  0x000001e51fc918f0 JavaThread "Cancel handler" [_thread_blocked, id=14644, stack(0x000000233c400000,0x000000233c500000)]
  0x000001e51fc909c0 JavaThread "Daemon worker" [_thread_blocked, id=7640, stack(0x000000233c800000,0x000000233c900000)]
  0x000001e51fc90ed0 JavaThread "Asynchronous log dispatcher for DefaultDaemonConnection: socket connection from /127.0.0.1:55370 to /127.0.0.1:55371" [_thread_blocked, id=16360, stack(0x000000233c900000,0x000000233ca00000)]
  0x000001e51fc8f070 JavaThread "Stdin handler" [_thread_blocked, id=15448, stack(0x000000233ca00000,0x000000233cb00000)]
  0x000001e51fc8ffa0 JavaThread "Daemon client event forwarder" [_thread_blocked, id=11160, stack(0x000000233cb00000,0x000000233cc00000)]
  0x000001e51fc8fa90 JavaThread "Cache worker for journal cache (C:\Users\Al-Mahdi\.gradle\caches\journal-1)" [_thread_blocked, id=10120, stack(0x000000233cc00000,0x000000233cd00000)]
  0x000001e51fc92820 JavaThread "File lock request listener" [_thread_in_native, id=2640, stack(0x000000233cd00000,0x000000233ce00000)]
  0x000001e51fc91e00 JavaThread "Cache worker for file hash cache (C:\Users\Al-Mahdi\.gradle\caches\7.6.3\fileHashes)" [_thread_blocked, id=7792, stack(0x000000233ce00000,0x000000233cf00000)]
  0x000001e51fc92310 JavaThread "File watcher server" daemon [_thread_blocked, id=11012, stack(0x000000233d000000,0x000000233d100000)]
  0x000001e51fc913e0 JavaThread "File watcher consumer" daemon [_thread_blocked, id=15488, stack(0x000000233d100000,0x000000233d200000)]
  0x000001e51fc904b0 JavaThread "Cache worker for checksums cache (E:\khaled_rct_store\RCT-Mobile\android\.gradle\7.6.3\checksums)" [_thread_blocked, id=500, stack(0x000000233d200000,0x000000233d300000)]
  0x000001e520fff8a0 JavaThread "Cache worker for cache directory md-rule (C:\Users\Al-Mahdi\.gradle\caches\7.6.3\md-rule)" [_thread_blocked, id=17896, stack(0x000000233d300000,0x000000233d400000)]
  0x000001e521002120 JavaThread "Cache worker for file content cache (C:\Users\Al-Mahdi\.gradle\caches\7.6.3\fileContent)" [_thread_blocked, id=8780, stack(0x000000233d400000,0x000000233d500000)]
  0x000001e5210011f0 JavaThread "Cache worker for file hash cache (E:\khaled_rct_store\RCT-Mobile\android\.gradle\7.6.3\fileHashes)" [_thread_blocked, id=17336, stack(0x000000233d500000,0x000000233d600000)]
  0x000001e520fffdb0 JavaThread "Cache worker for cache directory md-supplier (C:\Users\Al-Mahdi\.gradle\caches\7.6.3\md-supplier)" [_thread_blocked, id=15556, stack(0x000000233d600000,0x000000233d700000)]
  0x000001e520ffe460 JavaThread "Cache worker for execution history cache (C:\Users\Al-Mahdi\.gradle\caches\7.6.3\executionHistory)" [_thread_blocked, id=15772, stack(0x000000233d800000,0x000000233d900000)]
  0x000001e520ffee80 JavaThread "jar transforms" [_thread_blocked, id=15988, stack(0x000000233d900000,0x000000233da00000)]
  0x000001e520ffd530 JavaThread "Cache worker for kotlin-dsl (C:\Users\Al-Mahdi\.gradle\caches\7.6.3\kotlin-dsl)" [_thread_blocked, id=16132, stack(0x000000233da00000,0x000000233db00000)]
  0x000001e520fff390 JavaThread "jar transforms Thread 2" [_thread_blocked, id=17012, stack(0x000000233db00000,0x000000233dc00000)]
  0x000001e521001700 JavaThread "Cache worker for dependencies-accessors (E:\khaled_rct_store\RCT-Mobile\android\.gradle\7.6.3\dependencies-accessors)" [_thread_blocked, id=18252, stack(0x000000233dc00000,0x000000233dd00000)]
  0x000001e521001c10 JavaThread "Cache worker for Build Output Cleanup Cache (C:\src\flutter\packages\flutter_tools\gradle\.gradle\buildOutputCleanup)" [_thread_blocked, id=1700, stack(0x000000233dd00000,0x000000233de00000)]
  0x000001e521002630 JavaThread "jar transforms Thread 3" [_thread_blocked, id=4888, stack(0x000000233de00000,0x000000233df00000)]
  0x000001e521002b40 JavaThread "Memory manager" [_thread_blocked, id=120, stack(0x000000233df00000,0x000000233e000000)]
  0x000001e521003f80 JavaThread "jar transforms Thread 4" [_thread_blocked, id=212, stack(0x000000233e000000,0x000000233e100000)]
  0x000001e521003050 JavaThread "included builds" [_thread_blocked, id=16416, stack(0x000000233e100000,0x000000233e200000)]
  0x000001e521003a70 JavaThread "Execution worker" [_thread_blocked, id=12536, stack(0x000000233e200000,0x000000233e300000)]
  0x000001e521000ce0 JavaThread "Execution worker Thread 2" [_thread_blocked, id=1980, stack(0x000000233e300000,0x000000233e400000)]
  0x000001e520ffda40 JavaThread "Execution worker Thread 3" [_thread_blocked, id=5868, stack(0x000000233e400000,0x000000233e500000)]
  0x000001e520ffe970 JavaThread "Cache worker for execution history cache (C:\src\flutter\packages\flutter_tools\gradle\.gradle\7.6.3\executionHistory)" [_thread_blocked, id=16176, stack(0x000000233e500000,0x000000233e600000)]
  0x000001e5210049a0 JavaThread "Unconstrained build operations" [_thread_blocked, id=14712, stack(0x000000233e600000,0x000000233e700000)]
  0x000001e521004eb0 JavaThread "Unconstrained build operations Thread 2" [_thread_blocked, id=18340, stack(0x000000233e700000,0x000000233e800000)]
  0x000001e520ffdf50 JavaThread "Unconstrained build operations Thread 3" [_thread_blocked, id=18084, stack(0x000000233e800000,0x000000233e900000)]
  0x000001e5210002c0 JavaThread "Unconstrained build operations Thread 4" [_thread_blocked, id=8668, stack(0x000000233e900000,0x000000233ea00000)]
  0x000001e5210007d0 JavaThread "Unconstrained build operations Thread 5" [_thread_blocked, id=15588, stack(0x000000233ea00000,0x000000233eb00000)]
  0x000001e4d9cd0000 JavaThread "Unconstrained build operations Thread 6" [_thread_blocked, id=17120, stack(0x000000233eb00000,0x000000233ec00000)]
  0x000001e4d9ccebc0 JavaThread "Unconstrained build operations Thread 7" [_thread_blocked, id=5380, stack(0x000000233ec00000,0x000000233ed00000)]
  0x000001e4d9cd32a0 JavaThread "Unconstrained build operations Thread 8" [_thread_blocked, id=6124, stack(0x000000233ed00000,0x000000233ee00000)]
  0x000001e4d9cd46e0 JavaThread "Unconstrained build operations Thread 9" [_thread_blocked, id=18372, stack(0x000000233ee00000,0x000000233ef00000)]
  0x000001e4d9ccfaf0 JavaThread "Unconstrained build operations Thread 10" [_thread_blocked, id=16584, stack(0x000000233ef00000,0x000000233f000000)]
  0x000001e4d9cd2370 JavaThread "Unconstrained build operations Thread 11" [_thread_blocked, id=6528, stack(0x000000233f000000,0x000000233f100000)]
  0x000001e4d9cd37b0 JavaThread "Unconstrained build operations Thread 12" [_thread_blocked, id=16536, stack(0x000000233f100000,0x000000233f200000)]
  0x000001e4d9cd0a20 JavaThread "Unconstrained build operations Thread 13" [_thread_blocked, id=17884, stack(0x000000233f200000,0x000000233f300000)]
  0x000001e4d9cd4bf0 JavaThread "Unconstrained build operations Thread 14" [_thread_blocked, id=18428, stack(0x000000233f300000,0x000000233f400000)]
  0x000001e4d9cd5610 JavaThread "Unconstrained build operations Thread 15" [_thread_blocked, id=18020, stack(0x000000233f400000,0x000000233f500000)]
  0x000001e4d9cd5b20 JavaThread "Unconstrained build operations Thread 16" [_thread_blocked, id=18308, stack(0x000000233f500000,0x000000233f600000)]
  0x000001e4d9cd2880 JavaThread "Unconstrained build operations Thread 17" [_thread_blocked, id=18052, stack(0x000000233f600000,0x000000233f700000)]
  0x000001e4d9cd1e60 JavaThread "Unconstrained build operations Thread 18" [_thread_blocked, id=15116, stack(0x000000233f700000,0x000000233f800000)]
  0x000001e4d9cd2d90 JavaThread "Unconstrained build operations Thread 19" [_thread_blocked, id=8608, stack(0x000000233f800000,0x000000233f900000)]
  0x000001e4d9cd6540 JavaThread "Unconstrained build operations Thread 20" [_thread_blocked, id=18012, stack(0x000000233f900000,0x000000233fa00000)]
  0x000001e4d9cd3cc0 JavaThread "Unconstrained build operations Thread 21" [_thread_blocked, id=9036, stack(0x000000233fa00000,0x000000233fb00000)]
  0x000001e4d9ccf0d0 JavaThread "Unconstrained build operations Thread 22" [_thread_blocked, id=8360, stack(0x000000233fb00000,0x000000233fc00000)]
  0x000001e4d9cd0f30 JavaThread "Unconstrained build operations Thread 23" [_thread_blocked, id=14588, stack(0x000000233fc00000,0x000000233fd00000)]
  0x000001e4d9cd1440 JavaThread "Unconstrained build operations Thread 24" [_thread_blocked, id=14640, stack(0x000000233fd00000,0x000000233fe00000)]
  0x000001e4d9ccf5e0 JavaThread "Unconstrained build operations Thread 25" [_thread_blocked, id=12748, stack(0x000000233fe00000,0x000000233ff00000)]
  0x000001e4d9cd41d0 JavaThread "Unconstrained build operations Thread 26" [_thread_blocked, id=14576, stack(0x000000233ff00000,0x0000002340000000)]
  0x000001e4d9cd5100 JavaThread "Unconstrained build operations Thread 27" [_thread_blocked, id=11472, stack(0x0000002340000000,0x0000002340100000)]
  0x000001e4d9cd6030 JavaThread "Unconstrained build operations Thread 28" [_thread_blocked, id=5920, stack(0x0000002340100000,0x0000002340200000)]
  0x000001e4d9cd1950 JavaThread "Unconstrained build operations Thread 29" [_thread_blocked, id=17832, stack(0x0000002340200000,0x0000002340300000)]
  0x000001e520ddfad0 JavaThread "Unconstrained build operations Thread 30" [_thread_blocked, id=16392, stack(0x0000002340300000,0x0000002340400000)]
  0x000001e520de0f10 JavaThread "Unconstrained build operations Thread 31" [_thread_blocked, id=17456, stack(0x0000002340400000,0x0000002340500000)]
  0x000001e520ddeba0 JavaThread "Unconstrained build operations Thread 32" [_thread_blocked, id=11056, stack(0x0000002340500000,0x0000002340600000)]
  0x000001e520ddcd40 JavaThread "Unconstrained build operations Thread 33" [_thread_blocked, id=16400, stack(0x0000002340600000,0x0000002340700000)]
  0x000001e520de3ca0 JavaThread "Unconstrained build operations Thread 34" [_thread_blocked, id=15516, stack(0x0000002340700000,0x0000002340800000)]
  0x000001e520ddc830 JavaThread "Unconstrained build operations Thread 35" [_thread_blocked, id=16968, stack(0x0000002340800000,0x0000002340900000)]
  0x000001e520de41b0 JavaThread "Unconstrained build operations Thread 36" [_thread_blocked, id=14540, stack(0x0000002340900000,0x0000002340a00000)]
  0x000001e520ddd250 JavaThread "Unconstrained build operations Thread 37" [_thread_blocked, id=13620, stack(0x0000002340a00000,0x0000002340b00000)]
  0x000001e520ddffe0 JavaThread "Unconstrained build operations Thread 38" [_thread_blocked, id=12860, stack(0x0000002340b00000,0x0000002340c00000)]
  0x000001e520dde690 JavaThread "Unconstrained build operations Thread 39" [_thread_blocked, id=15400, stack(0x0000002340c00000,0x0000002340d00000)]
  0x000001e520de3790 JavaThread "Unconstrained build operations Thread 40" [_thread_blocked, id=17744, stack(0x0000002340d00000,0x0000002340e00000)]
  0x000001e520dddc70 JavaThread "Cache worker for Build Output Cleanup Cache (E:\khaled_rct_store\RCT-Mobile\android\.gradle\buildOutputCleanup)" [_thread_blocked, id=18316, stack(0x0000002340e00000,0x0000002340f00000)]
  0x000001e520dde180 JavaThread "build event listener" [_thread_blocked, id=2216, stack(0x000000233cf00000,0x000000233d000000)]
  0x000001e520de2d70 JavaThread "Cache worker for execution history cache (E:\khaled_rct_store\RCT-Mobile\android\.gradle\7.6.3\executionHistory)" [_thread_blocked, id=15868, stack(0x0000002341300000,0x0000002341400000)]
  0x000001e4d9cd0510 JavaThread "Exec process" [_thread_blocked, id=6168, stack(0x0000002341400000,0x0000002341500000)]
  0x000001e526eff4d0 JavaThread "Exec process Thread 2" [_thread_blocked, id=16792, stack(0x0000002340f00000,0x0000002341000000)]
  0x000001e526ef9ec0 JavaThread "Exec process Thread 3" [_thread_blocked, id=16420, stack(0x0000002341500000,0x0000002341600000)]
  0x000001e526efb810 JavaThread "WorkerExecutor Queue" [_thread_blocked, id=16972, stack(0x000000233aa00000,0x000000233ab00000)]
  0x000001e526efa3d0 JavaThread "WorkerExecutor Queue Thread 2" [_thread_blocked, id=10236, stack(0x000000233ab00000,0x000000233ac00000)]
  0x000001e526efa8e0 JavaThread "WorkerExecutor Queue Thread 4" [_thread_blocked, id=16008, stack(0x0000002341700000,0x0000002341800000)]
  0x000001e526efcc50 JavaThread "WorkerExecutor Queue Thread 5" [_thread_blocked, id=16256, stack(0x0000002341800000,0x0000002341900000)]
  0x000001e526c05580 JavaThread "C2 CompilerThread1" daemon [_thread_blocked, id=6164, stack(0x000000233a900000,0x000000233aa00000)]

Other Threads:
  0x000001e4d986fc60 VMThread "VM Thread" [stack: 0x000000233b200000,0x000000233b300000] [id=8868]
  0x000001e4b739c390 WatcherThread [stack: 0x000000233be00000,0x000000233bf00000] [id=9184]
  0x000001e4b73776e0 GCTaskThread "GC Thread#0" [stack: 0x000000233ad00000,0x000000233ae00000] [id=12864]
  0x000001e4d9b7e100 GCTaskThread "GC Thread#1" [stack: 0x000000233c000000,0x000000233c100000] [id=18212]
=>0x000001e4d9b7cdc0 GCTaskThread "GC Thread#2" [stack: 0x000000233c100000,0x000000233c200000] [id=1888]
  0x000001e4d9b7d080 GCTaskThread "GC Thread#3" [stack: 0x000000233c200000,0x000000233c300000] [id=13316]
  0x000001e4b7388540 ConcurrentGCThread "G1 Main Marker" [stack: 0x000000233ae00000,0x000000233af00000] [id=16160]
  0x000001e4b738a610 ConcurrentGCThread "G1 Conc#0" [stack: 0x000000233af00000,0x000000233b000000] [id=15092]
  0x000001e4d97310c0 ConcurrentGCThread "G1 Refine#0" [stack: 0x000000233b000000,0x000000233b100000] [id=2556]
  0x000001e521402790 ConcurrentGCThread "G1 Refine#1" [stack: 0x000000233d700000,0x000000233d800000] [id=3792]
  0x000001e525ec2e10 ConcurrentGCThread "G1 Refine#2" [stack: 0x0000002341200000,0x0000002341300000] [id=17448]
  0x000001e4d97317a0 ConcurrentGCThread "G1 Service" [stack: 0x000000233b100000,0x000000233b200000] [id=14984]

Threads with active compile tasks:
C2 CompilerThread0   106356 20118       4       org.apache.xerces.parsers.AbstractSAXParser::startNamespaceMapping (77 bytes)
C2 CompilerThread1   106357 20117       4       org.apache.xerces.dom.CoreDocumentImpl::checkQName (95 bytes)

VM state: at safepoint (normal execution)

VM Mutex/Monitor currently owned by a thread:  ([mutex/lock_event])
[0x000001e4b7307160] Threads_lock - owner thread: 0x000001e4d986fc60
[0x000001e4b7306620] Heap_lock - owner thread: 0x000001e521003050

Heap address: 0x0000000700000000, size: 4096 MB, Compressed Oops mode: Zero based, Oop shift amount: 3

CDS archive(s) mapped at: [0x000001e4da000000-0x000001e4dabd0000-0x000001e4dabd0000), size 12386304, SharedBaseAddress: 0x000001e4da000000, ArchiveRelocationMode: 1.
Compressed class space mapped at: 0x000001e4db000000-0x000001e51b000000, reserved size: 1073741824
Narrow klass base: 0x000001e4da000000, Narrow klass shift: 0, Narrow klass range: 0x100000000

GC Precious Log:
 CPUs: 4 total, 4 available
 Memory: 8050M
 Large Page Support: Disabled
 NUMA Support: Disabled
 Compressed Oops: Enabled (Zero based)
 Heap Region Size: 2M
 Heap Min Capacity: 8M
 Heap Initial Capacity: 126M
 Heap Max Capacity: 4G
 Pre-touch: Disabled
 Parallel Workers: 4
 Concurrent Workers: 1
 Concurrent Refinement Workers: 4
 Periodic GC: Disabled

Heap:
 garbage-first heap   total 483328K, used 392893K [0x0000000700000000, 0x0000000800000000)
  region size 2048K, 50 young (102400K), 6 survivors (12288K)
 Metaspace       used 102493K, committed 104512K, reserved 1179648K
  class space    used 14152K, committed 15040K, reserved 1048576K

Heap Regions: E=young(eden), S=young(survivor), O=old, HS=humongous(starts), HC=humongous(continues), CS=collection set, F=free, OA=open archive, CA=closed archive, TAMS=top-at-mark-start (previous, next)
|   0|0x0000000700000000, 0x0000000700200000, 0x0000000700200000|100%| O|  |TAMS 0x0000000700200000, 0x0000000700000000| Untracked 
|   1|0x0000000700200000, 0x0000000700400000, 0x0000000700400000|100%|HS|  |TAMS 0x0000000700400000, 0x0000000700200000| Complete 
|   2|0x0000000700400000, 0x0000000700600000, 0x0000000700600000|100%|HC|  |TAMS 0x0000000700600000, 0x0000000700400000| Complete 
|   3|0x0000000700600000, 0x0000000700800000, 0x0000000700800000|100%| O|  |TAMS 0x0000000700800000, 0x0000000700600000| Untracked 
|   4|0x0000000700800000, 0x0000000700a00000, 0x0000000700a00000|100%| O|  |TAMS 0x0000000700a00000, 0x0000000700800000| Untracked 
|   5|0x0000000700a00000, 0x0000000700c00000, 0x0000000700c00000|100%| O|  |TAMS 0x0000000700c00000, 0x0000000700a00000| Untracked 
|   6|0x0000000700c00000, 0x0000000700e00000, 0x0000000700e00000|100%| O|  |TAMS 0x0000000700e00000, 0x0000000700c00000| Untracked 
|   7|0x0000000700e00000, 0x0000000701000000, 0x0000000701000000|100%| O|  |TAMS 0x0000000701000000, 0x0000000700e00000| Untracked 
|   8|0x0000000701000000, 0x0000000701200000, 0x0000000701200000|100%| O|  |TAMS 0x0000000701200000, 0x0000000701000000| Untracked 
|   9|0x0000000701200000, 0x0000000701400000, 0x0000000701400000|100%| O|  |TAMS 0x0000000701400000, 0x0000000701200000| Untracked 
|  10|0x0000000701400000, 0x0000000701600000, 0x0000000701600000|100%| O|  |TAMS 0x0000000701600000, 0x0000000701400000| Untracked 
|  11|0x0000000701600000, 0x0000000701800000, 0x0000000701800000|100%| O|  |TAMS 0x0000000701800000, 0x0000000701600000| Untracked 
|  12|0x0000000701800000, 0x0000000701a00000, 0x0000000701a00000|100%| O|  |TAMS 0x0000000701a00000, 0x0000000701800000| Untracked 
|  13|0x0000000701a00000, 0x0000000701c00000, 0x0000000701c00000|100%| O|  |TAMS 0x0000000701c00000, 0x0000000701a00000| Untracked 
|  14|0x0000000701c00000, 0x0000000701e00000, 0x0000000701e00000|100%| O|  |TAMS 0x0000000701e00000, 0x0000000701c00000| Untracked 
|  15|0x0000000701e00000, 0x0000000702000000, 0x0000000702000000|100%| O|  |TAMS 0x0000000702000000, 0x0000000701e00000| Untracked 
|  16|0x0000000702000000, 0x0000000702200000, 0x0000000702200000|100%| O|  |TAMS 0x0000000702200000, 0x0000000702000000| Untracked 
|  17|0x0000000702200000, 0x0000000702400000, 0x0000000702400000|100%| O|  |TAMS 0x0000000702400000, 0x0000000702200000| Untracked 
|  18|0x0000000702400000, 0x0000000702600000, 0x0000000702600000|100%| O|  |TAMS 0x0000000702600000, 0x0000000702400000| Untracked 
|  19|0x0000000702600000, 0x0000000702800000, 0x0000000702800000|100%|HS|  |TAMS 0x0000000702800000, 0x0000000702600000| Complete 
|  20|0x0000000702800000, 0x0000000702a00000, 0x0000000702a00000|100%| O|  |TAMS 0x0000000702a00000, 0x0000000702800000| Untracked 
|  21|0x0000000702a00000, 0x0000000702c00000, 0x0000000702c00000|100%| O|  |TAMS 0x0000000702c00000, 0x0000000702a00000| Untracked 
|  22|0x0000000702c00000, 0x0000000702e00000, 0x0000000702e00000|100%| O|  |TAMS 0x0000000702e00000, 0x0000000702c00000| Untracked 
|  23|0x0000000702e00000, 0x0000000703000000, 0x0000000703000000|100%| O|  |TAMS 0x0000000703000000, 0x0000000702e00000| Untracked 
|  24|0x0000000703000000, 0x0000000703200000, 0x0000000703200000|100%|HS|  |TAMS 0x0000000703200000, 0x0000000703000000| Complete 
|  25|0x0000000703200000, 0x0000000703400000, 0x0000000703400000|100%|HC|  |TAMS 0x0000000703400000, 0x0000000703200000| Complete 
|  26|0x0000000703400000, 0x0000000703600000, 0x0000000703600000|100%| O|  |TAMS 0x0000000703600000, 0x0000000703400000| Untracked 
|  27|0x0000000703600000, 0x0000000703800000, 0x0000000703800000|100%| O|  |TAMS 0x0000000703800000, 0x0000000703600000| Untracked 
|  28|0x0000000703800000, 0x0000000703a00000, 0x0000000703a00000|100%|HS|  |TAMS 0x0000000703a00000, 0x0000000703800000| Complete 
|  29|0x0000000703a00000, 0x0000000703c00000, 0x0000000703c00000|100%| O|  |TAMS 0x0000000703c00000, 0x0000000703a00000| Untracked 
|  30|0x0000000703c00000, 0x0000000703e00000, 0x0000000703e00000|100%| O|  |TAMS 0x0000000703e00000, 0x0000000703c00000| Untracked 
|  31|0x0000000703e00000, 0x0000000704000000, 0x0000000704000000|100%| O|  |TAMS 0x0000000704000000, 0x0000000703e00000| Untracked 
|  32|0x0000000704000000, 0x0000000704200000, 0x0000000704200000|100%| O|  |TAMS 0x0000000704200000, 0x0000000704000000| Untracked 
|  33|0x0000000704200000, 0x0000000704400000, 0x0000000704400000|100%| O|  |TAMS 0x0000000704400000, 0x0000000704200000| Untracked 
|  34|0x0000000704400000, 0x0000000704600000, 0x0000000704600000|100%| O|  |TAMS 0x0000000704600000, 0x0000000704400000| Untracked 
|  35|0x0000000704600000, 0x0000000704800000, 0x0000000704800000|100%| O|  |TAMS 0x0000000704800000, 0x0000000704600000| Untracked 
|  36|0x0000000704800000, 0x0000000704a00000, 0x0000000704a00000|100%| O|  |TAMS 0x0000000704800000, 0x0000000704800000| Untracked 
|  37|0x0000000704a00000, 0x0000000704c00000, 0x0000000704c00000|100%| O|  |TAMS 0x0000000704c00000, 0x0000000704a00000| Untracked 
|  38|0x0000000704c00000, 0x0000000704e00000, 0x0000000704e00000|100%| O|  |TAMS 0x0000000704c00000, 0x0000000704c00000| Untracked 
|  39|0x0000000704e00000, 0x0000000705000000, 0x0000000705000000|100%| O|  |TAMS 0x0000000705000000, 0x0000000704e00000| Untracked 
|  40|0x0000000705000000, 0x0000000705200000, 0x0000000705200000|100%| O|  |TAMS 0x0000000705200000, 0x0000000705000000| Untracked 
|  41|0x0000000705200000, 0x0000000705400000, 0x0000000705400000|100%| O|  |TAMS 0x0000000705400000, 0x0000000705200000| Untracked 
|  42|0x0000000705400000, 0x0000000705600000, 0x0000000705600000|100%| O|  |TAMS 0x000000070550bc00, 0x0000000705400000| Untracked 
|  43|0x0000000705600000, 0x0000000705800000, 0x0000000705800000|100%|HS|  |TAMS 0x0000000705600000, 0x0000000705600000| Complete 
|  44|0x0000000705800000, 0x0000000705a00000, 0x0000000705a00000|100%|HC|  |TAMS 0x0000000705800000, 0x0000000705800000| Complete 
|  45|0x0000000705a00000, 0x0000000705c00000, 0x0000000705c00000|100%| O|  |TAMS 0x0000000705a00000, 0x0000000705a00000| Untracked 
|  46|0x0000000705c00000, 0x0000000705e00000, 0x0000000705e00000|100%| O|  |TAMS 0x0000000705c00000, 0x0000000705c00000| Untracked 
|  47|0x0000000705e00000, 0x0000000706000000, 0x0000000706000000|100%| O|  |TAMS 0x0000000705e00000, 0x0000000705e00000| Untracked 
|  48|0x0000000706000000, 0x0000000706200000, 0x0000000706200000|100%| O|  |TAMS 0x0000000706000000, 0x0000000706000000| Untracked 
|  49|0x0000000706200000, 0x0000000706400000, 0x0000000706400000|100%| O|  |TAMS 0x0000000706200000, 0x0000000706200000| Untracked 
|  50|0x0000000706400000, 0x0000000706600000, 0x0000000706600000|100%| O|  |TAMS 0x0000000706400000, 0x0000000706400000| Untracked 
|  51|0x0000000706600000, 0x0000000706800000, 0x0000000706800000|100%| O|  |TAMS 0x0000000706600000, 0x0000000706600000| Untracked 
|  52|0x0000000706800000, 0x0000000706a00000, 0x0000000706a00000|100%| O|  |TAMS 0x0000000706800000, 0x0000000706800000| Untracked 
|  53|0x0000000706a00000, 0x0000000706c00000, 0x0000000706c00000|100%|HS|  |TAMS 0x0000000706a00000, 0x0000000706a00000| Complete 
|  54|0x0000000706c00000, 0x0000000706e00000, 0x0000000706e00000|100%|HS|  |TAMS 0x0000000706c00000, 0x0000000706c00000| Complete 
|  55|0x0000000706e00000, 0x0000000707000000, 0x0000000707000000|100%|HC|  |TAMS 0x0000000706e00000, 0x0000000706e00000| Complete 
|  56|0x0000000707000000, 0x0000000707200000, 0x0000000707200000|100%| O|  |TAMS 0x0000000707000000, 0x0000000707000000| Untracked 
|  57|0x0000000707200000, 0x0000000707400000, 0x0000000707400000|100%| O|  |TAMS 0x0000000707200000, 0x0000000707200000| Untracked 
|  58|0x0000000707400000, 0x0000000707600000, 0x0000000707600000|100%| O|  |TAMS 0x0000000707400000, 0x0000000707400000| Untracked 
|  59|0x0000000707600000, 0x0000000707800000, 0x0000000707800000|100%| O|  |TAMS 0x0000000707600000, 0x0000000707600000| Untracked 
|  60|0x0000000707800000, 0x0000000707a00000, 0x0000000707a00000|100%| O|  |TAMS 0x0000000707800000, 0x0000000707800000| Untracked 
|  61|0x0000000707a00000, 0x0000000707c00000, 0x0000000707c00000|100%| O|  |TAMS 0x0000000707a00000, 0x0000000707a00000| Untracked 
|  62|0x0000000707c00000, 0x0000000707e00000, 0x0000000707e00000|100%| O|  |TAMS 0x0000000707c00000, 0x0000000707c00000| Untracked 
|  63|0x0000000707e00000, 0x0000000708000000, 0x0000000708000000|100%| O|  |TAMS 0x0000000707e00000, 0x0000000707e00000| Untracked 
|  64|0x0000000708000000, 0x0000000708200000, 0x0000000708200000|100%| O|  |TAMS 0x0000000708000000, 0x0000000708000000| Untracked 
|  65|0x0000000708200000, 0x0000000708400000, 0x0000000708400000|100%| O|  |TAMS 0x0000000708200000, 0x0000000708200000| Untracked 
|  66|0x0000000708400000, 0x0000000708600000, 0x0000000708600000|100%| O|  |TAMS 0x0000000708400000, 0x0000000708400000| Untracked 
|  67|0x0000000708600000, 0x0000000708800000, 0x0000000708800000|100%| O|  |TAMS 0x0000000708600000, 0x0000000708600000| Untracked 
|  68|0x0000000708800000, 0x0000000708a00000, 0x0000000708a00000|100%| O|  |TAMS 0x0000000708800000, 0x0000000708800000| Untracked 
|  69|0x0000000708a00000, 0x0000000708c00000, 0x0000000708c00000|100%| O|  |TAMS 0x0000000708a00000, 0x0000000708a00000| Untracked 
|  70|0x0000000708c00000, 0x0000000708e00000, 0x0000000708e00000|100%| O|  |TAMS 0x0000000708c00000, 0x0000000708c00000| Untracked 
|  71|0x0000000708e00000, 0x0000000709000000, 0x0000000709000000|100%| O|  |TAMS 0x0000000708e00000, 0x0000000708e00000| Untracked 
|  72|0x0000000709000000, 0x0000000709200000, 0x0000000709200000|100%| O|  |TAMS 0x0000000709000000, 0x0000000709000000| Untracked 
|  73|0x0000000709200000, 0x0000000709400000, 0x0000000709400000|100%| O|  |TAMS 0x0000000709200000, 0x0000000709200000| Untracked 
|  74|0x0000000709400000, 0x0000000709600000, 0x0000000709600000|100%| O|  |TAMS 0x0000000709400000, 0x0000000709400000| Untracked 
|  75|0x0000000709600000, 0x0000000709800000, 0x0000000709800000|100%| O|  |TAMS 0x0000000709600000, 0x0000000709600000| Untracked 
|  76|0x0000000709800000, 0x0000000709a00000, 0x0000000709a00000|100%| O|  |TAMS 0x0000000709800000, 0x0000000709800000| Untracked 
|  77|0x0000000709a00000, 0x0000000709c00000, 0x0000000709c00000|100%| O|  |TAMS 0x0000000709a00000, 0x0000000709a00000| Untracked 
|  78|0x0000000709c00000, 0x0000000709e00000, 0x0000000709e00000|100%| O|  |TAMS 0x0000000709c00000, 0x0000000709c00000| Untracked 
|  79|0x0000000709e00000, 0x000000070a000000, 0x000000070a000000|100%| O|  |TAMS 0x0000000709e00000, 0x0000000709e00000| Untracked 
|  80|0x000000070a000000, 0x000000070a200000, 0x000000070a200000|100%|HS|  |TAMS 0x000000070a000000, 0x000000070a000000| Complete 
|  81|0x000000070a200000, 0x000000070a400000, 0x000000070a400000|100%|HS|  |TAMS 0x000000070a200000, 0x000000070a200000| Complete 
|  82|0x000000070a400000, 0x000000070a600000, 0x000000070a600000|100%|HC|  |TAMS 0x000000070a400000, 0x000000070a400000| Complete 
|  83|0x000000070a600000, 0x000000070a800000, 0x000000070a800000|100%| O|  |TAMS 0x000000070a600000, 0x000000070a600000| Untracked 
|  84|0x000000070a800000, 0x000000070aa00000, 0x000000070aa00000|100%| O|  |TAMS 0x000000070a800000, 0x000000070a800000| Untracked 
|  85|0x000000070aa00000, 0x000000070ac00000, 0x000000070ac00000|100%| O|  |TAMS 0x000000070aa00000, 0x000000070aa00000| Untracked 
|  86|0x000000070ac00000, 0x000000070ae00000, 0x000000070ae00000|100%| O|  |TAMS 0x000000070ac00000, 0x000000070ac00000| Untracked 
|  87|0x000000070ae00000, 0x000000070b000000, 0x000000070b000000|100%| O|  |TAMS 0x000000070ae00000, 0x000000070ae00000| Untracked 
|  88|0x000000070b000000, 0x000000070b200000, 0x000000070b200000|100%| O|  |TAMS 0x000000070b000000, 0x000000070b000000| Untracked 
|  89|0x000000070b200000, 0x000000070b400000, 0x000000070b400000|100%| O|  |TAMS 0x000000070b200000, 0x000000070b200000| Untracked 
|  90|0x000000070b400000, 0x000000070b600000, 0x000000070b600000|100%| O|  |TAMS 0x000000070b400000, 0x000000070b400000| Untracked 
|  91|0x000000070b600000, 0x000000070b800000, 0x000000070b800000|100%| O|  |TAMS 0x000000070b600000, 0x000000070b600000| Untracked 
|  92|0x000000070b800000, 0x000000070ba00000, 0x000000070ba00000|100%| O|  |TAMS 0x000000070b800000, 0x000000070b800000| Untracked 
|  93|0x000000070ba00000, 0x000000070bc00000, 0x000000070bc00000|100%| O|  |TAMS 0x000000070ba00000, 0x000000070ba00000| Untracked 
|  94|0x000000070bc00000, 0x000000070be00000, 0x000000070be00000|100%| O|  |TAMS 0x000000070bc00000, 0x000000070bc00000| Untracked 
|  95|0x000000070be00000, 0x000000070c000000, 0x000000070c000000|100%| O|  |TAMS 0x000000070be00000, 0x000000070be00000| Untracked 
|  96|0x000000070c000000, 0x000000070c200000, 0x000000070c200000|100%| O|  |TAMS 0x000000070c000000, 0x000000070c000000| Untracked 
|  97|0x000000070c200000, 0x000000070c400000, 0x000000070c400000|100%| O|  |TAMS 0x000000070c200000, 0x000000070c200000| Untracked 
|  98|0x000000070c400000, 0x000000070c600000, 0x000000070c600000|100%| O|  |TAMS 0x000000070c400000, 0x000000070c400000| Untracked 
|  99|0x000000070c600000, 0x000000070c800000, 0x000000070c800000|100%| O|  |TAMS 0x000000070c600000, 0x000000070c600000| Untracked 
| 100|0x000000070c800000, 0x000000070ca00000, 0x000000070ca00000|100%| O|  |TAMS 0x000000070c800000, 0x000000070c800000| Untracked 
| 101|0x000000070ca00000, 0x000000070cc00000, 0x000000070cc00000|100%| O|  |TAMS 0x000000070ca00000, 0x000000070ca00000| Untracked 
| 102|0x000000070cc00000, 0x000000070ce00000, 0x000000070ce00000|100%| O|  |TAMS 0x000000070cc00000, 0x000000070cc00000| Untracked 
| 103|0x000000070ce00000, 0x000000070d000000, 0x000000070d000000|100%| O|  |TAMS 0x000000070ce00000, 0x000000070ce00000| Untracked 
| 104|0x000000070d000000, 0x000000070d200000, 0x000000070d200000|100%| O|  |TAMS 0x000000070d000000, 0x000000070d000000| Untracked 
| 105|0x000000070d200000, 0x000000070d400000, 0x000000070d400000|100%| O|  |TAMS 0x000000070d200000, 0x000000070d200000| Untracked 
| 106|0x000000070d400000, 0x000000070d600000, 0x000000070d600000|100%| O|  |TAMS 0x000000070d400000, 0x000000070d400000| Untracked 
| 107|0x000000070d600000, 0x000000070d800000, 0x000000070d800000|100%| O|  |TAMS 0x000000070d600000, 0x000000070d600000| Untracked 
| 108|0x000000070d800000, 0x000000070da00000, 0x000000070da00000|100%| O|  |TAMS 0x000000070d800000, 0x000000070d800000| Untracked 
| 109|0x000000070da00000, 0x000000070dc00000, 0x000000070dc00000|100%| O|  |TAMS 0x000000070da00000, 0x000000070da00000| Untracked 
| 110|0x000000070dc00000, 0x000000070de00000, 0x000000070de00000|100%| O|  |TAMS 0x000000070dc00000, 0x000000070dc00000| Untracked 
| 111|0x000000070de00000, 0x000000070e000000, 0x000000070e000000|100%| O|  |TAMS 0x000000070de00000, 0x000000070de00000| Untracked 
| 112|0x000000070e000000, 0x000000070e200000, 0x000000070e200000|100%| O|  |TAMS 0x000000070e000000, 0x000000070e000000| Untracked 
| 113|0x000000070e200000, 0x000000070e400000, 0x000000070e400000|100%| O|  |TAMS 0x000000070e200000, 0x000000070e200000| Untracked 
| 114|0x000000070e400000, 0x000000070e600000, 0x000000070e600000|100%| O|  |TAMS 0x000000070e400000, 0x000000070e400000| Untracked 
| 115|0x000000070e600000, 0x000000070e800000, 0x000000070e800000|100%| O|  |TAMS 0x000000070e600000, 0x000000070e600000| Untracked 
| 116|0x000000070e800000, 0x000000070ea00000, 0x000000070ea00000|100%| O|  |TAMS 0x000000070e800000, 0x000000070e800000| Untracked 
| 117|0x000000070ea00000, 0x000000070ec00000, 0x000000070ec00000|100%| O|  |TAMS 0x000000070ea00000, 0x000000070ea00000| Untracked 
| 118|0x000000070ec00000, 0x000000070ee00000, 0x000000070ee00000|100%| O|  |TAMS 0x000000070ec00000, 0x000000070ec00000| Untracked 
| 119|0x000000070ee00000, 0x000000070f000000, 0x000000070f000000|100%| O|  |TAMS 0x000000070ee00000, 0x000000070ee00000| Untracked 
| 120|0x000000070f000000, 0x000000070f200000, 0x000000070f200000|100%| O|  |TAMS 0x000000070f000000, 0x000000070f000000| Untracked 
| 121|0x000000070f200000, 0x000000070f400000, 0x000000070f400000|100%| O|  |TAMS 0x000000070f200000, 0x000000070f200000| Untracked 
| 122|0x000000070f400000, 0x000000070f600000, 0x000000070f600000|100%| O|  |TAMS 0x000000070f400000, 0x000000070f400000| Untracked 
| 123|0x000000070f600000, 0x000000070f800000, 0x000000070f800000|100%| O|  |TAMS 0x000000070f600000, 0x000000070f600000| Untracked 
| 124|0x000000070f800000, 0x000000070fa00000, 0x000000070fa00000|100%| O|  |TAMS 0x000000070f800000, 0x000000070f800000| Untracked 
| 125|0x000000070fa00000, 0x000000070fc00000, 0x000000070fc00000|100%| O|  |TAMS 0x000000070fa00000, 0x000000070fa00000| Untracked 
| 126|0x000000070fc00000, 0x000000070fe00000, 0x000000070fe00000|100%| O|  |TAMS 0x000000070fc00000, 0x000000070fc00000| Untracked 
| 127|0x000000070fe00000, 0x0000000710000000, 0x0000000710000000|100%| O|  |TAMS 0x000000070fe00000, 0x000000070fe00000| Untracked 
| 128|0x0000000710000000, 0x0000000710200000, 0x0000000710200000|100%| O|  |TAMS 0x0000000710000000, 0x0000000710000000| Untracked 
| 129|0x0000000710200000, 0x0000000710400000, 0x0000000710400000|100%| O|  |TAMS 0x0000000710200000, 0x0000000710200000| Untracked 
| 130|0x0000000710400000, 0x0000000710600000, 0x0000000710600000|100%| O|  |TAMS 0x0000000710400000, 0x0000000710400000| Untracked 
| 131|0x0000000710600000, 0x0000000710800000, 0x0000000710800000|100%| O|  |TAMS 0x0000000710600000, 0x0000000710600000| Untracked 
| 132|0x0000000710800000, 0x0000000710a00000, 0x0000000710a00000|100%| O|  |TAMS 0x0000000710800000, 0x0000000710800000| Untracked 
| 133|0x0000000710a00000, 0x0000000710c00000, 0x0000000710c00000|100%| O|  |TAMS 0x0000000710a00000, 0x0000000710a00000| Untracked 
| 134|0x0000000710c00000, 0x0000000710e00000, 0x0000000710e00000|100%| O|  |TAMS 0x0000000710c00000, 0x0000000710c00000| Untracked 
| 135|0x0000000710e00000, 0x0000000711000000, 0x0000000711000000|100%| O|  |TAMS 0x0000000710e00000, 0x0000000710e00000| Untracked 
| 136|0x0000000711000000, 0x0000000711200000, 0x0000000711200000|100%| O|  |TAMS 0x0000000711000000, 0x0000000711000000| Untracked 
| 137|0x0000000711200000, 0x0000000711400000, 0x0000000711400000|100%| O|  |TAMS 0x0000000711200000, 0x0000000711200000| Untracked 
| 138|0x0000000711400000, 0x0000000711600000, 0x0000000711600000|100%| O|  |TAMS 0x0000000711400000, 0x0000000711400000| Untracked 
| 139|0x0000000711600000, 0x0000000711800000, 0x0000000711800000|100%| O|  |TAMS 0x0000000711600000, 0x0000000711600000| Untracked 
| 140|0x0000000711800000, 0x0000000711a00000, 0x0000000711a00000|100%| O|  |TAMS 0x0000000711800000, 0x0000000711800000| Untracked 
| 141|0x0000000711a00000, 0x0000000711c00000, 0x0000000711c00000|100%| O|  |TAMS 0x0000000711a00000, 0x0000000711a00000| Untracked 
| 142|0x0000000711c00000, 0x0000000711e00000, 0x0000000711e00000|100%| O|  |TAMS 0x0000000711c00000, 0x0000000711c00000| Untracked 
| 143|0x0000000711e00000, 0x0000000712000000, 0x0000000712000000|100%| O|  |TAMS 0x0000000711e00000, 0x0000000711e00000| Untracked 
| 144|0x0000000712000000, 0x0000000712200000, 0x0000000712200000|100%| O|  |TAMS 0x0000000712000000, 0x0000000712000000| Untracked 
| 145|0x0000000712200000, 0x0000000712400000, 0x0000000712400000|100%| O|  |TAMS 0x0000000712200000, 0x0000000712200000| Untracked 
| 146|0x0000000712400000, 0x0000000712600000, 0x0000000712600000|100%| O|  |TAMS 0x0000000712400000, 0x0000000712400000| Untracked 
| 147|0x0000000712600000, 0x0000000712800000, 0x0000000712800000|100%| O|  |TAMS 0x0000000712600000, 0x0000000712600000| Untracked 
| 148|0x0000000712800000, 0x0000000712989080, 0x0000000712a00000| 76%| O|  |TAMS 0x0000000712800000, 0x0000000712800000| Untracked 
| 149|0x0000000712a00000, 0x0000000712a00000, 0x0000000712c00000|  0%| F|  |TAMS 0x0000000712a00000, 0x0000000712a00000| Untracked 
| 150|0x0000000712c00000, 0x0000000712c00000, 0x0000000712e00000|  0%| F|  |TAMS 0x0000000712c00000, 0x0000000712c00000| Untracked 
| 151|0x0000000712e00000, 0x0000000712e00000, 0x0000000713000000|  0%| F|  |TAMS 0x0000000712e00000, 0x0000000712e00000| Untracked 
| 152|0x0000000713000000, 0x0000000713000000, 0x0000000713200000|  0%| F|  |TAMS 0x0000000713000000, 0x0000000713000000| Untracked 
| 153|0x0000000713200000, 0x0000000713200000, 0x0000000713400000|  0%| F|  |TAMS 0x0000000713200000, 0x0000000713200000| Untracked 
| 154|0x0000000713400000, 0x0000000713400000, 0x0000000713600000|  0%| F|  |TAMS 0x0000000713400000, 0x0000000713400000| Untracked 
| 155|0x0000000713600000, 0x0000000713600000, 0x0000000713800000|  0%| F|  |TAMS 0x0000000713600000, 0x0000000713600000| Untracked 
| 156|0x0000000713800000, 0x0000000713800000, 0x0000000713a00000|  0%| F|  |TAMS 0x0000000713800000, 0x0000000713800000| Untracked 
| 157|0x0000000713a00000, 0x0000000713a00000, 0x0000000713c00000|  0%| F|  |TAMS 0x0000000713a00000, 0x0000000713a00000| Untracked 
| 158|0x0000000713c00000, 0x0000000713c00000, 0x0000000713e00000|  0%| F|  |TAMS 0x0000000713c00000, 0x0000000713c00000| Untracked 
| 159|0x0000000713e00000, 0x0000000713e00000, 0x0000000714000000|  0%| F|  |TAMS 0x0000000713e00000, 0x0000000713e00000| Untracked 
| 160|0x0000000714000000, 0x0000000714000000, 0x0000000714200000|  0%| F|  |TAMS 0x0000000714000000, 0x0000000714000000| Untracked 
| 161|0x0000000714200000, 0x0000000714200000, 0x0000000714400000|  0%| F|  |TAMS 0x0000000714200000, 0x0000000714200000| Untracked 
| 162|0x0000000714400000, 0x0000000714400000, 0x0000000714600000|  0%| F|  |TAMS 0x0000000714400000, 0x0000000714400000| Untracked 
| 163|0x0000000714600000, 0x0000000714600000, 0x0000000714800000|  0%| F|  |TAMS 0x0000000714600000, 0x0000000714600000| Untracked 
| 164|0x0000000714800000, 0x0000000714800000, 0x0000000714a00000|  0%| F|  |TAMS 0x0000000714800000, 0x0000000714800000| Untracked 
| 165|0x0000000714a00000, 0x0000000714a00000, 0x0000000714c00000|  0%| F|  |TAMS 0x0000000714a00000, 0x0000000714a00000| Untracked 
| 166|0x0000000714c00000, 0x0000000714c00000, 0x0000000714e00000|  0%| F|  |TAMS 0x0000000714c00000, 0x0000000714c00000| Untracked 
| 167|0x0000000714e00000, 0x0000000714e00000, 0x0000000715000000|  0%| F|  |TAMS 0x0000000714e00000, 0x0000000714e00000| Untracked 
| 168|0x0000000715000000, 0x0000000715000000, 0x0000000715200000|  0%| F|  |TAMS 0x0000000715000000, 0x0000000715000000| Untracked 
| 169|0x0000000715200000, 0x0000000715200000, 0x0000000715400000|  0%| F|  |TAMS 0x0000000715200000, 0x0000000715200000| Untracked 
| 170|0x0000000715400000, 0x0000000715400000, 0x0000000715600000|  0%| F|  |TAMS 0x0000000715400000, 0x0000000715400000| Untracked 
| 171|0x0000000715600000, 0x0000000715600000, 0x0000000715800000|  0%| F|  |TAMS 0x0000000715600000, 0x0000000715600000| Untracked 
| 172|0x0000000715800000, 0x0000000715800000, 0x0000000715a00000|  0%| F|  |TAMS 0x0000000715800000, 0x0000000715800000| Untracked 
| 173|0x0000000715a00000, 0x0000000715a00000, 0x0000000715c00000|  0%| F|  |TAMS 0x0000000715a00000, 0x0000000715a00000| Untracked 
| 174|0x0000000715c00000, 0x0000000715c00000, 0x0000000715e00000|  0%| F|  |TAMS 0x0000000715c00000, 0x0000000715c00000| Untracked 
| 175|0x0000000715e00000, 0x0000000715e00000, 0x0000000716000000|  0%| F|  |TAMS 0x0000000715e00000, 0x0000000715e00000| Untracked 
| 176|0x0000000716000000, 0x0000000716000000, 0x0000000716200000|  0%| F|  |TAMS 0x0000000716000000, 0x0000000716000000| Untracked 
| 177|0x0000000716200000, 0x0000000716200000, 0x0000000716400000|  0%| F|  |TAMS 0x0000000716200000, 0x0000000716200000| Untracked 
| 178|0x0000000716400000, 0x0000000716400000, 0x0000000716600000|  0%| F|  |TAMS 0x0000000716400000, 0x0000000716400000| Untracked 
| 179|0x0000000716600000, 0x0000000716600000, 0x0000000716800000|  0%| F|  |TAMS 0x0000000716600000, 0x0000000716600000| Untracked 
| 180|0x0000000716800000, 0x0000000716800000, 0x0000000716a00000|  0%| F|  |TAMS 0x0000000716800000, 0x0000000716800000| Untracked 
| 181|0x0000000716a00000, 0x0000000716a00000, 0x0000000716c00000|  0%| F|  |TAMS 0x0000000716a00000, 0x0000000716a00000| Untracked 
| 182|0x0000000716c00000, 0x0000000716e00000, 0x0000000716e00000|100%| S|  |TAMS 0x0000000716c00000, 0x0000000716c00000| Complete 
| 183|0x0000000716e00000, 0x0000000717000000, 0x0000000717000000|100%| S|  |TAMS 0x0000000716e00000, 0x0000000716e00000| Complete 
| 184|0x0000000717000000, 0x00000007170f6aa0, 0x0000000717200000| 48%| E|CS|TAMS 0x0000000717000000, 0x0000000717000000| Complete 
| 185|0x0000000717200000, 0x0000000717400000, 0x0000000717400000|100%| E|CS|TAMS 0x0000000717200000, 0x0000000717200000| Complete 
| 186|0x0000000717400000, 0x0000000717600000, 0x0000000717600000|100%| E|CS|TAMS 0x0000000717400000, 0x0000000717400000| Complete 
| 187|0x0000000717600000, 0x0000000717800000, 0x0000000717800000|100%| S|  |TAMS 0x0000000717600000, 0x0000000717600000| Complete 
| 188|0x0000000717800000, 0x0000000717a00000, 0x0000000717a00000|100%| S|  |TAMS 0x0000000717800000, 0x0000000717800000| Complete 
| 189|0x0000000717a00000, 0x0000000717c00000, 0x0000000717c00000|100%| S|  |TAMS 0x0000000717a00000, 0x0000000717a00000| Complete 
| 190|0x0000000717c00000, 0x0000000717e00000, 0x0000000717e00000|100%| S|  |TAMS 0x0000000717c00000, 0x0000000717c00000| Complete 
| 191|0x0000000717e00000, 0x0000000718000000, 0x0000000718000000|100%| E|CS|TAMS 0x0000000717e00000, 0x0000000717e00000| Complete 
| 192|0x0000000718000000, 0x0000000718200000, 0x0000000718200000|100%| E|CS|TAMS 0x0000000718000000, 0x0000000718000000| Complete 
| 193|0x0000000718200000, 0x0000000718400000, 0x0000000718400000|100%| E|CS|TAMS 0x0000000718200000, 0x0000000718200000| Complete 
| 194|0x0000000718400000, 0x0000000718600000, 0x0000000718600000|100%| E|CS|TAMS 0x0000000718400000, 0x0000000718400000| Complete 
| 195|0x0000000718600000, 0x0000000718800000, 0x0000000718800000|100%| E|CS|TAMS 0x0000000718600000, 0x0000000718600000| Complete 
| 196|0x0000000718800000, 0x0000000718a00000, 0x0000000718a00000|100%| E|CS|TAMS 0x0000000718800000, 0x0000000718800000| Complete 
| 197|0x0000000718a00000, 0x0000000718c00000, 0x0000000718c00000|100%| E|CS|TAMS 0x0000000718a00000, 0x0000000718a00000| Complete 
| 198|0x0000000718c00000, 0x0000000718e00000, 0x0000000718e00000|100%| E|CS|TAMS 0x0000000718c00000, 0x0000000718c00000| Complete 
| 199|0x0000000718e00000, 0x0000000719000000, 0x0000000719000000|100%| E|CS|TAMS 0x0000000718e00000, 0x0000000718e00000| Complete 
| 200|0x0000000719000000, 0x0000000719200000, 0x0000000719200000|100%| E|CS|TAMS 0x0000000719000000, 0x0000000719000000| Complete 
| 201|0x0000000719200000, 0x0000000719400000, 0x0000000719400000|100%| E|CS|TAMS 0x0000000719200000, 0x0000000719200000| Complete 
| 202|0x0000000719400000, 0x0000000719600000, 0x0000000719600000|100%| E|CS|TAMS 0x0000000719400000, 0x0000000719400000| Complete 
| 203|0x0000000719600000, 0x0000000719800000, 0x0000000719800000|100%| E|CS|TAMS 0x0000000719600000, 0x0000000719600000| Complete 
| 204|0x0000000719800000, 0x0000000719a00000, 0x0000000719a00000|100%| E|CS|TAMS 0x0000000719800000, 0x0000000719800000| Complete 
| 205|0x0000000719a00000, 0x0000000719c00000, 0x0000000719c00000|100%| E|CS|TAMS 0x0000000719a00000, 0x0000000719a00000| Complete 
| 206|0x0000000719c00000, 0x0000000719e00000, 0x0000000719e00000|100%| E|CS|TAMS 0x0000000719c00000, 0x0000000719c00000| Complete 
| 207|0x0000000719e00000, 0x000000071a000000, 0x000000071a000000|100%| E|CS|TAMS 0x0000000719e00000, 0x0000000719e00000| Complete 
| 208|0x000000071a000000, 0x000000071a200000, 0x000000071a200000|100%| E|CS|TAMS 0x000000071a000000, 0x000000071a000000| Complete 
| 209|0x000000071a200000, 0x000000071a400000, 0x000000071a400000|100%| E|CS|TAMS 0x000000071a200000, 0x000000071a200000| Complete 
| 210|0x000000071a400000, 0x000000071a600000, 0x000000071a600000|100%| E|CS|TAMS 0x000000071a400000, 0x000000071a400000| Complete 
| 211|0x000000071a600000, 0x000000071a800000, 0x000000071a800000|100%| E|CS|TAMS 0x000000071a600000, 0x000000071a600000| Complete 
| 212|0x000000071a800000, 0x000000071aa00000, 0x000000071aa00000|100%| E|CS|TAMS 0x000000071a800000, 0x000000071a800000| Complete 
| 213|0x000000071aa00000, 0x000000071ac00000, 0x000000071ac00000|100%| E|CS|TAMS 0x000000071aa00000, 0x000000071aa00000| Complete 
| 214|0x000000071ac00000, 0x000000071ae00000, 0x000000071ae00000|100%| E|CS|TAMS 0x000000071ac00000, 0x000000071ac00000| Complete 
| 215|0x000000071ae00000, 0x000000071b000000, 0x000000071b000000|100%| E|CS|TAMS 0x000000071ae00000, 0x000000071ae00000| Complete 
| 216|0x000000071b000000, 0x000000071b200000, 0x000000071b200000|100%| E|CS|TAMS 0x000000071b000000, 0x000000071b000000| Complete 
| 217|0x000000071b200000, 0x000000071b400000, 0x000000071b400000|100%| E|CS|TAMS 0x000000071b200000, 0x000000071b200000| Complete 
| 218|0x000000071b400000, 0x000000071b600000, 0x000000071b600000|100%| E|CS|TAMS 0x000000071b400000, 0x000000071b400000| Complete 
| 219|0x000000071b600000, 0x000000071b800000, 0x000000071b800000|100%| E|CS|TAMS 0x000000071b600000, 0x000000071b600000| Complete 
| 220|0x000000071b800000, 0x000000071ba00000, 0x000000071ba00000|100%| E|CS|TAMS 0x000000071b800000, 0x000000071b800000| Complete 
| 221|0x000000071ba00000, 0x000000071bc00000, 0x000000071bc00000|100%| E|CS|TAMS 0x000000071ba00000, 0x000000071ba00000| Complete 
| 222|0x000000071bc00000, 0x000000071be00000, 0x000000071be00000|100%| E|CS|TAMS 0x000000071bc00000, 0x000000071bc00000| Complete 
| 223|0x000000071be00000, 0x000000071c000000, 0x000000071c000000|100%| E|CS|TAMS 0x000000071be00000, 0x000000071be00000| Complete 
| 224|0x000000071c000000, 0x000000071c200000, 0x000000071c200000|100%| E|CS|TAMS 0x000000071c000000, 0x000000071c000000| Complete 
| 225|0x000000071c200000, 0x000000071c400000, 0x000000071c400000|100%| E|CS|TAMS 0x000000071c200000, 0x000000071c200000| Complete 
| 226|0x000000071c400000, 0x000000071c600000, 0x000000071c600000|100%| E|CS|TAMS 0x000000071c400000, 0x000000071c400000| Complete 
| 227|0x000000071c600000, 0x000000071c800000, 0x000000071c800000|100%| E|CS|TAMS 0x000000071c600000, 0x000000071c600000| Complete 
| 228|0x000000071c800000, 0x000000071ca00000, 0x000000071ca00000|100%| E|CS|TAMS 0x000000071c800000, 0x000000071c800000| Complete 
| 229|0x000000071ca00000, 0x000000071cc00000, 0x000000071cc00000|100%| E|CS|TAMS 0x000000071ca00000, 0x000000071ca00000| Complete 
| 230|0x000000071cc00000, 0x000000071ce00000, 0x000000071ce00000|100%| E|CS|TAMS 0x000000071cc00000, 0x000000071cc00000| Complete 
| 231|0x000000071ce00000, 0x000000071d000000, 0x000000071d000000|100%| E|CS|TAMS 0x000000071ce00000, 0x000000071ce00000| Complete 
| 232|0x000000071d000000, 0x000000071d200000, 0x000000071d200000|100%| E|CS|TAMS 0x000000071d000000, 0x000000071d000000| Complete 
| 233|0x000000071d200000, 0x000000071d400000, 0x000000071d400000|100%| E|CS|TAMS 0x000000071d200000, 0x000000071d200000| Complete 
| 234|0x000000071d400000, 0x000000071d600000, 0x000000071d600000|100%| E|CS|TAMS 0x000000071d400000, 0x000000071d400000| Complete 
| 235|0x000000071d600000, 0x000000071d800000, 0x000000071d800000|100%| E|CS|TAMS 0x000000071d600000, 0x000000071d600000| Complete 

Card table byte_map: [0x000001e4ce3b0000,0x000001e4cebb0000] _byte_map_base: 0x000001e4cabb0000

Marking Bits (Prev, Next): (CMBitMap*) 0x000001e4b7377c50, (CMBitMap*) 0x000001e4b7377c10
 Prev Bits: [0x000001e4d33b0000, 0x000001e4d73b0000)
 Next Bits: [0x000001e4cf3b0000, 0x000001e4d33b0000)

Polling page: 0x000001e4b5200000

Metaspace:

Usage:
  Non-class:     86.27 MB used.
      Class:     13.82 MB used.
       Both:    100.09 MB used.

Virtual space:
  Non-class space:      128.00 MB reserved,      87.38 MB ( 68%) committed,  2 nodes.
      Class space:        1.00 GB reserved,      14.69 MB (  1%) committed,  1 nodes.
             Both:        1.12 GB reserved,     102.06 MB (  9%) committed. 

Chunk freelists:
   Non-Class:  8.59 MB
       Class:  1.12 MB
        Both:  9.72 MB

MaxMetaspaceSize: 2.00 GB
CompressedClassSpaceSize: 1.00 GB
Initial GC threshold: 21.00 MB
Current GC threshold: 119.19 MB
CDS: on
MetaspaceReclaimPolicy: balanced
 - commit_granule_bytes: 65536.
 - commit_granule_words: 8192.
 - virtual_space_node_default_size: 8388608.
 - enlarge_chunks_in_place: 1.
 - new_chunks_are_fully_committed: 0.
 - uncommit_free_chunks: 1.
 - use_allocation_guard: 0.
 - handle_deallocations: 1.


Internal statistics:

num_allocs_failed_limit: 6.
num_arena_births: 2454.
num_arena_deaths: 0.
num_vsnodes_births: 3.
num_vsnodes_deaths: 0.
num_space_committed: 1633.
num_space_uncommitted: 0.
num_chunks_returned_to_freelist: 6.
num_chunks_taken_from_freelist: 7413.
num_chunk_merges: 6.
num_chunk_splits: 4469.
num_chunks_enlarged: 2443.
num_inconsistent_stats: 0.

CodeHeap 'non-profiled nmethods': size=120000Kb used=12133Kb max_used=12133Kb free=107866Kb
 bounds [0x000001e4c6680000, 0x000001e4c7260000, 0x000001e4cdbb0000]
CodeHeap 'profiled nmethods': size=120000Kb used=33304Kb max_used=33304Kb free=86695Kb
 bounds [0x000001e4bebb0000, 0x000001e4c0c40000, 0x000001e4c60e0000]
CodeHeap 'non-nmethods': size=5760Kb used=2455Kb max_used=2529Kb free=3305Kb
 bounds [0x000001e4c60e0000, 0x000001e4c6380000, 0x000001e4c6680000]
 total_blobs=18024 nmethods=17065 adapters=866
 compilation: enabled
              stopped_count=0, restarted_count=0
 full_count=0

Compilation events (20 events):
Event: 105.975 Thread 0x000001e526c05580 nmethod 20105 0x000001e4c724fa10 code [0x000001e4c724fce0, 0x000001e4c72517e0]
Event: 105.975 Thread 0x000001e526c05580 20106       4       org.apache.xerces.util.XMLAttributesImpl::addAttributeNS (169 bytes)
Event: 105.985 Thread 0x000001e526c05580 nmethod 20106 0x000001e4c7252910 code [0x000001e4c7252aa0, 0x000001e4c72533f8]
Event: 105.985 Thread 0x000001e526c05580 20107       4       org.apache.xerces.dom.ElementImpl::setAttributeNode (113 bytes)
Event: 105.991 Thread 0x000001e526c05580 nmethod 20107 0x000001e4c7253690 code [0x000001e4c7253860, 0x000001e4c7253da8]
Event: 105.991 Thread 0x000001e526c05580 20108       4       org.apache.xerces.impl.XMLEntityScanner::reset (21 bytes)
Event: 105.993 Thread 0x000001e526c05580 nmethod 20108 0x000001e4c7254190 code [0x000001e4c7254300, 0x000001e4c72546b8]
Event: 105.998 Thread 0x000001e526c05580 20112       4       com.android.ide.common.resources.ResourceMergerItem::getName (5 bytes)
Event: 105.998 Thread 0x000001e526c05580 nmethod 20112 0x000001e4c7254710 code [0x000001e4c7254880, 0x000001e4c72548f8]
Event: 106.003 Thread 0x000001e526c05580 20113       4       com.android.ide.common.resources.ResourceMergerItem::getSourceFile (5 bytes)
Event: 106.004 Thread 0x000001e526c05580 nmethod 20113 0x000001e4c7254a10 code [0x000001e4c7254b80, 0x000001e4c7254bf8]
Event: 106.006 Thread 0x000001e4d9899c50 20114       3       org.apache.xerces.parsers.ObjectFactory::findClassLoader (89 bytes)
Event: 106.008 Thread 0x000001e4d9899c50 nmethod 20114 0x000001e4c0c34190 code [0x000001e4c0c34600, 0x000001e4c0c36a18]
Event: 106.011 Thread 0x000001e526c05580 20115       4       com.android.utils.PositionXmlParser$DomBuilder::addNodeToParent (59 bytes)
Event: 106.021 Thread 0x000001e526c05580 nmethod 20115 0x000001e4c7254d10 code [0x000001e4c7254ee0, 0x000001e4c7255588]
Event: 106.021 Thread 0x000001e526c05580 20116       4       org.apache.xerces.dom.CoreDocumentImpl::checkNamespaceWF (51 bytes)
Event: 106.022 Thread 0x000001e526c05580 nmethod 20116 0x000001e4c7255a10 code [0x000001e4c7255ba0, 0x000001e4c7255cd8]
Event: 106.022 Thread 0x000001e526c05580 20117       4       org.apache.xerces.dom.CoreDocumentImpl::checkQName (95 bytes)
Event: 106.023 Thread 0x000001e4d9893350 nmethod 20109 0x000001e4c7255e90 code [0x000001e4c7256100, 0x000001e4c7258758]
Event: 106.034 Thread 0x000001e4d9893350 20118       4       org.apache.xerces.parsers.AbstractSAXParser::startNamespaceMapping (77 bytes)

GC Heap History (20 events):
Event: 35.519 GC heap after
{Heap after GC invocations=42 (full 0):
 garbage-first heap   total 241664K, used 139264K [0x0000000700000000, 0x0000000800000000)
  region size 2048K, 6 young (12288K), 6 survivors (12288K)
 Metaspace       used 84442K, committed 85568K, reserved 1179648K
  class space    used 11836K, committed 12352K, reserved 1048576K
}
Event: 36.592 GC heap before
{Heap before GC invocations=42 (full 0):
 garbage-first heap   total 241664K, used 190464K [0x0000000700000000, 0x0000000800000000)
  region size 2048K, 32 young (65536K), 6 survivors (12288K)
 Metaspace       used 84787K, committed 85952K, reserved 1179648K
  class space    used 11885K, committed 12416K, reserved 1048576K
}
Event: 36.616 GC heap after
{Heap after GC invocations=43 (full 0):
 garbage-first heap   total 241664K, used 154681K [0x0000000700000000, 0x0000000800000000)
  region size 2048K, 4 young (8192K), 4 survivors (8192K)
 Metaspace       used 84787K, committed 85952K, reserved 1179648K
  class space    used 11885K, committed 12416K, reserved 1048576K
}
Event: 37.463 GC heap before
{Heap before GC invocations=43 (full 0):
 garbage-first heap   total 241664K, used 191545K [0x0000000700000000, 0x0000000800000000)
  region size 2048K, 22 young (45056K), 4 survivors (8192K)
 Metaspace       used 85114K, committed 86272K, reserved 1179648K
  class space    used 11927K, committed 12480K, reserved 1048576K
}
Event: 37.480 GC heap after
{Heap after GC invocations=44 (full 0):
 garbage-first heap   total 241664K, used 161792K [0x0000000700000000, 0x0000000800000000)
  region size 2048K, 3 young (6144K), 3 survivors (6144K)
 Metaspace       used 85114K, committed 86272K, reserved 1179648K
  class space    used 11927K, committed 12480K, reserved 1048576K
}
Event: 38.104 GC heap before
{Heap before GC invocations=44 (full 0):
 garbage-first heap   total 241664K, used 194560K [0x0000000700000000, 0x0000000800000000)
  region size 2048K, 19 young (38912K), 3 survivors (6144K)
 Metaspace       used 85578K, committed 86912K, reserved 1179648K
  class space    used 12003K, committed 12608K, reserved 1048576K
}
Event: 38.124 GC heap after
{Heap after GC invocations=45 (full 0):
 garbage-first heap   total 483328K, used 168700K [0x0000000700000000, 0x0000000800000000)
  region size 2048K, 3 young (6144K), 3 survivors (6144K)
 Metaspace       used 85578K, committed 86912K, reserved 1179648K
  class space    used 12003K, committed 12608K, reserved 1048576K
}
Event: 42.033 GC heap before
{Heap before GC invocations=45 (full 0):
 garbage-first heap   total 483328K, used 353020K [0x0000000700000000, 0x0000000800000000)
  region size 2048K, 91 young (186368K), 3 survivors (6144K)
 Metaspace       used 87331K, committed 88896K, reserved 1179648K
  class space    used 12277K, committed 12992K, reserved 1048576K
}
Event: 42.091 GC heap after
{Heap after GC invocations=46 (full 0):
 garbage-first heap   total 483328K, used 206826K [0x0000000700000000, 0x0000000800000000)
  region size 2048K, 12 young (24576K), 12 survivors (24576K)
 Metaspace       used 87331K, committed 88896K, reserved 1179648K
  class space    used 12277K, committed 12992K, reserved 1048576K
}
Event: 44.547 GC heap before
{Heap before GC invocations=46 (full 0):
 garbage-first heap   total 483328K, used 352234K [0x0000000700000000, 0x0000000800000000)
  region size 2048K, 83 young (169984K), 12 survivors (24576K)
 Metaspace       used 93268K, committed 94848K, reserved 1179648K
  class space    used 13083K, committed 13760K, reserved 1048576K
}
Event: 44.617 GC heap after
{Heap after GC invocations=47 (full 0):
 garbage-first heap   total 483328K, used 236639K [0x0000000700000000, 0x0000000800000000)
  region size 2048K, 11 young (22528K), 11 survivors (22528K)
 Metaspace       used 93268K, committed 94848K, reserved 1179648K
  class space    used 13083K, committed 13760K, reserved 1048576K
}
Event: 46.621 GC heap before
{Heap before GC invocations=47 (full 0):
 garbage-first heap   total 483328K, used 361567K [0x0000000700000000, 0x0000000800000000)
  region size 2048K, 72 young (147456K), 11 survivors (22528K)
 Metaspace       used 95921K, committed 97728K, reserved 1179648K
  class space    used 13427K, committed 14208K, reserved 1048576K
}
Event: 46.688 GC heap after
{Heap after GC invocations=48 (full 0):
 garbage-first heap   total 483328K, used 270336K [0x0000000700000000, 0x0000000800000000)
  region size 2048K, 9 young (18432K), 9 survivors (18432K)
 Metaspace       used 95921K, committed 97728K, reserved 1179648K
  class space    used 13427K, committed 14208K, reserved 1048576K
}
Event: 88.413 GC heap before
{Heap before GC invocations=48 (full 0):
 garbage-first heap   total 483328K, used 368640K [0x0000000700000000, 0x0000000800000000)
  region size 2048K, 58 young (118784K), 9 survivors (18432K)
 Metaspace       used 98056K, committed 99968K, reserved 1179648K
  class space    used 13766K, committed 14592K, reserved 1048576K
}
Event: 88.464 GC heap after
{Heap after GC invocations=49 (full 0):
 garbage-first heap   total 483328K, used 289658K [0x0000000700000000, 0x0000000800000000)
  region size 2048K, 8 young (16384K), 8 survivors (16384K)
 Metaspace       used 98056K, committed 99968K, reserved 1179648K
  class space    used 13766K, committed 14592K, reserved 1048576K
}
Event: 92.475 GC heap before
{Heap before GC invocations=49 (full 0):
 garbage-first heap   total 483328K, used 379770K [0x0000000700000000, 0x0000000800000000)
  region size 2048K, 53 young (108544K), 8 survivors (16384K)
 Metaspace       used 100016K, committed 101952K, reserved 1179648K
  class space    used 13956K, committed 14784K, reserved 1048576K
}
Event: 92.506 GC heap after
{Heap after GC invocations=50 (full 0):
 garbage-first heap   total 483328K, used 298460K [0x0000000700000000, 0x0000000800000000)
  region size 2048K, 5 young (10240K), 5 survivors (10240K)
 Metaspace       used 100016K, committed 101952K, reserved 1179648K
  class space    used 13956K, committed 14784K, reserved 1048576K
}
Event: 102.569 GC heap before
{Heap before GC invocations=50 (full 0):
 garbage-first heap   total 483328K, used 386524K [0x0000000700000000, 0x0000000800000000)
  region size 2048K, 49 young (100352K), 5 survivors (10240K)
 Metaspace       used 101107K, committed 103040K, reserved 1179648K
  class space    used 14029K, committed 14848K, reserved 1048576K
}
Event: 102.590 GC heap after
{Heap after GC invocations=51 (full 0):
 garbage-first heap   total 483328K, used 302781K [0x0000000700000000, 0x0000000800000000)
  region size 2048K, 4 young (8192K), 4 survivors (8192K)
 Metaspace       used 101107K, committed 103040K, reserved 1179648K
  class space    used 14029K, committed 14848K, reserved 1048576K
}
Event: 106.040 GC heap before
{Heap before GC invocations=51 (full 0):
 garbage-first heap   total 483328K, used 390845K [0x0000000700000000, 0x0000000800000000)
  region size 2048K, 48 young (98304K), 4 survivors (8192K)
 Metaspace       used 102493K, committed 104512K, reserved 1179648K
  class space    used 14152K, committed 15040K, reserved 1048576K
}

Deoptimization events (20 events):
Event: 105.907 Thread 0x000001e521003050 Uncommon trap: trap_request=0xffffffde fr.pc=0x000001e4c724a440 relative=0x0000000000001e60
Event: 105.907 Thread 0x000001e521003050 Uncommon trap: reason=class_check action=maybe_recompile pc=0x000001e4c724a440 method=com.android.ide.common.resources.configuration.FolderConfiguration.getQualifierString()Ljava/lang/String; @ 37 c2
Event: 105.907 Thread 0x000001e521003050 DEOPT PACKING pc=0x000001e4c724a440 sp=0x000000233e1fa550
Event: 105.907 Thread 0x000001e521003050 DEOPT UNPACKING pc=0x000001e4c61323a3 sp=0x000000233e1fa3f8 mode 2
Event: 105.909 Thread 0x000001e521003050 Uncommon trap: trap_request=0xffffffde fr.pc=0x000001e4c724a440 relative=0x0000000000001e60
Event: 105.909 Thread 0x000001e521003050 Uncommon trap: reason=class_check action=maybe_recompile pc=0x000001e4c724a440 method=com.android.ide.common.resources.configuration.FolderConfiguration.getQualifierString()Ljava/lang/String; @ 37 c2
Event: 105.909 Thread 0x000001e521003050 DEOPT PACKING pc=0x000001e4c724a440 sp=0x000000233e1fa550
Event: 105.909 Thread 0x000001e521003050 DEOPT UNPACKING pc=0x000001e4c61323a3 sp=0x000000233e1fa3f8 mode 2
Event: 105.911 Thread 0x000001e521003050 Uncommon trap: trap_request=0xffffffde fr.pc=0x000001e4c724a440 relative=0x0000000000001e60
Event: 105.911 Thread 0x000001e521003050 Uncommon trap: reason=class_check action=maybe_recompile pc=0x000001e4c724a440 method=com.android.ide.common.resources.configuration.FolderConfiguration.getQualifierString()Ljava/lang/String; @ 37 c2
Event: 105.911 Thread 0x000001e521003050 DEOPT PACKING pc=0x000001e4c724a440 sp=0x000000233e1fa550
Event: 105.911 Thread 0x000001e521003050 DEOPT UNPACKING pc=0x000001e4c61323a3 sp=0x000000233e1fa3f8 mode 2
Event: 105.941 Thread 0x000001e521003050 Uncommon trap: trap_request=0xffffffde fr.pc=0x000001e4c724a440 relative=0x0000000000001e60
Event: 105.941 Thread 0x000001e521003050 Uncommon trap: reason=class_check action=maybe_recompile pc=0x000001e4c724a440 method=com.android.ide.common.resources.configuration.FolderConfiguration.getQualifierString()Ljava/lang/String; @ 37 c2
Event: 105.941 Thread 0x000001e521003050 DEOPT PACKING pc=0x000001e4c724a440 sp=0x000000233e1fa550
Event: 105.941 Thread 0x000001e521003050 DEOPT UNPACKING pc=0x000001e4c61323a3 sp=0x000000233e1fa3f8 mode 2
Event: 105.956 Thread 0x000001e521003050 Uncommon trap: trap_request=0xffffffde fr.pc=0x000001e4c7246260 relative=0x00000000000011c0
Event: 105.956 Thread 0x000001e521003050 Uncommon trap: reason=class_check action=maybe_recompile pc=0x000001e4c7246260 method=com.android.ide.common.resources.configuration.FolderConfiguration.getQualifierString()Ljava/lang/String; @ 37 c2
Event: 105.956 Thread 0x000001e521003050 DEOPT PACKING pc=0x000001e4c7246260 sp=0x000000233e1fa480
Event: 105.956 Thread 0x000001e521003050 DEOPT UNPACKING pc=0x000001e4c61323a3 sp=0x000000233e1fa478 mode 2

Classes unloaded (0 events):
No events

Classes redefined (0 events):
No events

Internal exceptions (20 events):
Event: 103.632 Thread 0x000001e521003050 Exception <a 'sun/nio/fs/WindowsException'{0x000000071c69aa58}> (0x000000071c69aa58) 
thrown [s\open\src\hotspot\share\prims\jni.cpp, line 516]
Event: 103.632 Thread 0x000001e521003050 Exception <a 'sun/nio/fs/WindowsException'{0x000000071c69bb78}> (0x000000071c69bb78) 
thrown [s\open\src\hotspot\share\prims\jni.cpp, line 516]
Event: 103.672 Thread 0x000001e521003050 Exception <a 'sun/nio/fs/WindowsException'{0x000000071c7bfe68}> (0x000000071c7bfe68) 
thrown [s\open\src\hotspot\share\prims\jni.cpp, line 516]
Event: 103.672 Thread 0x000001e521003050 Exception <a 'sun/nio/fs/WindowsException'{0x000000071c7c0f90}> (0x000000071c7c0f90) 
thrown [s\open\src\hotspot\share\prims\jni.cpp, line 516]
Event: 103.792 Thread 0x000001e521003050 Exception <a 'sun/nio/fs/WindowsException'{0x000000071c4e6b30}> (0x000000071c4e6b30) 
thrown [s\open\src\hotspot\share\prims\jni.cpp, line 516]
Event: 103.792 Thread 0x000001e521003050 Exception <a 'sun/nio/fs/WindowsException'{0x000000071c4e7c68}> (0x000000071c4e7c68) 
thrown [s\open\src\hotspot\share\prims\jni.cpp, line 516]
Event: 103.916 Thread 0x000001e521003050 Exception <a 'sun/nio/fs/WindowsException'{0x000000071c239348}> (0x000000071c239348) 
thrown [s\open\src\hotspot\share\prims\jni.cpp, line 516]
Event: 103.917 Thread 0x000001e521003050 Exception <a 'sun/nio/fs/WindowsException'{0x000000071c23a460}> (0x000000071c23a460) 
thrown [s\open\src\hotspot\share\prims\jni.cpp, line 516]
Event: 103.927 Thread 0x000001e521003050 Exception <a 'sun/nio/fs/WindowsException'{0x000000071c24fdc0}> (0x000000071c24fdc0) 
thrown [s\open\src\hotspot\share\prims\jni.cpp, line 516]
Event: 104.002 Thread 0x000001e521003050 Exception <a 'sun/nio/fs/WindowsException'{0x000000071c3522e8}> (0x000000071c3522e8) 
thrown [s\open\src\hotspot\share\prims\jni.cpp, line 516]
Event: 104.002 Thread 0x000001e521003050 Exception <a 'sun/nio/fs/WindowsException'{0x000000071c353420}> (0x000000071c353420) 
thrown [s\open\src\hotspot\share\prims\jni.cpp, line 516]
Event: 104.098 Thread 0x000001e521003050 Exception <a 'sun/nio/fs/WindowsException'{0x000000071c0d8700}> (0x000000071c0d8700) 
thrown [s\open\src\hotspot\share\prims\jni.cpp, line 516]
Event: 104.099 Thread 0x000001e521003050 Exception <a 'sun/nio/fs/WindowsException'{0x000000071c0d9810}> (0x000000071c0d9810) 
thrown [s\open\src\hotspot\share\prims\jni.cpp, line 516]
Event: 104.186 Thread 0x000001e521003a70 Exception <a 'sun/nio/fs/WindowsException'{0x000000071be114b0}> (0x000000071be114b0) 
thrown [s\open\src\hotspot\share\prims\jni.cpp, line 516]
Event: 104.187 Thread 0x000001e521003a70 Exception <a 'sun/nio/fs/WindowsException'{0x000000071be12330}> (0x000000071be12330) 
thrown [s\open\src\hotspot\share\prims\jni.cpp, line 516]
Event: 104.261 Thread 0x000001e521003a70 Exception <a 'sun/nio/fs/WindowsException'{0x000000071bf70ff0}> (0x000000071bf70ff0) 
thrown [s\open\src\hotspot\share\prims\jni.cpp, line 516]
Event: 104.262 Thread 0x000001e521003a70 Exception <a 'sun/nio/fs/WindowsException'{0x000000071bf71e78}> (0x000000071bf71e78) 
thrown [s\open\src\hotspot\share\prims\jni.cpp, line 516]
Event: 104.565 Thread 0x000001e521003050 Exception <a 'sun/nio/fs/WindowsException'{0x000000071af76380}> (0x000000071af76380) 
thrown [s\open\src\hotspot\share\prims\jni.cpp, line 516]
Event: 104.565 Thread 0x000001e521003050 Exception <a 'sun/nio/fs/WindowsException'{0x000000071af774a0}> (0x000000071af774a0) 
thrown [s\open\src\hotspot\share\prims\jni.cpp, line 516]
Event: 105.825 Thread 0x000001e521003050 Implicit null exception at 0x000001e4c723f9d1 to 0x000001e4c723fa3c

VM Operations (20 events):
Event: 97.062 Executing VM operation: Cleanup done
Event: 99.071 Executing VM operation: Cleanup
Event: 99.071 Executing VM operation: Cleanup done
Event: 101.094 Executing VM operation: Cleanup
Event: 101.094 Executing VM operation: Cleanup done
Event: 102.111 Executing VM operation: Cleanup
Event: 102.112 Executing VM operation: Cleanup done
Event: 102.569 Executing VM operation: G1CollectForAllocation
Event: 102.590 Executing VM operation: G1CollectForAllocation done
Event: 103.430 Executing VM operation: HandshakeAllThreads
Event: 103.430 Executing VM operation: HandshakeAllThreads done
Event: 104.099 Executing VM operation: ICBufferFull
Event: 104.100 Executing VM operation: ICBufferFull done
Event: 105.109 Executing VM operation: Cleanup
Event: 105.109 Executing VM operation: Cleanup done
Event: 105.333 Executing VM operation: HandshakeAllThreads
Event: 105.334 Executing VM operation: HandshakeAllThreads done
Event: 105.474 Executing VM operation: ICBufferFull
Event: 105.475 Executing VM operation: ICBufferFull done
Event: 106.040 Executing VM operation: G1CollectForAllocation

Events (20 events):
Event: 103.491 loading class sun/net/ProgressMeteringPolicy done
Event: 103.491 loading class sun/net/DefaultProgressMeteringPolicy done
Event: 103.604 Thread 0x000001e526c07010 Thread added: 0x000001e526c07010
Event: 103.917 Thread 0x000001e526c07010 Thread exited: 0x000001e526c07010
Event: 104.337 Thread 0x000001e526c05580 Thread added: 0x000001e526c05580
Event: 104.676 loading class org/xml/sax/ext/DefaultHandler2
Event: 104.676 loading class org/xml/sax/ext/LexicalHandler
Event: 104.676 loading class org/xml/sax/ext/LexicalHandler done
Event: 104.676 loading class org/xml/sax/ext/DeclHandler
Event: 104.676 loading class org/xml/sax/ext/DeclHandler done
Event: 104.676 loading class org/xml/sax/ext/DefaultHandler2 done
Event: 104.683 loading class org/xml/sax/DocumentHandler
Event: 104.683 loading class org/xml/sax/DocumentHandler done
Event: 105.339 Thread 0x000001e4d98bad60 flushing nmethod 0x000001e4c7117290
Event: 105.339 Thread 0x000001e4d98bad60 flushing nmethod 0x000001e4c7179a10
Event: 105.343 Thread 0x000001e4d98bad60 flushing nmethod 0x000001e4bf022990
Event: 105.348 Thread 0x000001e4d98bad60 flushing nmethod 0x000001e4bf5e6910
Event: 105.359 Thread 0x000001e4d98bad60 flushing nmethod 0x000001e4c031a190
Event: 105.361 Thread 0x000001e4d98bad60 flushing nmethod 0x000001e4c0684590
Event: 105.363 Thread 0x000001e4d98bad60 flushing nmethod 0x000001e4c07b5010


Dynamic libraries:
0x00007ff77d3c0000 - 0x00007ff77d3d0000 	C:\Program Files\Java\jdk-17\bin\java.exe
0x00007ffc83b10000 - 0x00007ffc83d08000 	C:\Windows\SYSTEM32\ntdll.dll
0x00007ffc836a0000 - 0x00007ffc83762000 	C:\Windows\System32\KERNEL32.DLL
0x00007ffc811b0000 - 0x00007ffc814af000 	C:\Windows\System32\KERNELBASE.dll
0x00007ffc81750000 - 0x00007ffc81850000 	C:\Windows\System32\ucrtbase.dll
0x00007ffc74610000 - 0x00007ffc74629000 	C:\Program Files\Java\jdk-17\bin\jli.dll
0x00007ffc828e0000 - 0x00007ffc8298f000 	C:\Windows\System32\ADVAPI32.dll
0x00007ffc81e90000 - 0x00007ffc81f2e000 	C:\Windows\System32\msvcrt.dll
0x00007ffc81b30000 - 0x00007ffc81bcf000 	C:\Windows\System32\sechost.dll
0x00007ffc81fa0000 - 0x00007ffc820c3000 	C:\Windows\System32\RPCRT4.dll
0x00007ffc77160000 - 0x00007ffc7717b000 	C:\Program Files\Java\jdk-17\bin\VCRUNTIME140.dll
0x00007ffc814e0000 - 0x00007ffc81507000 	C:\Windows\System32\bcrypt.dll
0x00007ffc83420000 - 0x00007ffc835bd000 	C:\Windows\System32\USER32.dll
0x00007ffc814b0000 - 0x00007ffc814d2000 	C:\Windows\System32\win32u.dll
0x00007ffc82990000 - 0x00007ffc829bb000 	C:\Windows\System32\GDI32.dll
0x00007ffc81630000 - 0x00007ffc8174a000 	C:\Windows\System32\gdi32full.dll
0x00007ffc736c0000 - 0x00007ffc7395a000 	C:\Windows\WinSxS\amd64_microsoft.windows.common-controls_6595b64144ccf1df_6.0.19041.4355_none_60b8b9eb71f62e16\COMCTL32.dll
0x00007ffc81850000 - 0x00007ffc818ed000 	C:\Windows\System32\msvcp_win.dll
0x00007ffc80d10000 - 0x00007ffc80d1a000 	C:\Windows\SYSTEM32\VERSION.dll
0x00007ffc820d0000 - 0x00007ffc820ff000 	C:\Windows\System32\IMM32.DLL
0x0000000051bf0000 - 0x0000000051bfc000 	C:\Program Files (x86)\360\Total Security\safemon\SafeWrapper.dll
0x00007ffc19db0000 - 0x00007ffc19e5c000 	C:\Program Files (x86)\360\Total Security\safemon\libzdtp64.dll
0x00007ffc82a70000 - 0x00007ffc831dd000 	C:\Windows\System32\SHELL32.dll
0x00007ffc81be0000 - 0x00007ffc81c35000 	C:\Windows\System32\SHLWAPI.dll
0x00007ffc775a0000 - 0x00007ffc775ac000 	C:\Program Files\Java\jdk-17\bin\vcruntime140_1.dll
0x00007ffc11c70000 - 0x00007ffc11cfe000 	C:\Program Files\Java\jdk-17\bin\msvcp140.dll
0x00007ffc11f80000 - 0x00007ffc12b60000 	C:\Program Files\Java\jdk-17\bin\server\jvm.dll
0x00007ffc81bd0000 - 0x00007ffc81bd8000 	C:\Windows\System32\PSAPI.DLL
0x00007ffc775b0000 - 0x00007ffc775b9000 	C:\Windows\SYSTEM32\WSOCK32.dll
0x00007ffc826c0000 - 0x00007ffc8272b000 	C:\Windows\System32\WS2_32.dll
0x00007ffc6fee0000 - 0x00007ffc6ff07000 	C:\Windows\SYSTEM32\WINMM.dll
0x00007ffc7f990000 - 0x00007ffc7f9a2000 	C:\Windows\SYSTEM32\kernel.appcore.dll
0x00007ffc5f520000 - 0x00007ffc5f52a000 	C:\Program Files\Java\jdk-17\bin\jimage.dll
0x00007ffc7c630000 - 0x00007ffc7c814000 	C:\Windows\SYSTEM32\DBGHELP.DLL
0x00007ffc76110000 - 0x00007ffc76144000 	C:\Windows\SYSTEM32\dbgcore.DLL
0x00007ffc818f0000 - 0x00007ffc81972000 	C:\Windows\System32\bcryptPrimitives.dll
0x00007ffc17e80000 - 0x00007ffc17ea5000 	C:\Program Files\Java\jdk-17\bin\java.dll
0x00007ffc11ea0000 - 0x00007ffc11f77000 	C:\Program Files\Java\jdk-17\bin\jsvml.dll
0x00007ffc7bdb0000 - 0x00007ffc7c554000 	C:\Windows\SYSTEM32\windows.storage.dll
0x00007ffc83770000 - 0x00007ffc83ac5000 	C:\Windows\System32\combase.dll
0x00007ffc80b70000 - 0x00007ffc80b9b000 	C:\Windows\SYSTEM32\Wldp.dll
0x00007ffc82730000 - 0x00007ffc827fd000 	C:\Windows\System32\OLEAUT32.dll
0x00007ffc829c0000 - 0x00007ffc82a6d000 	C:\Windows\System32\SHCORE.dll
0x00007ffc810e0000 - 0x00007ffc81105000 	C:\Windows\SYSTEM32\profapi.dll
0x00007ffc18310000 - 0x00007ffc18329000 	C:\Program Files\Java\jdk-17\bin\net.dll
0x00007ffc75bb0000 - 0x00007ffc75cba000 	C:\Windows\SYSTEM32\WINHTTP.dll
0x00007ffc808d0000 - 0x00007ffc8093c000 	C:\Windows\system32\mswsock.dll
0x00007ffc17e60000 - 0x00007ffc17e76000 	C:\Program Files\Java\jdk-17\bin\nio.dll
0x00007ffc17e40000 - 0x00007ffc17e58000 	C:\Program Files\Java\jdk-17\bin\zip.dll
0x00007ffc5d610000 - 0x00007ffc5d620000 	C:\Program Files\Java\jdk-17\bin\verify.dll
0x00007ffc0e710000 - 0x00007ffc0e737000 	C:\Users\Al-Mahdi\.gradle\native\c067742578af261105cb4f569cf0c3c89f3d7b1fecec35dd04571415982c5e48\windows-amd64\native-platform.dll
0x00007ffc00a80000 - 0x00007ffc00bc4000 	C:\Users\Al-Mahdi\.gradle\native\38dada09dfb8b06ba9b0570ebf7e218e3eb74d4ef43ca46872605cf95ebc2f47\windows-amd64\native-platform-file-events.dll
0x00007ffc74600000 - 0x00007ffc7460a000 	C:\Program Files\Java\jdk-17\bin\management.dll
0x00007ffc745f0000 - 0x00007ffc745fb000 	C:\Program Files\Java\jdk-17\bin\management_ext.dll
0x00007ffc80ac0000 - 0x00007ffc80ad8000 	C:\Windows\SYSTEM32\CRYPTSP.dll
0x00007ffc80180000 - 0x00007ffc801b8000 	C:\Windows\system32\rsaenh.dll
0x00007ffc810a0000 - 0x00007ffc810ce000 	C:\Windows\SYSTEM32\USERENV.dll
0x00007ffc80ae0000 - 0x00007ffc80aec000 	C:\Windows\SYSTEM32\CRYPTBASE.dll
0x00007ffc80560000 - 0x00007ffc8059b000 	C:\Windows\SYSTEM32\IPHLPAPI.DLL
0x00007ffc82100000 - 0x00007ffc82108000 	C:\Windows\System32\NSI.dll
0x00007ffc76150000 - 0x00007ffc76167000 	C:\Windows\SYSTEM32\dhcpcsvc6.DLL
0x00007ffc76990000 - 0x00007ffc769ad000 	C:\Windows\SYSTEM32\dhcpcsvc.DLL
0x00007ffc805b0000 - 0x00007ffc8067a000 	C:\Windows\SYSTEM32\DNSAPI.dll
0x00007ffc5d100000 - 0x00007ffc5d10e000 	C:\Program Files\Java\jdk-17\bin\sunmscapi.dll
0x00007ffc819d0000 - 0x00007ffc81b2c000 	C:\Windows\System32\CRYPT32.dll
0x00007ffc80be0000 - 0x00007ffc80c07000 	C:\Windows\SYSTEM32\ncrypt.dll
0x00007ffc80ba0000 - 0x00007ffc80bdb000 	C:\Windows\SYSTEM32\NTASN1.dll
0x00007ffc5a050000 - 0x00007ffc5a057000 	C:\Windows\system32\wshunix.dll
0x00007ffc72f40000 - 0x00007ffc72f57000 	C:\Windows\system32\napinsp.dll
0x00007ffc72da0000 - 0x00007ffc72dbb000 	C:\Windows\system32\pnrpnsp.dll
0x00007ffc5b570000 - 0x00007ffc5b585000 	C:\Windows\system32\wshbth.dll
0x00007ffc77670000 - 0x00007ffc7768d000 	C:\Windows\system32\NLAapi.dll
0x00007ffc59ea0000 - 0x00007ffc59eb2000 	C:\Windows\System32\winrnr.dll
0x00007ffc74090000 - 0x00007ffc7409a000 	C:\Windows\System32\rasadhlp.dll
0x00007ffc74200000 - 0x00007ffc74280000 	C:\Windows\System32\fwpuclnt.dll
0x00007ffc803d0000 - 0x00007ffc80403000 	C:\Windows\SYSTEM32\ntmarta.dll

dbghelp: loaded successfully - version: 4.0.5 - missing functions: none
symbol engine: initialized successfully - sym options: 0x614 - pdb path: .;C:\Program Files\Java\jdk-17\bin;C:\Windows\SYSTEM32;C:\Windows\WinSxS\amd64_microsoft.windows.common-controls_6595b64144ccf1df_6.0.19041.4355_none_60b8b9eb71f62e16;C:\Program Files (x86)\360\Total Security\safemon;C:\Program Files\Java\jdk-17\bin\server;C:\Users\Al-Mahdi\.gradle\native\c067742578af261105cb4f569cf0c3c89f3d7b1fecec35dd04571415982c5e48\windows-amd64;C:\Users\Al-Mahdi\.gradle\native\38dada09dfb8b06ba9b0570ebf7e218e3eb74d4ef43ca46872605cf95ebc2f47\windows-amd64

VM Arguments:
jvm_args: -XX:MaxMetaspaceSize=2G -XX:+HeapDumpOnOutOfMemoryError --add-opens=java.base/java.util=ALL-UNNAMED --add-opens=java.base/java.lang=ALL-UNNAMED --add-opens=java.base/java.lang.invoke=ALL-UNNAMED --add-opens=java.prefs/java.util.prefs=ALL-UNNAMED --add-opens=java.base/java.nio.charset=ALL-UNNAMED --add-opens=java.base/java.net=ALL-UNNAMED --add-opens=java.base/java.util.concurrent.atomic=ALL-UNNAMED -Xmx4G -Dfile.encoding=windows-1252 -Duser.country=US -Duser.language=en -Duser.variant 
java_command: org.gradle.launcher.daemon.bootstrap.GradleDaemon 7.6.3
java_class_path (initial): C:\Users\Al-Mahdi\.gradle\wrapper\dists\gradle-7.6.3-all\aocdy2d2z8kodnny3rsumj8i8\gradle-7.6.3\lib\gradle-launcher-7.6.3.jar
Launcher Type: SUN_STANDARD

[Global flags]
     intx CICompilerCount                          = 3                                         {product} {ergonomic}
     uint ConcGCThreads                            = 1                                         {product} {ergonomic}
     uint G1ConcRefinementThreads                  = 4                                         {product} {ergonomic}
   size_t G1HeapRegionSize                         = 2097152                                   {product} {ergonomic}
    uintx GCDrainStackTargetSize                   = 64                                        {product} {ergonomic}
     bool HeapDumpOnOutOfMemoryError               = true                                   {manageable} {command line}
   size_t InitialHeapSize                          = 132120576                                 {product} {ergonomic}
   size_t MarkStackSize                            = 4194304                                   {product} {ergonomic}
   size_t MaxHeapSize                              = 4294967296                                {product} {command line}
   size_t MaxMetaspaceSize                         = 2147483648                                {product} {command line}
   size_t MaxNewSize                               = 2575302656                                {product} {ergonomic}
   size_t MinHeapDeltaBytes                        = 2097152                                   {product} {ergonomic}
   size_t MinHeapSize                              = 8388608                                   {product} {ergonomic}
    uintx NonNMethodCodeHeapSize                   = 5832780                                {pd product} {ergonomic}
    uintx NonProfiledCodeHeapSize                  = 122912730                              {pd product} {ergonomic}
    uintx ProfiledCodeHeapSize                     = 122912730                              {pd product} {ergonomic}
    uintx ReservedCodeCacheSize                    = 251658240                              {pd product} {ergonomic}
     bool SegmentedCodeCache                       = true                                      {product} {ergonomic}
   size_t SoftMaxHeapSize                          = 4294967296                             {manageable} {ergonomic}
     bool UseCompressedClassPointers               = true                           {product lp64_product} {ergonomic}
     bool UseCompressedOops                        = true                           {product lp64_product} {ergonomic}
     bool UseG1GC                                  = true                                      {product} {ergonomic}
     bool UseLargePagesIndividualAllocation        = false                                  {pd product} {ergonomic}

Logging:
Log output configuration:
 #0: stdout all=warning uptime,level,tags
 #1: stderr all=off uptime,level,tags

Environment Variables:
JAVA_HOME=C:\Program Files\Java\jdk-17
CLASSPATH=E:\khaled_rct_store\RCT-Mobile\android\\gradle\wrapper\gradle-wrapper.jar
PATH=C:\Program Files\Java\jdk-17\bin;C:\Program Files\Common Files\Oracle\Java\javapath;C:\Program Files (x86)\Common Files\Intel\Shared Libraries\redist\intel64\compiler;C:\Windows\system32;C:\Windows;C:\Windows\System32\Wbem;C:\Windows\System32\WindowsPowerShell\v1.0\;C:\Windows\System32\OpenSSH\;C:\Program Files\Git\cmd;C:\Users\Al-Mahdi\AppData\Local\Pub\Cache\bin;C:\Program Files\nodejs\;C:\Program Files\Java\jdk-17\bin;C:\Users\Al-Mahdi\AppData\Local\Microsoft\WindowsApps;C:\src\flutter\bin;C:\dart-sdk\bin;C:\Users\Al-Mahdi\Downloads\flutter_tools;C:\Users\Al-Mahdi\AppData\Local\Programs\Microsoft VS Code\bin;C:\ProgramData\Microsoft\Windows\Start Menu\Programs\Android Studio;C:\Users\Al-Mahdi\AppData\Local\Pub\Cache\bin;C:\Users\Al-Mahdi\AppData\Roaming\npm;C:\Program Files\Java\jdk-17\bin;;C:\src\flutter\bin\mingit\cmd;C:\src\flutter\bin\mingit\cmd
USERNAME=Al-Mahdi
OS=Windows_NT
PROCESSOR_IDENTIFIER=Intel64 Family 6 Model 142 Stepping 9, GenuineIntel



---------------  S Y S T E M  ---------------

OS:
 Windows 10 , 64 bit Build 19041 (10.0.19041.5438)
OS uptime: 0 days 1:15 hours

CPU: total 4 (initial active 4) (2 cores per cpu, 2 threads per core) family 6 model 142 stepping 9 microcode 0xf4, cx8, cmov, fxsr, ht, mmx, 3dnowpref, sse, sse2, sse3, ssse3, sse4.1, sse4.2, popcnt, lzcnt, tsc, tscinvbit, avx, avx2, aes, erms, clmul, bmi1, bmi2, rtm, adx, fma, vzeroupper, clflush, clflushopt

Memory: 4k page, system-wide physical 8050M (1503M free)
TotalPageFile size 19267M (AvailPageFile size 3774M)
current process WorkingSet (physical memory assigned to process): 795M, peak: 802M
current process commit charge ("private bytes"): 848M, peak: 857M

vm_info: Java HotSpot(TM) 64-Bit Server VM (17.0.12+8-LTS-286) for windows-amd64 JRE (17.0.12+8-LTS-286), built on Jun  5 2024 06:46:59 by "mach5one" with MS VC++ 17.6 (VS2022)

END.
