#
# A fatal error has been detected by the Java Runtime Environment:
#
#  EXCEPTION_ACCESS_VIOLATION (0xc0000005) at pc=0x00007ffac5a838e7, pid=13596, tid=3940
#
# JRE version: Java(TM) SE Runtime Environment (17.0.12+8) (build 17.0.12+8-LTS-286)
# Java VM: Java HotSpot(TM) 64-Bit Server VM (17.0.12+8-LTS-286, mixed mode, sharing, tiered, compressed oops, compressed class ptrs, g1 gc, windows-amd64)
# Problematic frame:
# V  [jvm.dll+0x2d38e7]
#
# No core dump will be written. Minidumps are not enabled by default on client versions of Windows
#
# If you would like to submit a bug report, please visit:
#   https://bugreport.java.com/bugreport/crash.jsp
#

---------------  S U M M A R Y ------------

Command Line: -XX:MaxMetaspaceSize=2G -XX:+HeapDumpOnOutOfMemoryError --add-opens=java.base/java.util=ALL-UNNAMED --add-opens=java.base/java.lang=ALL-UNNAMED --add-opens=java.base/java.lang.invoke=ALL-UNNAMED --add-opens=java.prefs/java.util.prefs=ALL-UNNAMED --add-opens=java.base/java.nio.charset=ALL-UNNAMED --add-opens=java.base/java.net=ALL-UNNAMED --add-opens=java.base/java.util.concurrent.atomic=ALL-UNNAMED -Xmx4G -Dfile.encoding=windows-1252 -Duser.country=US -Duser.language=en -Duser.variant org.gradle.launcher.daemon.bootstrap.GradleDaemon 7.6.3

Host: Intel(R) Core(TM) i5-7300U CPU @ 2.60GHz, 4 cores, 7G,  Windows 10 , 64 bit Build 19041 (10.0.19041.5198)
Time: Sat Dec 14 03:47:00 2024 Egypt Standard Time elapsed time: 24.603712 seconds (0d 0h 0m 24s)

---------------  T H R E A D  ---------------

Current thread (0x000001b6045a5e90):  ConcurrentGCThread "G1 Conc#0" [stack: 0x0000006005800000,0x0000006005900000] [id=3940]

Stack: [0x0000006005800000,0x0000006005900000],  sp=0x00000060058ff950,  free space=1022k
Native frames: (J=compiled Java code, j=interpreted, Vv=VM code, C=native code)
V  [jvm.dll+0x2d38e7]
V  [jvm.dll+0x2d37ad]
V  [jvm.dll+0x2d18ad]
V  [jvm.dll+0x2d14f1]
V  [jvm.dll+0x2e6d34]
V  [jvm.dll+0x2e3461]
V  [jvm.dll+0x2e4e2c]
V  [jvm.dll+0x2e3da0]
V  [jvm.dll+0x2e7946]
V  [jvm.dll+0x80832b]
V  [jvm.dll+0x808376]
V  [jvm.dll+0x78abea]
V  [jvm.dll+0x678f35]
C  [ucrtbase.dll+0x21bb2]
C  [KERNEL32.DLL+0x17374]
C  [ntdll.dll+0x4cc91]


siginfo: EXCEPTION_ACCESS_VIOLATION (0xc0000005), reading address 0x00000000000000c0


Registers:
RAX=0x000001b60454a580, RBX=0x000001b6045a6a30, RCX=0x000001b604594c30, RDX=0x0000000000000000
RSP=0x00000060058ff950, RBP=0x0000000000000000, RSI=0x000001b604594c30, RDI=0x0000000604dac3b0
R8 =0x0000000000000000, R9 =0x0000000604dac3b0, R10=0x000001b604594c30, R11=0x0000000000000003
R12=0x0000000000000000, R13=0xaaaaaaaaaaaaaaab, R14=0x000001b627197128, R15=0x0000000705027190
RIP=0x00007ffac5a838e7, EFLAGS=0x0000000000010206


Register to memory mapping:

RIP=0x00007ffac5a838e7 jvm.dll
RAX=0x000001b60454a580 points into unknown readable memory: 0x0000000000000000 | 00 00 00 00 00 00 00 00
RBX=0x000001b6045a6a30 points into unknown readable memory: 0x00007ffac60aa278 | 78 a2 0a c6 fa 7f 00 00
RCX=0x000001b604594c30 points into unknown readable memory: 0x000001b6045a5570 | 70 55 5a 04 b6 01 00 00
RDX=0x0 is NULL
RSP=0x00000060058ff950 points into unknown readable memory: 0x0000000705027180 | 80 71 02 05 07 00 00 00
RBP=0x0 is NULL
RSI=0x000001b604594c30 points into unknown readable memory: 0x000001b6045a5570 | 70 55 5a 04 b6 01 00 00
RDI=0x0000000604dac3b0 is an unknown value
R8 =0x0 is NULL
R9 =0x0000000604dac3b0 is an unknown value
R10=0x000001b604594c30 points into unknown readable memory: 0x000001b6045a5570 | 70 55 5a 04 b6 01 00 00
R11=0x0000000000000003 is an unknown value
R12=0x0 is NULL
R13=0xaaaaaaaaaaaaaaab is an unknown value
R14=0x000001b627197128 is pointing into metadata
R15=0x0000000705027190 is an oop: java.util.concurrent.ConcurrentHashMap$Node 
{0x0000000705027190} - klass: 'java/util/concurrent/ConcurrentHashMap$Node'
 - ---- fields (total size 4 words):
 - final 'hash' 'I' @12  1277417334 (4c23d776)
 - final 'key' 'Ljava/lang/Object;' @16  
[error occurred during error reporting (printing register info), id 0xc0000005, EXCEPTION_ACCESS_VIOLATION (0xc0000005) at pc=0x00007ffac5b3eb3e]

Top of Stack: (sp=0x00000060058ff950)
0x00000060058ff950:   0000000705027180 00007ffac5a837ad
0x00000060058ff960:   000001b6045a6a30 00000060058ffa00
0x00000060058ff970:   0000000604dac3b0 00007ffac5a837ad
0x00000060058ff980:   0000000705027158 00000060058ffb20
0x00000060058ff990:   000001b627197120 000001b62839ea48
0x00000060058ff9a0:   00000007050271ac 00007ffac5a818ad
0x00000060058ff9b0:   00000007050271a0 00007ffac5a81d0d
0x00000060058ff9c0:   00000060058ffb20 0000000000000001
0x00000060058ff9d0:   00000060058ffae0 0000000000000001
0x00000060058ff9e0:   0000000705027190 00007ffac5a814f1
0x00000060058ff9f0:   000001b627196ee0 0000000000000004
0x00000060058ffa00:   00000060058ffb20 0000000000000000
0x00000060058ffa10:   000001b6045a6a30 00007ffac5a96d34
0x00000060058ffa20:   0000000705027190 000001b604594c80
0x00000060058ffa30:   00000060058ffae0 000001b604594c80
0x00000060058ffa40:   0000000705027190 00007ffac5a93461 

Instructions: (pc=0x00007ffac5a838e7)
0x00007ffac5a837e7:   f9 0f 83 ca 00 00 00 80 3d 63 57 83 00 00 74 15
0x00007ffac5a837f7:   8b 47 08 8b 0d c8 da 7c 00 48 d3 e0 48 03 05 b6
0x00007ffac5a83807:   da 7c 00 eb 04 48 8b 47 08 81 78 08 00 00 00 c0
0x00007ffac5a83817:   72 35 48 8b 83 a8 00 00 00 48 39 83 a0 00 00 00
0x00007ffac5a83827:   73 10 48 8b 83 c0 00 00 00 48 39 83 b8 00 00 00
0x00007ffac5a83837:   72 7f 48 8b cb e8 af 26 01 00 b0 01 48 8b 5c 24
0x00007ffac5a83847:   30 48 83 c4 20 5f c3 48 8b 53 30 44 8b 82 80 00
0x00007ffac5a83857:   00 00 8b 82 00 01 00 00 41 8b c8 2b c8 81 e1 ff
0x00007ffac5a83867:   ff 01 00 81 f9 fe ff 01 00 72 2c 48 8b cb e8 76
0x00007ffac5a83877:   18 01 00 48 8b 53 30 44 8b 82 80 00 00 00 8b 82
0x00007ffac5a83887:   00 01 00 00 41 8b c8 2b c8 81 e1 ff ff 01 00 81
0x00007ffac5a83897:   f9 fe ff 01 00 73 1a 48 8b 82 80 01 00 00 4a 89
0x00007ffac5a838a7:   3c c0 41 8d 40 01 25 ff ff 01 00 89 82 80 00 00
0x00007ffac5a838b7:   00 48 8b 5c 24 30 b0 01 48 83 c4 20 5f c3 cc cc
0x00007ffac5a838c7:   cc cc cc cc cc cc cc cc cc 48 89 6c 24 10 48 89
0x00007ffac5a838d7:   74 24 18 57 48 83 ec 20 49 8b f9 8b ea 48 8b f1
0x00007ffac5a838e7:   4d 3b 88 c0 00 00 00 72 12 32 c0 48 8b 6c 24 38
0x00007ffac5a838f7:   48 8b 74 24 40 48 83 c4 20 5f c3 48 89 5c 24 30
0x00007ffac5a83907:   48 8b d7 48 8b 99 98 00 00 00 48 8b cb 48 8b 03
0x00007ffac5a83917:   ff 10 8b 4b 18 48 8b d7 48 2b 53 08 48 8b 43 20
0x00007ffac5a83927:   48 c1 ea 03 48 d3 ea 48 8b ca 48 c1 e9 06 4c 8d
0x00007ffac5a83937:   04 c8 0f b6 ca 49 8b 00 80 e1 3f ba 01 00 00 00
0x00007ffac5a83947:   48 d3 e2 48 8b c8 48 0b ca 48 3b c8 74 12 f0 49
0x00007ffac5a83957:   0f b1 08 74 25 48 8b c8 48 0b ca 48 3b c8 75 ee
0x00007ffac5a83967:   32 db 48 8b 6c 24 38 0f b6 c3 48 8b 5c 24 30 48
0x00007ffac5a83977:   8b 74 24 40 48 83 c4 20 5f c3 80 3d d0 55 83 00
0x00007ffac5a83987:   00 b3 01 74 15 8b 57 08 8b 0d 33 d9 7c 00 48 d3
0x00007ffac5a83997:   e2 48 03 15 21 d9 7c 00 eb 04 48 8b 57 08 48 8b
0x00007ffac5a839a7:   cf e8 03 9f ed ff 4c 63 d8 48 8b 86 08 03 00 00
0x00007ffac5a839b7:   4c 8b 04 e8 49 8b 40 18 8b 88 c0 01 00 00 48 8b
0x00007ffac5a839c7:   90 b8 01 00 00 48 d3 e2 8b 0d 9b 5e 83 00 48 2b
0x00007ffac5a839d7:   fa 41 8b 50 60 48 d3 ef 44 8b d7 49 23 d2 48 c1 


Stack slot to memory mapping:
stack at sp + 0 slots: 0x0000000705027180 is an oop: [Lorg.codehaus.groovy.reflection.CachedField; 
{0x0000000705027180} - klass: 'org/codehaus/groovy/reflection/CachedField'[]
 - length: 0
stack at sp + 1 slots: 0x00007ffac5a837ad jvm.dll
stack at sp + 2 slots: 0x000001b6045a6a30 points into unknown readable memory: 0x00007ffac60aa278 | 78 a2 0a c6 fa 7f 00 00
stack at sp + 3 slots: 0x00000060058ffa00 points into unknown readable memory: 0x00000060058ffb20 | 20 fb 8f 05 60 00 00 00
stack at sp + 4 slots: 0x0000000604dac3b0 is an unknown value
stack at sp + 5 slots: 0x00007ffac5a837ad jvm.dll
stack at sp + 6 slots: 0x0000000705027158 is an oop: org.codehaus.groovy.util.ReferenceType$SoftRef 
{0x0000000705027158} - klass: 'org/codehaus/groovy/util/ReferenceType$SoftRef'
 - ---- fields (total size 5 words):
 - private 'referent' 'Ljava/lang/Object;' @12  a 'org/codehaus/groovy/reflection/CachedField'[0] {0x0000000705027180} (e0a04e30)
 - volatile 'queue' 'Ljava/lang/ref/ReferenceQueue;' @16  a 'java/lang/ref/ReferenceQueue'{0x000000070141eb40} (e0283d68)
 - volatile 'next' 'Ljava/lang/ref/Reference;' @20  NULL (0)
 - private transient 'discovered' 'Ljava/lang/ref/Reference;' @24  NULL (0)
 - private 'timestamp' 'J' @32  25623337 (186fb29 0)
 - private final 'handler' 'Lorg/codehaus/groovy/util/Finalizable;' @28  a 'org/codehaus/groovy/util/ManagedReference'{0x0000000705027140} (e0a04e28)
stack at sp + 7 slots: 0x00000060058ffb20 points into unknown readable memory: 0x00007ffac60aa298 | 98 a2 0a c6 fa 7f 00 00


---------------  P R O C E S S  ---------------

Threads class SMR info:
_java_thread_list=0x000001b670e75d80, length=89, elements={
0x000001b6045295a0, 0x000001b626a8f590, 0x000001b626a90320, 0x000001b626aa4850,
0x000001b626aa8240, 0x000001b626aa8b10, 0x000001b626aaa3f0, 0x000001b626aad0b0,
0x000001b626aada70, 0x000001b626b0a610, 0x000001b66c0cb640, 0x000001b66c0d4180,
0x000001b66d7e4e90, 0x000001b66d06fdb0, 0x000001b66d406240, 0x000001b66e14f830,
0x000001b66d054610, 0x000001b66da2aa80, 0x000001b66da2b9b0, 0x000001b66da2bec0,
0x000001b66da2d300, 0x000001b66da2a570, 0x000001b66da2b4a0, 0x000001b66da2c3d0,
0x000001b66da2c8e0, 0x000001b66da2a060, 0x000001b66da2cdf0, 0x000001b66da2d810,
0x000001b66fe67830, 0x000001b66fe63660, 0x000001b66fe64aa0, 0x000001b66fe63b70,
0x000001b66fe64fb0, 0x000001b66fe65ee0, 0x000001b66fe64080, 0x000001b66fe6a5c0,
0x000001b66fe68760, 0x000001b66fe69690, 0x000001b66fe67d40, 0x000001b66fe67320,
0x000001b66fe659d0, 0x000001b66fe6afe0, 0x000001b66fe69180, 0x000001b66fe64590,
0x000001b66fe66900, 0x000001b66fe69ba0, 0x000001b66fe68250, 0x000001b66fe6a0b0,
0x000001b66fe6aad0, 0x000001b66fe663f0, 0x000001b66fe66e10, 0x000001b66f821a60,
0x000001b66f824d00, 0x000001b66f823dd0, 0x000001b66f826650, 0x000001b66f8242e0,
0x000001b66f8247f0, 0x000001b66f822ea0, 0x000001b66f8233b0, 0x000001b66f81fc00,
0x000001b66f825210, 0x000001b66f822990, 0x000001b66f8238c0, 0x000001b66f820b30,
0x000001b66f821f70, 0x000001b66f825720, 0x000001b66f826b60, 0x000001b66f825c30,
0x000001b66f822480, 0x000001b66f826140, 0x000001b66f827070, 0x000001b66f821550,
0x000001b66f827580, 0x000001b66f820620, 0x000001b66f821040, 0x000001b66eb88fd0,
0x000001b66eb86240, 0x000001b66eb88ac0, 0x000001b66eb84e00, 0x000001b66eb82580,
0x000001b66eb834b0, 0x000001b66eb82a90, 0x000001b66eb87170, 0x000001b66eb81b60,
0x000001b66eb894e0, 0x000001b66eb85d30, 0x000001b66eb85310, 0x000001b66eb86c60,
0x000001b66f3d45d0
}

Java Threads: ( => current thread )
  0x000001b6045295a0 JavaThread "main" [_thread_blocked, id=6540, stack(0x0000006005400000,0x0000006005500000)]
  0x000001b626a8f590 JavaThread "Reference Handler" daemon [_thread_blocked, id=9876, stack(0x0000006005c00000,0x0000006005d00000)]
  0x000001b626a90320 JavaThread "Finalizer" daemon [_thread_blocked, id=12868, stack(0x0000006005d00000,0x0000006005e00000)]
  0x000001b626aa4850 JavaThread "Signal Dispatcher" daemon [_thread_blocked, id=7576, stack(0x0000006005e00000,0x0000006005f00000)]
  0x000001b626aa8240 JavaThread "Attach Listener" daemon [_thread_blocked, id=10992, stack(0x0000006005f00000,0x0000006006000000)]
  0x000001b626aa8b10 JavaThread "Service Thread" daemon [_thread_blocked, id=7864, stack(0x0000006006000000,0x0000006006100000)]
  0x000001b626aaa3f0 JavaThread "Monitor Deflation Thread" daemon [_thread_blocked, id=11660, stack(0x0000006006100000,0x0000006006200000)]
  0x000001b626aad0b0 JavaThread "C2 CompilerThread0" daemon [_thread_in_native, id=8240, stack(0x0000006006200000,0x0000006006300000)]
  0x000001b626aada70 JavaThread "C1 CompilerThread0" daemon [_thread_blocked, id=9132, stack(0x0000006006300000,0x0000006006400000)]
  0x000001b626b0a610 JavaThread "Sweeper thread" daemon [_thread_blocked, id=1560, stack(0x0000006006400000,0x0000006006500000)]
  0x000001b66c0cb640 JavaThread "Common-Cleaner" daemon [_thread_blocked, id=10860, stack(0x0000006006500000,0x0000006006600000)]
  0x000001b66c0d4180 JavaThread "Notification Thread" daemon [_thread_blocked, id=7328, stack(0x0000006006600000,0x0000006006700000)]
  0x000001b66d7e4e90 JavaThread "Daemon health stats" [_thread_blocked, id=13084, stack(0x0000006006c00000,0x0000006006d00000)]
  0x000001b66d06fdb0 JavaThread "Incoming local TCP Connector on port 49310" [_thread_in_native, id=10116, stack(0x0000006006d00000,0x0000006006e00000)]
  0x000001b66d406240 JavaThread "Daemon periodic checks" [_thread_blocked, id=13448, stack(0x0000006006e00000,0x0000006006f00000)]
  0x000001b66e14f830 JavaThread "Daemon" [_thread_blocked, id=1124, stack(0x0000006006800000,0x0000006006900000)]
  0x000001b66d054610 JavaThread "Handler for socket connection from /127.0.0.1:49310 to /127.0.0.1:49311" [_thread_in_native, id=5968, stack(0x0000006006f00000,0x0000006007000000)]
  0x000001b66da2aa80 JavaThread "Cancel handler" [_thread_blocked, id=9688, stack(0x0000006007000000,0x0000006007100000)]
  0x000001b66da2b9b0 JavaThread "Daemon worker" [_thread_in_vm, id=3176, stack(0x0000006007100000,0x0000006007200000)]
  0x000001b66da2bec0 JavaThread "Asynchronous log dispatcher for DefaultDaemonConnection: socket connection from /127.0.0.1:49310 to /127.0.0.1:49311" [_thread_blocked, id=11020, stack(0x0000006007200000,0x0000006007300000)]
  0x000001b66da2d300 JavaThread "Stdin handler" [_thread_blocked, id=10668, stack(0x0000006007300000,0x0000006007400000)]
  0x000001b66da2a570 JavaThread "Daemon client event forwarder" [_thread_blocked, id=12448, stack(0x0000006007400000,0x0000006007500000)]
  0x000001b66da2b4a0 JavaThread "Cache worker for journal cache (C:\Users\Al-Mahdi\.gradle\caches\journal-1)" [_thread_blocked, id=8520, stack(0x0000006007600000,0x0000006007700000)]
  0x000001b66da2c3d0 JavaThread "File lock request listener" [_thread_in_native, id=13612, stack(0x0000006007700000,0x0000006007800000)]
  0x000001b66da2c8e0 JavaThread "Cache worker for file hash cache (C:\Users\Al-Mahdi\.gradle\caches\7.6.3\fileHashes)" [_thread_blocked, id=244, stack(0x0000006007800000,0x0000006007900000)]
  0x000001b66da2a060 JavaThread "File watcher server" daemon [_thread_in_native, id=13288, stack(0x0000006007900000,0x0000006007a00000)]
  0x000001b66da2cdf0 JavaThread "File watcher consumer" daemon [_thread_blocked, id=11880, stack(0x0000006007a00000,0x0000006007b00000)]
  0x000001b66da2d810 JavaThread "Cache worker for checksums cache (E:\anas\rct_app\android\.gradle\7.6.3\checksums)" [_thread_blocked, id=6544, stack(0x0000006007b00000,0x0000006007c00000)]
  0x000001b66fe67830 JavaThread "Cache worker for cache directory md-rule (C:\Users\Al-Mahdi\.gradle\caches\7.6.3\md-rule)" [_thread_blocked, id=8796, stack(0x0000006007c00000,0x0000006007d00000)]
  0x000001b66fe63660 JavaThread "Cache worker for file content cache (C:\Users\Al-Mahdi\.gradle\caches\7.6.3\fileContent)" [_thread_blocked, id=4872, stack(0x0000006007d00000,0x0000006007e00000)]
  0x000001b66fe64aa0 JavaThread "Cache worker for file hash cache (E:\anas\rct_app\android\.gradle\7.6.3\fileHashes)" [_thread_blocked, id=12584, stack(0x0000006007e00000,0x0000006007f00000)]
  0x000001b66fe63b70 JavaThread "Cache worker for cache directory md-supplier (C:\Users\Al-Mahdi\.gradle\caches\7.6.3\md-supplier)" [_thread_blocked, id=12888, stack(0x0000006007f00000,0x0000006008000000)]
  0x000001b66fe64fb0 JavaThread "Cache worker for execution history cache (C:\Users\Al-Mahdi\.gradle\caches\7.6.3\executionHistory)" [_thread_blocked, id=9880, stack(0x0000006008100000,0x0000006008200000)]
  0x000001b66fe65ee0 JavaThread "jar transforms" [_thread_blocked, id=12296, stack(0x0000006008200000,0x0000006008300000)]
  0x000001b66fe64080 JavaThread "Cache worker for kotlin-dsl (C:\Users\Al-Mahdi\.gradle\caches\7.6.3\kotlin-dsl)" [_thread_blocked, id=1308, stack(0x0000006008300000,0x0000006008400000)]
  0x000001b66fe6a5c0 JavaThread "jar transforms Thread 2" [_thread_blocked, id=8124, stack(0x0000006008400000,0x0000006008500000)]
  0x000001b66fe68760 JavaThread "Cache worker for dependencies-accessors (E:\anas\rct_app\android\.gradle\7.6.3\dependencies-accessors)" [_thread_blocked, id=11756, stack(0x0000006008500000,0x0000006008600000)]
  0x000001b66fe69690 JavaThread "Cache worker for Build Output Cleanup Cache (C:\src\flutter\packages\flutter_tools\gradle\.gradle\buildOutputCleanup)" [_thread_blocked, id=3128, stack(0x0000006008600000,0x0000006008700000)]
  0x000001b66fe67d40 JavaThread "jar transforms Thread 3" [_thread_blocked, id=1792, stack(0x0000006008700000,0x0000006008800000)]
  0x000001b66fe67320 JavaThread "Memory manager" [_thread_blocked, id=9152, stack(0x0000006008800000,0x0000006008900000)]
  0x000001b66fe659d0 JavaThread "jar transforms Thread 4" [_thread_blocked, id=7244, stack(0x0000006008900000,0x0000006008a00000)]
  0x000001b66fe6afe0 JavaThread "included builds" [_thread_blocked, id=1456, stack(0x0000006008a00000,0x0000006008b00000)]
  0x000001b66fe69180 JavaThread "Execution worker" [_thread_blocked, id=1204, stack(0x0000006008b00000,0x0000006008c00000)]
  0x000001b66fe64590 JavaThread "Execution worker Thread 2" [_thread_blocked, id=5872, stack(0x0000006008c00000,0x0000006008d00000)]
  0x000001b66fe66900 JavaThread "Execution worker Thread 3" [_thread_blocked, id=13908, stack(0x0000006008d00000,0x0000006008e00000)]
  0x000001b66fe69ba0 JavaThread "Cache worker for execution history cache (C:\src\flutter\packages\flutter_tools\gradle\.gradle\7.6.3\executionHistory)" [_thread_blocked, id=1200, stack(0x0000006008e00000,0x0000006008f00000)]
  0x000001b66fe68250 JavaThread "Unconstrained build operations" [_thread_blocked, id=2696, stack(0x0000006008f00000,0x0000006009000000)]
  0x000001b66fe6a0b0 JavaThread "Unconstrained build operations Thread 2" [_thread_blocked, id=9804, stack(0x0000006009000000,0x0000006009100000)]
  0x000001b66fe6aad0 JavaThread "Unconstrained build operations Thread 3" [_thread_blocked, id=2732, stack(0x0000006009100000,0x0000006009200000)]
  0x000001b66fe663f0 JavaThread "Unconstrained build operations Thread 4" [_thread_blocked, id=8144, stack(0x0000006009200000,0x0000006009300000)]
  0x000001b66fe66e10 JavaThread "Unconstrained build operations Thread 5" [_thread_blocked, id=11932, stack(0x0000006009300000,0x0000006009400000)]
  0x000001b66f821a60 JavaThread "Unconstrained build operations Thread 6" [_thread_blocked, id=7484, stack(0x0000006009400000,0x0000006009500000)]
  0x000001b66f824d00 JavaThread "Unconstrained build operations Thread 7" [_thread_blocked, id=13116, stack(0x0000006009500000,0x0000006009600000)]
  0x000001b66f823dd0 JavaThread "Unconstrained build operations Thread 8" [_thread_blocked, id=5100, stack(0x0000006009600000,0x0000006009700000)]
  0x000001b66f826650 JavaThread "Unconstrained build operations Thread 9" [_thread_blocked, id=13324, stack(0x0000006009700000,0x0000006009800000)]
  0x000001b66f8242e0 JavaThread "Unconstrained build operations Thread 10" [_thread_blocked, id=4132, stack(0x0000006009800000,0x0000006009900000)]
  0x000001b66f8247f0 JavaThread "Unconstrained build operations Thread 11" [_thread_blocked, id=8500, stack(0x0000006009900000,0x0000006009a00000)]
  0x000001b66f822ea0 JavaThread "Unconstrained build operations Thread 12" [_thread_blocked, id=3524, stack(0x0000006009a00000,0x0000006009b00000)]
  0x000001b66f8233b0 JavaThread "Unconstrained build operations Thread 13" [_thread_blocked, id=9556, stack(0x0000006009b00000,0x0000006009c00000)]
  0x000001b66f81fc00 JavaThread "Unconstrained build operations Thread 14" [_thread_blocked, id=8764, stack(0x0000006009c00000,0x0000006009d00000)]
  0x000001b66f825210 JavaThread "Unconstrained build operations Thread 15" [_thread_blocked, id=10256, stack(0x0000006009d00000,0x0000006009e00000)]
  0x000001b66f822990 JavaThread "Unconstrained build operations Thread 16" [_thread_blocked, id=11624, stack(0x0000006009e00000,0x0000006009f00000)]
  0x000001b66f8238c0 JavaThread "Unconstrained build operations Thread 17" [_thread_blocked, id=13508, stack(0x0000006009f00000,0x000000600a000000)]
  0x000001b66f820b30 JavaThread "Unconstrained build operations Thread 18" [_thread_blocked, id=4868, stack(0x000000600a000000,0x000000600a100000)]
  0x000001b66f821f70 JavaThread "Unconstrained build operations Thread 19" [_thread_blocked, id=4064, stack(0x000000600a100000,0x000000600a200000)]
  0x000001b66f825720 JavaThread "Unconstrained build operations Thread 20" [_thread_blocked, id=9924, stack(0x000000600a200000,0x000000600a300000)]
  0x000001b66f826b60 JavaThread "Unconstrained build operations Thread 21" [_thread_blocked, id=6112, stack(0x000000600a300000,0x000000600a400000)]
  0x000001b66f825c30 JavaThread "Unconstrained build operations Thread 22" [_thread_blocked, id=10020, stack(0x000000600a400000,0x000000600a500000)]
  0x000001b66f822480 JavaThread "Unconstrained build operations Thread 23" [_thread_blocked, id=14252, stack(0x000000600a500000,0x000000600a600000)]
  0x000001b66f826140 JavaThread "Unconstrained build operations Thread 24" [_thread_blocked, id=13820, stack(0x000000600a600000,0x000000600a700000)]
  0x000001b66f827070 JavaThread "Unconstrained build operations Thread 25" [_thread_blocked, id=1068, stack(0x000000600a700000,0x000000600a800000)]
  0x000001b66f821550 JavaThread "Unconstrained build operations Thread 26" [_thread_blocked, id=12760, stack(0x000000600a800000,0x000000600a900000)]
  0x000001b66f827580 JavaThread "Unconstrained build operations Thread 27" [_thread_blocked, id=13688, stack(0x000000600a900000,0x000000600aa00000)]
  0x000001b66f820620 JavaThread "Unconstrained build operations Thread 28" [_thread_blocked, id=12952, stack(0x000000600aa00000,0x000000600ab00000)]
  0x000001b66f821040 JavaThread "Unconstrained build operations Thread 29" [_thread_blocked, id=7240, stack(0x000000600ab00000,0x000000600ac00000)]
  0x000001b66eb88fd0 JavaThread "Unconstrained build operations Thread 30" [_thread_blocked, id=8196, stack(0x000000600ac00000,0x000000600ad00000)]
  0x000001b66eb86240 JavaThread "Unconstrained build operations Thread 31" [_thread_blocked, id=11300, stack(0x000000600ad00000,0x000000600ae00000)]
  0x000001b66eb88ac0 JavaThread "Unconstrained build operations Thread 32" [_thread_blocked, id=12204, stack(0x000000600ae00000,0x000000600af00000)]
  0x000001b66eb84e00 JavaThread "Unconstrained build operations Thread 33" [_thread_blocked, id=12732, stack(0x000000600af00000,0x000000600b000000)]
  0x000001b66eb82580 JavaThread "Unconstrained build operations Thread 34" [_thread_blocked, id=3672, stack(0x000000600b000000,0x000000600b100000)]
  0x000001b66eb834b0 JavaThread "Unconstrained build operations Thread 35" [_thread_blocked, id=6784, stack(0x000000600b100000,0x000000600b200000)]
  0x000001b66eb82a90 JavaThread "Unconstrained build operations Thread 36" [_thread_blocked, id=10140, stack(0x000000600b200000,0x000000600b300000)]
  0x000001b66eb87170 JavaThread "Unconstrained build operations Thread 37" [_thread_blocked, id=14288, stack(0x000000600b300000,0x000000600b400000)]
  0x000001b66eb81b60 JavaThread "Unconstrained build operations Thread 38" [_thread_blocked, id=1120, stack(0x000000600b400000,0x000000600b500000)]
  0x000001b66eb894e0 JavaThread "Unconstrained build operations Thread 39" [_thread_blocked, id=2308, stack(0x000000600b500000,0x000000600b600000)]
  0x000001b66eb85d30 JavaThread "Unconstrained build operations Thread 40" [_thread_blocked, id=404, stack(0x000000600b600000,0x000000600b700000)]
  0x000001b66eb85310 JavaThread "Cache worker for Build Output Cleanup Cache (E:\anas\rct_app\android\.gradle\buildOutputCleanup)" [_thread_blocked, id=11720, stack(0x0000006007500000,0x0000006007600000)]
  0x000001b66eb86c60 JavaThread "build event listener" [_thread_blocked, id=8428, stack(0x000000600b800000,0x000000600b900000)]
  0x000001b66f3d45d0 JavaThread "C2 CompilerThread1" daemon [_thread_in_native, id=11556, stack(0x000000600b700000,0x000000600b800000)]

Other Threads:
  0x000001b626a87bd0 VMThread "VM Thread" [stack: 0x0000006005b00000,0x0000006005c00000] [id=11388]
  0x000001b66c0db2a0 WatcherThread [stack: 0x0000006006700000,0x0000006006800000] [id=5532]
  0x000001b604594710 GCTaskThread "GC Thread#0" [stack: 0x0000006005600000,0x0000006005700000] [id=4760]
  0x000001b66c550420 GCTaskThread "GC Thread#1" [stack: 0x0000006006900000,0x0000006006a00000] [id=11412]
  0x000001b66c54fd00 GCTaskThread "GC Thread#2" [stack: 0x0000006006a00000,0x0000006006b00000] [id=7044]
  0x000001b66cdbb380 GCTaskThread "GC Thread#3" [stack: 0x0000006006b00000,0x0000006006c00000] [id=796]
  0x000001b6045a5570 ConcurrentGCThread "G1 Main Marker" [stack: 0x0000006005700000,0x0000006005800000] [id=11852]
=>0x000001b6045a5e90 ConcurrentGCThread "G1 Conc#0" [stack: 0x0000006005800000,0x0000006005900000] [id=3940]
  0x000001b6045df430 ConcurrentGCThread "G1 Refine#0" [stack: 0x0000006005900000,0x0000006005a00000] [id=712]
  0x000001b66ef7e100 ConcurrentGCThread "G1 Refine#1" [stack: 0x0000006008000000,0x0000006008100000] [id=2236]
  0x000001b6269610b0 ConcurrentGCThread "G1 Service" [stack: 0x0000006005a00000,0x0000006005b00000] [id=13672]

Threads with active compile tasks:
C2 CompilerThread0    24738 9233       4       java.beans.Introspector::addMethod (196 bytes)
C2 CompilerThread1    24738 9232 %     4       groovy.lang.MetaClassImpl::inheritInterfaceNewMetaMethods @ 100 (195 bytes)

VM state: not at safepoint (normal execution)

VM Mutex/Monitor currently owned by a thread:  ([mutex/lock_event])
[0x000001b6045246e0] MethodCompileQueue_lock - owner thread: 0x000001b66da2b9b0

Heap address: 0x0000000700000000, size: 4096 MB, Compressed Oops mode: Zero based, Oop shift amount: 3

CDS archive(s) mapped at: [0x000001b627000000-0x000001b627bd0000-0x000001b627bd0000), size 12386304, SharedBaseAddress: 0x000001b627000000, ArchiveRelocationMode: 1.
Compressed class space mapped at: 0x000001b628000000-0x000001b668000000, reserved size: 1073741824
Narrow klass base: 0x000001b627000000, Narrow klass shift: 0, Narrow klass range: 0x100000000

GC Precious Log:
 CPUs: 4 total, 4 available
 Memory: 8050M
 Large Page Support: Disabled
 NUMA Support: Disabled
 Compressed Oops: Enabled (Zero based)
 Heap Region Size: 2M
 Heap Min Capacity: 8M
 Heap Initial Capacity: 126M
 Heap Max Capacity: 4G
 Pre-touch: Disabled
 Parallel Workers: 4
 Concurrent Workers: 1
 Concurrent Refinement Workers: 4
 Periodic GC: Disabled

Heap:
 garbage-first heap   total 151552K, used 93852K [0x0000000700000000, 0x0000000800000000)
  region size 2048K, 6 young (12288K), 1 survivors (2048K)
 Metaspace       used 72169K, committed 72832K, reserved 1114112K
  class space    used 9974K, committed 10304K, reserved 1048576K

Heap Regions: E=young(eden), S=young(survivor), O=old, HS=humongous(starts), HC=humongous(continues), CS=collection set, F=free, OA=open archive, CA=closed archive, TAMS=top-at-mark-start (previous, next)
|   0|0x0000000700000000, 0x0000000700200000, 0x0000000700200000|100%| O|  |TAMS 0x0000000700200000, 0x0000000700200000| Untracked 
|   1|0x0000000700200000, 0x0000000700400000, 0x0000000700400000|100%|HS|  |TAMS 0x0000000700400000, 0x0000000700400000| Complete 
|   2|0x0000000700400000, 0x0000000700600000, 0x0000000700600000|100%|HC|  |TAMS 0x0000000700600000, 0x0000000700600000| Complete 
|   3|0x0000000700600000, 0x0000000700800000, 0x0000000700800000|100%| O|  |TAMS 0x0000000700800000, 0x0000000700800000| Untracked 
|   4|0x0000000700800000, 0x0000000700a00000, 0x0000000700a00000|100%| O|  |TAMS 0x0000000700a00000, 0x0000000700a00000| Untracked 
|   5|0x0000000700a00000, 0x0000000700c00000, 0x0000000700c00000|100%| O|  |TAMS 0x0000000700c00000, 0x0000000700c00000| Untracked 
|   6|0x0000000700c00000, 0x0000000700e00000, 0x0000000700e00000|100%| O|  |TAMS 0x0000000700e00000, 0x0000000700e00000| Untracked 
|   7|0x0000000700e00000, 0x0000000701000000, 0x0000000701000000|100%| O|  |TAMS 0x0000000701000000, 0x0000000701000000| Untracked 
|   8|0x0000000701000000, 0x0000000701200000, 0x0000000701200000|100%| O|  |TAMS 0x0000000701200000, 0x0000000701200000| Untracked 
|   9|0x0000000701200000, 0x0000000701400000, 0x0000000701400000|100%| O|  |TAMS 0x0000000701400000, 0x0000000701400000| Untracked 
|  10|0x0000000701400000, 0x0000000701600000, 0x0000000701600000|100%| O|  |TAMS 0x0000000701600000, 0x0000000701600000| Untracked 
|  11|0x0000000701600000, 0x0000000701800000, 0x0000000701800000|100%| O|  |TAMS 0x0000000701800000, 0x0000000701800000| Untracked 
|  12|0x0000000701800000, 0x0000000701a00000, 0x0000000701a00000|100%| O|  |TAMS 0x0000000701a00000, 0x0000000701a00000| Untracked 
|  13|0x0000000701a00000, 0x0000000701c00000, 0x0000000701c00000|100%| O|  |TAMS 0x0000000701c00000, 0x0000000701c00000| Untracked 
|  14|0x0000000701c00000, 0x0000000701e00000, 0x0000000701e00000|100%| O|  |TAMS 0x0000000701e00000, 0x0000000701e00000| Untracked 
|  15|0x0000000701e00000, 0x0000000702000000, 0x0000000702000000|100%| O|  |TAMS 0x0000000702000000, 0x0000000702000000| Untracked 
|  16|0x0000000702000000, 0x0000000702200000, 0x0000000702200000|100%| O|  |TAMS 0x0000000702200000, 0x0000000702200000| Untracked 
|  17|0x0000000702200000, 0x0000000702400000, 0x0000000702400000|100%| O|  |TAMS 0x0000000702400000, 0x0000000702400000| Untracked 
|  18|0x0000000702400000, 0x0000000702600000, 0x0000000702600000|100%| O|  |TAMS 0x0000000702600000, 0x0000000702600000| Untracked 
|  19|0x0000000702600000, 0x0000000702800000, 0x0000000702800000|100%|HS|  |TAMS 0x0000000702800000, 0x0000000702800000| Complete 
|  20|0x0000000702800000, 0x0000000702a00000, 0x0000000702a00000|100%| O|  |TAMS 0x0000000702a00000, 0x0000000702a00000| Untracked 
|  21|0x0000000702a00000, 0x0000000702c00000, 0x0000000702c00000|100%| O|  |TAMS 0x0000000702c00000, 0x0000000702c00000| Untracked 
|  22|0x0000000702c00000, 0x0000000702e00000, 0x0000000702e00000|100%| O|  |TAMS 0x0000000702e00000, 0x0000000702e00000| Untracked 
|  23|0x0000000702e00000, 0x0000000703000000, 0x0000000703000000|100%|HS|  |TAMS 0x0000000703000000, 0x0000000703000000| Complete 
|  24|0x0000000703000000, 0x0000000703200000, 0x0000000703200000|100%|HC|  |TAMS 0x0000000703200000, 0x0000000703200000| Complete 
|  25|0x0000000703200000, 0x0000000703400000, 0x0000000703400000|100%| O|  |TAMS 0x0000000703400000, 0x0000000703400000| Untracked 
|  26|0x0000000703400000, 0x0000000703600000, 0x0000000703600000|100%| O|  |TAMS 0x0000000703600000, 0x0000000703600000| Untracked 
|  27|0x0000000703600000, 0x0000000703800000, 0x0000000703800000|100%| O|  |TAMS 0x0000000703800000, 0x0000000703800000| Untracked 
|  28|0x0000000703800000, 0x0000000703a00000, 0x0000000703a00000|100%|HS|  |TAMS 0x0000000703a00000, 0x0000000703a00000| Complete 
|  29|0x0000000703a00000, 0x0000000703c00000, 0x0000000703c00000|100%| O|  |TAMS 0x0000000703c00000, 0x0000000703c00000| Untracked 
|  30|0x0000000703c00000, 0x0000000703e00000, 0x0000000703e00000|100%| O|  |TAMS 0x0000000703e00000, 0x0000000703e00000| Untracked 
|  31|0x0000000703e00000, 0x0000000704000000, 0x0000000704000000|100%| O|  |TAMS 0x0000000704000000, 0x0000000704000000| Untracked 
|  32|0x0000000704000000, 0x0000000704200000, 0x0000000704200000|100%| O|  |TAMS 0x0000000704200000, 0x0000000704200000| Untracked 
|  33|0x0000000704200000, 0x0000000704400000, 0x0000000704400000|100%| O|  |TAMS 0x0000000704400000, 0x0000000704400000| Untracked 
|  34|0x0000000704400000, 0x0000000704600000, 0x0000000704600000|100%| O|  |TAMS 0x0000000704600000, 0x0000000704600000| Untracked 
|  35|0x0000000704600000, 0x0000000704600000, 0x0000000704800000|  0%| F|  |TAMS 0x0000000704600000, 0x0000000704600000| Untracked 
|  36|0x0000000704800000, 0x0000000704a00000, 0x0000000704a00000|100%| O|  |TAMS 0x0000000704a00000, 0x0000000704a00000| Untracked 
|  37|0x0000000704a00000, 0x0000000704c00000, 0x0000000704c00000|100%| O|  |TAMS 0x0000000704c00000, 0x0000000704c00000| Untracked 
|  38|0x0000000704c00000, 0x0000000704e00000, 0x0000000704e00000|100%| O|  |TAMS 0x0000000704d82000, 0x0000000704e00000| Untracked 
|  39|0x0000000704e00000, 0x0000000705000000, 0x0000000705000000|100%| O|  |TAMS 0x0000000704e00000, 0x0000000705000000| Untracked 
|  40|0x0000000705000000, 0x0000000705200000, 0x0000000705200000|100%| O|  |TAMS 0x0000000705000000, 0x0000000705200000| Untracked 
|  41|0x0000000705200000, 0x00000007053cea00, 0x0000000705400000| 90%| O|  |TAMS 0x0000000705200000, 0x00000007053cea00| Untracked 
|  42|0x0000000705400000, 0x0000000705400000, 0x0000000705600000|  0%| F|  |TAMS 0x0000000705400000, 0x0000000705400000| Untracked 
|  43|0x0000000705600000, 0x0000000705600000, 0x0000000705800000|  0%| F|  |TAMS 0x0000000705600000, 0x0000000705600000| Untracked 
|  44|0x0000000705800000, 0x0000000705800000, 0x0000000705a00000|  0%| F|  |TAMS 0x0000000705800000, 0x0000000705800000| Untracked 
|  45|0x0000000705a00000, 0x0000000705a00000, 0x0000000705c00000|  0%| F|  |TAMS 0x0000000705a00000, 0x0000000705a00000| Untracked 
|  46|0x0000000705c00000, 0x0000000705c00000, 0x0000000705e00000|  0%| F|  |TAMS 0x0000000705c00000, 0x0000000705c00000| Untracked 
|  47|0x0000000705e00000, 0x0000000705e00000, 0x0000000706000000|  0%| F|  |TAMS 0x0000000705e00000, 0x0000000705e00000| Untracked 
|  48|0x0000000706000000, 0x0000000706000000, 0x0000000706200000|  0%| F|  |TAMS 0x0000000706000000, 0x0000000706000000| Untracked 
|  49|0x0000000706200000, 0x0000000706200000, 0x0000000706400000|  0%| F|  |TAMS 0x0000000706200000, 0x0000000706200000| Untracked 
|  50|0x0000000706400000, 0x0000000706400000, 0x0000000706600000|  0%| F|  |TAMS 0x0000000706400000, 0x0000000706400000| Untracked 
|  51|0x0000000706600000, 0x0000000706600000, 0x0000000706800000|  0%| F|  |TAMS 0x0000000706600000, 0x0000000706600000| Untracked 
|  52|0x0000000706800000, 0x0000000706800000, 0x0000000706a00000|  0%| F|  |TAMS 0x0000000706800000, 0x0000000706800000| Untracked 
|  53|0x0000000706a00000, 0x0000000706a00000, 0x0000000706c00000|  0%| F|  |TAMS 0x0000000706a00000, 0x0000000706a00000| Untracked 
|  54|0x0000000706c00000, 0x0000000706c00000, 0x0000000706e00000|  0%| F|  |TAMS 0x0000000706c00000, 0x0000000706c00000| Untracked 
|  55|0x0000000706e00000, 0x0000000706fd89f0, 0x0000000707000000| 92%| S|CS|TAMS 0x0000000706e00000, 0x0000000706e00000| Complete 
|  56|0x0000000707000000, 0x0000000707000000, 0x0000000707200000|  0%| F|  |TAMS 0x0000000707000000, 0x0000000707000000| Untracked 
|  57|0x0000000707200000, 0x0000000707200000, 0x0000000707400000|  0%| F|  |TAMS 0x0000000707200000, 0x0000000707200000| Untracked 
|  58|0x0000000707400000, 0x0000000707400000, 0x0000000707600000|  0%| F|  |TAMS 0x0000000707400000, 0x0000000707400000| Untracked 
|  59|0x0000000707600000, 0x0000000707600000, 0x0000000707800000|  0%| F|  |TAMS 0x0000000707600000, 0x0000000707600000| Untracked 
|  60|0x0000000707800000, 0x0000000707800000, 0x0000000707a00000|  0%| F|  |TAMS 0x0000000707800000, 0x0000000707800000| Untracked 
|  61|0x0000000707a00000, 0x0000000707a00000, 0x0000000707c00000|  0%| F|  |TAMS 0x0000000707a00000, 0x0000000707a00000| Untracked 
|  62|0x0000000707c00000, 0x0000000707c00000, 0x0000000707e00000|  0%| F|  |TAMS 0x0000000707c00000, 0x0000000707c00000| Untracked 
|  63|0x0000000707e00000, 0x0000000707e00000, 0x0000000708000000|  0%| F|  |TAMS 0x0000000707e00000, 0x0000000707e00000| Untracked 
|  64|0x0000000708000000, 0x0000000708000000, 0x0000000708200000|  0%| F|  |TAMS 0x0000000708000000, 0x0000000708000000| Untracked 
|  65|0x0000000708200000, 0x0000000708200000, 0x0000000708400000|  0%| F|  |TAMS 0x0000000708200000, 0x0000000708200000| Untracked 
|  66|0x0000000708400000, 0x0000000708400000, 0x0000000708600000|  0%| F|  |TAMS 0x0000000708400000, 0x0000000708400000| Untracked 
|  67|0x0000000708600000, 0x0000000708600000, 0x0000000708800000|  0%| F|  |TAMS 0x0000000708600000, 0x0000000708600000| Untracked 
|  68|0x0000000708800000, 0x0000000708800000, 0x0000000708a00000|  0%| F|  |TAMS 0x0000000708800000, 0x0000000708800000| Untracked 
|  69|0x0000000708a00000, 0x0000000708b6c198, 0x0000000708c00000| 71%| E|  |TAMS 0x0000000708a00000, 0x0000000708a00000| Complete 
|  70|0x0000000708c00000, 0x0000000708e00000, 0x0000000708e00000|100%| E|CS|TAMS 0x0000000708c00000, 0x0000000708c00000| Complete 
|  71|0x0000000708e00000, 0x0000000709000000, 0x0000000709000000|100%| E|CS|TAMS 0x0000000708e00000, 0x0000000708e00000| Complete 
|  72|0x0000000709000000, 0x0000000709200000, 0x0000000709200000|100%| E|CS|TAMS 0x0000000709000000, 0x0000000709000000| Complete 
|  73|0x0000000709200000, 0x0000000709400000, 0x0000000709400000|100%| E|CS|TAMS 0x0000000709200000, 0x0000000709200000| Complete 

Card table byte_map: [0x000001b61b5f0000,0x000001b61bdf0000] _byte_map_base: 0x000001b617df0000

Marking Bits (Prev, Next): (CMBitMap*) 0x000001b604594c40, (CMBitMap*) 0x000001b604594c80
 Prev Bits: [0x000001b61c5f0000, 0x000001b6205f0000)
 Next Bits: [0x000001b6205f0000, 0x000001b6245f0000)

Polling page: 0x000001b603d00000

Metaspace:

Usage:
  Non-class:     60.74 MB used.
      Class:      9.74 MB used.
       Both:     70.48 MB used.

Virtual space:
  Non-class space:       64.00 MB reserved,      61.06 MB ( 95%) committed,  1 nodes.
      Class space:        1.00 GB reserved,      10.06 MB ( <1%) committed,  1 nodes.
             Both:        1.06 GB reserved,      71.12 MB (  7%) committed. 

Chunk freelists:
   Non-Class:  2.62 MB
       Class:  5.85 MB
        Both:  8.47 MB

MaxMetaspaceSize: 2.00 GB
CompressedClassSpaceSize: 1.00 GB
Initial GC threshold: 21.00 MB
Current GC threshold: 110.31 MB
CDS: on
MetaspaceReclaimPolicy: balanced
 - commit_granule_bytes: 65536.
 - commit_granule_words: 8192.
 - virtual_space_node_default_size: 8388608.
 - enlarge_chunks_in_place: 1.
 - new_chunks_are_fully_committed: 0.
 - uncommit_free_chunks: 1.
 - use_allocation_guard: 0.
 - handle_deallocations: 1.


Internal statistics:

num_allocs_failed_limit: 6.
num_arena_births: 890.
num_arena_deaths: 0.
num_vsnodes_births: 2.
num_vsnodes_deaths: 0.
num_space_committed: 1138.
num_space_uncommitted: 0.
num_chunks_returned_to_freelist: 6.
num_chunks_taken_from_freelist: 3768.
num_chunk_merges: 6.
num_chunk_splits: 2517.
num_chunks_enlarged: 1706.
num_inconsistent_stats: 0.

CodeHeap 'non-profiled nmethods': size=120000Kb used=5306Kb max_used=5306Kb free=114694Kb
 bounds [0x000001b6138c0000, 0x000001b613df0000, 0x000001b61adf0000]
CodeHeap 'profiled nmethods': size=120000Kb used=17208Kb max_used=17208Kb free=102791Kb
 bounds [0x000001b60bdf0000, 0x000001b60cec0000, 0x000001b613320000]
CodeHeap 'non-nmethods': size=5760Kb used=2386Kb max_used=2477Kb free=3373Kb
 bounds [0x000001b613320000, 0x000001b6135a0000, 0x000001b6138c0000]
 total_blobs=9450 nmethods=8534 adapters=828
 compilation: enabled
              stopped_count=0, restarted_count=0
 full_count=0

Compilation events (20 events):
Event: 24.436 Thread 0x000001b626aada70 nmethod 9230 0x000001b60ce9a690 code [0x000001b60ce9a860, 0x000001b60ce9aab8]
Event: 24.437 Thread 0x000001b626aada70 9231       3       java.util.stream.Nodes::builder (30 bytes)
Event: 24.438 Thread 0x000001b626aada70 nmethod 9231 0x000001b60ce9ab90 code [0x000001b60ce9ad80, 0x000001b60ce9b3a8]
Event: 24.438 Thread 0x000001b66f3d45d0 9232 %     4       groovy.lang.MetaClassImpl::inheritInterfaceNewMetaMethods @ 100 (195 bytes)
Event: 24.471 Thread 0x000001b626aad0b0 nmethod 9068 0x000001b613de3f90 code [0x000001b613de44c0, 0x000001b613dec330]
Event: 24.485 Thread 0x000001b626aad0b0 9233       4       java.beans.Introspector::addMethod (196 bytes)
Event: 24.500 Thread 0x000001b626aada70 9235       3       com.sun.beans.WeakCache::get (42 bytes)
Event: 24.500 Thread 0x000001b626aada70 nmethod 9235 0x000001b60ce9b590 code [0x000001b60ce9b760, 0x000001b60ce9bc88]
Event: 24.543 Thread 0x000001b626aada70 9237       3       groovyjarjarasm.asm.Frame::getInputStackSize (6 bytes)
Event: 24.543 Thread 0x000001b626aada70 nmethod 9237 0x000001b60ce9be10 code [0x000001b60ce9bfa0, 0x000001b60ce9c0b8]
Event: 24.543 Thread 0x000001b626aada70 9238       3       groovyjarjarasm.asm.Frame::pop (53 bytes)
Event: 24.544 Thread 0x000001b626aada70 nmethod 9238 0x000001b60ce9c190 code [0x000001b60ce9c3e0, 0x000001b60ce9cbb8]
Event: 24.544 Thread 0x000001b626aada70 9239       3       groovyjarjarasm.asm.ByteVector::putInt (74 bytes)
Event: 24.544 Thread 0x000001b626aada70 nmethod 9239 0x000001b60ce9cf10 code [0x000001b60ce9d0c0, 0x000001b60ce9d328]
Event: 24.549 Thread 0x000001b626aada70 9240       3       com.sun.beans.util.Cache$Kind$Soft::isStale (14 bytes)
Event: 24.549 Thread 0x000001b626aada70 nmethod 9240 0x000001b60ce9d490 code [0x000001b60ce9d640, 0x000001b60ce9d868]
Event: 24.552 Thread 0x000001b626aada70 9242       3       sun.reflect.generics.reflectiveObjects.TypeVariableImpl::equals (67 bytes)
Event: 24.553 Thread 0x000001b626aada70 nmethod 9242 0x000001b60ce9d910 code [0x000001b60ce9db40, 0x000001b60ce9e518]
Event: 24.585 Thread 0x000001b626aada70 9243       3       java.beans.FeatureDescriptor::<init> (69 bytes)
Event: 24.585 Thread 0x000001b626aada70 nmethod 9243 0x000001b60ce9e710 code [0x000001b60ce9e940, 0x000001b60ce9f128]

GC Heap History (20 events):
Event: 18.297 GC heap before
{Heap before GC invocations=21 (full 0):
 garbage-first heap   total 112640K, used 80770K [0x0000000700000000, 0x0000000800000000)
  region size 2048K, 10 young (20480K), 2 survivors (4096K)
 Metaspace       used 54856K, committed 55424K, reserved 1114112K
  class space    used 7716K, committed 8000K, reserved 1048576K
}
Event: 18.303 GC heap after
{Heap after GC invocations=22 (full 0):
 garbage-first heap   total 112640K, used 66843K [0x0000000700000000, 0x0000000800000000)
  region size 2048K, 2 young (4096K), 2 survivors (4096K)
 Metaspace       used 54856K, committed 55424K, reserved 1114112K
  class space    used 7716K, committed 8000K, reserved 1048576K
}
Event: 18.735 GC heap before
{Heap before GC invocations=23 (full 0):
 garbage-first heap   total 122880K, used 81179K [0x0000000700000000, 0x0000000800000000)
  region size 2048K, 10 young (20480K), 2 survivors (4096K)
 Metaspace       used 55464K, committed 56064K, reserved 1114112K
  class space    used 7796K, committed 8064K, reserved 1048576K
}
Event: 18.740 GC heap after
{Heap after GC invocations=24 (full 0):
 garbage-first heap   total 122880K, used 72793K [0x0000000700000000, 0x0000000800000000)
  region size 2048K, 2 young (4096K), 2 survivors (4096K)
 Metaspace       used 55464K, committed 56064K, reserved 1114112K
  class space    used 7796K, committed 8064K, reserved 1048576K
}
Event: 19.132 GC heap before
{Heap before GC invocations=24 (full 0):
 garbage-first heap   total 122880K, used 91225K [0x0000000700000000, 0x0000000800000000)
  region size 2048K, 11 young (22528K), 2 survivors (4096K)
 Metaspace       used 57591K, committed 58240K, reserved 1114112K
  class space    used 8076K, committed 8384K, reserved 1048576K
}
Event: 19.135 GC heap after
{Heap after GC invocations=25 (full 0):
 garbage-first heap   total 122880K, used 73556K [0x0000000700000000, 0x0000000800000000)
  region size 2048K, 1 young (2048K), 1 survivors (2048K)
 Metaspace       used 57591K, committed 58240K, reserved 1114112K
  class space    used 8076K, committed 8384K, reserved 1048576K
}
Event: 19.695 GC heap before
{Heap before GC invocations=26 (full 0):
 garbage-first heap   total 133120K, used 94036K [0x0000000700000000, 0x0000000800000000)
  region size 2048K, 11 young (22528K), 1 survivors (2048K)
 Metaspace       used 60649K, committed 61376K, reserved 1114112K
  class space    used 8426K, committed 8768K, reserved 1048576K
}
Event: 19.697 GC heap after
{Heap after GC invocations=27 (full 0):
 garbage-first heap   total 133120K, used 74145K [0x0000000700000000, 0x0000000800000000)
  region size 2048K, 1 young (2048K), 1 survivors (2048K)
 Metaspace       used 60649K, committed 61376K, reserved 1114112K
  class space    used 8426K, committed 8768K, reserved 1048576K
}
Event: 20.265 GC heap before
{Heap before GC invocations=27 (full 0):
 garbage-first heap   total 133120K, used 98721K [0x0000000700000000, 0x0000000800000000)
  region size 2048K, 14 young (28672K), 1 survivors (2048K)
 Metaspace       used 63019K, committed 63680K, reserved 1114112K
  class space    used 8697K, committed 9024K, reserved 1048576K
}
Event: 20.271 GC heap after
{Heap after GC invocations=28 (full 0):
 garbage-first heap   total 133120K, used 81036K [0x0000000700000000, 0x0000000800000000)
  region size 2048K, 2 young (4096K), 2 survivors (4096K)
 Metaspace       used 63019K, committed 63680K, reserved 1114112K
  class space    used 8697K, committed 9024K, reserved 1048576K
}
Event: 21.148 GC heap before
{Heap before GC invocations=29 (full 0):
 garbage-first heap   total 143360K, used 103564K [0x0000000700000000, 0x0000000800000000)
  region size 2048K, 13 young (26624K), 2 survivors (4096K)
 Metaspace       used 64792K, committed 65472K, reserved 1114112K
  class space    used 8937K, committed 9280K, reserved 1048576K
}
Event: 21.154 GC heap after
{Heap after GC invocations=30 (full 0):
 garbage-first heap   total 143360K, used 81318K [0x0000000700000000, 0x0000000800000000)
  region size 2048K, 1 young (2048K), 1 survivors (2048K)
 Metaspace       used 64792K, committed 65472K, reserved 1114112K
  class space    used 8937K, committed 9280K, reserved 1048576K
}
Event: 21.804 GC heap before
{Heap before GC invocations=30 (full 0):
 garbage-first heap   total 143360K, used 109990K [0x0000000700000000, 0x0000000800000000)
  region size 2048K, 16 young (32768K), 1 survivors (2048K)
 Metaspace       used 67033K, committed 67712K, reserved 1114112K
  class space    used 9208K, committed 9536K, reserved 1048576K
}
Event: 21.809 GC heap after
{Heap after GC invocations=31 (full 0):
 garbage-first heap   total 143360K, used 82948K [0x0000000700000000, 0x0000000800000000)
  region size 2048K, 2 young (4096K), 2 survivors (4096K)
 Metaspace       used 67033K, committed 67712K, reserved 1114112K
  class space    used 9208K, committed 9536K, reserved 1048576K
}
Event: 23.150 GC heap before
{Heap before GC invocations=32 (full 0):
 garbage-first heap   total 151552K, used 111620K [0x0000000700000000, 0x0000000800000000)
  region size 2048K, 16 young (32768K), 2 survivors (4096K)
 Metaspace       used 68823K, committed 69504K, reserved 1114112K
  class space    used 9508K, committed 9792K, reserved 1048576K
}
Event: 23.156 GC heap after
{Heap after GC invocations=33 (full 0):
 garbage-first heap   total 151552K, used 85017K [0x0000000700000000, 0x0000000800000000)
  region size 2048K, 2 young (4096K), 2 survivors (4096K)
 Metaspace       used 68823K, committed 69504K, reserved 1114112K
  class space    used 9508K, committed 9792K, reserved 1048576K
}
Event: 23.211 GC heap before
{Heap before GC invocations=33 (full 0):
 garbage-first heap   total 151552K, used 87065K [0x0000000700000000, 0x0000000800000000)
  region size 2048K, 3 young (6144K), 2 survivors (4096K)
 Metaspace       used 69045K, committed 69760K, reserved 1114112K
  class space    used 9532K, committed 9856K, reserved 1048576K
}
Event: 23.215 GC heap after
{Heap after GC invocations=34 (full 0):
 garbage-first heap   total 151552K, used 84446K [0x0000000700000000, 0x0000000800000000)
  region size 2048K, 1 young (2048K), 1 survivors (2048K)
 Metaspace       used 69045K, committed 69760K, reserved 1114112K
  class space    used 9532K, committed 9856K, reserved 1048576K
}
Event: 24.442 GC heap before
{Heap before GC invocations=34 (full 0):
 garbage-first heap   total 151552K, used 119262K [0x0000000700000000, 0x0000000800000000)
  region size 2048K, 18 young (36864K), 1 survivors (2048K)
 Metaspace       used 72051K, committed 72768K, reserved 1114112K
  class space    used 9951K, committed 10304K, reserved 1048576K
}
Event: 24.445 GC heap after
{Heap after GC invocations=35 (full 0):
 garbage-first heap   total 151552K, used 85660K [0x0000000700000000, 0x0000000800000000)
  region size 2048K, 1 young (2048K), 1 survivors (2048K)
 Metaspace       used 72051K, committed 72768K, reserved 1114112K
  class space    used 9951K, committed 10304K, reserved 1048576K
}

Deoptimization events (20 events):
Event: 21.788 Thread 0x000001b66da2b9b0 Uncommon trap: trap_request=0xffffffc6 fr.pc=0x000001b61393cccc relative=0x0000000000000eac
Event: 21.788 Thread 0x000001b66da2b9b0 Uncommon trap: reason=bimorphic_or_optimized_type_check action=maybe_recompile pc=0x000001b61393cccc method=java.util.Arrays.binarySearch0([Ljava/lang/Object;IILjava/lang/Object;Ljava/util/Comparator;)I @ 48 c2
Event: 21.788 Thread 0x000001b66da2b9b0 DEOPT PACKING pc=0x000001b61393cccc sp=0x00000060071f3510
Event: 21.788 Thread 0x000001b66da2b9b0 DEOPT UNPACKING pc=0x000001b6133723a3 sp=0x00000060071f34d8 mode 2
Event: 21.802 Thread 0x000001b66da2b9b0 Uncommon trap: trap_request=0xffffff45 fr.pc=0x000001b613c6e358 relative=0x0000000000000cf8
Event: 21.802 Thread 0x000001b66da2b9b0 Uncommon trap: reason=unstable_if action=reinterpret pc=0x000001b613c6e358 method=groovy.lang.MetaClassImpl.checkIfStdMethod(Lgroovy/lang/MetaMethod;)V @ 55 c2
Event: 21.802 Thread 0x000001b66da2b9b0 DEOPT PACKING pc=0x000001b613c6e358 sp=0x00000060071f3df0
Event: 21.802 Thread 0x000001b66da2b9b0 DEOPT UNPACKING pc=0x000001b6133723a3 sp=0x00000060071f3d60 mode 2
Event: 22.044 Thread 0x000001b66da2b9b0 Uncommon trap: trap_request=0xffffff45 fr.pc=0x000001b613c799e8 relative=0x00000000000004a8
Event: 22.044 Thread 0x000001b66da2b9b0 Uncommon trap: reason=unstable_if action=reinterpret pc=0x000001b613c799e8 method=java.util.StringJoiner.add(Ljava/lang/CharSequence;)Ljava/util/StringJoiner; @ 33 c2
Event: 22.044 Thread 0x000001b66da2b9b0 DEOPT PACKING pc=0x000001b613c799e8 sp=0x00000060071f22c0
Event: 22.044 Thread 0x000001b66da2b9b0 DEOPT UNPACKING pc=0x000001b6133723a3 sp=0x00000060071f2270 mode 2
Event: 23.250 Thread 0x000001b66da2b9b0 DEOPT PACKING pc=0x000001b60bf75af4 sp=0x00000060071f3ca0
Event: 23.250 Thread 0x000001b66da2b9b0 DEOPT UNPACKING pc=0x000001b613372b43 sp=0x00000060071f3240 mode 0
Event: 23.262 Thread 0x000001b66da2b9b0 DEOPT PACKING pc=0x000001b60c12b166 sp=0x00000060071f1bf0
Event: 23.262 Thread 0x000001b66da2b9b0 DEOPT UNPACKING pc=0x000001b613372b43 sp=0x00000060071f10b8 mode 0
Event: 24.422 Thread 0x000001b66da2b9b0 Uncommon trap: trap_request=0xffffff45 fr.pc=0x000001b613ca8694 relative=0x00000000000004b4
Event: 24.422 Thread 0x000001b66da2b9b0 Uncommon trap: reason=unstable_if action=reinterpret pc=0x000001b613ca8694 method=org.codehaus.groovy.runtime.metaclass.MetaMethodIndex.copyNonPrivateNonNewMetaMethods(Lorg/codehaus/groovy/runtime/metaclass/MetaMethodIndex$Entry;Lorg/codehaus/groovy/runti
Event: 24.422 Thread 0x000001b66da2b9b0 DEOPT PACKING pc=0x000001b613ca8694 sp=0x00000060071f3610
Event: 24.422 Thread 0x000001b66da2b9b0 DEOPT UNPACKING pc=0x000001b6133723a3 sp=0x00000060071f35c8 mode 2

Classes unloaded (0 events):
No events

Classes redefined (0 events):
No events

Internal exceptions (20 events):
Event: 24.215 Thread 0x000001b66da2b9b0 Exception <a 'java/lang/ClassNotFoundException'{0x00000007078f33f0}: org/jetbrains/kotlin/gradle/targets/js/npm/DefaultDevNpmDependencyExtensionCustomizer> (0x00000007078f33f0) 
thrown [s\open\src\hotspot\share\classfile\systemDictionary.cpp, line 256]
Event: 24.218 Thread 0x000001b66da2b9b0 Exception <a 'java/lang/ClassNotFoundException'{0x00000007079336f0}: org/jetbrains/kotlin/gradle/targets/js/npm/DefaultPeerNpmDependencyExtensionBeanInfo> (0x00000007079336f0) 
thrown [s\open\src\hotspot\share\classfile\systemDictionary.cpp, line 256]
Event: 24.219 Thread 0x000001b66da2b9b0 Exception <a 'java/lang/ClassNotFoundException'{0x0000000707942440}: org/jetbrains/kotlin/gradle/targets/js/npm/DefaultPeerNpmDependencyExtensionCustomizer> (0x0000000707942440) 
thrown [s\open\src\hotspot\share\classfile\systemDictionary.cpp, line 256]
Event: 24.222 Thread 0x000001b66da2b9b0 Exception <a 'java/lang/ClassNotFoundException'{0x0000000707989dc0}: org/jetbrains/kotlin/gradle/targets/js/npm/DefaultPeerNpmDependencyExtension$delegate$1BeanInfo> (0x0000000707989dc0) 
thrown [s\open\src\hotspot\share\classfile\systemDictionary.cpp, line 256]
Event: 24.223 Thread 0x000001b66da2b9b0 Exception <a 'java/lang/ClassNotFoundException'{0x0000000707998cd8}: org/jetbrains/kotlin/gradle/targets/js/npm/DefaultPeerNpmDependencyExtension$delegate$1Customizer> (0x0000000707998cd8) 
thrown [s\open\src\hotspot\share\classfile\systemDictionary.cpp, line 256]
Event: 24.244 Thread 0x000001b66da2b9b0 Exception <a 'java/lang/NoSuchMethodError'{0x0000000707628358}: static Lorg/jetbrains/kotlin/gradle/plugin/internal/DefaultIdeaSyncDetector$createIdeaPropertiesEvaluator$1;.<clinit>()V> (0x0000000707628358) 
thrown [s\open\src\hotspot\share\prims\jni.cpp, line 1112]
Event: 24.423 Thread 0x000001b66da2b9b0 Exception <a 'java/lang/ClassNotFoundException'{0x000000070709e428}: FlutterPluginBeanInfo> (0x000000070709e428) 
thrown [s\open\src\hotspot\share\classfile\systemDictionary.cpp, line 256]
Event: 24.425 Thread 0x000001b66da2b9b0 Exception <a 'java/lang/ClassNotFoundException'{0x00000007070ac460}: FlutterPluginCustomizer> (0x00000007070ac460) 
thrown [s\open\src\hotspot\share\classfile\systemDictionary.cpp, line 256]
Event: 24.449 Thread 0x000001b66da2b9b0 Exception <a 'java/lang/ClassNotFoundException'{0x0000000709030e48}: org/gradle/api/internal/tasks/DefaultTaskContainer_DecoratedBeanInfo> (0x0000000709030e48) 
thrown [s\open\src\hotspot\share\classfile\systemDictionary.cpp, line 256]
Event: 24.482 Thread 0x000001b66da2b9b0 Exception <a 'java/lang/ClassNotFoundException'{0x000000070904ae28}: org/gradle/api/internal/tasks/DefaultTaskContainerBeanInfo> (0x000000070904ae28) 
thrown [s\open\src\hotspot\share\classfile\systemDictionary.cpp, line 256]
Event: 24.483 Thread 0x000001b66da2b9b0 Exception <a 'java/lang/ClassNotFoundException'{0x0000000709064e30}: org/gradle/api/internal/tasks/DefaultTaskCollectionBeanInfo> (0x0000000709064e30) 
thrown [s\open\src\hotspot\share\classfile\systemDictionary.cpp, line 256]
Event: 24.484 Thread 0x000001b66da2b9b0 Exception <a 'java/lang/ClassNotFoundException'{0x000000070907ec08}: org/gradle/api/internal/DefaultNamedDomainObjectSetBeanInfo> (0x000000070907ec08) 
thrown [s\open\src\hotspot\share\classfile\systemDictionary.cpp, line 256]
Event: 24.485 Thread 0x000001b66da2b9b0 Exception <a 'java/lang/ClassNotFoundException'{0x00000007090989b8}: org/gradle/api/internal/DefaultNamedDomainObjectSetCustomizer> (0x00000007090989b8) 
thrown [s\open\src\hotspot\share\classfile\systemDictionary.cpp, line 256]
Event: 24.493 Thread 0x000001b66da2b9b0 Exception <a 'java/lang/ClassNotFoundException'{0x00000007090c8980}: org/gradle/api/internal/tasks/DefaultTaskCollectionCustomizer> (0x00000007090c8980) 
thrown [s\open\src\hotspot\share\classfile\systemDictionary.cpp, line 256]
Event: 24.495 Thread 0x000001b66da2b9b0 Exception <a 'java/lang/ClassNotFoundException'{0x00000007091102a0}: org/gradle/api/internal/tasks/DefaultTaskContainerCustomizer> (0x00000007091102a0) 
thrown [s\open\src\hotspot\share\classfile\systemDictionary.cpp, line 256]
Event: 24.499 Thread 0x000001b66da2b9b0 Exception <a 'java/lang/ClassNotFoundException'{0x000000070917c0e0}: org/gradle/api/internal/tasks/DefaultTaskContainer_DecoratedCustomizer> (0x000000070917c0e0) 
thrown [s\open\src\hotspot\share\classfile\systemDictionary.cpp, line 256]
Event: 24.548 Thread 0x000001b66da2b9b0 Exception <a 'java/lang/ClassNotFoundException'{0x0000000708e0d510}: java/lang/SystemBeanInfo> (0x0000000708e0d510) 
thrown [s\open\src\hotspot\share\classfile\systemDictionary.cpp, line 256]
Event: 24.548 Thread 0x000001b66da2b9b0 Exception <a 'java/lang/ClassNotFoundException'{0x0000000708e17460}: java/lang/SystemCustomizer> (0x0000000708e17460) 
thrown [s\open\src\hotspot\share\classfile\systemDictionary.cpp, line 256]
Event: 24.551 Thread 0x000001b66da2b9b0 Exception <a 'java/lang/ClassNotFoundException'{0x0000000708e6ecb8}: java/util/Collections$UnmodifiableMapBeanInfo> (0x0000000708e6ecb8) 
thrown [s\open\src\hotspot\share\classfile\systemDictionary.cpp, line 256]
Event: 24.552 Thread 0x000001b66da2b9b0 Exception <a 'java/lang/ClassNotFoundException'{0x0000000708e78d98}: java/util/Collections$UnmodifiableMapCustomizer> (0x0000000708e78d98) 
thrown [s\open\src\hotspot\share\classfile\systemDictionary.cpp, line 256]

VM Operations (20 events):
Event: 20.459 Executing VM operation: G1Concurrent
Event: 20.470 Executing VM operation: G1Concurrent done
Event: 21.148 Executing VM operation: G1CollectForAllocation
Event: 21.154 Executing VM operation: G1CollectForAllocation done
Event: 21.804 Executing VM operation: G1CollectForAllocation
Event: 21.813 Executing VM operation: G1CollectForAllocation done
Event: 21.941 Executing VM operation: G1Concurrent
Event: 21.945 Executing VM operation: G1Concurrent done
Event: 22.008 Executing VM operation: G1Concurrent
Event: 22.009 Executing VM operation: G1Concurrent done
Event: 22.178 Executing VM operation: HandshakeAllThreads
Event: 22.178 Executing VM operation: HandshakeAllThreads done
Event: 23.150 Executing VM operation: G1CollectForAllocation
Event: 23.156 Executing VM operation: G1CollectForAllocation done
Event: 23.211 Executing VM operation: G1CollectForAllocation
Event: 23.215 Executing VM operation: G1CollectForAllocation done
Event: 24.225 Executing VM operation: Cleanup
Event: 24.225 Executing VM operation: Cleanup done
Event: 24.441 Executing VM operation: G1CollectForAllocation
Event: 24.445 Executing VM operation: G1CollectForAllocation done

Events (20 events):
Event: 24.416 loading class java/util/regex/Pattern$Pos
Event: 24.416 loading class java/util/regex/Pattern$Pos done
Event: 24.546 loading class java/io/Console
Event: 24.547 loading class java/io/Console done
Event: 24.547 loading class java/lang/SystemBeanInfo
Event: 24.547 loading class java/lang/SystemBeanInfo done
Event: 24.548 loading class java/lang/SystemBeanInfo
Event: 24.548 loading class java/lang/SystemBeanInfo done
Event: 24.548 loading class java/lang/SystemCustomizer
Event: 24.548 loading class java/lang/SystemCustomizer done
Event: 24.548 loading class java/lang/SystemCustomizer
Event: 24.548 loading class java/lang/SystemCustomizer done
Event: 24.551 loading class java/util/Collections$UnmodifiableMapBeanInfo
Event: 24.551 loading class java/util/Collections$UnmodifiableMapBeanInfo done
Event: 24.551 loading class java/util/Collections$UnmodifiableMapBeanInfo
Event: 24.551 loading class java/util/Collections$UnmodifiableMapBeanInfo done
Event: 24.551 loading class java/util/Collections$UnmodifiableMapCustomizer
Event: 24.551 loading class java/util/Collections$UnmodifiableMapCustomizer done
Event: 24.552 loading class java/util/Collections$UnmodifiableMapCustomizer
Event: 24.552 loading class java/util/Collections$UnmodifiableMapCustomizer done


Dynamic libraries:
0x00007ff721e90000 - 0x00007ff721ea0000 	C:\Program Files\Java\jdk-17\bin\java.exe
0x00007ffb22190000 - 0x00007ffb22388000 	C:\Windows\SYSTEM32\ntdll.dll
0x00007ffb20770000 - 0x00007ffb20832000 	C:\Windows\System32\KERNEL32.DLL
0x00007ffb1fd10000 - 0x00007ffb2000e000 	C:\Windows\System32\KERNELBASE.dll
0x00007ffb20010000 - 0x00007ffb20110000 	C:\Windows\System32\ucrtbase.dll
0x00007ffb09c00000 - 0x00007ffb09c19000 	C:\Program Files\Java\jdk-17\bin\jli.dll
0x00007ffb21790000 - 0x00007ffb21841000 	C:\Windows\System32\ADVAPI32.dll
0x00007ffb21270000 - 0x00007ffb2130e000 	C:\Windows\System32\msvcrt.dll
0x00007ffb213c0000 - 0x00007ffb2145f000 	C:\Windows\System32\sechost.dll
0x00007ffb20640000 - 0x00007ffb20763000 	C:\Windows\System32\RPCRT4.dll
0x00007ffb20110000 - 0x00007ffb20137000 	C:\Windows\System32\bcrypt.dll
0x00007ffb21fb0000 - 0x00007ffb2214d000 	C:\Windows\System32\USER32.dll
0x00007ffb1fa70000 - 0x00007ffb1fa92000 	C:\Windows\System32\win32u.dll
0x00007ffb21860000 - 0x00007ffb2188b000 	C:\Windows\System32\GDI32.dll
0x00007ffb1fbf0000 - 0x00007ffb1fd07000 	C:\Windows\System32\gdi32full.dll
0x00007ffb1faa0000 - 0x00007ffb1fb3d000 	C:\Windows\System32\msvcp_win.dll
0x00007ffb09840000 - 0x00007ffb0985b000 	C:\Program Files\Java\jdk-17\bin\VCRUNTIME140.dll
0x00007ffb0b0e0000 - 0x00007ffb0b37a000 	C:\Windows\WinSxS\amd64_microsoft.windows.common-controls_6595b64144ccf1df_6.0.19041.4355_none_60b8b9eb71f62e16\COMCTL32.dll
0x00007ffb157f0000 - 0x00007ffb157fa000 	C:\Windows\SYSTEM32\VERSION.dll
0x00007ffb21460000 - 0x00007ffb2148f000 	C:\Windows\System32\IMM32.DLL
0x00007ffb188c0000 - 0x00007ffb188cc000 	C:\Program Files\Java\jdk-17\bin\vcruntime140_1.dll
0x00007ffaebb60000 - 0x00007ffaebbee000 	C:\Program Files\Java\jdk-17\bin\msvcp140.dll
0x00007ffac57b0000 - 0x00007ffac6390000 	C:\Program Files\Java\jdk-17\bin\server\jvm.dll
0x00007ffb21850000 - 0x00007ffb21858000 	C:\Windows\System32\PSAPI.DLL
0x00007ffb15c90000 - 0x00007ffb15c99000 	C:\Windows\SYSTEM32\WSOCK32.dll
0x00007ffb21640000 - 0x00007ffb216ab000 	C:\Windows\System32\WS2_32.dll
0x00007ffb08a20000 - 0x00007ffb08a47000 	C:\Windows\SYSTEM32\WINMM.dll
0x00007ffb1e0a0000 - 0x00007ffb1e0b2000 	C:\Windows\SYSTEM32\kernel.appcore.dll
0x00007ffb12210000 - 0x00007ffb1221a000 	C:\Program Files\Java\jdk-17\bin\jimage.dll
0x00007ffb1a560000 - 0x00007ffb1a744000 	C:\Windows\SYSTEM32\DBGHELP.DLL
0x00007ffb00300000 - 0x00007ffb00334000 	C:\Windows\SYSTEM32\dbgcore.DLL
0x00007ffb1f830000 - 0x00007ffb1f8b2000 	C:\Windows\System32\bcryptPrimitives.dll
0x00007ffaee1a0000 - 0x00007ffaee1c5000 	C:\Program Files\Java\jdk-17\bin\java.dll
0x00007ffae3190000 - 0x00007ffae3267000 	C:\Program Files\Java\jdk-17\bin\jsvml.dll
0x00007ffb20980000 - 0x00007ffb210ed000 	C:\Windows\System32\SHELL32.dll
0x00007ffb1a750000 - 0x00007ffb1aef4000 	C:\Windows\SYSTEM32\windows.storage.dll
0x00007ffb202e0000 - 0x00007ffb20633000 	C:\Windows\System32\combase.dll
0x00007ffb1f260000 - 0x00007ffb1f28e000 	C:\Windows\SYSTEM32\Wldp.dll
0x00007ffb210f0000 - 0x00007ffb211bd000 	C:\Windows\System32\OLEAUT32.dll
0x00007ffb211c0000 - 0x00007ffb2126d000 	C:\Windows\System32\SHCORE.dll
0x00007ffb21730000 - 0x00007ffb21785000 	C:\Windows\System32\shlwapi.dll
0x00007ffb1f760000 - 0x00007ffb1f784000 	C:\Windows\SYSTEM32\profapi.dll
0x00007ffb08f30000 - 0x00007ffb08f49000 	C:\Program Files\Java\jdk-17\bin\net.dll
0x00007ffb134a0000 - 0x00007ffb135ad000 	C:\Windows\SYSTEM32\WINHTTP.dll
0x00007ffb1efc0000 - 0x00007ffb1f02a000 	C:\Windows\system32\mswsock.dll
0x00007ffb05f10000 - 0x00007ffb05f26000 	C:\Program Files\Java\jdk-17\bin\nio.dll
0x00007ffb0c920000 - 0x00007ffb0c938000 	C:\Program Files\Java\jdk-17\bin\zip.dll
0x00007ffb18900000 - 0x00007ffb18910000 	C:\Program Files\Java\jdk-17\bin\verify.dll
0x00007ffb188d0000 - 0x00007ffb188f7000 	C:\Users\Al-Mahdi\.gradle\native\c067742578af261105cb4f569cf0c3c89f3d7b1fecec35dd04571415982c5e48\windows-amd64\native-platform.dll
0x00007ffacce30000 - 0x00007ffaccf74000 	C:\Users\Al-Mahdi\.gradle\native\38dada09dfb8b06ba9b0570ebf7e218e3eb74d4ef43ca46872605cf95ebc2f47\windows-amd64\native-platform-file-events.dll
0x00007ffb121d0000 - 0x00007ffb121da000 	C:\Program Files\Java\jdk-17\bin\management.dll
0x00007ffb0b080000 - 0x00007ffb0b08b000 	C:\Program Files\Java\jdk-17\bin\management_ext.dll
0x00007ffb1f1b0000 - 0x00007ffb1f1c8000 	C:\Windows\SYSTEM32\CRYPTSP.dll
0x00007ffb1e870000 - 0x00007ffb1e8a4000 	C:\Windows\system32\rsaenh.dll
0x00007ffb1f720000 - 0x00007ffb1f74e000 	C:\Windows\SYSTEM32\USERENV.dll
0x00007ffb1f1d0000 - 0x00007ffb1f1dc000 	C:\Windows\SYSTEM32\CRYPTBASE.dll
0x00007ffb1ec50000 - 0x00007ffb1ec8b000 	C:\Windows\SYSTEM32\IPHLPAPI.DLL
0x00007ffb20970000 - 0x00007ffb20978000 	C:\Windows\System32\NSI.dll
0x00007ffb144d0000 - 0x00007ffb144e7000 	C:\Windows\SYSTEM32\dhcpcsvc6.DLL
0x00007ffb15480000 - 0x00007ffb1549d000 	C:\Windows\SYSTEM32\dhcpcsvc.DLL
0x00007ffb1eca0000 - 0x00007ffb1ed6a000 	C:\Windows\SYSTEM32\DNSAPI.dll
0x00007ffb0a190000 - 0x00007ffb0a19e000 	C:\Program Files\Java\jdk-17\bin\sunmscapi.dll
0x00007ffb1f910000 - 0x00007ffb1fa6c000 	C:\Windows\System32\CRYPT32.dll
0x00007ffb1f2d0000 - 0x00007ffb1f2f7000 	C:\Windows\SYSTEM32\ncrypt.dll
0x00007ffb1f290000 - 0x00007ffb1f2cb000 	C:\Windows\SYSTEM32\NTASN1.dll
0x00007ffb09ba0000 - 0x00007ffb09ba7000 	C:\Windows\system32\wshunix.dll

dbghelp: loaded successfully - version: 4.0.5 - missing functions: none
symbol engine: initialized successfully - sym options: 0x614 - pdb path: .;C:\Program Files\Java\jdk-17\bin;C:\Windows\SYSTEM32;C:\Windows\WinSxS\amd64_microsoft.windows.common-controls_6595b64144ccf1df_6.0.19041.4355_none_60b8b9eb71f62e16;C:\Program Files\Java\jdk-17\bin\server;C:\Users\Al-Mahdi\.gradle\native\c067742578af261105cb4f569cf0c3c89f3d7b1fecec35dd04571415982c5e48\windows-amd64;C:\Users\Al-Mahdi\.gradle\native\38dada09dfb8b06ba9b0570ebf7e218e3eb74d4ef43ca46872605cf95ebc2f47\windows-amd64

VM Arguments:
jvm_args: -XX:MaxMetaspaceSize=2G -XX:+HeapDumpOnOutOfMemoryError --add-opens=java.base/java.util=ALL-UNNAMED --add-opens=java.base/java.lang=ALL-UNNAMED --add-opens=java.base/java.lang.invoke=ALL-UNNAMED --add-opens=java.prefs/java.util.prefs=ALL-UNNAMED --add-opens=java.base/java.nio.charset=ALL-UNNAMED --add-opens=java.base/java.net=ALL-UNNAMED --add-opens=java.base/java.util.concurrent.atomic=ALL-UNNAMED -Xmx4G -Dfile.encoding=windows-1252 -Duser.country=US -Duser.language=en -Duser.variant 
java_command: org.gradle.launcher.daemon.bootstrap.GradleDaemon 7.6.3
java_class_path (initial): C:\Users\Al-Mahdi\.gradle\wrapper\dists\gradle-7.6.3-all\aocdy2d2z8kodnny3rsumj8i8\gradle-7.6.3\lib\gradle-launcher-7.6.3.jar
Launcher Type: SUN_STANDARD

[Global flags]
     intx CICompilerCount                          = 3                                         {product} {ergonomic}
     uint ConcGCThreads                            = 1                                         {product} {ergonomic}
     uint G1ConcRefinementThreads                  = 4                                         {product} {ergonomic}
   size_t G1HeapRegionSize                         = 2097152                                   {product} {ergonomic}
    uintx GCDrainStackTargetSize                   = 64                                        {product} {ergonomic}
     bool HeapDumpOnOutOfMemoryError               = true                                   {manageable} {command line}
   size_t InitialHeapSize                          = 132120576                                 {product} {ergonomic}
   size_t MarkStackSize                            = 4194304                                   {product} {ergonomic}
   size_t MaxHeapSize                              = 4294967296                                {product} {command line}
   size_t MaxMetaspaceSize                         = 2147483648                                {product} {command line}
   size_t MaxNewSize                               = 2575302656                                {product} {ergonomic}
   size_t MinHeapDeltaBytes                        = 2097152                                   {product} {ergonomic}
   size_t MinHeapSize                              = 8388608                                   {product} {ergonomic}
    uintx NonNMethodCodeHeapSize                   = 5832780                                {pd product} {ergonomic}
    uintx NonProfiledCodeHeapSize                  = 122912730                              {pd product} {ergonomic}
    uintx ProfiledCodeHeapSize                     = 122912730                              {pd product} {ergonomic}
    uintx ReservedCodeCacheSize                    = 251658240                              {pd product} {ergonomic}
     bool SegmentedCodeCache                       = true                                      {product} {ergonomic}
   size_t SoftMaxHeapSize                          = 4294967296                             {manageable} {ergonomic}
     bool UseCompressedClassPointers               = true                           {product lp64_product} {ergonomic}
     bool UseCompressedOops                        = true                           {product lp64_product} {ergonomic}
     bool UseG1GC                                  = true                                      {product} {ergonomic}
     bool UseLargePagesIndividualAllocation        = false                                  {pd product} {ergonomic}

Logging:
Log output configuration:
 #0: stdout all=warning uptime,level,tags
 #1: stderr all=off uptime,level,tags

Environment Variables:
JAVA_HOME=C:\Program Files\Java\jdk-17
CLASSPATH=E:\anas\rct_app\android\\gradle\wrapper\gradle-wrapper.jar
PATH=C:\Program Files\Java\jdk-17\bin;C:\Program Files\Common Files\Oracle\Java\javapath;C:\Program Files (x86)\Common Files\Intel\Shared Libraries\redist\intel64\compiler;C:\Windows\system32;C:\Windows;C:\Windows\System32\Wbem;C:\Windows\System32\WindowsPowerShell\v1.0\;C:\Windows\System32\OpenSSH\;C:\Program Files\Git\cmd;C:\Users\Al-Mahdi\AppData\Local\Pub\Cache\bin;C:\Program Files\nodejs\;C:\Program Files\Java\jdk-17\bin;C:\Users\Al-Mahdi\AppData\Local\Microsoft\WindowsApps;C:\src\flutter\bin;C:\dart-sdk\bin;C:\Users\Al-Mahdi\Downloads\flutter_tools;C:\Users\Al-Mahdi\AppData\Local\Programs\Microsoft VS Code\bin;C:\ProgramData\Microsoft\Windows\Start Menu\Programs\Android Studio;C:\Users\Al-Mahdi\AppData\Local\Pub\Cache\bin;C:\Users\Al-Mahdi\AppData\Roaming\npm;C:\Program Files\Java\jdk-17\bin;;C:\src\flutter\bin\mingit\cmd;C:\src\flutter\bin\mingit\cmd
USERNAME=Al-Mahdi
OS=Windows_NT
PROCESSOR_IDENTIFIER=Intel64 Family 6 Model 142 Stepping 9, GenuineIntel



---------------  S Y S T E M  ---------------

OS:
 Windows 10 , 64 bit Build 19041 (10.0.19041.5198)
OS uptime: 0 days 7:07 hours

CPU: total 4 (initial active 4) (2 cores per cpu, 2 threads per core) family 6 model 142 stepping 9 microcode 0xf4, cx8, cmov, fxsr, ht, mmx, 3dnowpref, sse, sse2, sse3, ssse3, sse4.1, sse4.2, popcnt, lzcnt, tsc, tscinvbit, avx, avx2, aes, erms, clmul, bmi1, bmi2, rtm, adx, fma, vzeroupper, clflush, clflushopt

Memory: 4k page, system-wide physical 8050M (836M free)
TotalPageFile size 14706M (AvailPageFile size 5290M)
current process WorkingSet (physical memory assigned to process): 385M, peak: 390M
current process commit charge ("private bytes"): 422M, peak: 427M

vm_info: Java HotSpot(TM) 64-Bit Server VM (17.0.12+8-LTS-286) for windows-amd64 JRE (17.0.12+8-LTS-286), built on Jun  5 2024 06:46:59 by "mach5one" with MS VC++ 17.6 (VS2022)

END.
