#
# A fatal error has been detected by the Java Runtime Environment:
#
#  EXCEPTION_ACCESS_VIOLATION (0xc0000005) at pc=0x00007ffc15594c09, pid=3920, tid=11028
#
# JRE version: Java(TM) SE Runtime Environment (17.0.12+8) (build 17.0.12+8-LTS-286)
# Java VM: Java HotSpot(TM) 64-Bit Server VM (17.0.12+8-LTS-286, mixed mode, sharing, tiered, compressed oops, compressed class ptrs, g1 gc, windows-amd64)
# Problematic frame:
# V  [jvm.dll+0x304c09]
#
# No core dump will be written. Minidumps are not enabled by default on client versions of Windows
#
# If you would like to submit a bug report, please visit:
#   https://bugreport.java.com/bugreport/crash.jsp
#

---------------  S U M M A R Y ------------

Command Line: -XX:MaxMetaspaceSize=2G -XX:+HeapDumpOnOutOfMemoryError --add-opens=java.base/java.util=ALL-UNNAMED --add-opens=java.base/java.lang=ALL-UNNAMED --add-opens=java.base/java.lang.invoke=ALL-UNNAMED --add-opens=java.prefs/java.util.prefs=ALL-UNNAMED --add-opens=java.base/java.nio.charset=ALL-UNNAMED --add-opens=java.base/java.net=ALL-UNNAMED --add-opens=java.base/java.util.concurrent.atomic=ALL-UNNAMED -Xmx4G -Dfile.encoding=windows-1252 -Duser.country=US -Duser.language=en -Duser.variant org.gradle.launcher.daemon.bootstrap.GradleDaemon 7.6.3

Host: Intel(R) Core(TM) i5-7300U CPU @ 2.60GHz, 4 cores, 7G,  Windows 10 , 64 bit Build 19041 (10.0.19041.5072)
Time: Thu Dec 12 22:18:03 2024 Egypt Standard Time elapsed time: 28.602419 seconds (0d 0h 0m 28s)

---------------  T H R E A D  ---------------

Current thread (0x00000207f8de4570):  GCTaskThread "GC Thread#0" [stack: 0x000000c33c200000,0x000000c33c300000] [id=11028]

Stack: [0x000000c33c200000,0x000000c33c300000],  sp=0x000000c33c2ff2b0,  free space=1020k
Native frames: (J=compiled Java code, j=interpreted, Vv=VM code, C=native code)
V  [jvm.dll+0x304c09]
V  [jvm.dll+0x30190e]
V  [jvm.dll+0x310113]
V  [jvm.dll+0x311f2b]
V  [jvm.dll+0x31070d]
V  [jvm.dll+0x311ada]
V  [jvm.dll+0x2dc663]
V  [jvm.dll+0x2ddf0b]
V  [jvm.dll+0x80832b]
V  [jvm.dll+0x808376]
V  [jvm.dll+0x78abea]
V  [jvm.dll+0x678f35]
C  [ucrtbase.dll+0x21bb2]
C  [KERNEL32.DLL+0x17374]
C  [ntdll.dll+0x4cc91]


siginfo: EXCEPTION_ACCESS_VIOLATION (0xc0000005), reading address 0x00000006142ae210


Registers:
RAX=0x0000000000000000, RBX=0x000000070e598301, RCX=0x0000000000000015, RDX=0x0000000000000000
RSP=0x000000c33c2ff2b0, RBP=0x0000000000000c36, RSI=0x000000070e598300, RDI=0x00000207e3b74da0
R8 =0x000000070e598528, R9 =0x00007ffc15290000, R10=0x00000006142ae210, R11=0x0000000000000001
R12=0x000000c33c2ff510, R13=0x00000207f8d77550, R14=0x0000000000000040, R15=0x0000000000000000
RIP=0x00007ffc15594c09, EFLAGS=0x0000000000010246


Register to memory mapping:

RIP=0x00007ffc15594c09 jvm.dll
RAX=0x0 is NULL
RBX=0x000000070e598301 is pointing into object: org.gradle.api.internal.collections.AbstractIterationOrderRetainingElementSource$Element 
{0x000000070e5982d8} - klass: 'org/gradle/api/internal/collections/AbstractIterationOrderRetainingElementSource$Element'
 - ---- fields (total size 6 words):
 - private final 'type' 'Ljava/lang/Class;' @12  NULL (0)
 - protected final 'delegate' 'Lorg/gradle/api/internal/provider/Collector;' @16  a 'org/gradle/api/internal/provider/Collectors$SingleElement'{0x000000070e598308} (e1cb3061)
 - private final 'valueCollector' 'Lorg/gradle/api/internal/provider/ValueCollector;' @20  a 'org/gradle/api/internal/provider/ValueSanitizers$3'{0x0000000701997e10} (e0332fc2)
 - private 'realized' 'Z' @24  true
 - private 'cache' 'Ljava/util/List;' @28  a 'java/util/ArrayList'{0x000000070e5984d0} (e1cb309a)
 - private final 'removedValues' 'Ljava/util/List;' @32  a 'java/util/ArrayList'{0x000000070e598500} (e1cb30a0)
 - private final 'realizedValues' 'Ljava/util/Set;' @36  a 'java/util/HashSet'{0x000000070e598518} (e1cb30a3)
 - private final 'duplicates' 'Ljava/util/Set;' @40  
[error occurred during error reporting (printing register info), id 0xc0000005, EXCEPTION_ACCESS_VIOLATION (0xc0000005) at pc=0x00007ffc1561eb3e]

Top of Stack: (sp=0x000000c33c2ff2b0)
0x000000c33c2ff2b0:   0000000714340000 0000000000000001
0x000000c33c2ff2c0:   0000000000000008 0000000000000001
0x000000c33c2ff2d0:   00000207f9667300 000000000000000f
0x000000c33c2ff2e0:   00000000000003c0 000000c33c2ff510
0x000000c33c2ff2f0:   0000000702e66200 00007ffc1559190e
0x000000c33c2ff300:   0000000702e66200 00000207e3b74da0
0x000000c33c2ff310:   00000207f8d77550 00000207f9667300
0x000000c33c2ff320:   00000000110741e8 0000001207d74129
0x000000c33c2ff330:   000000c33c2ff510 0000000702e66200
0x000000c33c2ff340:   0000000702e68008 00007ffc155a0113
0x000000c33c2ff350:   0000000702e66200 000000c33c2ff370
0x000000c33c2ff360:   000000c33c2ff380 000000c33c2ff510
0x000000c33c2ff370:   0000000702e66200 00000000000003c0
0x000000c33c2ff380:   00007ffc15b8fe88 0000000000000000
0x000000c33c2ff390:   00000207f8d8b460 00000207e3b74da0
0x000000c33c2ff3a0:   00000207f9667340 00007ffc155a1f2b 

Instructions: (pc=0x00007ffc15594c09)
0x00007ffc15594b09:   ff 48 8d 53 fe 48 8b cf e8 aa f6 ff ff e9 35 fd
0x00007ffc15594b19:   ff ff 0f 1f 44 00 00 48 8b 77 10 8b ae 80 00 00
0x00007ffc15594b29:   00 8b cd 8b 86 00 01 00 00 2b c8 81 e1 ff ff 01
0x00007ffc15594b39:   00 41 3b ce 0f 86 e9 02 00 00 ff cd 81 e5 ff ff
0x00007ffc15594b49:   01 00 89 ae 80 00 00 00 e8 ba 6c 36 00 90 8b d5
0x00007ffc15594b59:   8b 86 00 01 00 00 8b cd 48 8b 9e 80 01 00 00 2b
0x00007ffc15594b69:   c8 81 e1 ff ff 01 00 81 f9 ff ff 01 00 48 8b 1c
0x00007ffc15594b79:   eb 41 0f 44 cf 85 c9 75 3d 90 89 6c 24 50 48 8b
0x00007ffc15594b89:   86 00 01 00 00 48 8b c8 48 c1 e9 20 ff c1 89 4c
0x00007ffc15594b99:   24 54 3b e8 0f 85 77 02 00 00 48 c1 e1 20 48 0b
0x00007ffc15594ba9:   ca f0 48 0f b1 8e 00 01 00 00 0f 85 61 02 00 00
0x00007ffc15594bb9:   8b 86 00 01 00 00 f6 c3 01 0f 84 2f 01 00 00 8b
0x00007ffc15594bc9:   0d ea c6 79 00 48 8d 73 ff 48 8b 47 08 44 8b 16
0x00007ffc15594bd9:   49 d3 e2 4c 03 15 cd c6 79 00 8b 88 90 05 00 00
0x00007ffc15594be9:   49 8b d2 48 8b 80 80 05 00 00 48 d3 ea 0f b7 14
0x00007ffc15594bf9:   50 0f b7 c2 66 c1 e8 08 84 c0 0f 88 17 ff ff ff
0x00007ffc15594c09:   4d 8b 02 41 0f b6 c0 24 03 3c 03 75 1e 44 38 3d
0x00007ffc15594c19:   c4 43 80 00 74 0f 41 0f b6 c0 24 07 3c 05 75 05
0x00007ffc15594c29:   4d 8b c7 eb 17 49 83 e0 fc eb 11 4d 8b c8 48 8b
0x00007ffc15594c39:   cf 4d 8b c2 e8 be f0 ff ff 4c 8b c0 8b 0d 6d c6
0x00007ffc15594c49:   79 00 49 8b d0 48 2b 15 5b c6 79 00 48 d3 ea 89
0x00007ffc15594c59:   16 48 8b d6 8b 0d 0d 4c 80 00 49 33 d0 48 d3 ea
0x00007ffc15594c69:   48 85 d2 0f 84 ae fe ff ff 48 8b 47 08 48 8b d6
0x00007ffc15594c79:   8b 88 c0 01 00 00 48 8b 80 b0 01 00 00 48 d3 ea
0x00007ffc15594c89:   48 8b 0c d0 8b 81 94 00 00 00 d1 e8 a8 01 0f 85
0x00007ffc15594c99:   83 fe ff ff 48 8b 47 08 8b 88 90 05 00 00 48 8b
0x00007ffc15594ca9:   80 80 05 00 00 49 d3 e8 46 38 3c 40 0f 84 65 fe
0x00007ffc15594cb9:   ff ff 48 8b 47 60 48 c1 ee 09 48 8b 58 40 48 8b
0x00007ffc15594cc9:   48 38 48 03 de 48 2b d9 48 39 9f b0 01 00 00 0f
0x00007ffc15594cd9:   84 42 fe ff ff 48 8d 14 19 48 8d 4f 18 e8 45 40
0x00007ffc15594ce9:   00 00 48 89 9f b0 01 00 00 e9 29 fe ff ff f6 c3
0x00007ffc15594cf9:   03 0f 85 09 01 00 00 48 8b 47 08 4c 8b 13 49 8b 


Stack slot to memory mapping:
stack at sp + 0 slots: 0x0000000714340000 is pointing into object: [Ljava.lang.Object; 
{0x000000071433ffe8} - klass: 'java/lang/Object'[]
 - length: 26
stack at sp + 1 slots: 0x0000000000000001 is an unknown value
stack at sp + 2 slots: 0x0000000000000008 is an unknown value
stack at sp + 3 slots: 0x0000000000000001 is an unknown value
stack at sp + 4 slots: 0x00000207f9667300 points into unknown readable memory: 0xffffffffffffffff | ff ff ff ff ff ff ff ff
stack at sp + 5 slots: 0x000000000000000f is an unknown value
stack at sp + 6 slots: 0x00000000000003c0 is an unknown value
stack at sp + 7 slots: 0x000000c33c2ff510 points into unknown readable memory: 0x00007ffc15b90078 | 78 00 b9 15 fc 7f 00 00


---------------  P R O C E S S  ---------------

Threads class SMR info:
_java_thread_list=0x00000207e5fcdc60, length=89, elements={
0x00000207f8d79660, 0x00000207feaf13c0, 0x00000207feaf2150, 0x00000207feb044f0,
0x00000207feb07ee0, 0x00000207feb08f50, 0x00000207feb0eff0, 0x00000207feb340f0,
0x00000207feb35250, 0x00000207feb48ad0, 0x000002079ca07ab0, 0x000002079ca09910,
0x000002079ca09e20, 0x000002079ca089e0, 0x000002079ca0a330, 0x000002079ca0a840,
0x000002079ca0ad50, 0x000002079ca075a0, 0x000002079ca07fc0, 0x000002079ca084d0,
0x000002079ca09400, 0x00000207e40a74c0, 0x00000207e40a8e10, 0x00000207e40a6080,
0x00000207e40aac70, 0x00000207e40a4220, 0x00000207e40a5660, 0x00000207e40a8900,
0x00000207e40aa250, 0x00000207e40a9830, 0x00000207e40a4730, 0x00000207e40ab180,
0x00000207e40a7ee0, 0x00000207e40a6fb0, 0x00000207e40a4c40, 0x00000207e40a5150,
0x00000207e40a5b70, 0x00000207e6a21d70, 0x00000207e6a1d690, 0x00000207e6a1e0b0,
0x00000207e6a1c760, 0x00000207e6a23bd0, 0x00000207e6a22790, 0x00000207e6a240e0,
0x00000207e6a21860, 0x00000207e6a20420, 0x00000207e6a1d180, 0x00000207e6a20930,
0x00000207e6a22ca0, 0x00000207e6a1ead0, 0x00000207e6a231b0, 0x00000207e6a1dba0,
0x00000207e6a20e40, 0x00000207e6a1efe0, 0x00000207e6a1cc70, 0x00000207e6a1e5c0,
0x00000207e33eb790, 0x00000207e6a1ff10, 0x00000207e6a1fa00, 0x00000207e6a21350,
0x00000207e40a9320, 0x00000207e40a9d40, 0x00000207e6822570, 0x00000207e6823ec0,
0x00000207e68243d0, 0x00000207e6822f90, 0x00000207e6822a80, 0x00000207e6824df0,
0x00000207e68234a0, 0x00000207e68248e0, 0x00000207e68239b0, 0x00000207e6825810,
0x00000207e6825d20, 0x00000207e6825300, 0x000002079cc9a250, 0x000002079cc9c5c0,
0x000002079cc9e420, 0x000002079cc9e930, 0x000002079cca0790, 0x000002079cc9b180,
0x000002079cc9da00, 0x000002079cc9df10, 0x000002079cca0ca0, 0x000002079cc9f350,
0x000002079cc9b690, 0x000002079cca11b0, 0x000002079cc99d40, 0x000002079cc9bba0,
0x000002079cca16c0
}

Java Threads: ( => current thread )
  0x00000207f8d79660 JavaThread "main" [_thread_blocked, id=2848, stack(0x000000c33c100000,0x000000c33c200000)]
  0x00000207feaf13c0 JavaThread "Reference Handler" daemon [_thread_blocked, id=10136, stack(0x000000c33c800000,0x000000c33c900000)]
  0x00000207feaf2150 JavaThread "Finalizer" daemon [_thread_blocked, id=10300, stack(0x000000c33c900000,0x000000c33ca00000)]
  0x00000207feb044f0 JavaThread "Signal Dispatcher" daemon [_thread_blocked, id=4776, stack(0x000000c33ca00000,0x000000c33cb00000)]
  0x00000207feb07ee0 JavaThread "Attach Listener" daemon [_thread_blocked, id=3104, stack(0x000000c33cb00000,0x000000c33cc00000)]
  0x00000207feb08f50 JavaThread "Service Thread" daemon [_thread_blocked, id=6348, stack(0x000000c33cc00000,0x000000c33cd00000)]
  0x00000207feb0eff0 JavaThread "Monitor Deflation Thread" daemon [_thread_blocked, id=5872, stack(0x000000c33cd00000,0x000000c33ce00000)]
  0x00000207feb340f0 JavaThread "C2 CompilerThread0" daemon [_thread_blocked, id=12336, stack(0x000000c33ce00000,0x000000c33cf00000)]
  0x00000207feb35250 JavaThread "C1 CompilerThread0" daemon [_thread_blocked, id=8884, stack(0x000000c33cf00000,0x000000c33d000000)]
  0x00000207feb48ad0 JavaThread "Sweeper thread" daemon [_thread_blocked, id=8312, stack(0x000000c33d000000,0x000000c33d100000)]
  0x000002079ca07ab0 JavaThread "Common-Cleaner" daemon [_thread_blocked, id=8576, stack(0x000000c33d100000,0x000000c33d200000)]
  0x000002079ca09910 JavaThread "Notification Thread" daemon [_thread_blocked, id=11864, stack(0x000000c33d200000,0x000000c33d300000)]
  0x000002079ca09e20 JavaThread "Daemon health stats" [_thread_blocked, id=9020, stack(0x000000c33d800000,0x000000c33d900000)]
  0x000002079ca089e0 JavaThread "Incoming local TCP Connector on port 57057" [_thread_in_native, id=7396, stack(0x000000c33d400000,0x000000c33d500000)]
  0x000002079ca0a330 JavaThread "Daemon periodic checks" [_thread_blocked, id=6748, stack(0x000000c33da00000,0x000000c33db00000)]
  0x000002079ca0a840 JavaThread "Daemon" [_thread_blocked, id=5952, stack(0x000000c33d900000,0x000000c33da00000)]
  0x000002079ca0ad50 JavaThread "Handler for socket connection from /127.0.0.1:57057 to /127.0.0.1:57058" [_thread_in_native, id=10900, stack(0x000000c33db00000,0x000000c33dc00000)]
  0x000002079ca075a0 JavaThread "Cancel handler" [_thread_blocked, id=4532, stack(0x000000c33dc00000,0x000000c33dd00000)]
  0x000002079ca07fc0 JavaThread "Daemon worker" [_thread_blocked, id=3356, stack(0x000000c33dd00000,0x000000c33de00000)]
  0x000002079ca084d0 JavaThread "Asynchronous log dispatcher for DefaultDaemonConnection: socket connection from /127.0.0.1:57057 to /127.0.0.1:57058" [_thread_blocked, id=908, stack(0x000000c33de00000,0x000000c33df00000)]
  0x000002079ca09400 JavaThread "Stdin handler" [_thread_blocked, id=2464, stack(0x000000c33df00000,0x000000c33e000000)]
  0x00000207e40a74c0 JavaThread "Daemon client event forwarder" [_thread_blocked, id=11428, stack(0x000000c33e000000,0x000000c33e100000)]
  0x00000207e40a8e10 JavaThread "Cache worker for journal cache (C:\Users\Al-Mahdi\.gradle\caches\journal-1)" [_thread_blocked, id=11568, stack(0x000000c33e100000,0x000000c33e200000)]
  0x00000207e40a6080 JavaThread "File lock request listener" [_thread_in_native, id=3992, stack(0x000000c33e200000,0x000000c33e300000)]
  0x00000207e40aac70 JavaThread "Cache worker for file hash cache (C:\Users\Al-Mahdi\.gradle\caches\7.6.3\fileHashes)" [_thread_blocked, id=7688, stack(0x000000c33e300000,0x000000c33e400000)]
  0x00000207e40a4220 JavaThread "File watcher server" daemon [_thread_in_native, id=9692, stack(0x000000c33e500000,0x000000c33e600000)]
  0x00000207e40a5660 JavaThread "File watcher consumer" daemon [_thread_blocked, id=2252, stack(0x000000c33e600000,0x000000c33e700000)]
  0x00000207e40a8900 JavaThread "Cache worker for checksums cache (E:\anas\rct_app\android\.gradle\7.6.3\checksums)" [_thread_blocked, id=11940, stack(0x000000c33e700000,0x000000c33e800000)]
  0x00000207e40aa250 JavaThread "Cache worker for cache directory md-rule (C:\Users\Al-Mahdi\.gradle\caches\7.6.3\md-rule)" [_thread_blocked, id=10280, stack(0x000000c33e800000,0x000000c33e900000)]
  0x00000207e40a9830 JavaThread "Cache worker for file content cache (C:\Users\Al-Mahdi\.gradle\caches\7.6.3\fileContent)" [_thread_blocked, id=7348, stack(0x000000c33e900000,0x000000c33ea00000)]
  0x00000207e40a4730 JavaThread "Cache worker for file hash cache (E:\anas\rct_app\android\.gradle\7.6.3\fileHashes)" [_thread_blocked, id=6620, stack(0x000000c33ea00000,0x000000c33eb00000)]
  0x00000207e40ab180 JavaThread "Cache worker for cache directory md-supplier (C:\Users\Al-Mahdi\.gradle\caches\7.6.3\md-supplier)" [_thread_blocked, id=10628, stack(0x000000c33eb00000,0x000000c33ec00000)]
  0x00000207e40a7ee0 JavaThread "Cache worker for execution history cache (C:\Users\Al-Mahdi\.gradle\caches\7.6.3\executionHistory)" [_thread_blocked, id=5604, stack(0x000000c33ed00000,0x000000c33ee00000)]
  0x00000207e40a6fb0 JavaThread "jar transforms" [_thread_blocked, id=2772, stack(0x000000c33ee00000,0x000000c33ef00000)]
  0x00000207e40a4c40 JavaThread "Cache worker for kotlin-dsl (C:\Users\Al-Mahdi\.gradle\caches\7.6.3\kotlin-dsl)" [_thread_blocked, id=10776, stack(0x000000c33ef00000,0x000000c33f000000)]
  0x00000207e40a5150 JavaThread "jar transforms Thread 2" [_thread_blocked, id=11748, stack(0x000000c33f000000,0x000000c33f100000)]
  0x00000207e40a5b70 JavaThread "Cache worker for dependencies-accessors (E:\anas\rct_app\android\.gradle\7.6.3\dependencies-accessors)" [_thread_blocked, id=1316, stack(0x000000c33f100000,0x000000c33f200000)]
  0x00000207e6a21d70 JavaThread "Cache worker for Build Output Cleanup Cache (C:\src\flutter\packages\flutter_tools\gradle\.gradle\buildOutputCleanup)" [_thread_blocked, id=11412, stack(0x000000c33f200000,0x000000c33f300000)]
  0x00000207e6a1d690 JavaThread "jar transforms Thread 3" [_thread_blocked, id=12112, stack(0x000000c33f300000,0x000000c33f400000)]
  0x00000207e6a1e0b0 JavaThread "Memory manager" [_thread_blocked, id=12760, stack(0x000000c33f400000,0x000000c33f500000)]
  0x00000207e6a1c760 JavaThread "jar transforms Thread 4" [_thread_blocked, id=8292, stack(0x000000c33f500000,0x000000c33f600000)]
  0x00000207e6a23bd0 JavaThread "included builds" [_thread_blocked, id=3448, stack(0x000000c33f600000,0x000000c33f700000)]
  0x00000207e6a22790 JavaThread "Execution worker" [_thread_blocked, id=9072, stack(0x000000c33f700000,0x000000c33f800000)]
  0x00000207e6a240e0 JavaThread "Execution worker Thread 2" [_thread_blocked, id=12612, stack(0x000000c33f800000,0x000000c33f900000)]
  0x00000207e6a21860 JavaThread "Execution worker Thread 3" [_thread_blocked, id=11376, stack(0x000000c33f900000,0x000000c33fa00000)]
  0x00000207e6a20420 JavaThread "Cache worker for execution history cache (C:\src\flutter\packages\flutter_tools\gradle\.gradle\7.6.3\executionHistory)" [_thread_blocked, id=10112, stack(0x000000c33fa00000,0x000000c33fb00000)]
  0x00000207e6a1d180 JavaThread "Unconstrained build operations" [_thread_blocked, id=4924, stack(0x000000c33e400000,0x000000c33e500000)]
  0x00000207e6a20930 JavaThread "Unconstrained build operations Thread 2" [_thread_blocked, id=1336, stack(0x000000c33fb00000,0x000000c33fc00000)]
  0x00000207e6a22ca0 JavaThread "Unconstrained build operations Thread 3" [_thread_blocked, id=1932, stack(0x000000c33fc00000,0x000000c33fd00000)]
  0x00000207e6a1ead0 JavaThread "Unconstrained build operations Thread 4" [_thread_blocked, id=9460, stack(0x000000c33fd00000,0x000000c33fe00000)]
  0x00000207e6a231b0 JavaThread "Unconstrained build operations Thread 5" [_thread_blocked, id=12304, stack(0x000000c33fe00000,0x000000c33ff00000)]
  0x00000207e6a1dba0 JavaThread "Unconstrained build operations Thread 6" [_thread_blocked, id=2968, stack(0x000000c33ff00000,0x000000c340000000)]
  0x00000207e6a20e40 JavaThread "Unconstrained build operations Thread 7" [_thread_blocked, id=7124, stack(0x000000c340000000,0x000000c340100000)]
  0x00000207e6a1efe0 JavaThread "Unconstrained build operations Thread 8" [_thread_blocked, id=11196, stack(0x000000c340100000,0x000000c340200000)]
  0x00000207e6a1cc70 JavaThread "Unconstrained build operations Thread 9" [_thread_blocked, id=1352, stack(0x000000c340200000,0x000000c340300000)]
  0x00000207e6a1e5c0 JavaThread "Unconstrained build operations Thread 10" [_thread_blocked, id=7748, stack(0x000000c340300000,0x000000c340400000)]
  0x00000207e33eb790 JavaThread "C2 CompilerThread1" daemon [_thread_blocked, id=5624, stack(0x000000c340400000,0x000000c340500000)]
  0x00000207e6a1ff10 JavaThread "Unconstrained build operations Thread 11" [_thread_blocked, id=8920, stack(0x000000c340500000,0x000000c340600000)]
  0x00000207e6a1fa00 JavaThread "Unconstrained build operations Thread 12" [_thread_blocked, id=5084, stack(0x000000c340600000,0x000000c340700000)]
  0x00000207e6a21350 JavaThread "Unconstrained build operations Thread 13" [_thread_blocked, id=3336, stack(0x000000c340700000,0x000000c340800000)]
  0x00000207e40a9320 JavaThread "Unconstrained build operations Thread 14" [_thread_blocked, id=7696, stack(0x000000c340800000,0x000000c340900000)]
  0x00000207e40a9d40 JavaThread "Unconstrained build operations Thread 15" [_thread_blocked, id=12072, stack(0x000000c340900000,0x000000c340a00000)]
  0x00000207e6822570 JavaThread "Unconstrained build operations Thread 16" [_thread_blocked, id=1236, stack(0x000000c340a00000,0x000000c340b00000)]
  0x00000207e6823ec0 JavaThread "Unconstrained build operations Thread 17" [_thread_blocked, id=10132, stack(0x000000c340b00000,0x000000c340c00000)]
  0x00000207e68243d0 JavaThread "Unconstrained build operations Thread 18" [_thread_blocked, id=8964, stack(0x000000c340c00000,0x000000c340d00000)]
  0x00000207e6822f90 JavaThread "Unconstrained build operations Thread 19" [_thread_blocked, id=4312, stack(0x000000c340d00000,0x000000c340e00000)]
  0x00000207e6822a80 JavaThread "Unconstrained build operations Thread 20" [_thread_blocked, id=10884, stack(0x000000c340e00000,0x000000c340f00000)]
  0x00000207e6824df0 JavaThread "Unconstrained build operations Thread 21" [_thread_blocked, id=668, stack(0x000000c340f00000,0x000000c341000000)]
  0x00000207e68234a0 JavaThread "Unconstrained build operations Thread 22" [_thread_blocked, id=9320, stack(0x000000c341000000,0x000000c341100000)]
  0x00000207e68248e0 JavaThread "Unconstrained build operations Thread 23" [_thread_blocked, id=12412, stack(0x000000c341100000,0x000000c341200000)]
  0x00000207e68239b0 JavaThread "Unconstrained build operations Thread 24" [_thread_blocked, id=8228, stack(0x000000c341200000,0x000000c341300000)]
  0x00000207e6825810 JavaThread "Unconstrained build operations Thread 25" [_thread_blocked, id=7080, stack(0x000000c341300000,0x000000c341400000)]
  0x00000207e6825d20 JavaThread "Unconstrained build operations Thread 26" [_thread_blocked, id=9296, stack(0x000000c341400000,0x000000c341500000)]
  0x00000207e6825300 JavaThread "Unconstrained build operations Thread 27" [_thread_blocked, id=5784, stack(0x000000c341500000,0x000000c341600000)]
  0x000002079cc9a250 JavaThread "Unconstrained build operations Thread 28" [_thread_blocked, id=8220, stack(0x000000c341600000,0x000000c341700000)]
  0x000002079cc9c5c0 JavaThread "Unconstrained build operations Thread 29" [_thread_blocked, id=260, stack(0x000000c341700000,0x000000c341800000)]
  0x000002079cc9e420 JavaThread "Unconstrained build operations Thread 30" [_thread_blocked, id=4244, stack(0x000000c341800000,0x000000c341900000)]
  0x000002079cc9e930 JavaThread "Unconstrained build operations Thread 31" [_thread_blocked, id=9156, stack(0x000000c341900000,0x000000c341a00000)]
  0x000002079cca0790 JavaThread "Unconstrained build operations Thread 32" [_thread_blocked, id=1196, stack(0x000000c341a00000,0x000000c341b00000)]
  0x000002079cc9b180 JavaThread "Unconstrained build operations Thread 33" [_thread_blocked, id=7016, stack(0x000000c341b00000,0x000000c341c00000)]
  0x000002079cc9da00 JavaThread "Unconstrained build operations Thread 34" [_thread_blocked, id=11108, stack(0x000000c341c00000,0x000000c341d00000)]
  0x000002079cc9df10 JavaThread "Unconstrained build operations Thread 35" [_thread_blocked, id=2140, stack(0x000000c341d00000,0x000000c341e00000)]
  0x000002079cca0ca0 JavaThread "Unconstrained build operations Thread 36" [_thread_blocked, id=7584, stack(0x000000c341e00000,0x000000c341f00000)]
  0x000002079cc9f350 JavaThread "Unconstrained build operations Thread 37" [_thread_blocked, id=11304, stack(0x000000c341f00000,0x000000c342000000)]
  0x000002079cc9b690 JavaThread "Unconstrained build operations Thread 38" [_thread_blocked, id=7144, stack(0x000000c342000000,0x000000c342100000)]
  0x000002079cca11b0 JavaThread "Unconstrained build operations Thread 39" [_thread_blocked, id=10372, stack(0x000000c342100000,0x000000c342200000)]
  0x000002079cc99d40 JavaThread "Unconstrained build operations Thread 40" [_thread_blocked, id=4764, stack(0x000000c342200000,0x000000c342300000)]
  0x000002079cc9bba0 JavaThread "Cache worker for Build Output Cleanup Cache (E:\anas\rct_app\android\.gradle\buildOutputCleanup)" [_thread_blocked, id=664, stack(0x000000c342300000,0x000000c342400000)]
  0x000002079cca16c0 JavaThread "build event listener" [_thread_blocked, id=7644, stack(0x000000c342400000,0x000000c342500000)]

Other Threads:
  0x00000207feaea840 VMThread "VM Thread" [stack: 0x000000c33c700000,0x000000c33c800000] [id=11452]
  0x000002079ca1d7e0 WatcherThread [stack: 0x000000c33d300000,0x000000c33d400000] [id=9860]
=>0x00000207f8de4570 GCTaskThread "GC Thread#0" [stack: 0x000000c33c200000,0x000000c33c300000] [id=11028]
  0x00000207e20feb60 GCTaskThread "GC Thread#1" [stack: 0x000000c33d500000,0x000000c33d600000] [id=7244]
  0x00000207e20fee20 GCTaskThread "GC Thread#2" [stack: 0x000000c33d600000,0x000000c33d700000] [id=9012]
  0x00000207e27eb9c0 GCTaskThread "GC Thread#3" [stack: 0x000000c33d700000,0x000000c33d800000] [id=9604]
  0x00000207f8df53d0 ConcurrentGCThread "G1 Main Marker" [stack: 0x000000c33c300000,0x000000c33c400000] [id=8672]
  0x00000207f8df5cf0 ConcurrentGCThread "G1 Conc#0" [stack: 0x000000c33c400000,0x000000c33c500000] [id=2580]
  0x00000207f8e2f290 ConcurrentGCThread "G1 Refine#0" [stack: 0x000000c33c500000,0x000000c33c600000] [id=1840]
  0x00000207e50f8250 ConcurrentGCThread "G1 Refine#1" [stack: 0x000000c33ec00000,0x000000c33ed00000] [id=9936]
  0x00000207e4d9acf0 ConcurrentGCThread "G1 Refine#2" [stack: 0x000000c342500000,0x000000c342600000] [id=5560]
  0x00000207e4d980e0 ConcurrentGCThread "G1 Refine#3" [stack: 0x000000c342600000,0x000000c342700000] [id=9580]
  0x00000207f8e2fbd0 ConcurrentGCThread "G1 Service" [stack: 0x000000c33c600000,0x000000c33c700000] [id=7356]

Threads with active compile tasks:
C2 CompilerThread0    28691 13302   !   4       com.google.common.reflect.TypeVisitor::visit (244 bytes)
C2 CompilerThread1    28691 13388  s    4       com.android.build.api.artifact.impl.TypedStorageProvider::getArtifact$gradle_core (80 bytes)

VM state: at safepoint (normal execution)

VM Mutex/Monitor currently owned by a thread:  ([mutex/lock_event])
[0x00000207f8d75200] Threads_lock - owner thread: 0x00000207feaea840
[0x00000207f8d743f0] Heap_lock - owner thread: 0x00000207e68239b0

Heap address: 0x0000000700000000, size: 4096 MB, Compressed Oops mode: Zero based, Oop shift amount: 3

CDS archive(s) mapped at: [0x000002079d000000-0x000002079dbd0000-0x000002079dbd0000), size 12386304, SharedBaseAddress: 0x000002079d000000, ArchiveRelocationMode: 1.
Compressed class space mapped at: 0x000002079e000000-0x00000207de000000, reserved size: 1073741824
Narrow klass base: 0x000002079d000000, Narrow klass shift: 0, Narrow klass range: 0x100000000

GC Precious Log:
 CPUs: 4 total, 4 available
 Memory: 8050M
 Large Page Support: Disabled
 NUMA Support: Disabled
 Compressed Oops: Enabled (Zero based)
 Heap Region Size: 2M
 Heap Min Capacity: 8M
 Heap Initial Capacity: 126M
 Heap Max Capacity: 4G
 Pre-touch: Disabled
 Parallel Workers: 4
 Concurrent Workers: 1
 Concurrent Refinement Workers: 4
 Periodic GC: Disabled

Heap:
 garbage-first heap   total 368640K, used 268724K [0x0000000700000000, 0x0000000800000000)
  region size 2048K, 64 young (131072K), 8 survivors (16384K)
 Metaspace       used 86021K, committed 87424K, reserved 1179648K
  class space    used 12095K, committed 12736K, reserved 1048576K

Heap Regions: E=young(eden), S=young(survivor), O=old, HS=humongous(starts), HC=humongous(continues), CS=collection set, F=free, OA=open archive, CA=closed archive, TAMS=top-at-mark-start (previous, next)
|   0|0x0000000700000000, 0x0000000700200000, 0x0000000700200000|100%| O|  |TAMS 0x0000000700200000, 0x0000000700000000| Untracked 
|   1|0x0000000700200000, 0x0000000700400000, 0x0000000700400000|100%|HS|  |TAMS 0x0000000700400000, 0x0000000700200000| Complete 
|   2|0x0000000700400000, 0x0000000700600000, 0x0000000700600000|100%|HC|  |TAMS 0x0000000700600000, 0x0000000700400000| Complete 
|   3|0x0000000700600000, 0x0000000700800000, 0x0000000700800000|100%| O|  |TAMS 0x0000000700800000, 0x0000000700600000| Untracked 
|   4|0x0000000700800000, 0x0000000700a00000, 0x0000000700a00000|100%| O|  |TAMS 0x0000000700a00000, 0x0000000700800000| Untracked 
|   5|0x0000000700a00000, 0x0000000700c00000, 0x0000000700c00000|100%| O|  |TAMS 0x0000000700c00000, 0x0000000700a00000| Untracked 
|   6|0x0000000700c00000, 0x0000000700e00000, 0x0000000700e00000|100%| O|  |TAMS 0x0000000700e00000, 0x0000000700c00000| Untracked 
|   7|0x0000000700e00000, 0x0000000701000000, 0x0000000701000000|100%| O|  |TAMS 0x0000000701000000, 0x0000000700e00000| Untracked 
|   8|0x0000000701000000, 0x0000000701200000, 0x0000000701200000|100%| O|  |TAMS 0x0000000701200000, 0x0000000701000000| Untracked 
|   9|0x0000000701200000, 0x0000000701400000, 0x0000000701400000|100%| O|  |TAMS 0x0000000701400000, 0x0000000701200000| Untracked 
|  10|0x0000000701400000, 0x0000000701600000, 0x0000000701600000|100%| O|  |TAMS 0x0000000701600000, 0x0000000701400000| Untracked 
|  11|0x0000000701600000, 0x0000000701800000, 0x0000000701800000|100%| O|  |TAMS 0x0000000701800000, 0x0000000701600000| Untracked 
|  12|0x0000000701800000, 0x0000000701a00000, 0x0000000701a00000|100%| O|  |TAMS 0x0000000701a00000, 0x0000000701800000| Untracked 
|  13|0x0000000701a00000, 0x0000000701c00000, 0x0000000701c00000|100%| O|  |TAMS 0x0000000701c00000, 0x0000000701a00000| Untracked 
|  14|0x0000000701c00000, 0x0000000701e00000, 0x0000000701e00000|100%| O|  |TAMS 0x0000000701e00000, 0x0000000701c00000| Untracked 
|  15|0x0000000701e00000, 0x0000000702000000, 0x0000000702000000|100%| O|  |TAMS 0x0000000702000000, 0x0000000701e00000| Untracked 
|  16|0x0000000702000000, 0x0000000702200000, 0x0000000702200000|100%| O|  |TAMS 0x0000000702200000, 0x0000000702000000| Untracked 
|  17|0x0000000702200000, 0x0000000702400000, 0x0000000702400000|100%| O|  |TAMS 0x0000000702400000, 0x0000000702200000| Untracked 
|  18|0x0000000702400000, 0x0000000702600000, 0x0000000702600000|100%|HS|  |TAMS 0x0000000702600000, 0x0000000702400000| Complete 
|  19|0x0000000702600000, 0x0000000702800000, 0x0000000702800000|100%|HS|  |TAMS 0x0000000702800000, 0x0000000702600000| Complete 
|  20|0x0000000702800000, 0x0000000702a00000, 0x0000000702a00000|100%|HC|  |TAMS 0x0000000702a00000, 0x0000000702800000| Complete 
|  21|0x0000000702a00000, 0x0000000702c00000, 0x0000000702c00000|100%|HS|  |TAMS 0x0000000702c00000, 0x0000000702a00000| Complete 
|  22|0x0000000702c00000, 0x0000000702e00000, 0x0000000702e00000|100%| O|  |TAMS 0x0000000702e00000, 0x0000000702c00000| Untracked 
|  23|0x0000000702e00000, 0x0000000703000000, 0x0000000703000000|100%| O|  |TAMS 0x0000000703000000, 0x0000000702e00000| Untracked 
|  24|0x0000000703000000, 0x0000000703200000, 0x0000000703200000|100%| O|  |TAMS 0x0000000703200000, 0x0000000703000000| Untracked 
|  25|0x0000000703200000, 0x0000000703400000, 0x0000000703400000|100%| O|  |TAMS 0x0000000703400000, 0x0000000703200000| Untracked 
|  26|0x0000000703400000, 0x0000000703600000, 0x0000000703600000|100%| O|  |TAMS 0x0000000703600000, 0x0000000703400000| Untracked 
|  27|0x0000000703600000, 0x0000000703800000, 0x0000000703800000|100%| O|  |TAMS 0x0000000703800000, 0x0000000703600000| Untracked 
|  28|0x0000000703800000, 0x0000000703a00000, 0x0000000703a00000|100%| O|  |TAMS 0x0000000703a00000, 0x0000000703800000| Untracked 
|  29|0x0000000703a00000, 0x0000000703c00000, 0x0000000703c00000|100%| O|  |TAMS 0x0000000703c00000, 0x0000000703a00000| Untracked 
|  30|0x0000000703c00000, 0x0000000703e00000, 0x0000000703e00000|100%| O|  |TAMS 0x0000000703e00000, 0x0000000703c00000| Untracked 
|  31|0x0000000703e00000, 0x0000000704000000, 0x0000000704000000|100%| O|  |TAMS 0x0000000704000000, 0x0000000703e00000| Untracked 
|  32|0x0000000704000000, 0x0000000704200000, 0x0000000704200000|100%|HS|  |TAMS 0x0000000704000000, 0x0000000704000000| Complete 
|  33|0x0000000704200000, 0x0000000704400000, 0x0000000704400000|100%| O|  |TAMS 0x0000000704400000, 0x0000000704200000| Untracked 
|  34|0x0000000704400000, 0x0000000704600000, 0x0000000704600000|100%|HS|  |TAMS 0x0000000704400000, 0x0000000704400000| Complete 
|  35|0x0000000704600000, 0x0000000704800000, 0x0000000704800000|100%| O|  |TAMS 0x0000000704800000, 0x0000000704600000| Untracked 
|  36|0x0000000704800000, 0x0000000704a00000, 0x0000000704a00000|100%| O|  |TAMS 0x0000000704a00000, 0x0000000704800000| Untracked 
|  37|0x0000000704a00000, 0x0000000704c00000, 0x0000000704c00000|100%| O|  |TAMS 0x0000000704c00000, 0x0000000704a00000| Untracked 
|  38|0x0000000704c00000, 0x0000000704e00000, 0x0000000704e00000|100%|HS|  |TAMS 0x0000000704e00000, 0x0000000704c00000| Complete 
|  39|0x0000000704e00000, 0x0000000705000000, 0x0000000705000000|100%|HC|  |TAMS 0x0000000705000000, 0x0000000704e00000| Complete 
|  40|0x0000000705000000, 0x0000000705200000, 0x0000000705200000|100%| O|  |TAMS 0x0000000705200000, 0x0000000705000000| Untracked 
|  41|0x0000000705200000, 0x0000000705400000, 0x0000000705400000|100%| O|  |TAMS 0x0000000705400000, 0x0000000705200000| Untracked 
|  42|0x0000000705400000, 0x0000000705600000, 0x0000000705600000|100%| O|  |TAMS 0x0000000705600000, 0x0000000705400000| Untracked 
|  43|0x0000000705600000, 0x0000000705800000, 0x0000000705800000|100%| O|  |TAMS 0x0000000705800000, 0x0000000705600000| Untracked 
|  44|0x0000000705800000, 0x0000000705a00000, 0x0000000705a00000|100%| O|  |TAMS 0x0000000705a00000, 0x0000000705800000| Untracked 
|  45|0x0000000705a00000, 0x0000000705c00000, 0x0000000705c00000|100%| O|  |TAMS 0x0000000705c00000, 0x0000000705a00000| Untracked 
|  46|0x0000000705c00000, 0x0000000705e00000, 0x0000000705e00000|100%| O|  |TAMS 0x0000000705e00000, 0x0000000705c00000| Untracked 
|  47|0x0000000705e00000, 0x0000000706000000, 0x0000000706000000|100%| O|  |TAMS 0x0000000706000000, 0x0000000705e00000| Untracked 
|  48|0x0000000706000000, 0x0000000706200000, 0x0000000706200000|100%| O|  |TAMS 0x0000000706200000, 0x0000000706000000| Untracked 
|  49|0x0000000706200000, 0x0000000706400000, 0x0000000706400000|100%| O|  |TAMS 0x0000000706400000, 0x0000000706200000| Untracked 
|  50|0x0000000706400000, 0x0000000706600000, 0x0000000706600000|100%| O|  |TAMS 0x000000070645ec00, 0x0000000706400000| Untracked 
|  51|0x0000000706600000, 0x0000000706800000, 0x0000000706800000|100%|HS|  |TAMS 0x0000000706600000, 0x0000000706600000| Complete 
|  52|0x0000000706800000, 0x0000000706a00000, 0x0000000706a00000|100%|HC|  |TAMS 0x0000000706800000, 0x0000000706800000| Complete 
|  53|0x0000000706a00000, 0x0000000706c00000, 0x0000000706c00000|100%| O|  |TAMS 0x0000000706a00000, 0x0000000706a00000| Untracked 
|  54|0x0000000706c00000, 0x0000000706e00000, 0x0000000706e00000|100%| O|  |TAMS 0x0000000706c00000, 0x0000000706c00000| Untracked 
|  55|0x0000000706e00000, 0x0000000707000000, 0x0000000707000000|100%| O|  |TAMS 0x0000000706e00000, 0x0000000706e00000| Untracked 
|  56|0x0000000707000000, 0x0000000707200000, 0x0000000707200000|100%| O|  |TAMS 0x0000000707000000, 0x0000000707000000| Untracked 
|  57|0x0000000707200000, 0x0000000707400000, 0x0000000707400000|100%| O|  |TAMS 0x0000000707200000, 0x0000000707200000| Untracked 
|  58|0x0000000707400000, 0x0000000707600000, 0x0000000707600000|100%| O|  |TAMS 0x0000000707400000, 0x0000000707400000| Untracked 
|  59|0x0000000707600000, 0x0000000707800000, 0x0000000707800000|100%| O|  |TAMS 0x0000000707600000, 0x0000000707600000| Untracked 
|  60|0x0000000707800000, 0x0000000707a00000, 0x0000000707a00000|100%| O|  |TAMS 0x0000000707800000, 0x0000000707800000| Untracked 
|  61|0x0000000707a00000, 0x0000000707c00000, 0x0000000707c00000|100%| O|  |TAMS 0x0000000707a00000, 0x0000000707a00000| Untracked 
|  62|0x0000000707c00000, 0x0000000707e00000, 0x0000000707e00000|100%| O|  |TAMS 0x0000000707c00000, 0x0000000707c00000| Untracked 
|  63|0x0000000707e00000, 0x0000000708000000, 0x0000000708000000|100%| O|  |TAMS 0x0000000707e00000, 0x0000000707e00000| Untracked 
|  64|0x0000000708000000, 0x0000000708200000, 0x0000000708200000|100%| O|  |TAMS 0x0000000708000000, 0x0000000708000000| Untracked 
|  65|0x0000000708200000, 0x0000000708400000, 0x0000000708400000|100%| O|  |TAMS 0x0000000708200000, 0x0000000708200000| Untracked 
|  66|0x0000000708400000, 0x0000000708600000, 0x0000000708600000|100%| O|  |TAMS 0x0000000708400000, 0x0000000708400000| Untracked 
|  67|0x0000000708600000, 0x0000000708800000, 0x0000000708800000|100%| O|  |TAMS 0x0000000708600000, 0x0000000708600000| Untracked 
|  68|0x0000000708800000, 0x0000000708a00000, 0x0000000708a00000|100%| O|  |TAMS 0x0000000708800000, 0x0000000708800000| Untracked 
|  69|0x0000000708a00000, 0x0000000708c00000, 0x0000000708c00000|100%| O|  |TAMS 0x0000000708a00000, 0x0000000708a00000| Untracked 
|  70|0x0000000708c00000, 0x0000000708e00000, 0x0000000708e00000|100%|HS|  |TAMS 0x0000000708c00000, 0x0000000708c00000| Complete 
|  71|0x0000000708e00000, 0x0000000709000000, 0x0000000709000000|100%|HC|  |TAMS 0x0000000708e00000, 0x0000000708e00000| Complete 
|  72|0x0000000709000000, 0x0000000709200000, 0x0000000709200000|100%| O|  |TAMS 0x0000000709000000, 0x0000000709000000| Untracked 
|  73|0x0000000709200000, 0x0000000709400000, 0x0000000709400000|100%| O|  |TAMS 0x0000000709200000, 0x0000000709200000| Untracked 
|  74|0x0000000709400000, 0x0000000709600000, 0x0000000709600000|100%| O|  |TAMS 0x0000000709400000, 0x0000000709400000| Untracked 
|  75|0x0000000709600000, 0x00000007097b3370, 0x0000000709800000| 85%| O|  |TAMS 0x0000000709600000, 0x0000000709600000| Untracked 
|  76|0x0000000709800000, 0x0000000709800000, 0x0000000709a00000|  0%| F|  |TAMS 0x0000000709800000, 0x0000000709800000| Untracked 
|  77|0x0000000709a00000, 0x0000000709a00000, 0x0000000709c00000|  0%| F|  |TAMS 0x0000000709a00000, 0x0000000709a00000| Untracked 
|  78|0x0000000709c00000, 0x0000000709c00000, 0x0000000709e00000|  0%| F|  |TAMS 0x0000000709c00000, 0x0000000709c00000| Untracked 
|  79|0x0000000709e00000, 0x0000000709e00000, 0x000000070a000000|  0%| F|  |TAMS 0x0000000709e00000, 0x0000000709e00000| Untracked 
|  80|0x000000070a000000, 0x000000070a000000, 0x000000070a200000|  0%| F|  |TAMS 0x000000070a000000, 0x000000070a000000| Untracked 
|  81|0x000000070a200000, 0x000000070a200000, 0x000000070a400000|  0%| F|  |TAMS 0x000000070a200000, 0x000000070a200000| Untracked 
|  82|0x000000070a400000, 0x000000070a400000, 0x000000070a600000|  0%| F|  |TAMS 0x000000070a400000, 0x000000070a400000| Untracked 
|  83|0x000000070a600000, 0x000000070a600000, 0x000000070a800000|  0%| F|  |TAMS 0x000000070a600000, 0x000000070a600000| Untracked 
|  84|0x000000070a800000, 0x000000070a800000, 0x000000070aa00000|  0%| F|  |TAMS 0x000000070a800000, 0x000000070a800000| Untracked 
|  85|0x000000070aa00000, 0x000000070aa00000, 0x000000070ac00000|  0%| F|  |TAMS 0x000000070aa00000, 0x000000070aa00000| Untracked 
|  86|0x000000070ac00000, 0x000000070ac00000, 0x000000070ae00000|  0%| F|  |TAMS 0x000000070ac00000, 0x000000070ac00000| Untracked 
|  87|0x000000070ae00000, 0x000000070ae00000, 0x000000070b000000|  0%| F|  |TAMS 0x000000070ae00000, 0x000000070ae00000| Untracked 
|  88|0x000000070b000000, 0x000000070b000000, 0x000000070b200000|  0%| F|  |TAMS 0x000000070b000000, 0x000000070b000000| Untracked 
|  89|0x000000070b200000, 0x000000070b200000, 0x000000070b400000|  0%| F|  |TAMS 0x000000070b200000, 0x000000070b200000| Untracked 
|  90|0x000000070b400000, 0x000000070b400000, 0x000000070b600000|  0%| F|  |TAMS 0x000000070b400000, 0x000000070b400000| Untracked 
|  91|0x000000070b600000, 0x000000070b600000, 0x000000070b800000|  0%| F|  |TAMS 0x000000070b600000, 0x000000070b600000| Untracked 
|  92|0x000000070b800000, 0x000000070b800000, 0x000000070ba00000|  0%| F|  |TAMS 0x000000070b800000, 0x000000070b800000| Untracked 
|  93|0x000000070ba00000, 0x000000070ba00000, 0x000000070bc00000|  0%| F|  |TAMS 0x000000070ba00000, 0x000000070ba00000| Untracked 
|  94|0x000000070bc00000, 0x000000070bc00000, 0x000000070be00000|  0%| F|  |TAMS 0x000000070bc00000, 0x000000070bc00000| Untracked 
|  95|0x000000070be00000, 0x000000070be00000, 0x000000070c000000|  0%| F|  |TAMS 0x000000070be00000, 0x000000070be00000| Untracked 
|  96|0x000000070c000000, 0x000000070c000000, 0x000000070c200000|  0%| F|  |TAMS 0x000000070c000000, 0x000000070c000000| Untracked 
|  97|0x000000070c200000, 0x000000070c200000, 0x000000070c400000|  0%| F|  |TAMS 0x000000070c200000, 0x000000070c200000| Untracked 
|  98|0x000000070c400000, 0x000000070c400000, 0x000000070c600000|  0%| F|  |TAMS 0x000000070c400000, 0x000000070c400000| Untracked 
|  99|0x000000070c600000, 0x000000070c600000, 0x000000070c800000|  0%| F|  |TAMS 0x000000070c600000, 0x000000070c600000| Untracked 
| 100|0x000000070c800000, 0x000000070c800000, 0x000000070ca00000|  0%| F|  |TAMS 0x000000070c800000, 0x000000070c800000| Untracked 
| 101|0x000000070ca00000, 0x000000070ca00000, 0x000000070cc00000|  0%| F|  |TAMS 0x000000070ca00000, 0x000000070ca00000| Untracked 
| 102|0x000000070cc00000, 0x000000070cc00000, 0x000000070ce00000|  0%| F|  |TAMS 0x000000070cc00000, 0x000000070cc00000| Untracked 
| 103|0x000000070ce00000, 0x000000070ce00000, 0x000000070d000000|  0%| F|  |TAMS 0x000000070ce00000, 0x000000070ce00000| Untracked 
| 104|0x000000070d000000, 0x000000070d000000, 0x000000070d200000|  0%| F|  |TAMS 0x000000070d000000, 0x000000070d000000| Untracked 
| 105|0x000000070d200000, 0x000000070d200000, 0x000000070d400000|  0%| F|  |TAMS 0x000000070d200000, 0x000000070d200000| Untracked 
| 106|0x000000070d400000, 0x000000070d400000, 0x000000070d600000|  0%| F|  |TAMS 0x000000070d400000, 0x000000070d400000| Untracked 
| 107|0x000000070d600000, 0x000000070d600000, 0x000000070d800000|  0%| F|  |TAMS 0x000000070d600000, 0x000000070d600000| Untracked 
| 108|0x000000070d800000, 0x000000070d800000, 0x000000070da00000|  0%| F|  |TAMS 0x000000070d800000, 0x000000070d800000| Untracked 
| 109|0x000000070da00000, 0x000000070da00000, 0x000000070dc00000|  0%| F|  |TAMS 0x000000070da00000, 0x000000070da00000| Untracked 
| 110|0x000000070dc00000, 0x000000070dc00000, 0x000000070de00000|  0%| F|  |TAMS 0x000000070dc00000, 0x000000070dc00000| Untracked 
| 111|0x000000070de00000, 0x000000070de00000, 0x000000070e000000|  0%| F|  |TAMS 0x000000070de00000, 0x000000070de00000| Untracked 
| 112|0x000000070e000000, 0x000000070e200000, 0x000000070e200000|100%| S|  |TAMS 0x000000070e000000, 0x000000070e000000| Complete 
| 113|0x000000070e200000, 0x000000070e400000, 0x000000070e400000|100%| S|  |TAMS 0x000000070e200000, 0x000000070e200000| Complete 
| 114|0x000000070e400000, 0x000000070e600000, 0x000000070e600000|100%| S|  |TAMS 0x000000070e400000, 0x000000070e400000| Complete 
| 115|0x000000070e600000, 0x000000070e800000, 0x000000070e800000|100%| S|  |TAMS 0x000000070e600000, 0x000000070e600000| Complete 
| 116|0x000000070e800000, 0x000000070ea00000, 0x000000070ea00000|100%| S|  |TAMS 0x000000070e800000, 0x000000070e800000| Complete 
| 117|0x000000070ea00000, 0x000000070ec00000, 0x000000070ec00000|100%| S|  |TAMS 0x000000070ea00000, 0x000000070ea00000| Complete 
| 118|0x000000070ec00000, 0x000000070ee00000, 0x000000070ee00000|100%| S|  |TAMS 0x000000070ec00000, 0x000000070ec00000| Complete 
| 119|0x000000070ee00000, 0x000000070f000000, 0x000000070f000000|100%| S|  |TAMS 0x000000070ee00000, 0x000000070ee00000| Complete 
| 120|0x000000070f000000, 0x000000070f200000, 0x000000070f200000|100%| E|CS|TAMS 0x000000070f000000, 0x000000070f000000| Complete 
| 121|0x000000070f200000, 0x000000070f400000, 0x000000070f400000|100%| E|CS|TAMS 0x000000070f200000, 0x000000070f200000| Complete 
| 122|0x000000070f400000, 0x000000070f600000, 0x000000070f600000|100%| E|CS|TAMS 0x000000070f400000, 0x000000070f400000| Complete 
| 123|0x000000070f600000, 0x000000070f800000, 0x000000070f800000|100%| E|CS|TAMS 0x000000070f600000, 0x000000070f600000| Complete 
| 124|0x000000070f800000, 0x000000070fa00000, 0x000000070fa00000|100%| E|CS|TAMS 0x000000070f800000, 0x000000070f800000| Complete 
| 125|0x000000070fa00000, 0x000000070fc00000, 0x000000070fc00000|100%| E|CS|TAMS 0x000000070fa00000, 0x000000070fa00000| Complete 
| 126|0x000000070fc00000, 0x000000070fe00000, 0x000000070fe00000|100%| E|CS|TAMS 0x000000070fc00000, 0x000000070fc00000| Complete 
| 127|0x000000070fe00000, 0x0000000710000000, 0x0000000710000000|100%| E|CS|TAMS 0x000000070fe00000, 0x000000070fe00000| Complete 
| 128|0x0000000710000000, 0x0000000710200000, 0x0000000710200000|100%| E|CS|TAMS 0x0000000710000000, 0x0000000710000000| Complete 
| 129|0x0000000710200000, 0x0000000710400000, 0x0000000710400000|100%| E|CS|TAMS 0x0000000710200000, 0x0000000710200000| Complete 
| 130|0x0000000710400000, 0x0000000710600000, 0x0000000710600000|100%| E|CS|TAMS 0x0000000710400000, 0x0000000710400000| Complete 
| 131|0x0000000710600000, 0x0000000710800000, 0x0000000710800000|100%| E|CS|TAMS 0x0000000710600000, 0x0000000710600000| Complete 
| 132|0x0000000710800000, 0x0000000710a00000, 0x0000000710a00000|100%| E|CS|TAMS 0x0000000710800000, 0x0000000710800000| Complete 
| 133|0x0000000710a00000, 0x0000000710c00000, 0x0000000710c00000|100%| E|CS|TAMS 0x0000000710a00000, 0x0000000710a00000| Complete 
| 134|0x0000000710c00000, 0x0000000710e00000, 0x0000000710e00000|100%| E|CS|TAMS 0x0000000710c00000, 0x0000000710c00000| Complete 
| 135|0x0000000710e00000, 0x0000000711000000, 0x0000000711000000|100%| E|CS|TAMS 0x0000000710e00000, 0x0000000710e00000| Complete 
| 136|0x0000000711000000, 0x0000000711200000, 0x0000000711200000|100%| E|CS|TAMS 0x0000000711000000, 0x0000000711000000| Complete 
| 137|0x0000000711200000, 0x0000000711400000, 0x0000000711400000|100%| E|CS|TAMS 0x0000000711200000, 0x0000000711200000| Complete 
| 138|0x0000000711400000, 0x0000000711600000, 0x0000000711600000|100%| E|CS|TAMS 0x0000000711400000, 0x0000000711400000| Complete 
| 139|0x0000000711600000, 0x0000000711800000, 0x0000000711800000|100%| E|CS|TAMS 0x0000000711600000, 0x0000000711600000| Complete 
| 140|0x0000000711800000, 0x0000000711a00000, 0x0000000711a00000|100%| E|CS|TAMS 0x0000000711800000, 0x0000000711800000| Complete 
| 141|0x0000000711a00000, 0x0000000711c00000, 0x0000000711c00000|100%| E|CS|TAMS 0x0000000711a00000, 0x0000000711a00000| Complete 
| 142|0x0000000711c00000, 0x0000000711e00000, 0x0000000711e00000|100%| E|CS|TAMS 0x0000000711c00000, 0x0000000711c00000| Complete 
| 143|0x0000000711e00000, 0x0000000712000000, 0x0000000712000000|100%| E|CS|TAMS 0x0000000711e00000, 0x0000000711e00000| Complete 
| 144|0x0000000712000000, 0x0000000712200000, 0x0000000712200000|100%| E|CS|TAMS 0x0000000712000000, 0x0000000712000000| Complete 
| 145|0x0000000712200000, 0x0000000712400000, 0x0000000712400000|100%| E|CS|TAMS 0x0000000712200000, 0x0000000712200000| Complete 
| 146|0x0000000712400000, 0x0000000712600000, 0x0000000712600000|100%| E|CS|TAMS 0x0000000712400000, 0x0000000712400000| Complete 
| 147|0x0000000712600000, 0x0000000712800000, 0x0000000712800000|100%| E|CS|TAMS 0x0000000712600000, 0x0000000712600000| Complete 
| 148|0x0000000712800000, 0x0000000712a00000, 0x0000000712a00000|100%| E|CS|TAMS 0x0000000712800000, 0x0000000712800000| Complete 
| 149|0x0000000712a00000, 0x0000000712c00000, 0x0000000712c00000|100%| E|CS|TAMS 0x0000000712a00000, 0x0000000712a00000| Complete 
| 150|0x0000000712c00000, 0x0000000712e00000, 0x0000000712e00000|100%| E|CS|TAMS 0x0000000712c00000, 0x0000000712c00000| Complete 
| 151|0x0000000712e00000, 0x0000000713000000, 0x0000000713000000|100%| E|CS|TAMS 0x0000000712e00000, 0x0000000712e00000| Complete 
| 152|0x0000000713000000, 0x0000000713200000, 0x0000000713200000|100%| E|CS|TAMS 0x0000000713000000, 0x0000000713000000| Complete 
| 153|0x0000000713200000, 0x0000000713400000, 0x0000000713400000|100%| E|CS|TAMS 0x0000000713200000, 0x0000000713200000| Complete 
| 154|0x0000000713400000, 0x0000000713600000, 0x0000000713600000|100%| E|CS|TAMS 0x0000000713400000, 0x0000000713400000| Complete 
| 155|0x0000000713600000, 0x0000000713800000, 0x0000000713800000|100%| E|CS|TAMS 0x0000000713600000, 0x0000000713600000| Complete 
| 156|0x0000000713800000, 0x0000000713a00000, 0x0000000713a00000|100%| E|CS|TAMS 0x0000000713800000, 0x0000000713800000| Complete 
| 157|0x0000000713a00000, 0x0000000713c00000, 0x0000000713c00000|100%| E|CS|TAMS 0x0000000713a00000, 0x0000000713a00000| Complete 
| 158|0x0000000713c00000, 0x0000000713e00000, 0x0000000713e00000|100%| E|CS|TAMS 0x0000000713c00000, 0x0000000713c00000| Complete 
| 159|0x0000000713e00000, 0x0000000714000000, 0x0000000714000000|100%| E|CS|TAMS 0x0000000713e00000, 0x0000000713e00000| Complete 
| 160|0x0000000714000000, 0x0000000714200000, 0x0000000714200000|100%| E|CS|TAMS 0x0000000714000000, 0x0000000714000000| Complete 
| 161|0x0000000714200000, 0x0000000714400000, 0x0000000714400000|100%| E|CS|TAMS 0x0000000714200000, 0x0000000714200000| Complete 
| 162|0x0000000714400000, 0x0000000714600000, 0x0000000714600000|100%| E|CS|TAMS 0x0000000714400000, 0x0000000714400000| Complete 
| 163|0x0000000714600000, 0x0000000714800000, 0x0000000714800000|100%| E|CS|TAMS 0x0000000714600000, 0x0000000714600000| Complete 
| 164|0x0000000714800000, 0x0000000714a00000, 0x0000000714a00000|100%| E|CS|TAMS 0x0000000714800000, 0x0000000714800000| Complete 
| 165|0x0000000714a00000, 0x0000000714c00000, 0x0000000714c00000|100%| E|CS|TAMS 0x0000000714a00000, 0x0000000714a00000| Complete 
| 166|0x0000000714c00000, 0x0000000714e00000, 0x0000000714e00000|100%| E|CS|TAMS 0x0000000714c00000, 0x0000000714c00000| Complete 
| 167|0x0000000714e00000, 0x0000000715000000, 0x0000000715000000|100%| E|CS|TAMS 0x0000000714e00000, 0x0000000714e00000| Complete 
| 168|0x0000000715000000, 0x0000000715200000, 0x0000000715200000|100%| E|CS|TAMS 0x0000000715000000, 0x0000000715000000| Complete 
| 169|0x0000000715200000, 0x0000000715400000, 0x0000000715400000|100%| E|CS|TAMS 0x0000000715200000, 0x0000000715200000| Complete 
| 170|0x0000000715400000, 0x0000000715600000, 0x0000000715600000|100%| E|CS|TAMS 0x0000000715400000, 0x0000000715400000| Complete 
| 171|0x0000000715600000, 0x0000000715800000, 0x0000000715800000|100%| E|CS|TAMS 0x0000000715600000, 0x0000000715600000| Complete 
| 172|0x0000000715800000, 0x0000000715a00000, 0x0000000715a00000|100%| E|CS|TAMS 0x0000000715800000, 0x0000000715800000| Complete 
| 173|0x0000000715a00000, 0x0000000715c00000, 0x0000000715c00000|100%| E|CS|TAMS 0x0000000715a00000, 0x0000000715a00000| Complete 
| 174|0x0000000715c00000, 0x0000000715e00000, 0x0000000715e00000|100%| E|CS|TAMS 0x0000000715c00000, 0x0000000715c00000| Complete 
| 175|0x0000000715e00000, 0x0000000715eb5d98, 0x0000000716000000| 35%| E|CS|TAMS 0x0000000715e00000, 0x0000000715e00000| Complete 
| 176|0x0000000716000000, 0x0000000716200000, 0x0000000716200000|100%| E|CS|TAMS 0x0000000716000000, 0x0000000716000000| Complete 
| 177|0x0000000716200000, 0x0000000716400000, 0x0000000716400000|100%| E|CS|TAMS 0x0000000716200000, 0x0000000716200000| Complete 
|2046|0x00000007ffc00000, 0x00000007ffe00000, 0x00000007ffe00000|100%| O|  |TAMS 0x00000007ffe00000, 0x00000007ffc00000| Untracked 
|2047|0x00000007ffe00000, 0x0000000800000000, 0x0000000800000000|100%| O|  |TAMS 0x0000000800000000, 0x00000007ffe00000| Untracked 

Card table byte_map: [0x00000207f9650000,0x00000207f9e50000] _byte_map_base: 0x00000207f5e50000

Marking Bits (Prev, Next): (CMBitMap*) 0x00000207f8de4ae0, (CMBitMap*) 0x00000207f8de4aa0
 Prev Bits: [0x00000207967f0000, 0x000002079a7f0000)
 Next Bits: [0x00000207fa650000, 0x00000207fe650000)

Polling page: 0x00000207f6c00000

Metaspace:

Usage:
  Non-class:     72.19 MB used.
      Class:     11.81 MB used.
       Both:     84.01 MB used.

Virtual space:
  Non-class space:      128.00 MB reserved,      72.94 MB ( 57%) committed,  2 nodes.
      Class space:        1.00 GB reserved,      12.44 MB (  1%) committed,  1 nodes.
             Both:        1.12 GB reserved,      85.38 MB (  7%) committed. 

Chunk freelists:
   Non-Class:  7.08 MB
       Class:  3.53 MB
        Both:  10.62 MB

MaxMetaspaceSize: 2.00 GB
CompressedClassSpaceSize: 1.00 GB
Initial GC threshold: 21.00 MB
Current GC threshold: 136.19 MB
CDS: on
MetaspaceReclaimPolicy: balanced
 - commit_granule_bytes: 65536.
 - commit_granule_words: 8192.
 - virtual_space_node_default_size: 8388608.
 - enlarge_chunks_in_place: 1.
 - new_chunks_are_fully_committed: 0.
 - uncommit_free_chunks: 1.
 - use_allocation_guard: 0.
 - handle_deallocations: 1.


Internal statistics:

num_allocs_failed_limit: 6.
num_arena_births: 1504.
num_arena_deaths: 0.
num_vsnodes_births: 3.
num_vsnodes_deaths: 0.
num_space_committed: 1366.
num_space_uncommitted: 0.
num_chunks_returned_to_freelist: 6.
num_chunks_taken_from_freelist: 5371.
num_chunk_merges: 6.
num_chunk_splits: 3423.
num_chunks_enlarged: 2108.
num_inconsistent_stats: 0.

CodeHeap 'non-profiled nmethods': size=120000Kb used=7524Kb max_used=7524Kb free=112475Kb
 bounds [0x000002078f2c0000, 0x000002078fa20000, 0x00000207967f0000]
CodeHeap 'profiled nmethods': size=120000Kb used=24187Kb max_used=24187Kb free=95813Kb
 bounds [0x00000207877f0000, 0x0000020788f90000, 0x000002078ed20000]
CodeHeap 'non-nmethods': size=5760Kb used=2401Kb max_used=2494Kb free=3358Kb
 bounds [0x000002078ed20000, 0x000002078efa0000, 0x000002078f2c0000]
 total_blobs=12849 nmethods=11913 adapters=846
 compilation: enabled
              stopped_count=0, restarted_count=0
 full_count=0

Compilation events (20 events):
Event: 28.477 Thread 0x00000207feb35250 13413       3       java.math.MutableBigInteger::divideKnuth (272 bytes)
Event: 28.478 Thread 0x00000207feb35250 nmethod 13413 0x0000020788f87890 code [0x0000020788f87c00, 0x0000020788f89518]
Event: 28.496 Thread 0x00000207feb35250 13416       3       org.gradle.api.internal.artifacts.dependencies.AbstractExternalModuleDependency::hashCode (58 bytes)
Event: 28.497 Thread 0x00000207feb35250 nmethod 13416 0x0000020788f89c10 code [0x0000020788f89e20, 0x0000020788f8a478]
Event: 28.498 Thread 0x00000207feb35250 13417       3       org.gradle.api.internal.artifacts.dependencies.DefaultExternalModuleDependency_Decorated::getName (39 bytes)
Event: 28.498 Thread 0x00000207feb35250 nmethod 13417 0x0000020788f8a610 code [0x0000020788f8a800, 0x0000020788f8acd8]
Event: 28.500 Thread 0x00000207feb35250 13418       1       org.gradle.internal.service.scopes.ProjectScopeServices$ScriptScopedContext::isScript (2 bytes)
Event: 28.500 Thread 0x00000207feb35250 nmethod 13418 0x000002078fa18d90 code [0x000002078fa18f20, 0x000002078fa18ff8]
Event: 28.529 Thread 0x00000207feb35250 13422       3       org.gradle.internal.component.external.model.maven.DefaultMavenModuleResolveMetadata$1::create (5 bytes)
Event: 28.529 Thread 0x00000207feb35250 nmethod 13422 0x0000020788f8af10 code [0x0000020788f8b0c0, 0x0000020788f8b2c8]
Event: 28.529 Thread 0x00000207feb35250 13423       3       org.gradle.api.internal.artifacts.ivyservice.resolveengine.graph.builder.ModuleResolveState::areAllCandidatesForSelection (45 bytes)
Event: 28.530 Thread 0x00000207feb35250 nmethod 13423 0x0000020788f8b410 code [0x0000020788f8b600, 0x0000020788f8bbc8]
Event: 28.550 Thread 0x00000207feb35250 13424       3       java.lang.Integer::toString (55 bytes)
Event: 28.550 Thread 0x00000207feb35250 nmethod 13424 0x0000020788f8bd90 code [0x0000020788f8bf60, 0x0000020788f8c2f8]
Event: 28.552 Thread 0x00000207feb35250 13425       1       org.gradle.api.internal.artifacts.ivyservice.resolveengine.graph.conflicts.VersionConflictResolutionDetails::getCandidates (5 bytes)
Event: 28.552 Thread 0x00000207feb35250 nmethod 13425 0x000002078fa19090 code [0x000002078fa19220, 0x000002078fa192f8]
Event: 28.553 Thread 0x00000207feb35250 13426       3       org.gradle.api.internal.artifacts.type.DefaultArtifactTypeRegistry::mapAttributesFor (202 bytes)
Event: 28.554 Thread 0x00000207feb35250 nmethod 13426 0x0000020788f8c490 code [0x0000020788f8c780, 0x0000020788f8d918]
Event: 28.555 Thread 0x00000207feb35250 13427       3       org.gradle.api.internal.artifacts.ivyservice.resolveengine.artifact.ArtifactBackedResolvedVariant::create (20 bytes)
Event: 28.556 Thread 0x00000207feb35250 nmethod 13427 0x0000020788f8de10 code [0x0000020788f8e020, 0x0000020788f8e908]

GC Heap History (20 events):
Event: 17.416 GC heap after
{Heap after GC invocations=23 (full 0):
 garbage-first heap   total 182272K, used 81120K [0x0000000700000000, 0x0000000800000000)
  region size 2048K, 3 young (6144K), 3 survivors (6144K)
 Metaspace       used 67014K, committed 67712K, reserved 1114112K
  class space    used 9211K, committed 9536K, reserved 1048576K
}
Event: 18.828 GC heap before
{Heap before GC invocations=24 (full 0):
 garbage-first heap   total 182272K, used 140512K [0x0000000700000000, 0x0000000800000000)
  region size 2048K, 32 young (65536K), 3 survivors (6144K)
 Metaspace       used 71559K, committed 72320K, reserved 1114112K
  class space    used 9884K, committed 10240K, reserved 1048576K
}
Event: 18.838 GC heap after
{Heap after GC invocations=25 (full 0):
 garbage-first heap   total 182272K, used 84708K [0x0000000700000000, 0x0000000800000000)
  region size 2048K, 3 young (6144K), 3 survivors (6144K)
 Metaspace       used 71559K, committed 72320K, reserved 1114112K
  class space    used 9884K, committed 10240K, reserved 1048576K
}
Event: 19.588 GC heap before
{Heap before GC invocations=25 (full 0):
 garbage-first heap   total 182272K, used 137956K [0x0000000700000000, 0x0000000800000000)
  region size 2048K, 30 young (61440K), 3 survivors (6144K)
 Metaspace       used 72653K, committed 73344K, reserved 1114112K
  class space    used 10039K, committed 10368K, reserved 1048576K
}
Event: 19.598 GC heap after
{Heap after GC invocations=26 (full 0):
 garbage-first heap   total 182272K, used 89493K [0x0000000700000000, 0x0000000800000000)
  region size 2048K, 4 young (8192K), 4 survivors (8192K)
 Metaspace       used 72653K, committed 73344K, reserved 1114112K
  class space    used 10039K, committed 10368K, reserved 1048576K
}
Event: 20.191 GC heap before
{Heap before GC invocations=26 (full 0):
 garbage-first heap   total 182272K, used 146837K [0x0000000700000000, 0x0000000800000000)
  region size 2048K, 31 young (63488K), 4 survivors (8192K)
 Metaspace       used 73577K, committed 74368K, reserved 1114112K
  class space    used 10150K, committed 10496K, reserved 1048576K
}
Event: 20.204 GC heap after
{Heap after GC invocations=27 (full 0):
 garbage-first heap   total 182272K, used 98580K [0x0000000700000000, 0x0000000800000000)
  region size 2048K, 3 young (6144K), 3 survivors (6144K)
 Metaspace       used 73577K, committed 74368K, reserved 1114112K
  class space    used 10150K, committed 10496K, reserved 1048576K
}
Event: 21.209 GC heap before
{Heap before GC invocations=27 (full 0):
 garbage-first heap   total 182272K, used 147732K [0x0000000700000000, 0x0000000800000000)
  region size 2048K, 27 young (55296K), 3 survivors (6144K)
 Metaspace       used 78336K, committed 79168K, reserved 1179648K
  class space    used 10978K, committed 11328K, reserved 1048576K
}
Event: 21.223 GC heap after
{Heap after GC invocations=28 (full 0):
 garbage-first heap   total 182272K, used 101741K [0x0000000700000000, 0x0000000800000000)
  region size 2048K, 2 young (4096K), 2 survivors (4096K)
 Metaspace       used 78336K, committed 79168K, reserved 1179648K
  class space    used 10978K, committed 11328K, reserved 1048576K
}
Event: 22.034 GC heap before
{Heap before GC invocations=29 (full 0):
 garbage-first heap   total 184320K, used 148845K [0x0000000700000000, 0x0000000800000000)
  region size 2048K, 25 young (51200K), 2 survivors (4096K)
 Metaspace       used 80307K, committed 81088K, reserved 1179648K
  class space    used 11265K, committed 11584K, reserved 1048576K
}
Event: 22.044 GC heap after
{Heap after GC invocations=30 (full 0):
 garbage-first heap   total 184320K, used 105926K [0x0000000700000000, 0x0000000800000000)
  region size 2048K, 4 young (8192K), 4 survivors (8192K)
 Metaspace       used 80307K, committed 81088K, reserved 1179648K
  class space    used 11265K, committed 11584K, reserved 1048576K
}
Event: 22.069 GC heap before
{Heap before GC invocations=30 (full 0):
 garbage-first heap   total 184320K, used 107974K [0x0000000700000000, 0x0000000800000000)
  region size 2048K, 5 young (10240K), 4 survivors (8192K)
 Metaspace       used 80319K, committed 81088K, reserved 1179648K
  class space    used 11267K, committed 11584K, reserved 1048576K
}
Event: 22.080 GC heap after
{Heap after GC invocations=31 (full 0):
 garbage-first heap   total 184320K, used 106098K [0x0000000700000000, 0x0000000800000000)
  region size 2048K, 1 young (2048K), 1 survivors (2048K)
 Metaspace       used 80319K, committed 81088K, reserved 1179648K
  class space    used 11267K, committed 11584K, reserved 1048576K
}
Event: 22.906 GC heap before
{Heap before GC invocations=31 (full 0):
 garbage-first heap   total 184320K, used 151154K [0x0000000700000000, 0x0000000800000000)
  region size 2048K, 23 young (47104K), 1 survivors (2048K)
 Metaspace       used 82203K, committed 83136K, reserved 1179648K
  class space    used 11516K, committed 11968K, reserved 1048576K
}
Event: 22.917 GC heap after
{Heap after GC invocations=32 (full 0):
 garbage-first heap   total 368640K, used 110560K [0x0000000700000000, 0x0000000800000000)
  region size 2048K, 3 young (6144K), 3 survivors (6144K)
 Metaspace       used 82203K, committed 83136K, reserved 1179648K
  class space    used 11516K, committed 11968K, reserved 1048576K
}
Event: 26.565 GC heap before
{Heap before GC invocations=33 (full 0):
 garbage-first heap   total 368640K, used 282592K [0x0000000700000000, 0x0000000800000000)
  region size 2048K, 84 young (172032K), 3 survivors (6144K)
 Metaspace       used 84596K, committed 85760K, reserved 1179648K
  class space    used 11885K, committed 12416K, reserved 1048576K
}
Event: 26.605 GC heap after
{Heap after GC invocations=34 (full 0):
 garbage-first heap   total 368640K, used 146626K [0x0000000700000000, 0x0000000800000000)
  region size 2048K, 11 young (22528K), 11 survivors (22528K)
 Metaspace       used 84596K, committed 85760K, reserved 1179648K
  class space    used 11885K, committed 12416K, reserved 1048576K
}
Event: 26.637 GC heap before
{Heap before GC invocations=34 (full 0):
 garbage-first heap   total 368640K, used 148674K [0x0000000700000000, 0x0000000800000000)
  region size 2048K, 12 young (24576K), 11 survivors (22528K)
 Metaspace       used 84607K, committed 85760K, reserved 1179648K
  class space    used 11885K, committed 12416K, reserved 1048576K
}
Event: 26.661 GC heap after
{Heap after GC invocations=35 (full 0):
 garbage-first heap   total 368640K, used 147892K [0x0000000700000000, 0x0000000800000000)
  region size 2048K, 2 young (4096K), 2 survivors (4096K)
 Metaspace       used 84607K, committed 85760K, reserved 1179648K
  class space    used 11885K, committed 12416K, reserved 1048576K
}
Event: 28.557 GC heap before
{Heap before GC invocations=35 (full 0):
 garbage-first heap   total 368640K, used 268724K [0x0000000700000000, 0x0000000800000000)
  region size 2048K, 58 young (118784K), 2 survivors (4096K)
 Metaspace       used 86021K, committed 87424K, reserved 1179648K
  class space    used 12095K, committed 12736K, reserved 1048576K
}

Deoptimization events (20 events):
Event: 26.978 Thread 0x000002079ca07fc0 DEOPT PACKING pc=0x000002078f99949c sp=0x000000c33ddf9490
Event: 26.978 Thread 0x000002079ca07fc0 DEOPT UNPACKING pc=0x000002078ed723a3 sp=0x000000c33ddf9480 mode 2
Event: 26.978 Thread 0x000002079ca07fc0 Uncommon trap: trap_request=0xffffffbe fr.pc=0x000002078f99949c relative=0x00000000000012fc
Event: 26.978 Thread 0x000002079ca07fc0 Uncommon trap: reason=profile_predicate action=maybe_recompile pc=0x000002078f99949c method=org.gradle.api.internal.attributes.DefaultImmutableAttributesFactory.concat(Lorg/gradle/api/internal/attributes/ImmutableAttributes;Lorg/gradle/api/internal/attrib
Event: 26.978 Thread 0x000002079ca07fc0 DEOPT PACKING pc=0x000002078f99949c sp=0x000000c33ddf9390
Event: 26.978 Thread 0x000002079ca07fc0 DEOPT UNPACKING pc=0x000002078ed723a3 sp=0x000000c33ddf9380 mode 2
Event: 26.978 Thread 0x000002079ca07fc0 Uncommon trap: trap_request=0xffffffbe fr.pc=0x000002078f99949c relative=0x00000000000012fc
Event: 26.978 Thread 0x000002079ca07fc0 Uncommon trap: reason=profile_predicate action=maybe_recompile pc=0x000002078f99949c method=org.gradle.api.internal.attributes.DefaultImmutableAttributesFactory.concat(Lorg/gradle/api/internal/attributes/ImmutableAttributes;Lorg/gradle/api/internal/attrib
Event: 26.978 Thread 0x000002079ca07fc0 DEOPT PACKING pc=0x000002078f99949c sp=0x000000c33ddf9490
Event: 26.978 Thread 0x000002079ca07fc0 DEOPT UNPACKING pc=0x000002078ed723a3 sp=0x000000c33ddf9480 mode 2
Event: 27.019 Thread 0x000002079ca07fc0 DEOPT PACKING pc=0x0000020788adc67a sp=0x000000c33ddf9040
Event: 27.019 Thread 0x000002079ca07fc0 DEOPT UNPACKING pc=0x000002078ed72b43 sp=0x000000c33ddf84d8 mode 0
Event: 27.170 Thread 0x000002079ca07fc0 DEOPT PACKING pc=0x00000207882c63eb sp=0x000000c33ddf8900
Event: 27.170 Thread 0x000002079ca07fc0 DEOPT UNPACKING pc=0x000002078ed72b43 sp=0x000000c33ddf7cb8 mode 0
Event: 27.417 Thread 0x000002079ca084d0 Uncommon trap: trap_request=0xffffff45 fr.pc=0x000002078f8482f4 relative=0x0000000000000894
Event: 27.417 Thread 0x000002079ca084d0 Uncommon trap: reason=unstable_if action=reinterpret pc=0x000002078f8482f4 method=com.esotericsoftware.kryo.io.Output.writeVarLong(JZ)I @ 55 c2
Event: 27.418 Thread 0x000002079ca084d0 DEOPT PACKING pc=0x000002078f8482f4 sp=0x000000c33deff180
Event: 27.418 Thread 0x000002079ca084d0 DEOPT UNPACKING pc=0x000002078ed723a3 sp=0x000000c33deff150 mode 2
Event: 27.907 Thread 0x000002079ca07fc0 DEOPT PACKING pc=0x00000207879ee13f sp=0x000000c33ddf8dc0
Event: 27.907 Thread 0x000002079ca07fc0 DEOPT UNPACKING pc=0x000002078ed72b43 sp=0x000000c33ddf8310 mode 0

Classes unloaded (0 events):
No events

Classes redefined (0 events):
No events

Internal exceptions (20 events):
Event: 26.889 Thread 0x000002079ca07fc0 Exception <a 'java/lang/ClassNotFoundException'{0x0000000714d8b400}: build_a7etfujgrrs8xsj46szfwlgzkBeanInfo> (0x0000000714d8b400) 
thrown [s\open\src\hotspot\share\classfile\systemDictionary.cpp, line 256]
Event: 26.889 Thread 0x000002079ca07fc0 Exception <a 'java/lang/ClassNotFoundException'{0x0000000714d91c20}: build_a7etfujgrrs8xsj46szfwlgzkCustomizer> (0x0000000714d91c20) 
thrown [s\open\src\hotspot\share\classfile\systemDictionary.cpp, line 256]
Event: 27.115 Thread 0x000002079ca07fc0 Exception <a 'java/lang/ClassNotFoundException'{0x00000007140d5f30}: build_a4qw75s7xag8gmqqmgblabtrgBeanInfo> (0x00000007140d5f30) 
thrown [s\open\src\hotspot\share\classfile\systemDictionary.cpp, line 256]
Event: 27.117 Thread 0x000002079ca07fc0 Exception <a 'java/lang/ClassNotFoundException'{0x00000007140dc7b0}: build_a4qw75s7xag8gmqqmgblabtrgCustomizer> (0x00000007140dc7b0) 
thrown [s\open\src\hotspot\share\classfile\systemDictionary.cpp, line 256]
Event: 27.294 Thread 0x000002079ca07fc0 Exception <a 'java/lang/ClassNotFoundException'{0x0000000713720a00}: build_a4qw75s7xag8gmqqmgblabtrgBeanInfo> (0x0000000713720a00) 
thrown [s\open\src\hotspot\share\classfile\systemDictionary.cpp, line 256]
Event: 27.294 Thread 0x000002079ca07fc0 Exception <a 'java/lang/ClassNotFoundException'{0x0000000713727220}: build_a4qw75s7xag8gmqqmgblabtrgCustomizer> (0x0000000713727220) 
thrown [s\open\src\hotspot\share\classfile\systemDictionary.cpp, line 256]
Event: 27.420 Thread 0x000002079ca07fc0 Exception <a 'java/lang/ClassNotFoundException'{0x00000007130cad10}: build_b6ifd1w8asqwtx676g00vvri7BeanInfo> (0x00000007130cad10) 
thrown [s\open\src\hotspot\share\classfile\systemDictionary.cpp, line 256]
Event: 27.420 Thread 0x000002079ca07fc0 Exception <a 'java/lang/ClassNotFoundException'{0x00000007130d1590}: build_b6ifd1w8asqwtx676g00vvri7Customizer> (0x00000007130d1590) 
thrown [s\open\src\hotspot\share\classfile\systemDictionary.cpp, line 256]
Event: 27.659 Thread 0x000002079ca07fc0 Exception <a 'java/lang/ClassNotFoundException'{0x00000007126f7490}: build_b6ifd1w8asqwtx676g00vvri7BeanInfo> (0x00000007126f7490) 
thrown [s\open\src\hotspot\share\classfile\systemDictionary.cpp, line 256]
Event: 27.659 Thread 0x000002079ca07fc0 Exception <a 'java/lang/ClassNotFoundException'{0x00000007126fdcb0}: build_b6ifd1w8asqwtx676g00vvri7Customizer> (0x00000007126fdcb0) 
thrown [s\open\src\hotspot\share\classfile\systemDictionary.cpp, line 256]
Event: 27.751 Thread 0x000002079ca07fc0 Exception <a 'java/lang/ClassNotFoundException'{0x00000007120c5fd8}: build_4bkkpp3hyxfjbntex8fj3i53sBeanInfo> (0x00000007120c5fd8) 
thrown [s\open\src\hotspot\share\classfile\systemDictionary.cpp, line 256]
Event: 27.752 Thread 0x000002079ca07fc0 Exception <a 'java/lang/ClassNotFoundException'{0x00000007120cc858}: build_4bkkpp3hyxfjbntex8fj3i53sCustomizer> (0x00000007120cc858) 
thrown [s\open\src\hotspot\share\classfile\systemDictionary.cpp, line 256]
Event: 27.906 Thread 0x000002079ca07fc0 Exception <a 'java/lang/ClassNotFoundException'{0x000000071172a060}: build_4bkkpp3hyxfjbntex8fj3i53sBeanInfo> (0x000000071172a060) 
thrown [s\open\src\hotspot\share\classfile\systemDictionary.cpp, line 256]
Event: 27.907 Thread 0x000002079ca07fc0 Exception <a 'java/lang/ClassNotFoundException'{0x0000000711730880}: build_4bkkpp3hyxfjbntex8fj3i53sCustomizer> (0x0000000711730880) 
thrown [s\open\src\hotspot\share\classfile\systemDictionary.cpp, line 256]
Event: 28.353 Thread 0x000002079ca07fc0 Exception <a 'java/lang/ClassNotFoundException'{0x000000070fe59a58}: build_dq59t8lrywerhe4hqd9igfrplBeanInfo> (0x000000070fe59a58) 
thrown [s\open\src\hotspot\share\classfile\systemDictionary.cpp, line 256]
Event: 28.354 Thread 0x000002079ca07fc0 Exception <a 'java/lang/ClassNotFoundException'{0x000000070fe602d8}: build_dq59t8lrywerhe4hqd9igfrplCustomizer> (0x000000070fe602d8) 
thrown [s\open\src\hotspot\share\classfile\systemDictionary.cpp, line 256]
Event: 28.407 Thread 0x000002079ca07fc0 Exception <a 'java/lang/ClassNotFoundException'{0x000000070fbd22b8}: build_dq59t8lrywerhe4hqd9igfrplBeanInfo> (0x000000070fbd22b8) 
thrown [s\open\src\hotspot\share\classfile\systemDictionary.cpp, line 256]
Event: 28.408 Thread 0x000002079ca07fc0 Exception <a 'java/lang/ClassNotFoundException'{0x000000070fbd8ad8}: build_dq59t8lrywerhe4hqd9igfrplCustomizer> (0x000000070fbd8ad8) 
thrown [s\open\src\hotspot\share\classfile\systemDictionary.cpp, line 256]
Event: 28.489 Thread 0x000002079ca07fc0 Exception <a 'java/lang/ClassNotFoundException'{0x000000070f58c910}: build_4y6xsyf7sd2bsapjpwx971z37BeanInfo> (0x000000070f58c910) 
thrown [s\open\src\hotspot\share\classfile\systemDictionary.cpp, line 256]
Event: 28.489 Thread 0x000002079ca07fc0 Exception <a 'java/lang/ClassNotFoundException'{0x000000070f593190}: build_4y6xsyf7sd2bsapjpwx971z37Customizer> (0x000000070f593190) 
thrown [s\open\src\hotspot\share\classfile\systemDictionary.cpp, line 256]

VM Operations (20 events):
Event: 24.513 Executing VM operation: ICBufferFull done
Event: 25.114 Executing VM operation: ICBufferFull
Event: 25.114 Executing VM operation: ICBufferFull done
Event: 25.596 Executing VM operation: HandshakeAllThreads
Event: 25.596 Executing VM operation: HandshakeAllThreads done
Event: 25.613 Executing VM operation: ICBufferFull
Event: 25.613 Executing VM operation: ICBufferFull done
Event: 26.530 Executing VM operation: ICBufferFull
Event: 26.530 Executing VM operation: ICBufferFull done
Event: 26.565 Executing VM operation: G1CollectForAllocation
Event: 26.605 Executing VM operation: G1CollectForAllocation done
Event: 26.637 Executing VM operation: G1CollectForAllocation
Event: 26.661 Executing VM operation: G1CollectForAllocation done
Event: 27.026 Executing VM operation: ICBufferFull
Event: 27.026 Executing VM operation: ICBufferFull done
Event: 27.812 Executing VM operation: ICBufferFull
Event: 27.812 Executing VM operation: ICBufferFull done
Event: 28.475 Executing VM operation: ICBufferFull
Event: 28.475 Executing VM operation: ICBufferFull done
Event: 28.557 Executing VM operation: G1CollectForAllocation

Events (20 events):
Event: 23.479 loading class java/util/regex/PatternBeanInfo done
Event: 23.480 loading class java/util/regex/PatternBeanInfo
Event: 23.480 loading class java/util/regex/PatternBeanInfo done
Event: 23.480 loading class java/util/regex/PatternCustomizer
Event: 23.480 loading class java/util/regex/PatternCustomizer done
Event: 23.480 loading class java/util/regex/PatternCustomizer
Event: 23.480 loading class java/util/regex/PatternCustomizer done
Event: 23.485 loading class java/util/regex/MatcherBeanInfo
Event: 23.485 loading class java/util/regex/MatcherBeanInfo done
Event: 23.486 loading class java/util/regex/MatcherBeanInfo
Event: 23.486 loading class java/util/regex/MatcherBeanInfo done
Event: 23.486 loading class java/util/regex/MatcherCustomizer
Event: 23.486 loading class java/util/regex/MatcherCustomizer done
Event: 23.486 loading class java/util/regex/MatcherCustomizer
Event: 23.486 loading class java/util/regex/MatcherCustomizer done
Event: 25.600 Thread 0x00000207feb48ad0 flushing nmethod 0x00000207878afe10
Event: 25.601 Thread 0x00000207feb48ad0 flushing nmethod 0x000002078791e210
Event: 25.601 Thread 0x00000207feb48ad0 flushing nmethod 0x0000020787979490
Event: 25.603 Thread 0x00000207feb48ad0 flushing nmethod 0x0000020787acb610
Event: 25.610 Thread 0x00000207feb48ad0 flushing nmethod 0x00000207883f2410


Dynamic libraries:
0x00007ff747880000 - 0x00007ff747890000 	C:\Program Files\Java\jdk-17\bin\java.exe
0x00007ffc73370000 - 0x00007ffc73568000 	C:\Windows\SYSTEM32\ntdll.dll
0x00007ffc72eb0000 - 0x00007ffc72f72000 	C:\Windows\System32\KERNEL32.DLL
0x00007ffc70ac0000 - 0x00007ffc70dbe000 	C:\Windows\System32\KERNELBASE.dll
0x00007ffc70e60000 - 0x00007ffc70f60000 	C:\Windows\System32\ucrtbase.dll
0x00007ffc5a790000 - 0x00007ffc5a7a9000 	C:\Program Files\Java\jdk-17\bin\jli.dll
0x00007ffc71db0000 - 0x00007ffc71e61000 	C:\Windows\System32\ADVAPI32.dll
0x00007ffc71670000 - 0x00007ffc7170e000 	C:\Windows\System32\msvcrt.dll
0x00007ffc73220000 - 0x00007ffc732bf000 	C:\Windows\System32\sechost.dll
0x00007ffc72f80000 - 0x00007ffc730a3000 	C:\Windows\System32\RPCRT4.dll
0x00007ffc712d0000 - 0x00007ffc712f7000 	C:\Windows\System32\bcrypt.dll
0x00007ffc71860000 - 0x00007ffc719fd000 	C:\Windows\System32\USER32.dll
0x00007ffc70f60000 - 0x00007ffc70f82000 	C:\Windows\System32\win32u.dll
0x00007ffc71a10000 - 0x00007ffc71a3b000 	C:\Windows\System32\GDI32.dll
0x00007ffc70f90000 - 0x00007ffc710a7000 	C:\Windows\System32\gdi32full.dll
0x00007ffc70dc0000 - 0x00007ffc70e5d000 	C:\Windows\System32\msvcp_win.dll
0x00007ffc58400000 - 0x00007ffc5841b000 	C:\Program Files\Java\jdk-17\bin\VCRUNTIME140.dll
0x00007ffc62930000 - 0x00007ffc62bca000 	C:\Windows\WinSxS\amd64_microsoft.windows.common-controls_6595b64144ccf1df_6.0.19041.4355_none_60b8b9eb71f62e16\COMCTL32.dll
0x00007ffc679e0000 - 0x00007ffc679ea000 	C:\Windows\SYSTEM32\VERSION.dll
0x00007ffc71fb0000 - 0x00007ffc71fdf000 	C:\Windows\System32\IMM32.DLL
0x00007ffc69b20000 - 0x00007ffc69b2c000 	C:\Program Files\Java\jdk-17\bin\vcruntime140_1.dll
0x00007ffc3bd70000 - 0x00007ffc3bdfe000 	C:\Program Files\Java\jdk-17\bin\msvcp140.dll
0x00007ffc15290000 - 0x00007ffc15e70000 	C:\Program Files\Java\jdk-17\bin\server\jvm.dll
0x00007ffc71a00000 - 0x00007ffc71a08000 	C:\Windows\System32\PSAPI.DLL
0x00007ffc67ec0000 - 0x00007ffc67ec9000 	C:\Windows\SYSTEM32\WSOCK32.dll
0x00007ffc732c0000 - 0x00007ffc7332b000 	C:\Windows\System32\WS2_32.dll
0x00007ffc591b0000 - 0x00007ffc591d7000 	C:\Windows\SYSTEM32\WINMM.dll
0x00007ffc6f260000 - 0x00007ffc6f272000 	C:\Windows\SYSTEM32\kernel.appcore.dll
0x00007ffc67c60000 - 0x00007ffc67c6a000 	C:\Program Files\Java\jdk-17\bin\jimage.dll
0x00007ffc6b740000 - 0x00007ffc6b924000 	C:\Windows\SYSTEM32\DBGHELP.DLL
0x00007ffc4dbc0000 - 0x00007ffc4dbf4000 	C:\Windows\SYSTEM32\dbgcore.DLL
0x00007ffc71300000 - 0x00007ffc71382000 	C:\Windows\System32\bcryptPrimitives.dll
0x00007ffc462d0000 - 0x00007ffc462f5000 	C:\Program Files\Java\jdk-17\bin\java.dll
0x00007ffc3cb60000 - 0x00007ffc3cc37000 	C:\Program Files\Java\jdk-17\bin\jsvml.dll
0x00007ffc720d0000 - 0x00007ffc7283d000 	C:\Windows\System32\SHELL32.dll
0x00007ffc6b930000 - 0x00007ffc6c0d4000 	C:\Windows\SYSTEM32\windows.storage.dll
0x00007ffc71a50000 - 0x00007ffc71da3000 	C:\Windows\System32\combase.dll
0x00007ffc70440000 - 0x00007ffc7046e000 	C:\Windows\SYSTEM32\Wldp.dll
0x00007ffc71e80000 - 0x00007ffc71f4d000 	C:\Windows\System32\OLEAUT32.dll
0x00007ffc73110000 - 0x00007ffc731bd000 	C:\Windows\System32\SHCORE.dll
0x00007ffc730b0000 - 0x00007ffc73105000 	C:\Windows\System32\shlwapi.dll
0x00007ffc70940000 - 0x00007ffc70964000 	C:\Windows\SYSTEM32\profapi.dll
0x00007ffc5b340000 - 0x00007ffc5b359000 	C:\Program Files\Java\jdk-17\bin\net.dll
0x00007ffc641a0000 - 0x00007ffc642ad000 	C:\Windows\SYSTEM32\WINHTTP.dll
0x00007ffc701a0000 - 0x00007ffc7020a000 	C:\Windows\system32\mswsock.dll
0x00007ffc53c10000 - 0x00007ffc53c26000 	C:\Program Files\Java\jdk-17\bin\nio.dll
0x00007ffc52920000 - 0x00007ffc52938000 	C:\Program Files\Java\jdk-17\bin\zip.dll
0x00007ffc67e20000 - 0x00007ffc67e30000 	C:\Program Files\Java\jdk-17\bin\verify.dll
0x00007ffc44160000 - 0x00007ffc44187000 	C:\Users\Al-Mahdi\.gradle\native\c067742578af261105cb4f569cf0c3c89f3d7b1fecec35dd04571415982c5e48\windows-amd64\native-platform.dll
0x00007ffc134f0000 - 0x00007ffc13634000 	C:\Users\Al-Mahdi\.gradle\native\38dada09dfb8b06ba9b0570ebf7e218e3eb74d4ef43ca46872605cf95ebc2f47\windows-amd64\native-platform-file-events.dll
0x00007ffc67610000 - 0x00007ffc6761a000 	C:\Program Files\Java\jdk-17\bin\management.dll
0x00007ffc66f40000 - 0x00007ffc66f4b000 	C:\Program Files\Java\jdk-17\bin\management_ext.dll
0x00007ffc703a0000 - 0x00007ffc703b8000 	C:\Windows\SYSTEM32\CRYPTSP.dll
0x00007ffc6fa50000 - 0x00007ffc6fa84000 	C:\Windows\system32\rsaenh.dll
0x00007ffc70900000 - 0x00007ffc7092e000 	C:\Windows\SYSTEM32\USERENV.dll
0x00007ffc70390000 - 0x00007ffc7039c000 	C:\Windows\SYSTEM32\CRYPTBASE.dll
0x00007ffc6fe30000 - 0x00007ffc6fe6b000 	C:\Windows\SYSTEM32\IPHLPAPI.DLL
0x00007ffc71a40000 - 0x00007ffc71a48000 	C:\Windows\System32\NSI.dll
0x00007ffc65f40000 - 0x00007ffc65f57000 	C:\Windows\SYSTEM32\dhcpcsvc6.DLL
0x00007ffc66d40000 - 0x00007ffc66d5d000 	C:\Windows\SYSTEM32\dhcpcsvc.DLL
0x00007ffc6fe80000 - 0x00007ffc6ff4a000 	C:\Windows\SYSTEM32\DNSAPI.dll
0x00007ffc63680000 - 0x00007ffc6368e000 	C:\Program Files\Java\jdk-17\bin\sunmscapi.dll
0x00007ffc71120000 - 0x00007ffc7127c000 	C:\Windows\System32\CRYPT32.dll
0x00007ffc704b0000 - 0x00007ffc704d7000 	C:\Windows\SYSTEM32\ncrypt.dll
0x00007ffc70470000 - 0x00007ffc704ab000 	C:\Windows\SYSTEM32\NTASN1.dll
0x00007ffc63630000 - 0x00007ffc63637000 	C:\Windows\system32\wshunix.dll

dbghelp: loaded successfully - version: 4.0.5 - missing functions: none
symbol engine: initialized successfully - sym options: 0x614 - pdb path: .;C:\Program Files\Java\jdk-17\bin;C:\Windows\SYSTEM32;C:\Windows\WinSxS\amd64_microsoft.windows.common-controls_6595b64144ccf1df_6.0.19041.4355_none_60b8b9eb71f62e16;C:\Program Files\Java\jdk-17\bin\server;C:\Users\Al-Mahdi\.gradle\native\c067742578af261105cb4f569cf0c3c89f3d7b1fecec35dd04571415982c5e48\windows-amd64;C:\Users\Al-Mahdi\.gradle\native\38dada09dfb8b06ba9b0570ebf7e218e3eb74d4ef43ca46872605cf95ebc2f47\windows-amd64

VM Arguments:
jvm_args: -XX:MaxMetaspaceSize=2G -XX:+HeapDumpOnOutOfMemoryError --add-opens=java.base/java.util=ALL-UNNAMED --add-opens=java.base/java.lang=ALL-UNNAMED --add-opens=java.base/java.lang.invoke=ALL-UNNAMED --add-opens=java.prefs/java.util.prefs=ALL-UNNAMED --add-opens=java.base/java.nio.charset=ALL-UNNAMED --add-opens=java.base/java.net=ALL-UNNAMED --add-opens=java.base/java.util.concurrent.atomic=ALL-UNNAMED -Xmx4G -Dfile.encoding=windows-1252 -Duser.country=US -Duser.language=en -Duser.variant 
java_command: org.gradle.launcher.daemon.bootstrap.GradleDaemon 7.6.3
java_class_path (initial): C:\Users\Al-Mahdi\.gradle\wrapper\dists\gradle-7.6.3-all\aocdy2d2z8kodnny3rsumj8i8\gradle-7.6.3\lib\gradle-launcher-7.6.3.jar
Launcher Type: SUN_STANDARD

[Global flags]
     intx CICompilerCount                          = 3                                         {product} {ergonomic}
     uint ConcGCThreads                            = 1                                         {product} {ergonomic}
     uint G1ConcRefinementThreads                  = 4                                         {product} {ergonomic}
   size_t G1HeapRegionSize                         = 2097152                                   {product} {ergonomic}
    uintx GCDrainStackTargetSize                   = 64                                        {product} {ergonomic}
     bool HeapDumpOnOutOfMemoryError               = true                                   {manageable} {command line}
   size_t InitialHeapSize                          = 132120576                                 {product} {ergonomic}
   size_t MarkStackSize                            = 4194304                                   {product} {ergonomic}
   size_t MaxHeapSize                              = 4294967296                                {product} {command line}
   size_t MaxMetaspaceSize                         = 2147483648                                {product} {command line}
   size_t MaxNewSize                               = 2575302656                                {product} {ergonomic}
   size_t MinHeapDeltaBytes                        = 2097152                                   {product} {ergonomic}
   size_t MinHeapSize                              = 8388608                                   {product} {ergonomic}
    uintx NonNMethodCodeHeapSize                   = 5832780                                {pd product} {ergonomic}
    uintx NonProfiledCodeHeapSize                  = 122912730                              {pd product} {ergonomic}
    uintx ProfiledCodeHeapSize                     = 122912730                              {pd product} {ergonomic}
    uintx ReservedCodeCacheSize                    = 251658240                              {pd product} {ergonomic}
     bool SegmentedCodeCache                       = true                                      {product} {ergonomic}
   size_t SoftMaxHeapSize                          = 4294967296                             {manageable} {ergonomic}
     bool UseCompressedClassPointers               = true                           {product lp64_product} {ergonomic}
     bool UseCompressedOops                        = true                           {product lp64_product} {ergonomic}
     bool UseG1GC                                  = true                                      {product} {ergonomic}
     bool UseLargePagesIndividualAllocation        = false                                  {pd product} {ergonomic}

Logging:
Log output configuration:
 #0: stdout all=warning uptime,level,tags
 #1: stderr all=off uptime,level,tags

Environment Variables:
JAVA_HOME=C:\Program Files\Java\jdk-17
CLASSPATH=E:\anas\rct_app\android\\gradle\wrapper\gradle-wrapper.jar
PATH=C:\Program Files\Java\jdk-17\bin;C:\Program Files\Common Files\Oracle\Java\javapath;C:\Program Files (x86)\Common Files\Intel\Shared Libraries\redist\intel64\compiler;C:\Windows\system32;C:\Windows;C:\Windows\System32\Wbem;C:\Windows\System32\WindowsPowerShell\v1.0\;C:\Windows\System32\OpenSSH\;C:\Program Files\Git\cmd;C:\Users\Al-Mahdi\AppData\Local\Pub\Cache\bin;C:\Program Files\nodejs\;C:\Program Files\Java\jdk-17\bin;C:\Users\Al-Mahdi\AppData\Local\Microsoft\WindowsApps;C:\src\flutter\bin;C:\dart-sdk\bin;C:\Users\Al-Mahdi\Downloads\flutter_tools;C:\Users\Al-Mahdi\AppData\Local\Programs\Microsoft VS Code\bin;C:\ProgramData\Microsoft\Windows\Start Menu\Programs\Android Studio;C:\Users\Al-Mahdi\AppData\Local\Pub\Cache\bin;C:\Users\Al-Mahdi\AppData\Roaming\npm;C:\Program Files\Java\jdk-17\bin;;C:\src\flutter\bin\mingit\cmd;C:\src\flutter\bin\mingit\cmd
USERNAME=Al-Mahdi
OS=Windows_NT
PROCESSOR_IDENTIFIER=Intel64 Family 6 Model 142 Stepping 9, GenuineIntel



---------------  S Y S T E M  ---------------

OS:
 Windows 10 , 64 bit Build 19041 (10.0.19041.5072)
OS uptime: 0 days 4:15 hours

CPU: total 4 (initial active 4) (2 cores per cpu, 2 threads per core) family 6 model 142 stepping 9 microcode 0xf4, cx8, cmov, fxsr, ht, mmx, 3dnowpref, sse, sse2, sse3, ssse3, sse4.1, sse4.2, popcnt, lzcnt, tsc, tscinvbit, avx, avx2, aes, erms, clmul, bmi1, bmi2, rtm, adx, fma, vzeroupper, clflush, clflushopt

Memory: 4k page, system-wide physical 8050M (1108M free)
TotalPageFile size 15218M (AvailPageFile size 5694M)
current process WorkingSet (physical memory assigned to process): 633M, peak: 635M
current process commit charge ("private bytes"): 676M, peak: 679M

vm_info: Java HotSpot(TM) 64-Bit Server VM (17.0.12+8-LTS-286) for windows-amd64 JRE (17.0.12+8-LTS-286), built on Jun  5 2024 06:46:59 by "mach5one" with MS VC++ 17.6 (VS2022)

END.
