#
# A fatal error has been detected by the Java Runtime Environment:
#
#  EXCEPTION_ACCESS_VIOLATION (0xc0000005) at pc=0x00007ffdb9434878, pid=11244, tid=13912
#
# JRE version: Java(TM) SE Runtime Environment (17.0.12+8) (build 17.0.12+8-LTS-286)
# Java VM: Java HotSpot(TM) 64-Bit Server VM (17.0.12+8-LTS-286, mixed mode, sharing, tiered, compressed oops, compressed class ptrs, g1 gc, windows-amd64)
# Problematic frame:
# V  [jvm.dll+0x7c4878]
#
# No core dump will be written. Minidumps are not enabled by default on client versions of Windows
#
# If you would like to submit a bug report, please visit:
#   https://bugreport.java.com/bugreport/crash.jsp
#

---------------  S U M M A R Y ------------

Command Line: org.jetbrains.kotlin.cli.jvm.K2JVMCompiler @E:\khaled_rct_store\RCT-Mobile\build\google_api_headers\20250311_576500298087222131.compiler.options

Host: Intel(R) Core(TM) i5-7300U CPU @ 2.60GHz, 4 cores, 7G,  Windows 10 , 64 bit Build 19041 (10.0.19041.5438)
Time: Tue Mar 11 14:08:23 2025 Egypt Standard Time elapsed time: 3.334753 seconds (0d 0h 0m 3s)

---------------  T H R E A D  ---------------

Current thread (0x0000026186179410):  JavaThread "main" [_thread_in_vm, id=13912, stack(0x000000b85ad00000,0x000000b85ae00000)]

Stack: [0x000000b85ad00000,0x000000b85ae00000],  sp=0x000000b85adfa570,  free space=1001k
Native frames: (J=compiled Java code, j=interpreted, Vv=VM code, C=native code)
V  [jvm.dll+0x7c4878]
V  [jvm.dll+0x7c6677]
V  [jvm.dll+0x7cb19a]
V  [jvm.dll+0x7ce7be]
V  [jvm.dll+0x7c7dce]
V  [jvm.dll+0x36e32a]
V  [jvm.dll+0x36d404]
V  [jvm.dll+0x36d3a8]
V  [jvm.dll+0x561be5]
V  [jvm.dll+0x560b6c]
V  [jvm.dll+0x380f73]
V  [jvm.dll+0x3805df]
C  0x0000026194f9a48a

Java frames: (J=compiled Java code, j=interpreted, Vv=VM code)
j  org.jetbrains.kotlin.backend.common.phaser.PhaseBuildersKt.makeIrModulePhase(Lkotlin/jvm/functions/Function1;Ljava/lang/String;Ljava/lang/String;Ljava/util/Set;Ljava/util/Set;Ljava/util/Set;)Lorg/jetbrains/kotlin/backend/common/phaser/SimpleNamedCompilerPhase;+48
j  org.jetbrains.kotlin.backend.common.phaser.PhaseBuildersKt.makeIrModulePhase$default(Lkotlin/jvm/functions/Function1;Ljava/lang/String;Ljava/lang/String;Ljava/util/Set;Ljava/util/Set;Ljava/util/Set;ILjava/lang/Object;)Lorg/jetbrains/kotlin/backend/common/phaser/SimpleNamedCompilerPhase;+46
j  org.jetbrains.kotlin.backend.common.phaser.PhaseFactoriesKt.createModulePhase(Ljava/lang/Class;Ljava/util/Set;Lkotlin/jvm/functions/Function1;)Lorg/jetbrains/kotlin/backend/common/phaser/SimpleNamedCompilerPhase;+25
j  org.jetbrains.kotlin.backend.common.phaser.PhaseFactoriesKt.createModulePhases([Lkotlin/jvm/functions/Function1;)Ljava/util/List;+344
j  org.jetbrains.kotlin.backend.jvm.JvmPhasesKt.<clinit>()V+67
v  ~StubRoutines::call_stub
j  org.jetbrains.kotlin.cli.jvm.K2JVMCompiler.doExecute(Lorg/jetbrains/kotlin/cli/common/arguments/K2JVMCompilerArguments;Lorg/jetbrains/kotlin/config/CompilerConfiguration;Lorg/jetbrains/kotlin/com/intellij/openapi/Disposable;Lorg/jetbrains/kotlin/utils/KotlinPaths;)Lorg/jetbrains/kotlin/cli/common/ExitCode;+40
j  org.jetbrains.kotlin.cli.jvm.K2JVMCompiler.doExecute(Lorg/jetbrains/kotlin/cli/common/arguments/CommonCompilerArguments;Lorg/jetbrains/kotlin/config/CompilerConfiguration;Lorg/jetbrains/kotlin/com/intellij/openapi/Disposable;Lorg/jetbrains/kotlin/utils/KotlinPaths;)Lorg/jetbrains/kotlin/cli/common/ExitCode;+9
j  org.jetbrains.kotlin.cli.common.CLICompiler.execImpl(Lorg/jetbrains/kotlin/cli/common/messages/MessageCollector;Lorg/jetbrains/kotlin/config/Services;Lorg/jetbrains/kotlin/cli/common/arguments/CommonCompilerArguments;)Lorg/jetbrains/kotlin/cli/common/ExitCode;+238
j  org.jetbrains.kotlin.cli.common.CLICompiler.execImpl(Lorg/jetbrains/kotlin/cli/common/messages/MessageCollector;Lorg/jetbrains/kotlin/config/Services;Lorg/jetbrains/kotlin/cli/common/arguments/CommonToolArguments;)Lorg/jetbrains/kotlin/cli/common/ExitCode;+7
j  org.jetbrains.kotlin.cli.common.CLITool.exec(Lorg/jetbrains/kotlin/cli/common/messages/MessageCollector;Lorg/jetbrains/kotlin/config/Services;Lorg/jetbrains/kotlin/cli/common/arguments/CommonToolArguments;)Lorg/jetbrains/kotlin/cli/common/ExitCode;+76
j  org.jetbrains.kotlin.cli.common.CLITool.exec(Ljava/io/PrintStream;Lorg/jetbrains/kotlin/config/Services;Lorg/jetbrains/kotlin/cli/common/messages/MessageRenderer;[Ljava/lang/String;)Lorg/jetbrains/kotlin/cli/common/ExitCode;+239
j  org.jetbrains.kotlin.cli.common.CLITool.exec(Ljava/io/PrintStream;Lorg/jetbrains/kotlin/cli/common/messages/MessageRenderer;[Ljava/lang/String;)Lorg/jetbrains/kotlin/cli/common/ExitCode;+25
j  org.jetbrains.kotlin.cli.common.CLITool$Companion.doMainNoExit(Lorg/jetbrains/kotlin/cli/common/CLITool;[Ljava/lang/String;Lorg/jetbrains/kotlin/cli/common/messages/MessageRenderer;)Lorg/jetbrains/kotlin/cli/common/ExitCode;+39
j  org.jetbrains.kotlin.cli.common.CLITool$Companion.doMainNoExit$default(Lorg/jetbrains/kotlin/cli/common/CLITool$Companion;Lorg/jetbrains/kotlin/cli/common/CLITool;[Ljava/lang/String;Lorg/jetbrains/kotlin/cli/common/messages/MessageRenderer;ILjava/lang/Object;)Lorg/jetbrains/kotlin/cli/common/ExitCode;+16
j  org.jetbrains.kotlin.cli.common.CLITool$Companion.doMain(Lorg/jetbrains/kotlin/cli/common/CLITool;[Ljava/lang/String;)V+54
j  org.jetbrains.kotlin.cli.jvm.K2JVMCompiler$Companion.main([Ljava/lang/String;)V+20
j  org.jetbrains.kotlin.cli.jvm.K2JVMCompiler.main([Ljava/lang/String;)V+4
v  ~StubRoutines::call_stub

siginfo: EXCEPTION_ACCESS_VIOLATION (0xc0000005), reading address 0x000002618545af34


Registers:
RAX=0x0000000000000000, RBX=0x000000b85adfb6e0, RCX=0x000000b85adfa620, RDX=0x0000000000000000
RSP=0x000000b85adfa570, RBP=0x0000000000000000, RSI=0x000000b85adfa620, RDI=0x000000b85adfa610
R8 =0x000002618545af30, R9 =0x0000000000000000, R10=0x0000000000000001, R11=0x000000b85adfa600
R12=0x000000000000001e, R13=0x000000b85adfa7f0, R14=0x00000261a6091808, R15=0x00000261a46dc340
RIP=0x00007ffdb9434878, EFLAGS=0x0000000000010206


Register to memory mapping:

RIP=0x00007ffdb9434878 jvm.dll
RAX=0x0 is NULL
RBX=0x000000b85adfb6e0 is pointing into the stack for thread: 0x0000026186179410
RCX=0x000000b85adfa620 is pointing into the stack for thread: 0x0000026186179410
RDX=0x0 is NULL
RSP=0x000000b85adfa570 is pointing into the stack for thread: 0x0000026186179410
RBP=0x0 is NULL
RSI=0x000000b85adfa620 is pointing into the stack for thread: 0x0000026186179410
RDI=0x000000b85adfa610 is pointing into the stack for thread: 0x0000026186179410
R8 =0x000002618545af30 is an unknown value
R9 =0x0 is NULL
R10=0x0000000000000001 is an unknown value
R11=0x000000b85adfa600 is pointing into the stack for thread: 0x0000026186179410
R12=0x000000000000001e is an unknown value
R13=0x000000b85adfa7f0 is pointing into the stack for thread: 0x0000026186179410
R14=0x00000261a6091808 is a pointer to class: 
kotlin.collections.SetsKt___SetsKt {0x00000261a6091810}
 - instance size:     2
 - klass size:        64
 - access:            synchronized 
 - state:             loaded
 - name:              'kotlin/collections/SetsKt___SetsKt'
 - super:             'kotlin/collections/SetsKt__SetsKt'
 - sub:               'kotlin/collections/SetsKt'   
 - arrays:            NULL
 - methods:           Array<T>(0x00000261e672d768)
 - method ordering:   Array<T>(0x00000261a58fb090)
 - default_methods:   Array<T>(0x0000000000000000)
 - local interfaces:  Array<T>(0x00000261a55d1ef0)
 - trans. interfaces: Array<T>(0x00000261a55d1ef0)
 - constants:         constant pool [201] {0x00000261e672d048} for 'kotlin/collections/SetsKt___SetsKt'
 - class loader data:  loader data: 0x00000261a4179f20 for instance a 'jdk/internal/loader/ClassLoaders$AppClassLoader'{0x0000000089200000}
 - source file:       '_Sets.kt'
 - class annotations:       Array<T>(0x00000261e672e350)
 - class type annotations:  Array<T>(0x0000000000000000)
 - field annotations:       Array<T>(0x0000000000000000)
 - field type annotations:  Array<T>(0x0000000000000000)
 - inner classes:     Array<T>(0x00000261e672e3b8)
 - nest members:     Array<T>(0x00000261a55d1e80)
 - permitted subclasses:     Array<T>(0x00000261a55d1e80)
 - java mirror:       a 'java/lang/Class'{0x0000000089e95fb0} = 'kotlin/collections/SetsKt___SetsKt'
 - vtable length      5  (start addr: 0x00000261a60919d0)
 - itable length      2 (start addr: 0x00000261a60919f8)
 - ---- static fields (0 words):
 - ---- non-static fields (0 words):
 - non-static oop maps: 
R15=0x00000261a46dc340 points into unknown readable memory: 0x0000000a00000002 | 02 00 00 00 0a 00 00 00


Top of Stack: (sp=0x000000b85adfa570)
0x000000b85adfa570:   000000b85adfa598 000000b85adfa590
0x000000b85adfa580:   0000000000000000 000000b85adfa5e0
0x000000b85adfa590:   00000261a545f190 ffffffffffff0001
0x000000b85adfa5a0:   00000261a45bb900 0000002500000016
0x000000b85adfa5b0:   0000000000000001 000000b85adfa7f0
0x000000b85adfa5c0:   0000026186179410 00007ffdb9436677
0x000000b85adfa5d0:   000000b85adfa738 000000000000006a
0x000000b85adfa5e0:   00000261a46dc3b0 000000b85adfa710
0x000000b85adfa5f0:   0000026186179410 0000000000000000
0x000000b85adfa600:   000000b85adfb6e0 00007ffdb943b19a
0x000000b85adfa610:   000002618545af30 0000000000000000
0x000000b85adfa620:   00000261a545af30 0000026186179410
0x000000b85adfa630:   0000026100000c00 0000026186179410
0x000000b85adfa640:   0000000000000001 0000026186179410
0x000000b85adfa650:   00000261a46dc100 00007ffdb936f77e
0x000000b85adfa660:   0000000000000018 00007ffdb936e0d6 

Instructions: (pc=0x00007ffdb9434878)
0x00007ffdb9434778:   3e 46 7c 00 cc cc cc cc 48 89 5c 24 08 48 89 6c
0x00007ffdb9434788:   24 20 56 57 41 56 48 83 ec 40 4d 8b b0 d8 1f 00
0x00007ffdb9434798:   00 49 8b d8 4c 8b 02 41 0f b6 e9 48 8b fa 48 8b
0x00007ffdb94347a8:   f1 4d 85 c0 0f 84 df 01 00 00 48 8b 11 48 85 d2
0x00007ffdb94347b8:   0f 84 cf 01 00 00 49 3b d0 0f 84 ca 01 00 00 48
0x00007ffdb94347c8:   8b c2 83 e0 03 0f 85 11 01 00 00 66 83 7a 04 01
0x00007ffdb94347d8:   0f 82 06 01 00 00 80 7a 06 5b 0f 84 fc 00 00 00
0x00007ffdb94347e8:   48 3b 15 59 3c 36 00 0f 84 9c 01 00 00 38 05 b0
0x00007ffdb94347f8:   48 34 00 75 08 38 05 a9 48 34 00 74 63 4d 8b c8
0x00007ffdb9434808:   41 83 e1 03 75 1c 66 41 83 78 04 01 49 8d 48 04
0x00007ffdb9434818:   72 10 41 80 78 06 5b 49 8d 40 06 74 05 41 b2 01
0x00007ffdb9434828:   eb 10 45 32 d2 49 8d 48 04 49 8d 40 06 4d 85 c9
0x00007ffdb9434838:   75 0f 66 83 39 02 72 09 80 38 5b 75 04 b0 01 eb
0x00007ffdb9434848:   02 32 c0 44 88 54 24 28 44 0f b6 cd 49 8b ce 88
0x00007ffdb9434858:   44 24 20 e8 90 43 f9 ff 84 c0 0f 85 29 01 00 00
0x00007ffdb9434868:   4c 8b 07 49 8b d0 83 e2 03 75 21 4d 85 c0 74 1c
0x00007ffdb9434878:   66 41 83 78 04 01 49 8d 48 04 72 10 41 80 78 06
0x00007ffdb9434888:   5b 49 8d 40 06 74 05 41 b1 01 eb 15 45 32 c9 49
0x00007ffdb9434898:   8d 48 04 49 8d 40 06 48 85 d2 75 14 4d 85 c0 74
0x00007ffdb94348a8:   0f 66 83 39 02 72 09 80 38 5b 75 04 b1 01 eb 02
0x00007ffdb94348b8:   32 c9 48 8b 84 24 80 00 00 00 48 8b 16 48 89 44
0x00007ffdb94348c8:   24 30 44 88 4c 24 28 44 0f b6 cd 88 4c 24 20 49
0x00007ffdb94348d8:   8b ce e8 21 03 00 00 e9 af 00 00 00 48 85 c0 0f
0x00007ffdb94348e8:   85 a0 00 00 00 66 83 7a 04 02 0f 82 95 00 00 00
0x00007ffdb94348f8:   80 7a 06 5b 0f 85 8b 00 00 00 41 f6 c0 03 0f 85
0x00007ffdb9434908:   81 00 00 00 66 41 83 78 04 02 72 79 41 80 78 06
0x00007ffdb9434918:   5b 75 72 4c 8b c3 48 8d 54 24 70 e8 48 fc ff ff
0x00007ffdb9434928:   4c 8b c3 48 8d 54 24 68 48 8b cf e8 38 fc ff ff
0x00007ffdb9434938:   48 8b 4c 24 70 48 81 f9 01 00 ff ff 74 47 48 8b
0x00007ffdb9434948:   44 24 68 48 3d 01 00 ff ff 74 3a 48 3b c8 74 39
0x00007ffdb9434958:   48 81 c1 ff fe f6 ff 48 f7 c1 ff ff fc ff 74 25
0x00007ffdb9434968:   48 8b 84 24 80 00 00 00 48 8d 54 24 68 44 0f b6 


Stack slot to memory mapping:
stack at sp + 0 slots: 0x000000b85adfa598 is pointing into the stack for thread: 0x0000026186179410
stack at sp + 1 slots: 0x000000b85adfa590 is pointing into the stack for thread: 0x0000026186179410
stack at sp + 2 slots: 0x0 is NULL
stack at sp + 3 slots: 0x000000b85adfa5e0 is pointing into the stack for thread: 0x0000026186179410
stack at sp + 4 slots: 0x00000261a545f190 is pointing into metadata
stack at sp + 5 slots: 0xffffffffffff0001 is an unknown value
stack at sp + 6 slots: 0x00000261a45bb900 points into unknown readable memory: 0x4c280025504d0004 | 04 00 4d 50 25 00 28 4c
stack at sp + 7 slots: 0x0000002500000016 is an unknown value


---------------  P R O C E S S  ---------------

Threads class SMR info:
_java_thread_list=0x00000261a43a1130, length=12, elements={
0x0000026186179410, 0x00000261a415ac00, 0x00000261a415ba80, 0x00000261a416e440,
0x00000261a4170010, 0x00000261a41729e0, 0x00000261a41733a0, 0x00000261a4174140,
0x00000261a4174bf0, 0x00000261a43137a0, 0x00000261a43c1d30, 0x00000261a43cc8c0
}

Java Threads: ( => current thread )
=>0x0000026186179410 JavaThread "main" [_thread_in_vm, id=13912, stack(0x000000b85ad00000,0x000000b85ae00000)]
  0x00000261a415ac00 JavaThread "Reference Handler" daemon [_thread_blocked, id=14080, stack(0x000000b85b400000,0x000000b85b500000)]
  0x00000261a415ba80 JavaThread "Finalizer" daemon [_thread_blocked, id=13528, stack(0x000000b85b500000,0x000000b85b600000)]
  0x00000261a416e440 JavaThread "Signal Dispatcher" daemon [_thread_blocked, id=15308, stack(0x000000b85b600000,0x000000b85b700000)]
  0x00000261a4170010 JavaThread "Attach Listener" daemon [_thread_blocked, id=3120, stack(0x000000b85b700000,0x000000b85b800000)]
  0x00000261a41729e0 JavaThread "Service Thread" daemon [_thread_blocked, id=15072, stack(0x000000b85b800000,0x000000b85b900000)]
  0x00000261a41733a0 JavaThread "Monitor Deflation Thread" daemon [_thread_blocked, id=15092, stack(0x000000b85b900000,0x000000b85ba00000)]
  0x00000261a4174140 JavaThread "C2 CompilerThread0" daemon [_thread_blocked, id=14544, stack(0x000000b85ba00000,0x000000b85bb00000)]
  0x00000261a4174bf0 JavaThread "C1 CompilerThread0" daemon [_thread_blocked, id=14672, stack(0x000000b85bb00000,0x000000b85bc00000)]
  0x00000261a43137a0 JavaThread "Sweeper thread" daemon [_thread_blocked, id=9192, stack(0x000000b85bc00000,0x000000b85bd00000)]
  0x00000261a43c1d30 JavaThread "Notification Thread" daemon [_thread_blocked, id=14736, stack(0x000000b85bd00000,0x000000b85be00000)]
  0x00000261a43cc8c0 JavaThread "Common-Cleaner" daemon [_thread_blocked, id=1848, stack(0x000000b85bf00000,0x000000b85c000000)]

Other Threads:
  0x00000261a4154bc0 VMThread "VM Thread" [stack: 0x000000b85b300000,0x000000b85b400000] [id=15024]
  0x00000261a43c5a40 WatcherThread [stack: 0x000000b85be00000,0x000000b85bf00000] [id=14836]
  0x00000261861d4f30 GCTaskThread "GC Thread#0" [stack: 0x000000b85ae00000,0x000000b85af00000] [id=14660]
  0x00000261a47ccef0 GCTaskThread "GC Thread#1" [stack: 0x000000b85c000000,0x000000b85c100000] [id=2928]
  0x00000261a4794f90 GCTaskThread "GC Thread#2" [stack: 0x000000b85c100000,0x000000b85c200000] [id=15192]
  0x00000261a47f05f0 GCTaskThread "GC Thread#3" [stack: 0x000000b85c200000,0x000000b85c300000] [id=4544]
  0x00000261861e5a40 ConcurrentGCThread "G1 Main Marker" [stack: 0x000000b85af00000,0x000000b85b000000] [id=1356]
  0x00000261861e6450 ConcurrentGCThread "G1 Conc#0" [stack: 0x000000b85b000000,0x000000b85b100000] [id=11448]
  0x00000261a40124c0 ConcurrentGCThread "G1 Refine#0" [stack: 0x000000b85b100000,0x000000b85b200000] [id=14924]
  0x00000261a4012ef0 ConcurrentGCThread "G1 Service" [stack: 0x000000b85b200000,0x000000b85b300000] [id=8780]

Threads with active compile tasks:

VM state: not at safepoint (normal execution)

VM Mutex/Monitor currently owned by a thread: None

Heap address: 0x0000000082200000, size: 2014 MB, Compressed Oops mode: 32-bit

CDS archive(s) mapped at: [0x00000261a5000000-0x00000261a5bd0000-0x00000261a5bd0000), size 12386304, SharedBaseAddress: 0x00000261a5000000, ArchiveRelocationMode: 1.
Compressed class space mapped at: 0x00000261a6000000-0x00000261e6000000, reserved size: 1073741824
Narrow klass base: 0x00000261a5000000, Narrow klass shift: 0, Narrow klass range: 0x100000000

GC Precious Log:
 CPUs: 4 total, 4 available
 Memory: 8050M
 Large Page Support: Disabled
 NUMA Support: Disabled
 Compressed Oops: Enabled (32-bit)
 Heap Region Size: 1M
 Heap Min Capacity: 8M
 Heap Initial Capacity: 126M
 Heap Max Capacity: 2014M
 Pre-touch: Disabled
 Parallel Workers: 4
 Concurrent Workers: 1
 Concurrent Refinement Workers: 4
 Periodic GC: Disabled

Heap:
 garbage-first heap   total 129024K, used 8405K [0x0000000082200000, 0x0000000100000000)
  region size 1024K, 6 young (6144K), 2 survivors (2048K)
 Metaspace       used 5398K, committed 5504K, reserved 1114112K
  class space    used 492K, committed 576K, reserved 1048576K

Heap Regions: E=young(eden), S=young(survivor), O=old, HS=humongous(starts), HC=humongous(continues), CS=collection set, F=free, OA=open archive, CA=closed archive, TAMS=top-at-mark-start (previous, next)
|   0|0x0000000082200000, 0x0000000082300000, 0x0000000082300000|100%|HS|  |TAMS 0x0000000082200000, 0x0000000082200000| Complete 
|   1|0x0000000082300000, 0x0000000082400000, 0x0000000082400000|100%|HC|  |TAMS 0x0000000082300000, 0x0000000082300000| Complete 
|   2|0x0000000082400000, 0x0000000082500000, 0x0000000082500000|100%|HC|  |TAMS 0x0000000082400000, 0x0000000082400000| Complete 
|   3|0x0000000082500000, 0x0000000082500000, 0x0000000082600000|  0%| F|  |TAMS 0x0000000082500000, 0x0000000082500000| Untracked 
|   4|0x0000000082600000, 0x0000000082635600, 0x0000000082700000| 20%| O|  |TAMS 0x0000000082600000, 0x0000000082600000| Untracked 
|   5|0x0000000082700000, 0x0000000082700000, 0x0000000082800000|  0%| F|  |TAMS 0x0000000082700000, 0x0000000082700000| Untracked 
|   6|0x0000000082800000, 0x0000000082800000, 0x0000000082900000|  0%| F|  |TAMS 0x0000000082800000, 0x0000000082800000| Untracked 
|   7|0x0000000082900000, 0x0000000082900000, 0x0000000082a00000|  0%| F|  |TAMS 0x0000000082900000, 0x0000000082900000| Untracked 
|   8|0x0000000082a00000, 0x0000000082a00000, 0x0000000082b00000|  0%| F|  |TAMS 0x0000000082a00000, 0x0000000082a00000| Untracked 
|   9|0x0000000082b00000, 0x0000000082b00000, 0x0000000082c00000|  0%| F|  |TAMS 0x0000000082b00000, 0x0000000082b00000| Untracked 
|  10|0x0000000082c00000, 0x0000000082c00000, 0x0000000082d00000|  0%| F|  |TAMS 0x0000000082c00000, 0x0000000082c00000| Untracked 
|  11|0x0000000082d00000, 0x0000000082d00000, 0x0000000082e00000|  0%| F|  |TAMS 0x0000000082d00000, 0x0000000082d00000| Untracked 
|  12|0x0000000082e00000, 0x0000000082e00000, 0x0000000082f00000|  0%| F|  |TAMS 0x0000000082e00000, 0x0000000082e00000| Untracked 
|  13|0x0000000082f00000, 0x0000000082f00000, 0x0000000083000000|  0%| F|  |TAMS 0x0000000082f00000, 0x0000000082f00000| Untracked 
|  14|0x0000000083000000, 0x0000000083000000, 0x0000000083100000|  0%| F|  |TAMS 0x0000000083000000, 0x0000000083000000| Untracked 
|  15|0x0000000083100000, 0x0000000083100000, 0x0000000083200000|  0%| F|  |TAMS 0x0000000083100000, 0x0000000083100000| Untracked 
|  16|0x0000000083200000, 0x0000000083200000, 0x0000000083300000|  0%| F|  |TAMS 0x0000000083200000, 0x0000000083200000| Untracked 
|  17|0x0000000083300000, 0x0000000083300000, 0x0000000083400000|  0%| F|  |TAMS 0x0000000083300000, 0x0000000083300000| Untracked 
|  18|0x0000000083400000, 0x0000000083400000, 0x0000000083500000|  0%| F|  |TAMS 0x0000000083400000, 0x0000000083400000| Untracked 
|  19|0x0000000083500000, 0x0000000083500000, 0x0000000083600000|  0%| F|  |TAMS 0x0000000083500000, 0x0000000083500000| Untracked 
|  20|0x0000000083600000, 0x0000000083600000, 0x0000000083700000|  0%| F|  |TAMS 0x0000000083600000, 0x0000000083600000| Untracked 
|  21|0x0000000083700000, 0x0000000083700000, 0x0000000083800000|  0%| F|  |TAMS 0x0000000083700000, 0x0000000083700000| Untracked 
|  22|0x0000000083800000, 0x0000000083800000, 0x0000000083900000|  0%| F|  |TAMS 0x0000000083800000, 0x0000000083800000| Untracked 
|  23|0x0000000083900000, 0x0000000083900000, 0x0000000083a00000|  0%| F|  |TAMS 0x0000000083900000, 0x0000000083900000| Untracked 
|  24|0x0000000083a00000, 0x0000000083a00000, 0x0000000083b00000|  0%| F|  |TAMS 0x0000000083a00000, 0x0000000083a00000| Untracked 
|  25|0x0000000083b00000, 0x0000000083b00000, 0x0000000083c00000|  0%| F|  |TAMS 0x0000000083b00000, 0x0000000083b00000| Untracked 
|  26|0x0000000083c00000, 0x0000000083c00000, 0x0000000083d00000|  0%| F|  |TAMS 0x0000000083c00000, 0x0000000083c00000| Untracked 
|  27|0x0000000083d00000, 0x0000000083d00000, 0x0000000083e00000|  0%| F|  |TAMS 0x0000000083d00000, 0x0000000083d00000| Untracked 
|  28|0x0000000083e00000, 0x0000000083e00000, 0x0000000083f00000|  0%| F|  |TAMS 0x0000000083e00000, 0x0000000083e00000| Untracked 
|  29|0x0000000083f00000, 0x0000000083f00000, 0x0000000084000000|  0%| F|  |TAMS 0x0000000083f00000, 0x0000000083f00000| Untracked 
|  30|0x0000000084000000, 0x0000000084000000, 0x0000000084100000|  0%| F|  |TAMS 0x0000000084000000, 0x0000000084000000| Untracked 
|  31|0x0000000084100000, 0x0000000084100000, 0x0000000084200000|  0%| F|  |TAMS 0x0000000084100000, 0x0000000084100000| Untracked 
|  32|0x0000000084200000, 0x0000000084200000, 0x0000000084300000|  0%| F|  |TAMS 0x0000000084200000, 0x0000000084200000| Untracked 
|  33|0x0000000084300000, 0x0000000084300000, 0x0000000084400000|  0%| F|  |TAMS 0x0000000084300000, 0x0000000084300000| Untracked 
|  34|0x0000000084400000, 0x0000000084400000, 0x0000000084500000|  0%| F|  |TAMS 0x0000000084400000, 0x0000000084400000| Untracked 
|  35|0x0000000084500000, 0x0000000084500000, 0x0000000084600000|  0%| F|  |TAMS 0x0000000084500000, 0x0000000084500000| Untracked 
|  36|0x0000000084600000, 0x0000000084600000, 0x0000000084700000|  0%| F|  |TAMS 0x0000000084600000, 0x0000000084600000| Untracked 
|  37|0x0000000084700000, 0x0000000084700000, 0x0000000084800000|  0%| F|  |TAMS 0x0000000084700000, 0x0000000084700000| Untracked 
|  38|0x0000000084800000, 0x0000000084800000, 0x0000000084900000|  0%| F|  |TAMS 0x0000000084800000, 0x0000000084800000| Untracked 
|  39|0x0000000084900000, 0x0000000084900000, 0x0000000084a00000|  0%| F|  |TAMS 0x0000000084900000, 0x0000000084900000| Untracked 
|  40|0x0000000084a00000, 0x0000000084a00000, 0x0000000084b00000|  0%| F|  |TAMS 0x0000000084a00000, 0x0000000084a00000| Untracked 
|  41|0x0000000084b00000, 0x0000000084b00000, 0x0000000084c00000|  0%| F|  |TAMS 0x0000000084b00000, 0x0000000084b00000| Untracked 
|  42|0x0000000084c00000, 0x0000000084c00000, 0x0000000084d00000|  0%| F|  |TAMS 0x0000000084c00000, 0x0000000084c00000| Untracked 
|  43|0x0000000084d00000, 0x0000000084d00000, 0x0000000084e00000|  0%| F|  |TAMS 0x0000000084d00000, 0x0000000084d00000| Untracked 
|  44|0x0000000084e00000, 0x0000000084e00000, 0x0000000084f00000|  0%| F|  |TAMS 0x0000000084e00000, 0x0000000084e00000| Untracked 
|  45|0x0000000084f00000, 0x0000000084f00000, 0x0000000085000000|  0%| F|  |TAMS 0x0000000084f00000, 0x0000000084f00000| Untracked 
|  46|0x0000000085000000, 0x0000000085000000, 0x0000000085100000|  0%| F|  |TAMS 0x0000000085000000, 0x0000000085000000| Untracked 
|  47|0x0000000085100000, 0x0000000085100000, 0x0000000085200000|  0%| F|  |TAMS 0x0000000085100000, 0x0000000085100000| Untracked 
|  48|0x0000000085200000, 0x0000000085200000, 0x0000000085300000|  0%| F|  |TAMS 0x0000000085200000, 0x0000000085200000| Untracked 
|  49|0x0000000085300000, 0x0000000085300000, 0x0000000085400000|  0%| F|  |TAMS 0x0000000085300000, 0x0000000085300000| Untracked 
|  50|0x0000000085400000, 0x0000000085400000, 0x0000000085500000|  0%| F|  |TAMS 0x0000000085400000, 0x0000000085400000| Untracked 
|  51|0x0000000085500000, 0x0000000085500000, 0x0000000085600000|  0%| F|  |TAMS 0x0000000085500000, 0x0000000085500000| Untracked 
|  52|0x0000000085600000, 0x0000000085600000, 0x0000000085700000|  0%| F|  |TAMS 0x0000000085600000, 0x0000000085600000| Untracked 
|  53|0x0000000085700000, 0x0000000085700000, 0x0000000085800000|  0%| F|  |TAMS 0x0000000085700000, 0x0000000085700000| Untracked 
|  54|0x0000000085800000, 0x0000000085800000, 0x0000000085900000|  0%| F|  |TAMS 0x0000000085800000, 0x0000000085800000| Untracked 
|  55|0x0000000085900000, 0x0000000085900000, 0x0000000085a00000|  0%| F|  |TAMS 0x0000000085900000, 0x0000000085900000| Untracked 
|  56|0x0000000085a00000, 0x0000000085a00000, 0x0000000085b00000|  0%| F|  |TAMS 0x0000000085a00000, 0x0000000085a00000| Untracked 
|  57|0x0000000085b00000, 0x0000000085b00000, 0x0000000085c00000|  0%| F|  |TAMS 0x0000000085b00000, 0x0000000085b00000| Untracked 
|  58|0x0000000085c00000, 0x0000000085c00000, 0x0000000085d00000|  0%| F|  |TAMS 0x0000000085c00000, 0x0000000085c00000| Untracked 
|  59|0x0000000085d00000, 0x0000000085d00000, 0x0000000085e00000|  0%| F|  |TAMS 0x0000000085d00000, 0x0000000085d00000| Untracked 
|  60|0x0000000085e00000, 0x0000000085e00000, 0x0000000085f00000|  0%| F|  |TAMS 0x0000000085e00000, 0x0000000085e00000| Untracked 
|  61|0x0000000085f00000, 0x0000000085f00000, 0x0000000086000000|  0%| F|  |TAMS 0x0000000085f00000, 0x0000000085f00000| Untracked 
|  62|0x0000000086000000, 0x0000000086000000, 0x0000000086100000|  0%| F|  |TAMS 0x0000000086000000, 0x0000000086000000| Untracked 
|  63|0x0000000086100000, 0x0000000086100000, 0x0000000086200000|  0%| F|  |TAMS 0x0000000086100000, 0x0000000086100000| Untracked 
|  64|0x0000000086200000, 0x0000000086200000, 0x0000000086300000|  0%| F|  |TAMS 0x0000000086200000, 0x0000000086200000| Untracked 
|  65|0x0000000086300000, 0x0000000086300000, 0x0000000086400000|  0%| F|  |TAMS 0x0000000086300000, 0x0000000086300000| Untracked 
|  66|0x0000000086400000, 0x0000000086400000, 0x0000000086500000|  0%| F|  |TAMS 0x0000000086400000, 0x0000000086400000| Untracked 
|  67|0x0000000086500000, 0x0000000086500000, 0x0000000086600000|  0%| F|  |TAMS 0x0000000086500000, 0x0000000086500000| Untracked 
|  68|0x0000000086600000, 0x0000000086600000, 0x0000000086700000|  0%| F|  |TAMS 0x0000000086600000, 0x0000000086600000| Untracked 
|  69|0x0000000086700000, 0x0000000086700000, 0x0000000086800000|  0%| F|  |TAMS 0x0000000086700000, 0x0000000086700000| Untracked 
|  70|0x0000000086800000, 0x0000000086800000, 0x0000000086900000|  0%| F|  |TAMS 0x0000000086800000, 0x0000000086800000| Untracked 
|  71|0x0000000086900000, 0x0000000086900000, 0x0000000086a00000|  0%| F|  |TAMS 0x0000000086900000, 0x0000000086900000| Untracked 
|  72|0x0000000086a00000, 0x0000000086a00000, 0x0000000086b00000|  0%| F|  |TAMS 0x0000000086a00000, 0x0000000086a00000| Untracked 
|  73|0x0000000086b00000, 0x0000000086b00000, 0x0000000086c00000|  0%| F|  |TAMS 0x0000000086b00000, 0x0000000086b00000| Untracked 
|  74|0x0000000086c00000, 0x0000000086c00000, 0x0000000086d00000|  0%| F|  |TAMS 0x0000000086c00000, 0x0000000086c00000| Untracked 
|  75|0x0000000086d00000, 0x0000000086d00000, 0x0000000086e00000|  0%| F|  |TAMS 0x0000000086d00000, 0x0000000086d00000| Untracked 
|  76|0x0000000086e00000, 0x0000000086e00000, 0x0000000086f00000|  0%| F|  |TAMS 0x0000000086e00000, 0x0000000086e00000| Untracked 
|  77|0x0000000086f00000, 0x0000000086f00000, 0x0000000087000000|  0%| F|  |TAMS 0x0000000086f00000, 0x0000000086f00000| Untracked 
|  78|0x0000000087000000, 0x0000000087000000, 0x0000000087100000|  0%| F|  |TAMS 0x0000000087000000, 0x0000000087000000| Untracked 
|  79|0x0000000087100000, 0x0000000087100000, 0x0000000087200000|  0%| F|  |TAMS 0x0000000087100000, 0x0000000087100000| Untracked 
|  80|0x0000000087200000, 0x0000000087200000, 0x0000000087300000|  0%| F|  |TAMS 0x0000000087200000, 0x0000000087200000| Untracked 
|  81|0x0000000087300000, 0x0000000087300000, 0x0000000087400000|  0%| F|  |TAMS 0x0000000087300000, 0x0000000087300000| Untracked 
|  82|0x0000000087400000, 0x0000000087400000, 0x0000000087500000|  0%| F|  |TAMS 0x0000000087400000, 0x0000000087400000| Untracked 
|  83|0x0000000087500000, 0x0000000087500000, 0x0000000087600000|  0%| F|  |TAMS 0x0000000087500000, 0x0000000087500000| Untracked 
|  84|0x0000000087600000, 0x0000000087600000, 0x0000000087700000|  0%| F|  |TAMS 0x0000000087600000, 0x0000000087600000| Untracked 
|  85|0x0000000087700000, 0x0000000087700000, 0x0000000087800000|  0%| F|  |TAMS 0x0000000087700000, 0x0000000087700000| Untracked 
|  86|0x0000000087800000, 0x0000000087800000, 0x0000000087900000|  0%| F|  |TAMS 0x0000000087800000, 0x0000000087800000| Untracked 
|  87|0x0000000087900000, 0x0000000087900000, 0x0000000087a00000|  0%| F|  |TAMS 0x0000000087900000, 0x0000000087900000| Untracked 
|  88|0x0000000087a00000, 0x0000000087a00000, 0x0000000087b00000|  0%| F|  |TAMS 0x0000000087a00000, 0x0000000087a00000| Untracked 
|  89|0x0000000087b00000, 0x0000000087b00000, 0x0000000087c00000|  0%| F|  |TAMS 0x0000000087b00000, 0x0000000087b00000| Untracked 
|  90|0x0000000087c00000, 0x0000000087c00000, 0x0000000087d00000|  0%| F|  |TAMS 0x0000000087c00000, 0x0000000087c00000| Untracked 
|  91|0x0000000087d00000, 0x0000000087d00000, 0x0000000087e00000|  0%| F|  |TAMS 0x0000000087d00000, 0x0000000087d00000| Untracked 
|  92|0x0000000087e00000, 0x0000000087e00000, 0x0000000087f00000|  0%| F|  |TAMS 0x0000000087e00000, 0x0000000087e00000| Untracked 
|  93|0x0000000087f00000, 0x0000000087f00000, 0x0000000088000000|  0%| F|  |TAMS 0x0000000087f00000, 0x0000000087f00000| Untracked 
|  94|0x0000000088000000, 0x0000000088000000, 0x0000000088100000|  0%| F|  |TAMS 0x0000000088000000, 0x0000000088000000| Untracked 
|  95|0x0000000088100000, 0x0000000088100000, 0x0000000088200000|  0%| F|  |TAMS 0x0000000088100000, 0x0000000088100000| Untracked 
|  96|0x0000000088200000, 0x0000000088200000, 0x0000000088300000|  0%| F|  |TAMS 0x0000000088200000, 0x0000000088200000| Untracked 
|  97|0x0000000088300000, 0x0000000088300000, 0x0000000088400000|  0%| F|  |TAMS 0x0000000088300000, 0x0000000088300000| Untracked 
|  98|0x0000000088400000, 0x0000000088400000, 0x0000000088500000|  0%| F|  |TAMS 0x0000000088400000, 0x0000000088400000| Untracked 
|  99|0x0000000088500000, 0x0000000088500000, 0x0000000088600000|  0%| F|  |TAMS 0x0000000088500000, 0x0000000088500000| Untracked 
| 100|0x0000000088600000, 0x0000000088600000, 0x0000000088700000|  0%| F|  |TAMS 0x0000000088600000, 0x0000000088600000| Untracked 
| 101|0x0000000088700000, 0x0000000088700000, 0x0000000088800000|  0%| F|  |TAMS 0x0000000088700000, 0x0000000088700000| Untracked 
| 102|0x0000000088800000, 0x0000000088800000, 0x0000000088900000|  0%| F|  |TAMS 0x0000000088800000, 0x0000000088800000| Untracked 
| 103|0x0000000088900000, 0x0000000088900000, 0x0000000088a00000|  0%| F|  |TAMS 0x0000000088900000, 0x0000000088900000| Untracked 
| 104|0x0000000088a00000, 0x0000000088a00000, 0x0000000088b00000|  0%| F|  |TAMS 0x0000000088a00000, 0x0000000088a00000| Untracked 
| 105|0x0000000088b00000, 0x0000000088b00000, 0x0000000088c00000|  0%| F|  |TAMS 0x0000000088b00000, 0x0000000088b00000| Untracked 
| 106|0x0000000088c00000, 0x0000000088c00000, 0x0000000088d00000|  0%| F|  |TAMS 0x0000000088c00000, 0x0000000088c00000| Untracked 
| 107|0x0000000088d00000, 0x0000000088d00000, 0x0000000088e00000|  0%| F|  |TAMS 0x0000000088d00000, 0x0000000088d00000| Untracked 
| 108|0x0000000088e00000, 0x0000000088e00000, 0x0000000088f00000|  0%| F|  |TAMS 0x0000000088e00000, 0x0000000088e00000| Untracked 
| 109|0x0000000088f00000, 0x0000000088f00000, 0x0000000089000000|  0%| F|  |TAMS 0x0000000088f00000, 0x0000000088f00000| Untracked 
| 110|0x0000000089000000, 0x0000000089000000, 0x0000000089100000|  0%| F|  |TAMS 0x0000000089000000, 0x0000000089000000| Untracked 
| 111|0x0000000089100000, 0x0000000089200000, 0x0000000089200000|100%| S|CS|TAMS 0x0000000089100000, 0x0000000089100000| Complete 
| 112|0x0000000089200000, 0x0000000089300000, 0x0000000089300000|100%| S|CS|TAMS 0x0000000089200000, 0x0000000089200000| Complete 
| 113|0x0000000089300000, 0x0000000089300000, 0x0000000089400000|  0%| F|  |TAMS 0x0000000089300000, 0x0000000089300000| Untracked 
| 114|0x0000000089400000, 0x0000000089400000, 0x0000000089500000|  0%| F|  |TAMS 0x0000000089400000, 0x0000000089400000| Untracked 
| 115|0x0000000089500000, 0x0000000089500000, 0x0000000089600000|  0%| F|  |TAMS 0x0000000089500000, 0x0000000089500000| Untracked 
| 116|0x0000000089600000, 0x0000000089600000, 0x0000000089700000|  0%| F|  |TAMS 0x0000000089600000, 0x0000000089600000| Untracked 
| 117|0x0000000089700000, 0x0000000089700000, 0x0000000089800000|  0%| F|  |TAMS 0x0000000089700000, 0x0000000089700000| Untracked 
| 118|0x0000000089800000, 0x0000000089800000, 0x0000000089900000|  0%| F|  |TAMS 0x0000000089800000, 0x0000000089800000| Untracked 
| 119|0x0000000089900000, 0x0000000089900000, 0x0000000089a00000|  0%| F|  |TAMS 0x0000000089900000, 0x0000000089900000| Untracked 
| 120|0x0000000089a00000, 0x0000000089a00000, 0x0000000089b00000|  0%| F|  |TAMS 0x0000000089a00000, 0x0000000089a00000| Untracked 
| 121|0x0000000089b00000, 0x0000000089b00000, 0x0000000089c00000|  0%| F|  |TAMS 0x0000000089b00000, 0x0000000089b00000| Untracked 
| 122|0x0000000089c00000, 0x0000000089cfa6f8, 0x0000000089d00000| 97%| E|  |TAMS 0x0000000089c00000, 0x0000000089c00000| Complete 
| 123|0x0000000089d00000, 0x0000000089e00000, 0x0000000089e00000|100%| E|CS|TAMS 0x0000000089d00000, 0x0000000089d00000| Complete 
| 124|0x0000000089e00000, 0x0000000089f00000, 0x0000000089f00000|100%| E|CS|TAMS 0x0000000089e00000, 0x0000000089e00000| Complete 
| 125|0x0000000089f00000, 0x000000008a000000, 0x000000008a000000|100%| E|CS|TAMS 0x0000000089f00000, 0x0000000089f00000| Complete 

Card table byte_map: [0x000002619d460000,0x000002619d850000] _byte_map_base: 0x000002619d04f000

Marking Bits (Prev, Next): (CMBitMap*) 0x00000261861d5550, (CMBitMap*) 0x00000261861d5590
 Prev Bits: [0x000002619dc40000, 0x000002619fbb8000)
 Next Bits: [0x000002619fbc0000, 0x00000261a1b38000)

Polling page: 0x0000026184950000

Metaspace:

Usage:
  Non-class:      4.79 MB used.
      Class:    492.55 KB used.
       Both:      5.27 MB used.

Virtual space:
  Non-class space:       64.00 MB reserved,       4.81 MB (  8%) committed,  1 nodes.
      Class space:        1.00 GB reserved,     576.00 KB ( <1%) committed,  1 nodes.
             Both:        1.06 GB reserved,       5.38 MB ( <1%) committed. 

Chunk freelists:
   Non-Class:  8.38 MB
       Class:  15.36 MB
        Both:  23.73 MB

MaxMetaspaceSize: unlimited
CompressedClassSpaceSize: 1.00 GB
Initial GC threshold: 21.00 MB
Current GC threshold: 21.00 MB
CDS: on
MetaspaceReclaimPolicy: balanced
 - commit_granule_bytes: 65536.
 - commit_granule_words: 8192.
 - virtual_space_node_default_size: 8388608.
 - enlarge_chunks_in_place: 1.
 - new_chunks_are_fully_committed: 0.
 - uncommit_free_chunks: 1.
 - use_allocation_guard: 0.
 - handle_deallocations: 1.


Internal statistics:

num_allocs_failed_limit: 0.
num_arena_births: 18.
num_arena_deaths: 0.
num_vsnodes_births: 2.
num_vsnodes_deaths: 0.
num_space_committed: 86.
num_space_uncommitted: 0.
num_chunks_returned_to_freelist: 0.
num_chunks_taken_from_freelist: 181.
num_chunk_merges: 0.
num_chunk_splits: 138.
num_chunks_enlarged: 126.
num_inconsistent_stats: 0.

CodeHeap 'non-profiled nmethods': size=120000Kb used=176Kb max_used=176Kb free=119824Kb
 bounds [0x0000026195520000, 0x0000026195790000, 0x000002619ca50000]
CodeHeap 'profiled nmethods': size=120000Kb used=1146Kb max_used=1146Kb free=118853Kb
 bounds [0x000002618da50000, 0x000002618dcc0000, 0x0000026194f80000]
CodeHeap 'non-nmethods': size=5760Kb used=1144Kb max_used=1157Kb free=4616Kb
 bounds [0x0000026194f80000, 0x00000261951f0000, 0x0000026195520000]
 total_blobs=1076 nmethods=645 adapters=344
 compilation: enabled
              stopped_count=0, restarted_count=0
 full_count=0

Compilation events (20 events):
Event: 3.198 Thread 0x00000261a4174bf0  637       3       java.lang.Class::getReflectionFactory (26 bytes)
Event: 3.199 Thread 0x00000261a4174bf0 nmethod 637 0x000002618db64e90 code [0x000002618db650c0, 0x000002618db65958]
Event: 3.239 Thread 0x00000261a4174bf0  638       3       sun.reflect.annotation.AnnotationParser::parseMemberValue (230 bytes)
Event: 3.242 Thread 0x00000261a4174bf0 nmethod 638 0x000002618db65c90 code [0x000002618db661a0, 0x000002618db68868]
Event: 3.250 Thread 0x00000261a4174bf0  639       3       java.lang.invoke.MethodType$ConcurrentWeakInternSet::get (47 bytes)
Event: 3.250 Thread 0x00000261a4174bf0 nmethod 639 0x000002618db69510 code [0x000002618db69740, 0x000002618db6a0d8]
Event: 3.252 Thread 0x00000261a4174bf0  640       3       java.lang.invoke.MemberName::getReferenceKind (12 bytes)
Event: 3.252 Thread 0x00000261a4174bf0 nmethod 640 0x000002618db6a410 code [0x000002618db6a5a0, 0x000002618db6a6b8]
Event: 3.252 Thread 0x00000261a4174bf0  642       3       java.lang.invoke.LambdaForm::argument (27 bytes)
Event: 3.253 Thread 0x00000261a4174bf0 nmethod 642 0x000002618db6a790 code [0x000002618db6a940, 0x000002618db6aba8]
Event: 3.262 Thread 0x00000261a4174bf0  644       3       jdk.internal.org.objectweb.asm.MethodWriter::visitMethodInsn (191 bytes)
Event: 3.263 Thread 0x00000261a4174bf0 nmethod 644 0x000002618db6ad10 code [0x000002618db6af40, 0x000002618db6b6e8]
Event: 3.263 Thread 0x00000261a4174bf0  645       3       jdk.internal.org.objectweb.asm.SymbolTable::addConstantMethodref (24 bytes)
Event: 3.263 Thread 0x00000261a4174bf0 nmethod 645 0x000002618db6ba10 code [0x000002618db6bbc0, 0x000002618db6bd68]
Event: 3.264 Thread 0x00000261a4174140  646       4       jdk.internal.org.objectweb.asm.ByteVector::putUTF8 (144 bytes)
Event: 3.266 Thread 0x00000261a4174bf0  647   !   3       java.lang.invoke.MemberName::getMethodType (211 bytes)
Event: 3.267 Thread 0x00000261a4174bf0 nmethod 647 0x000002618db6be10 code [0x000002618db6c100, 0x000002618db6d6d8]
Event: 3.271 Thread 0x00000261a4174140 nmethod 646 0x000002619554b810 code [0x000002619554b9c0, 0x000002619554bd58]
Event: 3.274 Thread 0x00000261a4174bf0  648       3       java.util.ArrayList::<init> (61 bytes)
Event: 3.275 Thread 0x00000261a4174bf0 nmethod 648 0x000002618db6dc90 code [0x000002618db6df00, 0x000002618db6e898]

GC Heap History (2 events):
Event: 2.627 GC heap before
{Heap before GC invocations=0 (full 0):
 garbage-first heap   total 129024K, used 16384K [0x0000000082200000, 0x0000000100000000)
  region size 1024K, 13 young (13312K), 0 survivors (0K)
 Metaspace       used 4336K, committed 4544K, reserved 1114112K
  class space    used 351K, committed 448K, reserved 1048576K
}
Event: 2.849 GC heap after
{Heap after GC invocations=1 (full 0):
 garbage-first heap   total 129024K, used 5333K [0x0000000082200000, 0x0000000100000000)
  region size 1024K, 2 young (2048K), 2 survivors (2048K)
 Metaspace       used 4336K, committed 4544K, reserved 1114112K
  class space    used 351K, committed 448K, reserved 1048576K
}

Deoptimization events (20 events):
Event: 0.528 Thread 0x0000026186179410 DEOPT PACKING pc=0x000002618da6ed7c sp=0x000000b85adfd990
Event: 0.529 Thread 0x0000026186179410 DEOPT UNPACKING pc=0x0000026194fd2b43 sp=0x000000b85adfce20 mode 0
Event: 0.529 Thread 0x0000026186179410 DEOPT PACKING pc=0x000002618da6ed7c sp=0x000000b85adfd990
Event: 0.590 Thread 0x0000026186179410 DEOPT UNPACKING pc=0x0000026194fd2b43 sp=0x000000b85adfce20 mode 0
Event: 1.225 Thread 0x0000026186179410 Uncommon trap: trap_request=0xffffff45 fr.pc=0x000002619552572c relative=0x00000000000006cc
Event: 1.225 Thread 0x0000026186179410 Uncommon trap: reason=unstable_if action=reinterpret pc=0x000002619552572c method=java.util.zip.ZipFile$Source.checkAndAddEntry(II)I @ 50 c2
Event: 1.225 Thread 0x0000026186179410 DEOPT PACKING pc=0x000002619552572c sp=0x000000b85adfe5b0
Event: 1.225 Thread 0x0000026186179410 DEOPT UNPACKING pc=0x0000026194fd23a3 sp=0x000000b85adfe520 mode 2
Event: 1.718 Thread 0x0000026186179410 DEOPT PACKING pc=0x000002618da673e7 sp=0x000000b85adee1d0
Event: 1.718 Thread 0x0000026186179410 DEOPT UNPACKING pc=0x0000026194fd2b43 sp=0x000000b85aded5f0 mode 0
Event: 1.772 Thread 0x0000026186179410 DEOPT PACKING pc=0x000002618da65a51 sp=0x000000b85adfe280
Event: 1.772 Thread 0x0000026186179410 DEOPT UNPACKING pc=0x0000026194fd2b43 sp=0x000000b85adfd6f8 mode 0
Event: 2.547 Thread 0x0000026186179410 Uncommon trap: trap_request=0xffffff6e fr.pc=0x000002619552e488 relative=0x0000000000000188
Event: 2.547 Thread 0x0000026186179410 Uncommon trap: reason=loop_limit_check action=maybe_recompile pc=0x000002619552e488 method=java.lang.StringLatin1.lastIndexOf([BII)I @ 19 c2
Event: 2.547 Thread 0x0000026186179410 DEOPT PACKING pc=0x000002619552e488 sp=0x000000b85adfd540
Event: 2.547 Thread 0x0000026186179410 DEOPT UNPACKING pc=0x0000026194fd23a3 sp=0x000000b85adfd4c0 mode 2
Event: 3.153 Thread 0x0000026186179410 Uncommon trap: trap_request=0xffffff45 fr.pc=0x000002619553d8b0 relative=0x0000000000000090
Event: 3.153 Thread 0x0000026186179410 Uncommon trap: reason=unstable_if action=reinterpret pc=0x000002619553d8b0 method=sun.reflect.generics.parser.SignatureParser.current()C @ 39 c2
Event: 3.153 Thread 0x0000026186179410 DEOPT PACKING pc=0x000002619553d8b0 sp=0x000000b85adfd130
Event: 3.153 Thread 0x0000026186179410 DEOPT UNPACKING pc=0x0000026194fd23a3 sp=0x000000b85adfd0c8 mode 2

Classes unloaded (0 events):
No events

Classes redefined (0 events):
No events

Internal exceptions (4 events):
Event: 2.620 Thread 0x0000026186179410 Exception <a 'java/lang/NoSuchMethodError'{0x00000000893c6c38}: 'java.lang.Object java.lang.invoke.DirectMethodHandle$Holder.newInvokeSpecial(java.lang.Object, java.lang.Object, java.lang.Object, java.lang.Object, java.lang.Object)'> (0x00000000893c6c38) 
thrown [s\open\src\hotspot\share\interpreter\linkResolver.cpp, line 759]
Event: 3.149 Thread 0x0000026186179410 Exception <a 'java/lang/NoSuchMethodError'{0x0000000089d882d8}: 'java.lang.Object java.lang.invoke.DirectMethodHandle$Holder.invokeStaticInit(java.lang.Object)'> (0x0000000089d882d8) 
thrown [s\open\src\hotspot\share\interpreter\linkResolver.cpp, line 759]
Event: 3.251 Thread 0x0000026186179410 Exception <a 'java/lang/NoSuchMethodError'{0x0000000089c29780}: 'java.lang.Object java.lang.invoke.DirectMethodHandle$Holder.invokeStaticInit(java.lang.Object, java.lang.Object, java.lang.Object, java.lang.Object)'> (0x0000000089c29780) 
thrown [s\open\src\hotspot\share\interpreter\linkResolver.cpp, line 759]
Event: 3.253 Thread 0x0000026186179410 Exception <a 'java/lang/NoSuchMethodError'{0x0000000089c34f30}: 'java.lang.Object java.lang.invoke.DirectMethodHandle$Holder.invokeStaticInit(java.lang.Object, int, java.lang.Object, java.lang.Object, java.lang.Object)'> (0x0000000089c34f30) 
thrown [s\open\src\hotspot\share\interpreter\linkResolver.cpp, line 759]

VM Operations (10 events):
Event: 0.874 Executing VM operation: HandshakeAllThreads
Event: 0.874 Executing VM operation: HandshakeAllThreads done
Event: 1.876 Executing VM operation: Cleanup
Event: 1.906 Executing VM operation: Cleanup done
Event: 2.546 Executing VM operation: HandshakeAllThreads
Event: 2.546 Executing VM operation: HandshakeAllThreads done
Event: 2.627 Executing VM operation: G1CollectForAllocation
Event: 2.850 Executing VM operation: G1CollectForAllocation done
Event: 3.146 Executing VM operation: HandshakeAllThreads
Event: 3.146 Executing VM operation: HandshakeAllThreads done

Events (20 events):
Event: 3.153 loading class sun/reflect/generics/tree/FormalTypeParameter
Event: 3.153 loading class sun/reflect/generics/tree/FormalTypeParameter done
Event: 3.153 loading class sun/reflect/generics/tree/ClassSignature
Event: 3.153 loading class sun/reflect/generics/tree/Signature
Event: 3.153 loading class sun/reflect/generics/tree/Signature done
Event: 3.153 loading class sun/reflect/generics/tree/ClassSignature done
Event: 3.158 loading class sun/reflect/generics/reflectiveObjects/ParameterizedTypeImpl
Event: 3.158 loading class java/lang/reflect/ParameterizedType
Event: 3.158 loading class java/lang/reflect/ParameterizedType done
Event: 3.158 loading class sun/reflect/generics/reflectiveObjects/ParameterizedTypeImpl done
Event: 3.158 loading class sun/reflect/generics/tree/TypeVariableSignature
Event: 3.158 loading class sun/reflect/generics/tree/TypeVariableSignature done
Event: 3.158 loading class java/lang/reflect/TypeVariable
Event: 3.158 loading class java/lang/reflect/TypeVariable done
Event: 3.159 loading class sun/reflect/generics/reflectiveObjects/TypeVariableImpl
Event: 3.161 loading class sun/reflect/generics/reflectiveObjects/LazyReflectiveObjectGenerator
Event: 3.161 loading class sun/reflect/generics/reflectiveObjects/LazyReflectiveObjectGenerator done
Event: 3.162 loading class sun/reflect/generics/reflectiveObjects/TypeVariableImpl done
Event: 3.242 loading class java/lang/Class$AnnotationData
Event: 3.245 loading class java/lang/Class$AnnotationData done


Dynamic libraries:
0x00007ff718c70000 - 0x00007ff718c80000 	C:\Program Files\Java\jdk-17\bin\java.exe
0x00007ffe28f10000 - 0x00007ffe29108000 	C:\Windows\SYSTEM32\ntdll.dll
0x00007ffe28d50000 - 0x00007ffe28e12000 	C:\Windows\System32\KERNEL32.DLL
0x00007ffe265b0000 - 0x00007ffe268af000 	C:\Windows\System32\KERNELBASE.dll
0x00007ffe26e30000 - 0x00007ffe26f30000 	C:\Windows\System32\ucrtbase.dll
0x00007ffdda820000 - 0x00007ffdda839000 	C:\Program Files\Java\jdk-17\bin\jli.dll
0x00007ffe27690000 - 0x00007ffe2773f000 	C:\Windows\System32\ADVAPI32.dll
0x00007ffe28750000 - 0x00007ffe287ee000 	C:\Windows\System32\msvcrt.dll
0x00007ffe27940000 - 0x00007ffe279df000 	C:\Windows\System32\sechost.dll
0x00007ffe272d0000 - 0x00007ffe273f3000 	C:\Windows\System32\RPCRT4.dll
0x00007ffe26900000 - 0x00007ffe26927000 	C:\Windows\System32\bcrypt.dll
0x00007ffe27740000 - 0x00007ffe278dd000 	C:\Windows\System32\USER32.dll
0x00007ffe26c40000 - 0x00007ffe26c62000 	C:\Windows\System32\win32u.dll
0x00007ffe28640000 - 0x00007ffe2866b000 	C:\Windows\System32\GDI32.dll
0x00007ffe26d10000 - 0x00007ffe26e2a000 	C:\Windows\System32\gdi32full.dll
0x00007ffe26c70000 - 0x00007ffe26d0d000 	C:\Windows\System32\msvcp_win.dll
0x00007ffde4fb0000 - 0x00007ffde4fcb000 	C:\Program Files\Java\jdk-17\bin\VCRUNTIME140.dll
0x00007ffe26110000 - 0x00007ffe2611a000 	C:\Windows\SYSTEM32\VERSION.dll
0x00007ffe13ec0000 - 0x00007ffe1415a000 	C:\Windows\WinSxS\amd64_microsoft.windows.common-controls_6595b64144ccf1df_6.0.19041.4355_none_60b8b9eb71f62e16\COMCTL32.dll
0x00007ffe27490000 - 0x00007ffe274bf000 	C:\Windows\System32\IMM32.DLL
0x00000000605b0000 - 0x00000000605bc000 	C:\Program Files (x86)\360\Total Security\safemon\SafeWrapper.dll
0x00007ffdc03e0000 - 0x00007ffdc048c000 	C:\Program Files (x86)\360\Total Security\safemon\libzdtp64.dll
0x00007ffe27da0000 - 0x00007ffe2850d000 	C:\Windows\System32\SHELL32.dll
0x00007ffe286f0000 - 0x00007ffe28745000 	C:\Windows\System32\SHLWAPI.dll
0x00007ffe1c190000 - 0x00007ffe1c19c000 	C:\Program Files\Java\jdk-17\bin\vcruntime140_1.dll
0x00007ffdbf6b0000 - 0x00007ffdbf73e000 	C:\Program Files\Java\jdk-17\bin\msvcp140.dll
0x00007ffdb8c70000 - 0x00007ffdb9850000 	C:\Program Files\Java\jdk-17\bin\server\jvm.dll
0x00007ffe27140000 - 0x00007ffe27148000 	C:\Windows\System32\PSAPI.DLL
0x00007ffe1f570000 - 0x00007ffe1f579000 	C:\Windows\SYSTEM32\WSOCK32.dll
0x00007ffe285d0000 - 0x00007ffe2863b000 	C:\Windows\System32\WS2_32.dll
0x00007ffe136c0000 - 0x00007ffe136e7000 	C:\Windows\SYSTEM32\WINMM.dll
0x00007ffe24d60000 - 0x00007ffe24d72000 	C:\Windows\SYSTEM32\kernel.appcore.dll
0x00007ffe14e10000 - 0x00007ffe14e1a000 	C:\Program Files\Java\jdk-17\bin\jimage.dll
0x00007ffe21a30000 - 0x00007ffe21c14000 	C:\Windows\SYSTEM32\DBGHELP.DLL
0x00007ffe067a0000 - 0x00007ffe067d4000 	C:\Windows\SYSTEM32\dbgcore.DLL
0x00007ffe26a50000 - 0x00007ffe26ad2000 	C:\Windows\System32\bcryptPrimitives.dll
0x00007ffddef00000 - 0x00007ffddef25000 	C:\Program Files\Java\jdk-17\bin\java.dll
0x00007ffdb8b90000 - 0x00007ffdb8c67000 	C:\Program Files\Java\jdk-17\bin\jsvml.dll
0x00007ffe211b0000 - 0x00007ffe21954000 	C:\Windows\SYSTEM32\windows.storage.dll
0x00007ffe27a40000 - 0x00007ffe27d95000 	C:\Windows\System32\combase.dll
0x00007ffe25f70000 - 0x00007ffe25f9f000 	C:\Windows\SYSTEM32\Wldp.dll
0x00007ffe27070000 - 0x00007ffe2713d000 	C:\Windows\System32\OLEAUT32.dll
0x00007ffe28e20000 - 0x00007ffe28ecd000 	C:\Windows\System32\SHCORE.dll
0x00007ffe264e0000 - 0x00007ffe26504000 	C:\Windows\SYSTEM32\profapi.dll
0x00007ffde4f90000 - 0x00007ffde4fa9000 	C:\Program Files\Java\jdk-17\bin\net.dll
0x00007ffe19210000 - 0x00007ffe1931a000 	C:\Windows\SYSTEM32\WINHTTP.dll
0x00007ffe25cd0000 - 0x00007ffe25d3c000 	C:\Windows\system32\mswsock.dll
0x00007ffde1540000 - 0x00007ffde1556000 	C:\Program Files\Java\jdk-17\bin\nio.dll
0x00007ffddbf00000 - 0x00007ffddbf18000 	C:\Program Files\Java\jdk-17\bin\zip.dll

dbghelp: loaded successfully - version: 4.0.5 - missing functions: none
symbol engine: initialized successfully - sym options: 0x614 - pdb path: .;C:\Program Files\Java\jdk-17\bin;C:\Windows\SYSTEM32;C:\Windows\WinSxS\amd64_microsoft.windows.common-controls_6595b64144ccf1df_6.0.19041.4355_none_60b8b9eb71f62e16;C:\Program Files (x86)\360\Total Security\safemon;C:\Program Files\Java\jdk-17\bin\server

VM Arguments:
java_command: org.jetbrains.kotlin.cli.jvm.K2JVMCompiler @E:\khaled_rct_store\RCT-Mobile\build\google_api_headers\20250311_576500298087222131.compiler.options
java_class_path (initial): C:\Users\Al-Mahdi\.gradle\caches\modules-2\files-2.1\org.jetbrains.kotlin\kotlin-compiler-embeddable\2.0.20-RC2\d8996f3ebdee41694b23f99a91767d42b0a45896\kotlin-compiler-embeddable-2.0.20-RC2.jar;C:\Users\Al-Mahdi\.gradle\caches\modules-2\files-2.1\org.jetbrains.kotlin\kotlin-stdlib\2.0.20-RC2\335ad678a59a3f0b70ebfdf70ed8c46e69b296da\kotlin-stdlib-2.0.20-RC2.jar;C:\Users\Al-Mahdi\.gradle\caches\modules-2\files-2.1\org.jetbrains.kotlin\kotlin-script-runtime\2.0.20-RC2\d1d17dfb4a6633f821de86acfee69aa5a67f4f6b\kotlin-script-runtime-2.0.20-RC2.jar;C:\Users\Al-Mahdi\.gradle\caches\modules-2\files-2.1\org.jetbrains.kotlin\kotlin-reflect\1.6.10\1cbe9c92c12a94eea200d23c2bbaedaf3daf5132\kotlin-reflect-1.6.10.jar;C:\Users\Al-Mahdi\.gradle\caches\modules-2\files-2.1\org.jetbrains.kotlin\kotlin-daemon-embeddable\2.0.20-RC2\fe353cae3406091c29411e5884b8a9e9e31f613c\kotlin-daemon-embeddable-2.0.20-RC2.jar;C:\Users\Al-Mahdi\.gradle\caches\modules-2\files-2.1\org.jetbrains.intellij.deps\trove4j\1.0.20200330\3afb14d5f9ceb459d724e907a21145e8ff394f02\trove4j-1.0.20200330.jar;C:\Users\Al-Mahdi\.gradle\caches\modules-2\files-2.1\org.jetbrains.kotlinx\kotlinx-coroutines-core-jvm\1.6.4\2c997cd1c0ef33f3e751d3831929aeff1390cb30\kotlinx-coroutines-core-jvm-1.6.4.jar;C:\Users\Al-Mahdi\.gradle\caches\modules-2\files-2.1\org.jetbrains\annotations\13.0\919f0dfe192fb4e063e7dacadee7f8bb9a2672a9\annotations-13.0.jar
Launcher Type: SUN_STANDARD

[Global flags]
     intx CICompilerCount                          = 3                                         {product} {ergonomic}
     uint ConcGCThreads                            = 1                                         {product} {ergonomic}
     uint G1ConcRefinementThreads                  = 4                                         {product} {ergonomic}
   size_t G1HeapRegionSize                         = 1048576                                   {product} {ergonomic}
    uintx GCDrainStackTargetSize                   = 64                                        {product} {ergonomic}
   size_t InitialHeapSize                          = 132120576                                 {product} {ergonomic}
   size_t MarkStackSize                            = 4194304                                   {product} {ergonomic}
   size_t MaxHeapSize                              = 2111832064                                {product} {ergonomic}
   size_t MaxNewSize                               = 1266679808                                {product} {ergonomic}
   size_t MinHeapDeltaBytes                        = 1048576                                   {product} {ergonomic}
   size_t MinHeapSize                              = 8388608                                   {product} {ergonomic}
    uintx NonNMethodCodeHeapSize                   = 5832780                                {pd product} {ergonomic}
    uintx NonProfiledCodeHeapSize                  = 122912730                              {pd product} {ergonomic}
    uintx ProfiledCodeHeapSize                     = 122912730                              {pd product} {ergonomic}
    uintx ReservedCodeCacheSize                    = 251658240                              {pd product} {ergonomic}
     bool SegmentedCodeCache                       = true                                      {product} {ergonomic}
   size_t SoftMaxHeapSize                          = 2111832064                             {manageable} {ergonomic}
     bool UseCompressedClassPointers               = true                           {product lp64_product} {ergonomic}
     bool UseCompressedOops                        = true                           {product lp64_product} {ergonomic}
     bool UseG1GC                                  = true                                      {product} {ergonomic}
     bool UseLargePagesIndividualAllocation        = false                                  {pd product} {ergonomic}

Logging:
Log output configuration:
 #0: stdout all=warning uptime,level,tags
 #1: stderr all=off uptime,level,tags

Environment Variables:
JAVA_HOME=C:\Program Files\Java\jdk-17
CLASSPATH=E:\khaled_rct_store\RCT-Mobile\android\\gradle\wrapper\gradle-wrapper.jar
PATH=C:\Program Files\Java\jdk-17\bin;C:\Program Files\Common Files\Oracle\Java\javapath;C:\Program Files (x86)\Common Files\Intel\Shared Libraries\redist\intel64\compiler;C:\Windows\system32;C:\Windows;C:\Windows\System32\Wbem;C:\Windows\System32\WindowsPowerShell\v1.0\;C:\Windows\System32\OpenSSH\;C:\Program Files\Git\cmd;C:\Users\Al-Mahdi\AppData\Local\Pub\Cache\bin;C:\Program Files\nodejs\;C:\Program Files\Java\jdk-17\bin;C:\Users\Al-Mahdi\AppData\Local\Microsoft\WindowsApps;C:\src\flutter\bin;C:\dart-sdk\bin;C:\Users\Al-Mahdi\Downloads\flutter_tools;C:\Users\Al-Mahdi\AppData\Local\Programs\Microsoft VS Code\bin;C:\ProgramData\Microsoft\Windows\Start Menu\Programs\Android Studio;C:\Users\Al-Mahdi\AppData\Local\Pub\Cache\bin;C:\Users\Al-Mahdi\AppData\Roaming\npm;C:\Program Files\Java\jdk-17\bin;;C:\src\flutter\bin\mingit\cmd;C:\src\flutter\bin\mingit\cmd
USERNAME=Al-Mahdi
OS=Windows_NT
PROCESSOR_IDENTIFIER=Intel64 Family 6 Model 142 Stepping 9, GenuineIntel



---------------  S Y S T E M  ---------------

OS:
 Windows 10 , 64 bit Build 19041 (10.0.19041.5438)
OS uptime: 0 days 0:28 hours

CPU: total 4 (initial active 4) (2 cores per cpu, 2 threads per core) family 6 model 142 stepping 9 microcode 0xf4, cx8, cmov, fxsr, ht, mmx, 3dnowpref, sse, sse2, sse3, ssse3, sse4.1, sse4.2, popcnt, lzcnt, tsc, tscinvbit, avx, avx2, aes, erms, clmul, bmi1, bmi2, rtm, adx, fma, vzeroupper, clflush, clflushopt

Memory: 4k page, system-wide physical 8050M (480M free)
TotalPageFile size 20065M (AvailPageFile size 1155M)
current process WorkingSet (physical memory assigned to process): 64M, peak: 64M
current process commit charge ("private bytes"): 209M, peak: 209M

vm_info: Java HotSpot(TM) 64-Bit Server VM (17.0.12+8-LTS-286) for windows-amd64 JRE (17.0.12+8-LTS-286), built on Jun  5 2024 06:46:59 by "mach5one" with MS VC++ 17.6 (VS2022)

END.
