#
# A fatal error has been detected by the Java Runtime Environment:
#
#  EXCEPTION_ACCESS_VIOLATION (0xc0000005) at pc=0x00007ffd731ec639, pid=11012, tid=10436
#
# JRE version: OpenJDK Runtime Environment (17.0.6) (build 17.0.6+0-b2043.56-10027231)
# Java VM: OpenJDK 64-Bit Server VM (17.0.6+0-b2043.56-10027231, mixed mode, tiered, compressed oops, compressed class ptrs, g1 gc, windows-amd64)
# Problematic frame:
# V  [jvm.dll+0x30c639]
#
# No core dump will be written. Minidumps are not enabled by default on client versions of Windows
#
# If you would like to submit a bug report, please visit:
#   https://bugreport.java.com/bugreport/crash.jsp
#

---------------  S U M M A R Y ------------

Command Line: -XX:MaxMetaspaceSize=2G -XX:+HeapDumpOnOutOfMemoryError --add-opens=java.base/java.util=ALL-UNNAMED --add-opens=java.base/java.lang=ALL-UNNAMED --add-opens=java.base/java.lang.invoke=ALL-UNNAMED --add-opens=java.prefs/java.util.prefs=ALL-UNNAMED --add-opens=java.base/java.nio.charset=ALL-UNNAMED --add-opens=java.base/java.net=ALL-UNNAMED --add-opens=java.base/java.util.concurrent.atomic=ALL-UNNAMED -Xmx4G -Dfile.encoding=windows-1256 -Duser.country=US -Duser.language=en -Duser.variant org.gradle.launcher.daemon.bootstrap.GradleDaemon 7.6.3

Host: Intel(R) Core(TM) i5-7300U CPU @ 2.60GHz, 4 cores, 7G,  Windows 10 , 64 bit Build 19041 (10.0.19041.4957)
Time: Wed Nov  6 14:49:30 2024 Egypt Standard Time elapsed time: 27.594040 seconds (0d 0h 0m 27s)

---------------  T H R E A D  ---------------

Current thread (0x000002322366b890):  GCTaskThread "GC Thread#2" [stack: 0x0000008c94100000,0x0000008c94200000] [id=10436]

Stack: [0x0000008c94100000,0x0000008c94200000],  sp=0x0000008c941ff630,  free space=1021k
Native frames: (J=compiled Java code, j=interpreted, Vv=VM code, C=native code)
V  [jvm.dll+0x30c639]
V  [jvm.dll+0x30942e]
V  [jvm.dll+0x317a23]
V  [jvm.dll+0x3199ce]
V  [jvm.dll+0x31806d]
V  [jvm.dll+0x31958a]
V  [jvm.dll+0x2e3263]
V  [jvm.dll+0x2e4c8b]
V  [jvm.dll+0x86fb6b]
V  [jvm.dll+0x86fbb6]
V  [jvm.dll+0x7f274a]
V  [jvm.dll+0x682ad5]
C  [ucrtbase.dll+0x21bb2]
C  [KERNEL32.DLL+0x17374]
C  [ntdll.dll+0x4cc91]


siginfo: EXCEPTION_ACCESS_VIOLATION (0xc0000005), reading address 0x00000006074ce148


Register to memory mapping:

RIP=0x00007ffd731ec639 jvm.dll
RAX=0x0 is NULL
RBX=0x00000007071636f1 is pointing into object: java.lang.reflect.Method 
{0x00000007071636b0} - klass: 'java/lang/reflect/Method'
 - ---- fields (total size 11 words):
 - 'override' 'Z' @12  false
 - volatile 'accessCheckCache' 'Ljava/lang/Object;' @16  NULL (0)
 - private volatile transient 'hasRealParameterData' 'Z' @13  false
 - private volatile transient 'parameters' '[Ljava/lang/reflect/Parameter;' @20  NULL (0)
 - private volatile transient 'declaredAnnotations' 'Ljava/util/Map;' @24  a 'java/util/LinkedHashMap'{0x0000000707163570} (e0e2c6ae)
 - private 'slot' 'I' @28  129 (81)
 - private synchronized 'modifiers' 'I' @32  1
 - private synchronized 'clazz' 'Ljava/lang/Class;' @36  a 'java/lang/Class'{0x0000000704befd70} = 'com/android/build/gradle/internal/dsl/BaseAppModuleExtension' (e097dfae)
 - private 'name' 'Ljava/lang/String;' @40  "setBuildToolsVersion"{0x0000000704e6bd30} (e09cd7a6)
 - private 'returnType' 'Ljava/lang/Class;' @44  a 'java/lang/Class'{0x00000007000f0278} = void (e001e04f)
 - private 'parameterTypes' '[Ljava/lang/Class;' @48  a 'java/lang/Class'[1] {0x0000000707163680} (e0e2c6d0)
 - private 'exceptionTypes' '[Ljava/lang/Class;' @52  a 'java/lang/Class'[0] {0x00000007000f02e8} (e001e05d)
 - private transient 'signature' 'Ljava/lang/String;' @56  NULL (0)
 - private transient 'genericInfo' 'Lsun/reflect/generics/repository/MethodRepository;' @60  NULL (0)
 - private 'annotations' '[B' @64  
[error occurred during error reporting (printing register info), id 0xc0000005, EXCEPTION_ACCESS_VIOLATION (0xc0000005) at pc=0x00007ffd732759de]

Registers:
RAX=0x0000000000000000, RBX=0x00000007071636f1, RCX=0x0000000000000015, RDX=0x0000000000000000
RSP=0x0000008c941ff630, RBP=0x000000000000075e, RSI=0x00000007071636f0, RDI=0x0000023223f33010
R8 =0x0000000707163680, R9 =0x0000000704befd70, R10=0x00000006074ce148, R11=0x00007ffdb9cd15c3
R12=0x0000008c941ff8b0, R13=0x00000232042f62b0, R14=0x0000000000000040, R15=0x0000000000000000
RIP=0x00007ffd731ec639, EFLAGS=0x0000000000010246

Top of Stack: (sp=0x0000008c941ff630)
0x0000008c941ff630:   0000000707470000 0000000000000001
0x0000008c941ff640:   0000000000000010 0000000000000009
0x0000008c941ff650:   0000023216fdc980 0000000000000002
0x0000008c941ff660:   0000000000000080 0000008c941ff8b0
0x0000008c941ff670:   0000000703935000 00007ffd731e942e
0x0000008c941ff680:   00000232224eb3f8 0000023223f33010
0x0000008c941ff690:   0000023216fdc980 0000000000000002
0x0000008c941ff6a0:   00000000107007fd 0000001167e1202d
0x0000008c941ff6b0:   0000008c941ff8b0 0000000703935000
0x0000008c941ff6c0:   0000000703935408 00007ffd731f7a23
0x0000008c941ff6d0:   0000000703935000 0000008c941ff6f0
0x0000008c941ff6e0:   0000008c941ff700 0000023204361cb0
0x0000008c941ff6f0:   0000000703935000 0000000000000080
0x0000008c941ff700:   00007ffd738485d8 0000000000000000
0x0000008c941ff710:   0000023204308220 0000023223f33010
0x0000008c941ff720:   0000023216fdc9c0 00007ffd731f99ce 

Instructions: (pc=0x00007ffd731ec639)
0x00007ffd731ec539:   ff 48 8d 53 fe 48 8b cf e8 6a f4 ff ff e9 35 fd
0x00007ffd731ec549:   ff ff 0f 1f 44 00 00 48 8b 77 10 8b ae 80 00 00
0x00007ffd731ec559:   00 8b cd 8b 86 00 01 00 00 2b c8 81 e1 ff ff 01
0x00007ffd731ec569:   00 41 3b ce 0f 86 e9 02 00 00 ff cd 81 e5 ff ff
0x00007ffd731ec579:   01 00 89 ae 80 00 00 00 e8 5a 84 36 00 90 8b d5
0x00007ffd731ec589:   8b 86 00 01 00 00 8b cd 48 8b 9e 80 01 00 00 2b
0x00007ffd731ec599:   c8 81 e1 ff ff 01 00 81 f9 ff ff 01 00 48 8b 1c
0x00007ffd731ec5a9:   eb 41 0f 44 cf 85 c9 75 3d 90 89 6c 24 50 48 8b
0x00007ffd731ec5b9:   86 00 01 00 00 48 8b c8 48 c1 e9 20 ff c1 89 4c
0x00007ffd731ec5c9:   24 54 3b e8 0f 85 77 02 00 00 48 c1 e1 20 48 0b
0x00007ffd731ec5d9:   ca f0 48 0f b1 8e 00 01 00 00 0f 85 61 02 00 00
0x00007ffd731ec5e9:   8b 86 00 01 00 00 f6 c3 01 0f 84 2f 01 00 00 8b
0x00007ffd731ec5f9:   0d ea 7c 81 00 48 8d 73 ff 48 8b 47 08 44 8b 16
0x00007ffd731ec609:   49 d3 e2 4c 03 15 cd 7c 81 00 8b 88 90 05 00 00
0x00007ffd731ec619:   49 8b d2 48 8b 80 80 05 00 00 48 d3 ea 0f b7 14
0x00007ffd731ec629:   50 0f b7 c2 66 c1 e8 08 84 c0 0f 88 17 ff ff ff
0x00007ffd731ec639:   4d 8b 02 41 0f b6 c0 24 03 3c 03 75 1e 44 38 3d
0x00007ffd731ec649:   83 42 88 00 74 0f 41 0f b6 c0 24 07 3c 05 75 05
0x00007ffd731ec659:   4d 8b c7 eb 17 49 83 e0 fc eb 11 4d 8b c8 48 8b
0x00007ffd731ec669:   cf 4d 8b c2 e8 2e ef ff ff 4c 8b c0 8b 0d 6d 7c
0x00007ffd731ec679:   81 00 49 8b d0 48 2b 15 5b 7c 81 00 48 d3 ea 89
0x00007ffd731ec689:   16 49 8b d0 8b 0d bd 4a 88 00 48 33 d6 48 d3 ea
0x00007ffd731ec699:   48 85 d2 0f 84 ae fe ff ff 48 8b 47 08 48 8b d6
0x00007ffd731ec6a9:   8b 88 c0 01 00 00 48 8b 80 b0 01 00 00 48 d3 ea
0x00007ffd731ec6b9:   48 8b 0c d0 8b 81 98 00 00 00 d1 e8 a8 01 0f 85
0x00007ffd731ec6c9:   83 fe ff ff 48 8b 47 08 8b 88 90 05 00 00 48 8b
0x00007ffd731ec6d9:   80 80 05 00 00 49 d3 e8 46 38 3c 40 0f 84 65 fe
0x00007ffd731ec6e9:   ff ff 48 8b 47 60 48 c1 ee 09 48 8b 58 40 48 8b
0x00007ffd731ec6f9:   48 38 48 03 de 48 2b d9 48 39 9f b0 01 00 00 0f
0x00007ffd731ec709:   84 42 fe ff ff 48 8d 14 0b 48 8d 4f 18 e8 a5 40
0x00007ffd731ec719:   00 00 48 89 9f b0 01 00 00 e9 29 fe ff ff f6 c3
0x00007ffd731ec729:   03 0f 85 09 01 00 00 48 8b 47 08 4c 8b 13 49 8b 


Stack slot to memory mapping:
stack at sp + 0 slots: 0x0000000707470000 is pointing into object: org.codehaus.groovy.util.SingleKeyHashMap$Entry 
{0x000000070746ffe8} - klass: 'org/codehaus/groovy/util/SingleKeyHashMap$Entry'
 - ---- fields (total size 4 words):
 - public 'hash' 'I' @12  149850866 (8ee8af2)
 - public 'next' 'Lorg/codehaus/groovy/util/ComplexKeyHashMap$Entry;' @16  a 'org/codehaus/groovy/util/SingleKeyHashMap$Entry'{0x0000000707470008} (e0e8e001)
 - public 'value' 'Ljava/lang/Object;' @20  a 'groovy/lang/MetaBeanProperty'{0x00000007074700a8} (e0e8e015)
 - public 'key' 'Ljava/lang/Object;' @24  "properties"{0x00000007017ecc28} (e02fd985)
stack at sp + 1 slots: 0x0000000000000001 is an unknown value
stack at sp + 2 slots: 0x0000000000000010 is an unknown value
stack at sp + 3 slots: 0x0000000000000009 is an unknown value
stack at sp + 4 slots: 0x0000023216fdc980 points into unknown readable memory: 0xffffffffffffffff | ff ff ff ff ff ff ff ff
stack at sp + 5 slots: 0x0000000000000002 is an unknown value
stack at sp + 6 slots: 0x0000000000000080 is an unknown value
stack at sp + 7 slots: 0x0000008c941ff8b0 points into unknown readable memory: 0x00007ffd738487c0 | c0 87 84 73 fd 7f 00 00


---------------  P R O C E S S  ---------------

Threads class SMR info:
_java_thread_list=0x000002322acc4750, length=89, elements={
0x00000232042f6f70, 0x00000232224e0970, 0x00000232224e16f0, 0x00000232224dc6f0,
0x0000023223044000, 0x00000232230448c0, 0x0000023223045180, 0x0000023223045a40,
0x00000232230463f0, 0x00000232230b1c60, 0x00000232231a96a0, 0x00000232231adf90,
0x0000023224ba1cb0, 0x0000023225e14ba0, 0x00000232254f3040, 0x0000023223e46e70,
0x00000232257dde00, 0x00000232257de2d0, 0x00000232246f2700, 0x0000023224aaaf20,
0x0000023224aabd90, 0x0000023224aa9240, 0x0000023224aacc00, 0x0000023224aa9710,
0x0000023224aaa0b0, 0x0000023224aab8c0, 0x0000023224aac260, 0x0000023224aac730,
0x0000023224aaa580, 0x0000023227b96570, 0x0000023227b960a0, 0x0000023227b96a40,
0x0000023227b98250, 0x0000023227b94890, 0x0000023227b978b0, 0x0000023227b9b740,
0x0000023227b97d80, 0x0000023227b98720, 0x0000023227b98bf0, 0x0000023227b943c0,
0x0000023227b99590, 0x0000023228555230, 0x0000023228556a40, 0x0000023228553a20,
0x0000023228554d60, 0x0000023228553ef0, 0x0000023228555bd0, 0x00000232285543c0,
0x0000023228555700, 0x0000023228554890, 0x00000232285560a0, 0x0000023228556570,
0x0000023228d073e0, 0x0000023228d05bd0, 0x0000023228d060a0, 0x0000023228d03080,
0x0000023228d03550, 0x0000023228d03ef0, 0x0000023228d06570, 0x0000023228d043c0,
0x0000023228d01870, 0x0000023228d06f10, 0x0000023228d00a00, 0x0000023228d02210,
0x0000023228d078b0, 0x0000023228d026e0, 0x0000023228d05700, 0x0000023228d00060,
0x0000023228d04890, 0x0000023228d00530, 0x0000023228d03a20, 0x0000023228d00ed0,
0x0000023228d01d40, 0x0000023228d013a0, 0x0000023228d02bb0, 0x0000023225890fb0,
0x0000023225895310, 0x0000023225896180, 0x0000023225896650, 0x0000023225893b00,
0x0000023225896b20, 0x0000023225893630, 0x0000023225891e20, 0x0000023225897e60,
0x00000232258922f0, 0x0000023225895cb0, 0x00000232258974c0, 0x0000023225890ae0,
0x0000023228fe1970
}

Java Threads: ( => current thread )
  0x00000232042f6f70 JavaThread "main" [_thread_blocked, id=15944, stack(0x0000008c92c00000,0x0000008c92d00000)]
  0x00000232224e0970 JavaThread "Reference Handler" daemon [_thread_blocked, id=10448, stack(0x0000008c93300000,0x0000008c93400000)]
  0x00000232224e16f0 JavaThread "Finalizer" daemon [_thread_blocked, id=15880, stack(0x0000008c93400000,0x0000008c93500000)]
  0x00000232224dc6f0 JavaThread "Signal Dispatcher" daemon [_thread_blocked, id=17356, stack(0x0000008c93500000,0x0000008c93600000)]
  0x0000023223044000 JavaThread "Attach Listener" daemon [_thread_blocked, id=13492, stack(0x0000008c93600000,0x0000008c93700000)]
  0x00000232230448c0 JavaThread "Service Thread" daemon [_thread_blocked, id=11940, stack(0x0000008c93700000,0x0000008c93800000)]
  0x0000023223045180 JavaThread "Monitor Deflation Thread" daemon [_thread_blocked, id=4496, stack(0x0000008c93800000,0x0000008c93900000)]
  0x0000023223045a40 JavaThread "C2 CompilerThread0" daemon [_thread_blocked, id=14548, stack(0x0000008c93900000,0x0000008c93a00000)]
  0x00000232230463f0 JavaThread "C1 CompilerThread0" daemon [_thread_blocked, id=6392, stack(0x0000008c93a00000,0x0000008c93b00000)]
  0x00000232230b1c60 JavaThread "Sweeper thread" daemon [_thread_blocked, id=12128, stack(0x0000008c93b00000,0x0000008c93c00000)]
  0x00000232231a96a0 JavaThread "Common-Cleaner" daemon [_thread_blocked, id=17108, stack(0x0000008c93c00000,0x0000008c93d00000)]
  0x00000232231adf90 JavaThread "Notification Thread" daemon [_thread_blocked, id=10256, stack(0x0000008c93d00000,0x0000008c93e00000)]
  0x0000023224ba1cb0 JavaThread "Daemon health stats" [_thread_blocked, id=16264, stack(0x0000008c94300000,0x0000008c94400000)]
  0x0000023225e14ba0 JavaThread "Incoming local TCP Connector on port 59660" [_thread_in_native, id=12432, stack(0x0000008c93f00000,0x0000008c94000000)]
  0x00000232254f3040 JavaThread "Daemon periodic checks" [_thread_blocked, id=5996, stack(0x0000008c94400000,0x0000008c94500000)]
  0x0000023223e46e70 JavaThread "Daemon" [_thread_blocked, id=14028, stack(0x0000008c94500000,0x0000008c94600000)]
  0x00000232257dde00 JavaThread "Handler for socket connection from /127.0.0.1:59660 to /127.0.0.1:59661" [_thread_in_native, id=12312, stack(0x0000008c94600000,0x0000008c94700000)]
  0x00000232257de2d0 JavaThread "Cancel handler" [_thread_blocked, id=10920, stack(0x0000008c94700000,0x0000008c94800000)]
  0x00000232246f2700 JavaThread "Daemon worker" [_thread_blocked, id=16336, stack(0x0000008c94800000,0x0000008c94900000)]
  0x0000023224aaaf20 JavaThread "Asynchronous log dispatcher for DefaultDaemonConnection: socket connection from /127.0.0.1:59660 to /127.0.0.1:59661" [_thread_blocked, id=12164, stack(0x0000008c94900000,0x0000008c94a00000)]
  0x0000023224aabd90 JavaThread "Stdin handler" [_thread_blocked, id=15792, stack(0x0000008c94a00000,0x0000008c94b00000)]
  0x0000023224aa9240 JavaThread "Daemon client event forwarder" [_thread_blocked, id=12700, stack(0x0000008c94b00000,0x0000008c94c00000)]
  0x0000023224aacc00 JavaThread "Cache worker for journal cache (C:\Users\AL Motahida\.gradle\caches\journal-1)" [_thread_blocked, id=14460, stack(0x0000008c94c00000,0x0000008c94d00000)]
  0x0000023224aa9710 JavaThread "File lock request listener" [_thread_in_native, id=14940, stack(0x0000008c94d00000,0x0000008c94e00000)]
  0x0000023224aaa0b0 JavaThread "Cache worker for file hash cache (C:\Users\AL Motahida\.gradle\caches\7.6.3\fileHashes)" [_thread_blocked, id=12068, stack(0x0000008c94e00000,0x0000008c94f00000)]
  0x0000023224aab8c0 JavaThread "File watcher server" daemon [_thread_in_native, id=14616, stack(0x0000008c95000000,0x0000008c95100000)]
  0x0000023224aac260 JavaThread "File watcher consumer" daemon [_thread_blocked, id=2908, stack(0x0000008c95100000,0x0000008c95200000)]
  0x0000023224aac730 JavaThread "Cache worker for checksums cache (D:\ehdyyyyy\rct_app\android\.gradle\7.6.3\checksums)" [_thread_blocked, id=5456, stack(0x0000008c94f00000,0x0000008c95000000)]
  0x0000023224aaa580 JavaThread "Cache worker for cache directory md-rule (C:\Users\AL Motahida\.gradle\caches\7.6.3\md-rule)" [_thread_blocked, id=8928, stack(0x0000008c95200000,0x0000008c95300000)]
  0x0000023227b96570 JavaThread "Cache worker for file content cache (C:\Users\AL Motahida\.gradle\caches\7.6.3\fileContent)" [_thread_blocked, id=9172, stack(0x0000008c95300000,0x0000008c95400000)]
  0x0000023227b960a0 JavaThread "Cache worker for file hash cache (D:\ehdyyyyy\rct_app\android\.gradle\7.6.3\fileHashes)" [_thread_blocked, id=12824, stack(0x0000008c95400000,0x0000008c95500000)]
  0x0000023227b96a40 JavaThread "Cache worker for cache directory md-supplier (C:\Users\AL Motahida\.gradle\caches\7.6.3\md-supplier)" [_thread_blocked, id=15760, stack(0x0000008c95500000,0x0000008c95600000)]
  0x0000023227b98250 JavaThread "Cache worker for execution history cache (C:\Users\AL Motahida\.gradle\caches\7.6.3\executionHistory)" [_thread_blocked, id=12868, stack(0x0000008c95700000,0x0000008c95800000)]
  0x0000023227b94890 JavaThread "jar transforms" [_thread_blocked, id=2956, stack(0x0000008c95900000,0x0000008c95a00000)]
  0x0000023227b978b0 JavaThread "Cache worker for kotlin-dsl (C:\Users\AL Motahida\.gradle\caches\7.6.3\kotlin-dsl)" [_thread_blocked, id=5840, stack(0x0000008c95a00000,0x0000008c95b00000)]
  0x0000023227b9b740 JavaThread "jar transforms Thread 2" [_thread_blocked, id=17292, stack(0x0000008c95b00000,0x0000008c95c00000)]
  0x0000023227b97d80 JavaThread "Cache worker for dependencies-accessors (D:\ehdyyyyy\rct_app\android\.gradle\7.6.3\dependencies-accessors)" [_thread_blocked, id=15676, stack(0x0000008c95c00000,0x0000008c95d00000)]
  0x0000023227b98720 JavaThread "Cache worker for Build Output Cleanup Cache (C:\src\flutter\packages\flutter_tools\gradle\.gradle\buildOutputCleanup)" [_thread_blocked, id=8388, stack(0x0000008c95d00000,0x0000008c95e00000)]
  0x0000023227b98bf0 JavaThread "jar transforms Thread 3" [_thread_blocked, id=14800, stack(0x0000008c95e00000,0x0000008c95f00000)]
  0x0000023227b943c0 JavaThread "Memory manager" [_thread_blocked, id=6400, stack(0x0000008c95f00000,0x0000008c96000000)]
  0x0000023227b99590 JavaThread "jar transforms Thread 4" [_thread_blocked, id=9324, stack(0x0000008c96000000,0x0000008c96100000)]
  0x0000023228555230 JavaThread "included builds" [_thread_blocked, id=13032, stack(0x0000008c96100000,0x0000008c96200000)]
  0x0000023228556a40 JavaThread "Execution worker" [_thread_blocked, id=1092, stack(0x0000008c96200000,0x0000008c96300000)]
  0x0000023228553a20 JavaThread "Execution worker Thread 2" [_thread_blocked, id=1828, stack(0x0000008c96300000,0x0000008c96400000)]
  0x0000023228554d60 JavaThread "Execution worker Thread 3" [_thread_blocked, id=17044, stack(0x0000008c96400000,0x0000008c96500000)]
  0x0000023228553ef0 JavaThread "Cache worker for execution history cache (C:\src\flutter\packages\flutter_tools\gradle\.gradle\7.6.3\executionHistory)" [_thread_blocked, id=12996, stack(0x0000008c96500000,0x0000008c96600000)]
  0x0000023228555bd0 JavaThread "Unconstrained build operations" [_thread_blocked, id=1692, stack(0x0000008c96600000,0x0000008c96700000)]
  0x00000232285543c0 JavaThread "Unconstrained build operations Thread 2" [_thread_blocked, id=4136, stack(0x0000008c96700000,0x0000008c96800000)]
  0x0000023228555700 JavaThread "Unconstrained build operations Thread 3" [_thread_blocked, id=9532, stack(0x0000008c96800000,0x0000008c96900000)]
  0x0000023228554890 JavaThread "Unconstrained build operations Thread 4" [_thread_blocked, id=14684, stack(0x0000008c96900000,0x0000008c96a00000)]
  0x00000232285560a0 JavaThread "Unconstrained build operations Thread 5" [_thread_blocked, id=10088, stack(0x0000008c96a00000,0x0000008c96b00000)]
  0x0000023228556570 JavaThread "Unconstrained build operations Thread 6" [_thread_blocked, id=13864, stack(0x0000008c96b00000,0x0000008c96c00000)]
  0x0000023228d073e0 JavaThread "Unconstrained build operations Thread 7" [_thread_blocked, id=4672, stack(0x0000008c96c00000,0x0000008c96d00000)]
  0x0000023228d05bd0 JavaThread "Unconstrained build operations Thread 8" [_thread_blocked, id=12212, stack(0x0000008c96d00000,0x0000008c96e00000)]
  0x0000023228d060a0 JavaThread "Unconstrained build operations Thread 9" [_thread_blocked, id=14136, stack(0x0000008c96e00000,0x0000008c96f00000)]
  0x0000023228d03080 JavaThread "Unconstrained build operations Thread 10" [_thread_blocked, id=10492, stack(0x0000008c96f00000,0x0000008c97000000)]
  0x0000023228d03550 JavaThread "Unconstrained build operations Thread 11" [_thread_blocked, id=6408, stack(0x0000008c97000000,0x0000008c97100000)]
  0x0000023228d03ef0 JavaThread "Unconstrained build operations Thread 12" [_thread_blocked, id=12308, stack(0x0000008c97100000,0x0000008c97200000)]
  0x0000023228d06570 JavaThread "Unconstrained build operations Thread 13" [_thread_blocked, id=2736, stack(0x0000008c97200000,0x0000008c97300000)]
  0x0000023228d043c0 JavaThread "Unconstrained build operations Thread 14" [_thread_blocked, id=11612, stack(0x0000008c97300000,0x0000008c97400000)]
  0x0000023228d01870 JavaThread "Unconstrained build operations Thread 15" [_thread_blocked, id=13248, stack(0x0000008c97400000,0x0000008c97500000)]
  0x0000023228d06f10 JavaThread "Unconstrained build operations Thread 16" [_thread_blocked, id=8664, stack(0x0000008c97500000,0x0000008c97600000)]
  0x0000023228d00a00 JavaThread "Unconstrained build operations Thread 17" [_thread_blocked, id=12052, stack(0x0000008c97600000,0x0000008c97700000)]
  0x0000023228d02210 JavaThread "Unconstrained build operations Thread 18" [_thread_blocked, id=5380, stack(0x0000008c97700000,0x0000008c97800000)]
  0x0000023228d078b0 JavaThread "Unconstrained build operations Thread 19" [_thread_blocked, id=2188, stack(0x0000008c97800000,0x0000008c97900000)]
  0x0000023228d026e0 JavaThread "Unconstrained build operations Thread 20" [_thread_blocked, id=4544, stack(0x0000008c97900000,0x0000008c97a00000)]
  0x0000023228d05700 JavaThread "Unconstrained build operations Thread 21" [_thread_blocked, id=14424, stack(0x0000008c97a00000,0x0000008c97b00000)]
  0x0000023228d00060 JavaThread "Unconstrained build operations Thread 22" [_thread_blocked, id=13780, stack(0x0000008c97b00000,0x0000008c97c00000)]
  0x0000023228d04890 JavaThread "Unconstrained build operations Thread 23" [_thread_blocked, id=9084, stack(0x0000008c97c00000,0x0000008c97d00000)]
  0x0000023228d00530 JavaThread "Unconstrained build operations Thread 24" [_thread_blocked, id=16432, stack(0x0000008c97d00000,0x0000008c97e00000)]
  0x0000023228d03a20 JavaThread "Unconstrained build operations Thread 25" [_thread_blocked, id=12976, stack(0x0000008c97e00000,0x0000008c97f00000)]
  0x0000023228d00ed0 JavaThread "Unconstrained build operations Thread 26" [_thread_blocked, id=12012, stack(0x0000008c97f00000,0x0000008c98000000)]
  0x0000023228d01d40 JavaThread "Unconstrained build operations Thread 27" [_thread_blocked, id=3848, stack(0x0000008c98000000,0x0000008c98100000)]
  0x0000023228d013a0 JavaThread "Unconstrained build operations Thread 28" [_thread_blocked, id=10708, stack(0x0000008c98100000,0x0000008c98200000)]
  0x0000023228d02bb0 JavaThread "Unconstrained build operations Thread 29" [_thread_blocked, id=15936, stack(0x0000008c98200000,0x0000008c98300000)]
  0x0000023225890fb0 JavaThread "Unconstrained build operations Thread 30" [_thread_blocked, id=14392, stack(0x0000008c98300000,0x0000008c98400000)]
  0x0000023225895310 JavaThread "Unconstrained build operations Thread 31" [_thread_blocked, id=15120, stack(0x0000008c98400000,0x0000008c98500000)]
  0x0000023225896180 JavaThread "Unconstrained build operations Thread 32" [_thread_blocked, id=16176, stack(0x0000008c98500000,0x0000008c98600000)]
  0x0000023225896650 JavaThread "Unconstrained build operations Thread 33" [_thread_blocked, id=1076, stack(0x0000008c98600000,0x0000008c98700000)]
  0x0000023225893b00 JavaThread "Unconstrained build operations Thread 34" [_thread_blocked, id=15264, stack(0x0000008c98700000,0x0000008c98800000)]
  0x0000023225896b20 JavaThread "Unconstrained build operations Thread 35" [_thread_blocked, id=6808, stack(0x0000008c98800000,0x0000008c98900000)]
  0x0000023225893630 JavaThread "Unconstrained build operations Thread 36" [_thread_blocked, id=8472, stack(0x0000008c98900000,0x0000008c98a00000)]
  0x0000023225891e20 JavaThread "Unconstrained build operations Thread 37" [_thread_blocked, id=8108, stack(0x0000008c98a00000,0x0000008c98b00000)]
  0x0000023225897e60 JavaThread "Unconstrained build operations Thread 38" [_thread_blocked, id=15660, stack(0x0000008c98b00000,0x0000008c98c00000)]
  0x00000232258922f0 JavaThread "Unconstrained build operations Thread 39" [_thread_blocked, id=16280, stack(0x0000008c98c00000,0x0000008c98d00000)]
  0x0000023225895cb0 JavaThread "Unconstrained build operations Thread 40" [_thread_blocked, id=14596, stack(0x0000008c98d00000,0x0000008c98e00000)]
  0x00000232258974c0 JavaThread "Cache worker for Build Output Cleanup Cache (D:\ehdyyyyy\rct_app\android\.gradle\buildOutputCleanup)" [_thread_blocked, id=14924, stack(0x0000008c98e00000,0x0000008c98f00000)]
  0x0000023225890ae0 JavaThread "build event listener" [_thread_blocked, id=16204, stack(0x0000008c98f00000,0x0000008c99000000)]
  0x0000023228fe1970 JavaThread "C2 CompilerThread1" daemon [_thread_blocked, id=2892, stack(0x0000008c95600000,0x0000008c95700000)]

Other Threads:
  0x0000023222471510 VMThread "VM Thread" [stack: 0x0000008c93200000,0x0000008c93300000] [id=10032]
  0x00000232231d4020 WatcherThread [stack: 0x0000008c93e00000,0x0000008c93f00000] [id=3364]
  0x0000023204361750 GCTaskThread "GC Thread#0" [stack: 0x0000008c92d00000,0x0000008c92e00000] [id=7236]
  0x00000232234c0720 GCTaskThread "GC Thread#1" [stack: 0x0000008c94000000,0x0000008c94100000] [id=13644]
=>0x000002322366b890 GCTaskThread "GC Thread#2" [stack: 0x0000008c94100000,0x0000008c94200000] [id=10436]
  0x0000023223d678b0 GCTaskThread "GC Thread#3" [stack: 0x0000008c94200000,0x0000008c94300000] [id=11024]
  0x00000232043725a0 ConcurrentGCThread "G1 Main Marker" [stack: 0x0000008c92e00000,0x0000008c92f00000] [id=9444]
  0x0000023204372ec0 ConcurrentGCThread "G1 Conc#0" [stack: 0x0000008c92f00000,0x0000008c93000000] [id=15800]
  0x00000232043ac440 ConcurrentGCThread "G1 Refine#0" [stack: 0x0000008c93000000,0x0000008c93100000] [id=13040]
  0x0000023224afc460 ConcurrentGCThread "G1 Refine#1" [stack: 0x0000008c95800000,0x0000008c95900000] [id=15320]
  0x00000232043acd70 ConcurrentGCThread "G1 Service" [stack: 0x0000008c93100000,0x0000008c93200000] [id=5428]

Threads with active compile tasks:
C2 CompilerThread0    27652 9345       4       org.gradle.util.internal.GUtil::isTrue (56 bytes)
C1 CompilerThread0    27652 9352       3       org.gradle.tooling.internal.provider.runner.TaskOperationMapper$PostProcessors::started (43 bytes)
C2 CompilerThread1    27652 9334       4       java.util.regex.Pattern::escape (1327 bytes)

VM state: at safepoint (normal execution)

VM Mutex/Monitor currently owned by a thread:  ([mutex/lock_event])
[0x00000232042f1170] Threads_lock - owner thread: 0x0000023222471510
[0x00000232042f1ef0] Heap_lock - owner thread: 0x00000232246f2700

Heap address: 0x0000000700000000, size: 4096 MB, Compressed Oops mode: Zero based, Oop shift amount: 3

CDS archive(s) not mapped
Compressed class space mapped at: 0x0000000800000000-0x0000000840000000, reserved size: 1073741824
Narrow klass base: 0x0000000800000000, Narrow klass shift: 0, Narrow klass range: 0x40000000

GC Precious Log:
 CPUs: 4 total, 4 available
 Memory: 8050M
 Large Page Support: Disabled
 NUMA Support: Disabled
 Compressed Oops: Enabled (Zero based)
 Heap Region Size: 2M
 Heap Min Capacity: 8M
 Heap Initial Capacity: 126M
 Heap Max Capacity: 4G
 Pre-touch: Disabled
 Parallel Workers: 4
 Concurrent Workers: 1
 Concurrent Refinement Workers: 4
 Periodic GC: Disabled

Heap:
 garbage-first heap   total 172032K, used 129833K [0x0000000700000000, 0x0000000800000000)
  region size 2048K, 26 young (53248K), 3 survivors (6144K)
 Metaspace       used 84078K, committed 84736K, reserved 1122304K
  class space    used 11435K, committed 11712K, reserved 1048576K

Heap Regions: E=young(eden), S=young(survivor), O=old, HS=humongous(starts), HC=humongous(continues), CS=collection set, F=free, OA=open archive, CA=closed archive, TAMS=top-at-mark-start (previous, next)
|   0|0x0000000700000000, 0x0000000700200000, 0x0000000700200000|100%| O|  |TAMS 0x0000000700200000, 0x0000000700000000| Untracked 
|   1|0x0000000700200000, 0x0000000700400000, 0x0000000700400000|100%|HS|  |TAMS 0x0000000700400000, 0x0000000700200000| Complete 
|   2|0x0000000700400000, 0x0000000700600000, 0x0000000700600000|100%|HC|  |TAMS 0x0000000700600000, 0x0000000700400000| Complete 
|   3|0x0000000700600000, 0x0000000700800000, 0x0000000700800000|100%| O|  |TAMS 0x0000000700800000, 0x0000000700600000| Untracked 
|   4|0x0000000700800000, 0x0000000700824e00, 0x0000000700a00000|  7%| O|  |TAMS 0x0000000700824e00, 0x0000000700800000| Complete 
|   5|0x0000000700a00000, 0x0000000700c00000, 0x0000000700c00000|100%| O|  |TAMS 0x0000000700c00000, 0x0000000700a00000| Untracked 
|   6|0x0000000700c00000, 0x0000000700e00000, 0x0000000700e00000|100%| O|  |TAMS 0x0000000700e00000, 0x0000000700c00000| Untracked 
|   7|0x0000000700e00000, 0x0000000701000000, 0x0000000701000000|100%| O|  |TAMS 0x0000000701000000, 0x0000000700e00000| Untracked 
|   8|0x0000000701000000, 0x0000000701200000, 0x0000000701200000|100%| O|  |TAMS 0x0000000701200000, 0x0000000701000000| Untracked 
|   9|0x0000000701200000, 0x0000000701400000, 0x0000000701400000|100%| O|  |TAMS 0x0000000701400000, 0x0000000701200000| Untracked 
|  10|0x0000000701400000, 0x0000000701600000, 0x0000000701600000|100%| O|  |TAMS 0x0000000701600000, 0x0000000701400000| Untracked 
|  11|0x0000000701600000, 0x0000000701800000, 0x0000000701800000|100%| O|  |TAMS 0x0000000701800000, 0x0000000701600000| Untracked 
|  12|0x0000000701800000, 0x0000000701a00000, 0x0000000701a00000|100%| O|  |TAMS 0x0000000701a00000, 0x0000000701800000| Untracked 
|  13|0x0000000701a00000, 0x0000000701c00000, 0x0000000701c00000|100%| O|  |TAMS 0x0000000701c00000, 0x0000000701a00000| Untracked 
|  14|0x0000000701c00000, 0x0000000701e00000, 0x0000000701e00000|100%| O|  |TAMS 0x0000000701e00000, 0x0000000701c00000| Untracked 
|  15|0x0000000701e00000, 0x0000000702000000, 0x0000000702000000|100%| O|  |TAMS 0x0000000702000000, 0x0000000701e00000| Untracked 
|  16|0x0000000702000000, 0x0000000702200000, 0x0000000702200000|100%| O|  |TAMS 0x0000000702200000, 0x0000000702000000| Untracked 
|  17|0x0000000702200000, 0x0000000702400000, 0x0000000702400000|100%| O|  |TAMS 0x0000000702400000, 0x0000000702200000| Untracked 
|  18|0x0000000702400000, 0x0000000702600000, 0x0000000702600000|100%| O|  |TAMS 0x0000000702600000, 0x0000000702400000| Untracked 
|  19|0x0000000702600000, 0x0000000702800000, 0x0000000702800000|100%| O|  |TAMS 0x0000000702800000, 0x0000000702600000| Untracked 
|  20|0x0000000702800000, 0x0000000702a00000, 0x0000000702a00000|100%|HS|  |TAMS 0x0000000702a00000, 0x0000000702800000| Complete 
|  21|0x0000000702a00000, 0x0000000702c00000, 0x0000000702c00000|100%| O|  |TAMS 0x0000000702c00000, 0x0000000702a00000| Untracked 
|  22|0x0000000702c00000, 0x0000000702e00000, 0x0000000702e00000|100%| O|  |TAMS 0x0000000702e00000, 0x0000000702c00000| Untracked 
|  23|0x0000000702e00000, 0x0000000703000000, 0x0000000703000000|100%|HS|  |TAMS 0x0000000703000000, 0x0000000702e00000| Complete 
|  24|0x0000000703000000, 0x0000000703200000, 0x0000000703200000|100%|HC|  |TAMS 0x0000000703200000, 0x0000000703000000| Complete 
|  25|0x0000000703200000, 0x0000000703400000, 0x0000000703400000|100%|HS|  |TAMS 0x0000000703400000, 0x0000000703200000| Complete 
|  26|0x0000000703400000, 0x0000000703600000, 0x0000000703600000|100%| O|  |TAMS 0x0000000703600000, 0x0000000703400000| Untracked 
|  27|0x0000000703600000, 0x0000000703800000, 0x0000000703800000|100%| O|  |TAMS 0x0000000703800000, 0x0000000703600000| Untracked 
|  28|0x0000000703800000, 0x0000000703a00000, 0x0000000703a00000|100%| O|  |TAMS 0x0000000703a00000, 0x0000000703800000| Untracked 
|  29|0x0000000703a00000, 0x0000000703c00000, 0x0000000703c00000|100%| O|  |TAMS 0x0000000703c00000, 0x0000000703a00000| Untracked 
|  30|0x0000000703c00000, 0x0000000703e00000, 0x0000000703e00000|100%| O|  |TAMS 0x0000000703e00000, 0x0000000703c00000| Untracked 
|  31|0x0000000703e00000, 0x0000000704000000, 0x0000000704000000|100%| O|  |TAMS 0x0000000704000000, 0x0000000703e00000| Untracked 
|  32|0x0000000704000000, 0x0000000704200000, 0x0000000704200000|100%| O|  |TAMS 0x0000000704200000, 0x0000000704000000| Untracked 
|  33|0x0000000704200000, 0x0000000704400000, 0x0000000704400000|100%| O|  |TAMS 0x0000000704400000, 0x0000000704200000| Untracked 
|  34|0x0000000704400000, 0x0000000704600000, 0x0000000704600000|100%| O|  |TAMS 0x0000000704600000, 0x0000000704400000| Untracked 
|  35|0x0000000704600000, 0x0000000704800000, 0x0000000704800000|100%| O|  |TAMS 0x0000000704800000, 0x0000000704600000| Untracked 
|  36|0x0000000704800000, 0x0000000704a00000, 0x0000000704a00000|100%| O|  |TAMS 0x0000000704a00000, 0x0000000704800000| Untracked 
|  37|0x0000000704a00000, 0x0000000704c00000, 0x0000000704c00000|100%| O|  |TAMS 0x0000000704c00000, 0x0000000704a00000| Untracked 
|  38|0x0000000704c00000, 0x0000000704e00000, 0x0000000704e00000|100%| O|  |TAMS 0x0000000704e00000, 0x0000000704c00000| Untracked 
|  39|0x0000000704e00000, 0x0000000704f517c8, 0x0000000705000000| 65%| O|  |TAMS 0x0000000704e00000, 0x0000000704e00000| Untracked 
|  40|0x0000000705000000, 0x0000000705000000, 0x0000000705200000|  0%| F|  |TAMS 0x0000000705000000, 0x0000000705000000| Untracked 
|  41|0x0000000705200000, 0x0000000705200000, 0x0000000705400000|  0%| F|  |TAMS 0x0000000705200000, 0x0000000705200000| Untracked 
|  42|0x0000000705400000, 0x0000000705400000, 0x0000000705600000|  0%| F|  |TAMS 0x0000000705400000, 0x0000000705400000| Untracked 
|  43|0x0000000705600000, 0x0000000705600000, 0x0000000705800000|  0%| F|  |TAMS 0x0000000705600000, 0x0000000705600000| Untracked 
|  44|0x0000000705800000, 0x0000000705800000, 0x0000000705a00000|  0%| F|  |TAMS 0x0000000705800000, 0x0000000705800000| Untracked 
|  45|0x0000000705a00000, 0x0000000705a00000, 0x0000000705c00000|  0%| F|  |TAMS 0x0000000705a00000, 0x0000000705a00000| Untracked 
|  46|0x0000000705c00000, 0x0000000705c00000, 0x0000000705e00000|  0%| F|  |TAMS 0x0000000705c00000, 0x0000000705c00000| Untracked 
|  47|0x0000000705e00000, 0x0000000705e00000, 0x0000000706000000|  0%| F|  |TAMS 0x0000000705e00000, 0x0000000705e00000| Untracked 
|  48|0x0000000706000000, 0x0000000706000000, 0x0000000706200000|  0%| F|  |TAMS 0x0000000706000000, 0x0000000706000000| Untracked 
|  49|0x0000000706200000, 0x0000000706200000, 0x0000000706400000|  0%| F|  |TAMS 0x0000000706200000, 0x0000000706200000| Untracked 
|  50|0x0000000706400000, 0x0000000706400000, 0x0000000706600000|  0%| F|  |TAMS 0x0000000706400000, 0x0000000706400000| Untracked 
|  51|0x0000000706600000, 0x0000000706600000, 0x0000000706800000|  0%| F|  |TAMS 0x0000000706600000, 0x0000000706600000| Untracked 
|  52|0x0000000706800000, 0x0000000706800000, 0x0000000706a00000|  0%| F|  |TAMS 0x0000000706800000, 0x0000000706800000| Untracked 
|  53|0x0000000706a00000, 0x0000000706a00000, 0x0000000706c00000|  0%| F|  |TAMS 0x0000000706a00000, 0x0000000706a00000| Untracked 
|  54|0x0000000706c00000, 0x0000000706c00000, 0x0000000706e00000|  0%| F|  |TAMS 0x0000000706c00000, 0x0000000706c00000| Untracked 
|  55|0x0000000706e00000, 0x0000000706f49540, 0x0000000707000000| 64%| S|  |TAMS 0x0000000706e00000, 0x0000000706e00000| Complete 
|  56|0x0000000707000000, 0x0000000707200000, 0x0000000707200000|100%| S|  |TAMS 0x0000000707000000, 0x0000000707000000| Complete 
|  57|0x0000000707200000, 0x00000007072a5980, 0x0000000707400000| 32%| E|CS|TAMS 0x0000000707200000, 0x0000000707200000| Complete 
|  58|0x0000000707400000, 0x0000000707600000, 0x0000000707600000|100%| E|CS|TAMS 0x0000000707400000, 0x0000000707400000| Complete 
|  59|0x0000000707600000, 0x0000000707800000, 0x0000000707800000|100%| S|  |TAMS 0x0000000707600000, 0x0000000707600000| Complete 
|  60|0x0000000707800000, 0x0000000707a00000, 0x0000000707a00000|100%| E|CS|TAMS 0x0000000707800000, 0x0000000707800000| Complete 
|  61|0x0000000707a00000, 0x0000000707c00000, 0x0000000707c00000|100%| E|CS|TAMS 0x0000000707a00000, 0x0000000707a00000| Complete 
|  62|0x0000000707c00000, 0x0000000707e00000, 0x0000000707e00000|100%| E|CS|TAMS 0x0000000707c00000, 0x0000000707c00000| Complete 
|  63|0x0000000707e00000, 0x0000000708000000, 0x0000000708000000|100%| E|CS|TAMS 0x0000000707e00000, 0x0000000707e00000| Complete 
|  64|0x0000000708000000, 0x0000000708200000, 0x0000000708200000|100%| E|CS|TAMS 0x0000000708000000, 0x0000000708000000| Complete 
|  65|0x0000000708200000, 0x0000000708400000, 0x0000000708400000|100%| E|CS|TAMS 0x0000000708200000, 0x0000000708200000| Complete 
|  66|0x0000000708400000, 0x0000000708600000, 0x0000000708600000|100%| E|CS|TAMS 0x0000000708400000, 0x0000000708400000| Complete 
|  67|0x0000000708600000, 0x0000000708800000, 0x0000000708800000|100%| E|CS|TAMS 0x0000000708600000, 0x0000000708600000| Complete 
|  68|0x0000000708800000, 0x0000000708a00000, 0x0000000708a00000|100%| E|CS|TAMS 0x0000000708800000, 0x0000000708800000| Complete 
|  69|0x0000000708a00000, 0x0000000708c00000, 0x0000000708c00000|100%| E|CS|TAMS 0x0000000708a00000, 0x0000000708a00000| Complete 
|  70|0x0000000708c00000, 0x0000000708e00000, 0x0000000708e00000|100%| E|CS|TAMS 0x0000000708c00000, 0x0000000708c00000| Complete 
|  71|0x0000000708e00000, 0x0000000709000000, 0x0000000709000000|100%| E|CS|TAMS 0x0000000708e00000, 0x0000000708e00000| Complete 
|  72|0x0000000709000000, 0x0000000709200000, 0x0000000709200000|100%| E|CS|TAMS 0x0000000709000000, 0x0000000709000000| Complete 
|  73|0x0000000709200000, 0x0000000709400000, 0x0000000709400000|100%| E|CS|TAMS 0x0000000709200000, 0x0000000709200000| Complete 
|  74|0x0000000709400000, 0x0000000709600000, 0x0000000709600000|100%| E|CS|TAMS 0x0000000709400000, 0x0000000709400000| Complete 
|  75|0x0000000709600000, 0x0000000709800000, 0x0000000709800000|100%| E|CS|TAMS 0x0000000709600000, 0x0000000709600000| Complete 
|  76|0x0000000709800000, 0x0000000709a00000, 0x0000000709a00000|100%| E|CS|TAMS 0x0000000709800000, 0x0000000709800000| Complete 
|  77|0x0000000709a00000, 0x0000000709c00000, 0x0000000709c00000|100%| E|CS|TAMS 0x0000000709a00000, 0x0000000709a00000| Complete 
|  78|0x0000000709c00000, 0x0000000709e00000, 0x0000000709e00000|100%| E|CS|TAMS 0x0000000709c00000, 0x0000000709c00000| Complete 
|  79|0x0000000709e00000, 0x000000070a000000, 0x000000070a000000|100%| E|CS|TAMS 0x0000000709e00000, 0x0000000709e00000| Complete 
|  80|0x000000070a000000, 0x000000070a200000, 0x000000070a200000|100%| E|CS|TAMS 0x000000070a000000, 0x000000070a000000| Complete 
|  81|0x000000070a200000, 0x000000070a400000, 0x000000070a400000|100%| E|CS|TAMS 0x000000070a200000, 0x000000070a200000| Complete 
|  82|0x000000070a400000, 0x000000070a600000, 0x000000070a600000|100%| E|CS|TAMS 0x000000070a400000, 0x000000070a400000| Complete 
|  83|0x000000070a600000, 0x000000070a800000, 0x000000070a800000|100%| E|CS|TAMS 0x000000070a600000, 0x000000070a600000| Complete 

Card table byte_map: [0x0000023216fc0000,0x00000232177c0000] _byte_map_base: 0x00000232137c0000

Marking Bits (Prev, Next): (CMBitMap*) 0x0000023204361cb0, (CMBitMap*) 0x0000023204361c70
 Prev Bits: [0x000002321bfc0000, 0x000002321ffc0000)
 Next Bits: [0x0000023217fc0000, 0x000002321bfc0000)

Polling page: 0x0000023202490000

Metaspace:

Usage:
  Non-class:     70.94 MB used.
      Class:     11.17 MB used.
       Both:     82.11 MB used.

Virtual space:
  Non-class space:       72.00 MB reserved,      71.31 MB (>99%) committed,  9 nodes.
      Class space:        1.00 GB reserved,      11.44 MB (  1%) committed,  1 nodes.
             Both:        1.07 GB reserved,      82.75 MB (  8%) committed. 

Chunk freelists:
   Non-Class:  736.00 KB
       Class:  592.00 KB
        Both:  1.30 MB

MaxMetaspaceSize: 2.00 GB
CompressedClassSpaceSize: 1.00 GB
Initial GC threshold: 21.00 MB
Current GC threshold: 131.25 MB
CDS: off
MetaspaceReclaimPolicy: balanced
 - commit_granule_bytes: 65536.
 - commit_granule_words: 8192.
 - virtual_space_node_default_size: 1048576.
 - enlarge_chunks_in_place: 1.
 - new_chunks_are_fully_committed: 0.
 - uncommit_free_chunks: 1.
 - use_allocation_guard: 0.
 - handle_deallocations: 1.


Internal statistics:

num_allocs_failed_limit: 14.
num_arena_births: 880.
num_arena_deaths: 0.
num_vsnodes_births: 10.
num_vsnodes_deaths: 0.
num_space_committed: 1324.
num_space_uncommitted: 0.
num_chunks_returned_to_freelist: 14.
num_chunks_taken_from_freelist: 3889.
num_chunk_merges: 12.
num_chunk_splits: 2572.
num_chunks_enlarged: 1747.
num_purges: 0.
num_inconsistent_stats: 0.

CodeHeap 'non-profiled nmethods': size=120000Kb used=5261Kb max_used=5261Kb free=114738Kb
 bounds [0x000002320f290000, 0x000002320f7c0000, 0x00000232167c0000]
CodeHeap 'profiled nmethods': size=120000Kb used=17169Kb max_used=17169Kb free=102830Kb
 bounds [0x00000232077c0000, 0x0000023208890000, 0x000002320ecf0000]
CodeHeap 'non-nmethods': size=5760Kb used=2405Kb max_used=2441Kb free=3354Kb
 bounds [0x000002320ecf0000, 0x000002320ef70000, 0x000002320f290000]
 total_blobs=9484 nmethods=8567 adapters=827
 compilation: enabled
              stopped_count=0, restarted_count=0
 full_count=0

Compilation events (20 events):
Event: 27.566 Thread 0x00000232230463f0 nmethod 9341 0x0000023208879f90 code [0x000002320887a120, 0x000002320887a2d8]
Event: 27.566 Thread 0x00000232230463f0 9342       3       org.gradle.api.internal.DefaultCollectionCallbackActionDecorator$BuildOperationEmittingAction$1::run (26 bytes)
Event: 27.566 Thread 0x00000232230463f0 nmethod 9342 0x000002320887a390 code [0x000002320887a540, 0x000002320887a828]
Event: 27.566 Thread 0x00000232230463f0 9343       3       org.gradle.api.internal.artifacts.configurations.DefaultConfiguration::preventIllegalMutation (174 bytes)
Event: 27.568 Thread 0x0000023223045a40 nmethod 9336 0x000002320f7b2a10 code [0x000002320f7b2ba0, 0x000002320f7b2d78]
Event: 27.568 Thread 0x0000023223045a40 9344       4       java.util.concurrent.ConcurrentHashMap::remove (8 bytes)
Event: 27.568 Thread 0x00000232230463f0 nmethod 9343 0x000002320887a990 code [0x000002320887ae60, 0x000002320887daf8]
Event: 27.568 Thread 0x00000232230463f0 9349       3       java.util.HashMap::remove (26 bytes)
Event: 27.568 Thread 0x0000023223045a40 nmethod 9344 0x000002320f7b2f10 code [0x000002320f7b30a0, 0x000002320f7b3148]
Event: 27.568 Thread 0x0000023223045a40 9348       4       com.google.common.collect.RegularImmutableList::listIterator (15 bytes)
Event: 27.569 Thread 0x00000232230463f0 nmethod 9349 0x000002320887e690 code [0x000002320887e860, 0x000002320887ebd8]
Event: 27.569 Thread 0x00000232230463f0 9346       3       org.gradle.tooling.internal.provider.runner.ClientBuildEventGenerator::started (168 bytes)
Event: 27.569 Thread 0x00000232230463f0 nmethod 9346 0x000002320887ed10 code [0x000002320887f020, 0x0000023208880118]
Event: 27.570 Thread 0x00000232230463f0 9347       3       org.gradle.tooling.internal.provider.runner.PluginApplicationTracker::started (152 bytes)
Event: 27.571 Thread 0x00000232230463f0 nmethod 9347 0x0000023208880610 code [0x00000232088809c0, 0x00000232088827b8]
Event: 27.571 Thread 0x00000232230463f0 9350       3       org.gradle.tooling.internal.provider.runner.ClientBuildEventGenerator::finished (128 bytes)
Event: 27.572 Thread 0x0000023223045a40 nmethod 9348 0x000002320f7b3210 code [0x000002320f7b33a0, 0x000002320f7b3578]
Event: 27.572 Thread 0x0000023223045a40 9345       4       org.gradle.util.internal.GUtil::isTrue (56 bytes)
Event: 27.572 Thread 0x00000232230463f0 nmethod 9350 0x0000023208883010 code [0x00000232088832a0, 0x0000023208884138]
Event: 27.572 Thread 0x00000232230463f0 9352       3       org.gradle.tooling.internal.provider.runner.TaskOperationMapper$PostProcessors::started (43 bytes)

GC Heap History (20 events):
Event: 20.886 GC heap after
{Heap after GC invocations=20 (full 0):
 garbage-first heap   total 96256K, used 43408K [0x0000000700000000, 0x0000000800000000)
  region size 2048K, 3 young (6144K), 3 survivors (6144K)
 Metaspace       used 65129K, committed 65664K, reserved 1114112K
  class space    used 8949K, committed 9216K, reserved 1048576K
}
Event: 21.077 GC heap before
{Heap before GC invocations=20 (full 0):
 garbage-first heap   total 96256K, used 49552K [0x0000000700000000, 0x0000000800000000)
  region size 2048K, 7 young (14336K), 3 survivors (6144K)
 Metaspace       used 65174K, committed 65728K, reserved 1114112K
  class space    used 8954K, committed 9216K, reserved 1048576K
}
Event: 21.084 GC heap after
{Heap after GC invocations=21 (full 0):
 garbage-first heap   total 96256K, used 51128K [0x0000000700000000, 0x0000000800000000)
  region size 2048K, 3 young (6144K), 3 survivors (6144K)
 Metaspace       used 65174K, committed 65728K, reserved 1114112K
  class space    used 8954K, committed 9216K, reserved 1048576K
}
Event: 21.679 GC heap before
{Heap before GC invocations=22 (full 0):
 garbage-first heap   total 102400K, used 73656K [0x0000000700000000, 0x0000000800000000)
  region size 2048K, 12 young (24576K), 3 survivors (6144K)
 Metaspace       used 65790K, committed 66368K, reserved 1114112K
  class space    used 9033K, committed 9280K, reserved 1048576K
}
Event: 21.684 GC heap after
{Heap after GC invocations=23 (full 0):
 garbage-first heap   total 102400K, used 61378K [0x0000000700000000, 0x0000000800000000)
  region size 2048K, 2 young (4096K), 2 survivors (4096K)
 Metaspace       used 65790K, committed 66368K, reserved 1114112K
  class space    used 9033K, committed 9280K, reserved 1048576K
}
Event: 22.274 GC heap before
{Heap before GC invocations=23 (full 0):
 garbage-first heap   total 102400K, used 75714K [0x0000000700000000, 0x0000000800000000)
  region size 2048K, 9 young (18432K), 2 survivors (4096K)
 Metaspace       used 66163K, committed 66816K, reserved 1114112K
  class space    used 9042K, committed 9344K, reserved 1048576K
}
Event: 22.281 GC heap after
{Heap after GC invocations=24 (full 0):
 garbage-first heap   total 102400K, used 63290K [0x0000000700000000, 0x0000000800000000)
  region size 2048K, 1 young (2048K), 1 survivors (2048K)
 Metaspace       used 66163K, committed 66816K, reserved 1114112K
  class space    used 9042K, committed 9344K, reserved 1048576K
}
Event: 22.840 GC heap before
{Heap before GC invocations=25 (full 0):
 garbage-first heap   total 122880K, used 75578K [0x0000000700000000, 0x0000000800000000)
  region size 2048K, 8 young (16384K), 1 survivors (2048K)
 Metaspace       used 66390K, committed 67008K, reserved 1114112K
  class space    used 9074K, committed 9344K, reserved 1048576K
}
Event: 22.847 GC heap after
{Heap after GC invocations=26 (full 0):
 garbage-first heap   total 122880K, used 68852K [0x0000000700000000, 0x0000000800000000)
  region size 2048K, 1 young (2048K), 1 survivors (2048K)
 Metaspace       used 66390K, committed 67008K, reserved 1114112K
  class space    used 9074K, committed 9344K, reserved 1048576K
}
Event: 23.318 GC heap before
{Heap before GC invocations=26 (full 0):
 garbage-first heap   total 122880K, used 89332K [0x0000000700000000, 0x0000000800000000)
  region size 2048K, 11 young (22528K), 1 survivors (2048K)
 Metaspace       used 68863K, committed 69440K, reserved 1114112K
  class space    used 9409K, committed 9664K, reserved 1048576K
}
Event: 23.323 GC heap after
{Heap after GC invocations=27 (full 0):
 garbage-first heap   total 122880K, used 69534K [0x0000000700000000, 0x0000000800000000)
  region size 2048K, 2 young (4096K), 2 survivors (4096K)
 Metaspace       used 68863K, committed 69440K, reserved 1114112K
  class space    used 9409K, committed 9664K, reserved 1048576K
}
Event: 24.046 GC heap before
{Heap before GC invocations=28 (full 0):
 garbage-first heap   total 131072K, used 90014K [0x0000000700000000, 0x0000000800000000)
  region size 2048K, 13 young (26624K), 2 survivors (4096K)
 Metaspace       used 72360K, committed 73024K, reserved 1114112K
  class space    used 9817K, committed 10112K, reserved 1048576K
}
Event: 24.050 GC heap after
{Heap after GC invocations=29 (full 0):
 garbage-first heap   total 131072K, used 70597K [0x0000000700000000, 0x0000000800000000)
  region size 2048K, 1 young (2048K), 1 survivors (2048K)
 Metaspace       used 72360K, committed 73024K, reserved 1114112K
  class space    used 9817K, committed 10112K, reserved 1048576K
}
Event: 24.564 GC heap before
{Heap before GC invocations=29 (full 0):
 garbage-first heap   total 131072K, used 97221K [0x0000000700000000, 0x0000000800000000)
  region size 2048K, 15 young (30720K), 1 survivors (2048K)
 Metaspace       used 74855K, committed 75520K, reserved 1114112K
  class space    used 10108K, committed 10432K, reserved 1048576K
}
Event: 24.571 GC heap after
{Heap after GC invocations=30 (full 0):
 garbage-first heap   total 131072K, used 78110K [0x0000000700000000, 0x0000000800000000)
  region size 2048K, 2 young (4096K), 2 survivors (4096K)
 Metaspace       used 74855K, committed 75520K, reserved 1114112K
  class space    used 10108K, committed 10432K, reserved 1048576K
}
Event: 25.212 GC heap before
{Heap before GC invocations=31 (full 0):
 garbage-first heap   total 143360K, used 98590K [0x0000000700000000, 0x0000000800000000)
  region size 2048K, 12 young (24576K), 2 survivors (4096K)
 Metaspace       used 76749K, committed 77376K, reserved 1122304K
  class space    used 10369K, committed 10688K, reserved 1048576K
}
Event: 25.218 GC heap after
{Heap after GC invocations=32 (full 0):
 garbage-first heap   total 172032K, used 79539K [0x0000000700000000, 0x0000000800000000)
  region size 2048K, 1 young (2048K), 1 survivors (2048K)
 Metaspace       used 76749K, committed 77376K, reserved 1122304K
  class space    used 10369K, committed 10688K, reserved 1048576K
}
Event: 26.379 GC heap before
{Heap before GC invocations=32 (full 0):
 garbage-first heap   total 172032K, used 124595K [0x0000000700000000, 0x0000000800000000)
  region size 2048K, 24 young (49152K), 1 survivors (2048K)
 Metaspace       used 79573K, committed 80320K, reserved 1122304K
  class space    used 10753K, committed 11072K, reserved 1048576K
}
Event: 26.386 GC heap after
{Heap after GC invocations=33 (full 0):
 garbage-first heap   total 172032K, used 82729K [0x0000000700000000, 0x0000000800000000)
  region size 2048K, 3 young (6144K), 3 survivors (6144K)
 Metaspace       used 79573K, committed 80320K, reserved 1122304K
  class space    used 10753K, committed 11072K, reserved 1048576K
}
Event: 27.572 GC heap before
{Heap before GC invocations=34 (full 0):
 garbage-first heap   total 172032K, used 129833K [0x0000000700000000, 0x0000000800000000)
  region size 2048K, 26 young (53248K), 3 survivors (6144K)
 Metaspace       used 84078K, committed 84736K, reserved 1122304K
  class space    used 11435K, committed 11712K, reserved 1048576K
}

Dll operation events (2 events):
Event: 0.010 Loaded shared library C:\Program Files\Android\Android Studio1\jbr\bin\java.dll
Event: 1.355 Loaded shared library C:\Program Files\Android\Android Studio1\jbr\bin\verify.dll

Deoptimization events (20 events):
Event: 25.946 Thread 0x00000232246f2700 DEOPT PACKING pc=0x000002320f637e78 sp=0x0000008c948f3980
Event: 25.946 Thread 0x00000232246f2700 DEOPT UNPACKING pc=0x000002320ed469a3 sp=0x0000008c948f38f0 mode 2
Event: 25.946 Thread 0x00000232246f2700 Uncommon trap: trap_request=0xffffff45 fr.pc=0x000002320f6398b4 relative=0x0000000000000a14
Event: 25.946 Thread 0x00000232246f2700 Uncommon trap: reason=unstable_if action=reinterpret pc=0x000002320f6398b4 method=groovy.lang.MetaClassImpl.checkIfStdMethod(Lgroovy/lang/MetaMethod;)V @ 55 c2
Event: 25.946 Thread 0x00000232246f2700 DEOPT PACKING pc=0x000002320f6398b4 sp=0x0000008c948f3920
Event: 25.946 Thread 0x00000232246f2700 DEOPT UNPACKING pc=0x000002320ed469a3 sp=0x0000008c948f38e8 mode 2
Event: 26.162 Thread 0x00000232246f2700 Uncommon trap: trap_request=0xffffff45 fr.pc=0x000002320f6369e8 relative=0x00000000000004a8
Event: 26.162 Thread 0x00000232246f2700 Uncommon trap: reason=unstable_if action=reinterpret pc=0x000002320f6369e8 method=java.util.StringJoiner.add(Ljava/lang/CharSequence;)Ljava/util/StringJoiner; @ 33 c2
Event: 26.162 Thread 0x00000232246f2700 DEOPT PACKING pc=0x000002320f6369e8 sp=0x0000008c948f1e30
Event: 26.162 Thread 0x00000232246f2700 DEOPT UNPACKING pc=0x000002320ed469a3 sp=0x0000008c948f1de0 mode 2
Event: 26.702 Thread 0x00000232246f2700 Uncommon trap: trap_request=0xfffffff4 fr.pc=0x000002320f7807e8 relative=0x0000000000000068
Event: 26.702 Thread 0x00000232246f2700 Uncommon trap: reason=null_check action=make_not_entrant pc=0x000002320f7807e8 method=java.lang.Class.isAnnotation()Z @ 1 c2
Event: 26.702 Thread 0x00000232246f2700 DEOPT PACKING pc=0x000002320f7807e8 sp=0x0000008c948f31f0
Event: 26.702 Thread 0x00000232246f2700 DEOPT UNPACKING pc=0x000002320ed469a3 sp=0x0000008c948f3180 mode 2
Event: 26.812 Thread 0x00000232246f2700 Uncommon trap: trap_request=0xffffff45 fr.pc=0x000002320f2e33ec relative=0x0000000000000b0c
Event: 26.812 Thread 0x00000232246f2700 Uncommon trap: reason=unstable_if action=reinterpret pc=0x000002320f2e33ec method=java.util.jar.JarFile.getVersionedEntry(Ljava/lang/String;Ljava/util/jar/JarEntry;)Ljava/util/jar/JarEntry; @ 26 c2
Event: 26.812 Thread 0x00000232246f2700 DEOPT PACKING pc=0x000002320f2e33ec sp=0x0000008c948f1fe0
Event: 26.812 Thread 0x00000232246f2700 DEOPT UNPACKING pc=0x000002320ed469a3 sp=0x0000008c948f1fa0 mode 2
Event: 26.882 Thread 0x00000232246f2700 DEOPT PACKING pc=0x0000023207dc7f65 sp=0x0000008c948f3150
Event: 26.882 Thread 0x00000232246f2700 DEOPT UNPACKING pc=0x000002320ed47143 sp=0x0000008c948f2640 mode 0

Classes unloaded (0 events):
No events

Classes redefined (0 events):
No events

Internal exceptions (20 events):
Event: 26.478 Thread 0x00000232246f2700 Exception <a 'java/lang/NoSuchMethodError'{0x000000070a7ed9f0}: static Lorg/jetbrains/kotlin/gradle/plugin/internal/DefaultMppTestReportHelperVariantFactory;.<clinit>()V> (0x000000070a7ed9f0) 
thrown [s\src\hotspot\share\prims\jni.cpp, line 1108]
Event: 26.485 Thread 0x00000232246f2700 Exception <a 'java/lang/NoSuchMethodError'{0x000000070a415f98}: static Lorg/jetbrains/kotlin/gradle/plugin/internal/ConfigurationCacheStartParameterAccessorG76$Factory;.<clinit>()V> (0x000000070a415f98) 
thrown [s\src\hotspot\share\prims\jni.cpp, line 1108]
Event: 26.487 Thread 0x00000232246f2700 Exception <a 'java/lang/NoSuchMethodError'{0x000000070a4369b0}: static Lorg/jetbrains/kotlin/gradle/plugin/internal/MavenPluginConfigurator$DefaultMavenPluginConfiguratorVariantFactory;.<clinit>()V> (0x000000070a4369b0) 
thrown [s\src\hotspot\share\prims\jni.cpp, line 1108]
Event: 26.489 Thread 0x00000232246f2700 Exception <a 'java/lang/NoSuchMethodError'{0x000000070a456190}: static Lorg/jetbrains/kotlin/gradle/targets/js/nodejs/DefaultUnameExecutorVariantFactory;.<clinit>()V> (0x000000070a456190) 
thrown [s\src\hotspot\share\prims\jni.cpp, line 1108]
Event: 26.501 Thread 0x00000232246f2700 Exception <a 'java/lang/NoSuchMethodError'{0x000000070a476010}: static Lorg/jetbrains/kotlin/gradle/plugin/internal/DefaultBasePluginConfigurationVariantFactory;.<clinit>()V> (0x000000070a476010) 
thrown [s\src\hotspot\share\prims\jni.cpp, line 1108]
Event: 26.507 Thread 0x00000232246f2700 Exception <a 'java/lang/NoSuchMethodError'{0x000000070a496060}: static Lorg/jetbrains/kotlin/gradle/plugin/internal/DefaultAttributeConfigurationHelperVariantFactory;.<clinit>()V> (0x000000070a496060) 
thrown [s\src\hotspot\share\prims\jni.cpp, line 1108]
Event: 26.509 Thread 0x00000232246f2700 Exception <a 'java/lang/NoSuchMethodError'{0x000000070a499d28}: 'void java.lang.invoke.DirectMethodHandle$Holder.invokeSpecial(java.lang.Object, java.lang.Object, java.lang.Object, int)'> (0x000000070a499d28) 
thrown [s\src\hotspot\share\interpreter\linkResolver.cpp, line 771]
Event: 27.373 Thread 0x00000232246f2700 Exception <a 'java/lang/ClassNotFoundException'{0x000000070839c828}: org/jetbrains/kotlin/gradle/targets/js/npm/DefaultNpmDependencyExtensionBeanInfo> (0x000000070839c828) 
thrown [s\src\hotspot\share\classfile\systemDictionary.cpp, line 256]
Event: 27.374 Thread 0x00000232246f2700 Exception <a 'java/lang/ClassNotFoundException'{0x00000007083ac610}: org/jetbrains/kotlin/gradle/targets/js/npm/DefaultNpmDependencyExtensionCustomizer> (0x00000007083ac610) 
thrown [s\src\hotspot\share\classfile\systemDictionary.cpp, line 256]
Event: 27.384 Thread 0x00000232246f2700 Exception <a 'java/lang/ClassNotFoundException'{0x0000000708023f88}: org/jetbrains/kotlin/gradle/targets/js/npm/NpmDependencyExtensionKt$defaultNpmDependencyDelegate$1BeanInfo> (0x0000000708023f88) 
thrown [s\src\hotspot\share\classfile\systemDictionary.cpp, line 256]
Event: 27.385 Thread 0x00000232246f2700 Exception <a 'java/lang/ClassNotFoundException'{0x0000000708033db8}: org/jetbrains/kotlin/gradle/targets/js/npm/NpmDependencyExtensionDelegateBeanInfo> (0x0000000708033db8) 
thrown [s\src\hotspot\share\classfile\systemDictionary.cpp, line 256]
Event: 27.386 Thread 0x00000232246f2700 Exception <a 'java/lang/ClassNotFoundException'{0x0000000708043bb0}: org/jetbrains/kotlin/gradle/targets/js/npm/NpmDependencyExtensionDelegateCustomizer> (0x0000000708043bb0) 
thrown [s\src\hotspot\share\classfile\systemDictionary.cpp, line 256]
Event: 27.388 Thread 0x00000232246f2700 Exception <a 'java/lang/ClassNotFoundException'{0x000000070806c178}: org/jetbrains/kotlin/gradle/targets/js/npm/NpmDependencyExtensionKt$defaultNpmDependencyDelegate$1Customizer> (0x000000070806c178) 
thrown [s\src\hotspot\share\classfile\systemDictionary.cpp, line 256]
Event: 27.395 Thread 0x00000232246f2700 Exception <a 'java/lang/ClassNotFoundException'{0x00000007080a9700}: org/jetbrains/kotlin/gradle/targets/js/npm/DefaultDevNpmDependencyExtensionBeanInfo> (0x00000007080a9700) 
thrown [s\src\hotspot\share\classfile\systemDictionary.cpp, line 256]
Event: 27.396 Thread 0x00000232246f2700 Exception <a 'java/lang/ClassNotFoundException'{0x00000007080b9500}: org/jetbrains/kotlin/gradle/targets/js/npm/DefaultDevNpmDependencyExtensionCustomizer> (0x00000007080b9500) 
thrown [s\src\hotspot\share\classfile\systemDictionary.cpp, line 256]
Event: 27.400 Thread 0x00000232246f2700 Exception <a 'java/lang/ClassNotFoundException'{0x00000007080fb6a0}: org/jetbrains/kotlin/gradle/targets/js/npm/DefaultPeerNpmDependencyExtensionBeanInfo> (0x00000007080fb6a0) 
thrown [s\src\hotspot\share\classfile\systemDictionary.cpp, line 256]
Event: 27.401 Thread 0x00000232246f2700 Exception <a 'java/lang/ClassNotFoundException'{0x000000070810b4f0}: org/jetbrains/kotlin/gradle/targets/js/npm/DefaultPeerNpmDependencyExtensionCustomizer> (0x000000070810b4f0) 
thrown [s\src\hotspot\share\classfile\systemDictionary.cpp, line 256]
Event: 27.406 Thread 0x00000232246f2700 Exception <a 'java/lang/ClassNotFoundException'{0x0000000708154960}: org/jetbrains/kotlin/gradle/targets/js/npm/DefaultPeerNpmDependencyExtension$delegate$1BeanInfo> (0x0000000708154960) 
thrown [s\src\hotspot\share\classfile\systemDictionary.cpp, line 256]
Event: 27.407 Thread 0x00000232246f2700 Exception <a 'java/lang/ClassNotFoundException'{0x0000000708164a78}: org/jetbrains/kotlin/gradle/targets/js/npm/DefaultPeerNpmDependencyExtension$delegate$1Customizer> (0x0000000708164a78) 
thrown [s\src\hotspot\share\classfile\systemDictionary.cpp, line 256]
Event: 27.433 Thread 0x00000232246f2700 Exception <a 'java/lang/NoSuchMethodError'{0x00000007081f4660}: static Lorg/jetbrains/kotlin/gradle/plugin/internal/DefaultIdeaSyncDetector$createIdeaPropertiesEvaluator$1;.<clinit>()V> (0x00000007081f4660) 
thrown [s\src\hotspot\share\prims\jni.cpp, line 1108]

VM Operations (20 events):
Event: 24.382 Executing VM operation: HandshakeAllThreads done
Event: 24.563 Executing VM operation: G1CollectForAllocation
Event: 24.571 Executing VM operation: G1CollectForAllocation done
Event: 24.696 Executing VM operation: G1Concurrent
Event: 24.701 Executing VM operation: G1Concurrent done
Event: 24.759 Executing VM operation: G1Concurrent
Event: 24.760 Executing VM operation: G1Concurrent done
Event: 25.212 Executing VM operation: G1CollectForAllocation
Event: 25.218 Executing VM operation: G1CollectForAllocation done
Event: 25.979 Executing VM operation: ICBufferFull
Event: 25.979 Executing VM operation: ICBufferFull done
Event: 26.314 Executing VM operation: HandshakeAllThreads
Event: 26.314 Executing VM operation: HandshakeAllThreads done
Event: 26.379 Executing VM operation: G1CollectForAllocation
Event: 26.386 Executing VM operation: G1CollectForAllocation done
Event: 26.527 Executing VM operation: G1Concurrent
Event: 26.533 Executing VM operation: G1Concurrent done
Event: 26.596 Executing VM operation: G1Concurrent
Event: 26.596 Executing VM operation: G1Concurrent done
Event: 27.572 Executing VM operation: G1CollectForAllocation

Events (20 events):
Event: 26.513 loading class java/io/ObjectInputFilter done
Event: 26.513 loading class java/io/ObjectInputFilter$Config$BuiltinFilterFactory
Event: 26.513 loading class java/io/ObjectInputFilter$Config$BuiltinFilterFactory done
Event: 26.513 loading class jdk/internal/access/JavaObjectInputFilterAccess
Event: 26.513 loading class jdk/internal/access/JavaObjectInputFilterAccess done
Event: 26.514 loading class jdk/internal/event/DeserializationEvent
Event: 26.514 loading class jdk/internal/event/DeserializationEvent done
Event: 26.514 loading class java/io/ObjectInputStream$FieldValues
Event: 26.514 loading class java/io/ObjectInputStream$GetField
Event: 26.514 loading class java/io/ObjectInputStream$GetField done
Event: 26.514 loading class java/io/ObjectInputStream$FieldValues done
Event: 26.522 loading class jdk/internal/reflect/UnsafeQualifiedStaticLongFieldAccessorImpl
Event: 26.523 loading class jdk/internal/reflect/UnsafeQualifiedStaticLongFieldAccessorImpl done
Event: 26.602 loading class com/sun/jmx/mbeanserver/StandardMBeanSupport
Event: 26.602 loading class com/sun/jmx/mbeanserver/StandardMBeanSupport done
Event: 26.602 loading class com/sun/jmx/mbeanserver/StandardMBeanIntrospector
Event: 26.602 loading class com/sun/jmx/mbeanserver/StandardMBeanIntrospector done
Event: 26.629 Thread 0x0000023225890ae0 Thread added: 0x0000023225890ae0
Event: 27.028 Thread 0x0000023228fdf0f0 Thread exited: 0x0000023228fdf0f0
Event: 27.184 Thread 0x0000023228fe1970 Thread added: 0x0000023228fe1970


Dynamic libraries:
0x00007ff732f80000 - 0x00007ff732f8a000 	C:\Program Files\Android\Android Studio1\jbr\bin\java.exe
0x00007ffdf9950000 - 0x00007ffdf9b48000 	C:\WINDOWS\SYSTEM32\ntdll.dll
0x00007ffdf8df0000 - 0x00007ffdf8eb2000 	C:\WINDOWS\System32\KERNEL32.DLL
0x00007ffdf71a0000 - 0x00007ffdf749e000 	C:\WINDOWS\System32\KERNELBASE.dll
0x00007ffdf77d0000 - 0x00007ffdf78d0000 	C:\WINDOWS\System32\ucrtbase.dll
0x00007ffdc6080000 - 0x00007ffdc6097000 	C:\Program Files\Android\Android Studio1\jbr\bin\jli.dll
0x00007ffdb9cd0000 - 0x00007ffdb9ceb000 	C:\Program Files\Android\Android Studio1\jbr\bin\VCRUNTIME140.dll
0x00007ffdf8090000 - 0x00007ffdf822d000 	C:\WINDOWS\System32\USER32.dll
0x00007ffdf70f0000 - 0x00007ffdf7112000 	C:\WINDOWS\System32\win32u.dll
0x00007ffdf8ec0000 - 0x00007ffdf8eeb000 	C:\WINDOWS\System32\GDI32.dll
0x00007ffdcdcb0000 - 0x00007ffdcdf4a000 	C:\WINDOWS\WinSxS\amd64_microsoft.windows.common-controls_6595b64144ccf1df_6.0.19041.4355_none_60b8b9eb71f62e16\COMCTL32.dll
0x00007ffdf7600000 - 0x00007ffdf7717000 	C:\WINDOWS\System32\gdi32full.dll
0x00007ffdf9870000 - 0x00007ffdf990e000 	C:\WINDOWS\System32\msvcrt.dll
0x00007ffdf78d0000 - 0x00007ffdf796d000 	C:\WINDOWS\System32\msvcp_win.dll
0x00007ffdf8000000 - 0x00007ffdf802f000 	C:\WINDOWS\System32\IMM32.DLL
0x00007ffdd1650000 - 0x00007ffdd165c000 	C:\Program Files\Android\Android Studio1\jbr\bin\vcruntime140_1.dll
0x00007ffda11e0000 - 0x00007ffda126d000 	C:\Program Files\Android\Android Studio1\jbr\bin\msvcp140.dll
0x00007ffd72ee0000 - 0x00007ffd73b4e000 	C:\Program Files\Android\Android Studio1\jbr\bin\server\jvm.dll
0x00007ffdf7980000 - 0x00007ffdf7a32000 	C:\WINDOWS\System32\ADVAPI32.dll
0x00007ffdf7f60000 - 0x00007ffdf8000000 	C:\WINDOWS\System32\sechost.dll
0x00007ffdf9190000 - 0x00007ffdf92b3000 	C:\WINDOWS\System32\RPCRT4.dll
0x00007ffdf7170000 - 0x00007ffdf7197000 	C:\WINDOWS\System32\bcrypt.dll
0x00007ffdd1570000 - 0x00007ffdd1579000 	C:\WINDOWS\SYSTEM32\WSOCK32.dll
0x00007ffdf9120000 - 0x00007ffdf918b000 	C:\WINDOWS\System32\WS2_32.dll
0x00007ffdcaa90000 - 0x00007ffdcaab7000 	C:\WINDOWS\SYSTEM32\WINMM.dll
0x00007ffde7930000 - 0x00007ffde793a000 	C:\WINDOWS\SYSTEM32\VERSION.dll
0x00007ffdf5800000 - 0x00007ffdf5812000 	C:\WINDOWS\SYSTEM32\kernel.appcore.dll
0x00007ffdd0cb0000 - 0x00007ffdd0cba000 	C:\Program Files\Android\Android Studio1\jbr\bin\jimage.dll
0x00007ffdf1cc0000 - 0x00007ffdf1ea4000 	C:\WINDOWS\SYSTEM32\DBGHELP.DLL
0x00007ffde6c20000 - 0x00007ffde6c54000 	C:\WINDOWS\SYSTEM32\dbgcore.DLL
0x00007ffdf7060000 - 0x00007ffdf70e2000 	C:\WINDOWS\System32\bcryptPrimitives.dll
0x00007ffdab3d0000 - 0x00007ffdab3f5000 	C:\Program Files\Android\Android Studio1\jbr\bin\java.dll
0x00007ffdb6530000 - 0x00007ffdb6548000 	C:\Program Files\Android\Android Studio1\jbr\bin\zip.dll
0x00007ffdf8230000 - 0x00007ffdf899f000 	C:\WINDOWS\System32\SHELL32.dll
0x00007ffdf1eb0000 - 0x00007ffdf2654000 	C:\WINDOWS\SYSTEM32\windows.storage.dll
0x00007ffdf7bf0000 - 0x00007ffdf7f43000 	C:\WINDOWS\System32\combase.dll
0x00007ffdf6870000 - 0x00007ffdf689e000 	C:\WINDOWS\SYSTEM32\Wldp.dll
0x00007ffdf92c0000 - 0x00007ffdf938d000 	C:\WINDOWS\System32\OLEAUT32.dll
0x00007ffdf8ef0000 - 0x00007ffdf8f9d000 	C:\WINDOWS\System32\SHCORE.dll
0x00007ffdf8030000 - 0x00007ffdf8085000 	C:\WINDOWS\System32\shlwapi.dll
0x00007ffdf6f20000 - 0x00007ffdf6f44000 	C:\WINDOWS\SYSTEM32\profapi.dll
0x00007ffdb5e50000 - 0x00007ffdb5e69000 	C:\Program Files\Android\Android Studio1\jbr\bin\net.dll
0x00007ffde92a0000 - 0x00007ffde93ad000 	C:\WINDOWS\SYSTEM32\WINHTTP.dll
0x00007ffdf6650000 - 0x00007ffdf66ba000 	C:\WINDOWS\system32\mswsock.dll
0x00007ffdb4580000 - 0x00007ffdb4596000 	C:\Program Files\Android\Android Studio1\jbr\bin\nio.dll
0x00007ffdced20000 - 0x00007ffdced30000 	C:\Program Files\Android\Android Studio1\jbr\bin\verify.dll
0x00007ffdaad20000 - 0x00007ffdaad47000 	C:\Users\AL Motahida\.gradle\native\c067742578af261105cb4f569cf0c3c89f3d7b1fecec35dd04571415982c5e48\windows-amd64\native-platform.dll
0x00007ffda1090000 - 0x00007ffda11d4000 	C:\Users\AL Motahida\.gradle\native\38dada09dfb8b06ba9b0570ebf7e218e3eb74d4ef43ca46872605cf95ebc2f47\windows-amd64\native-platform-file-events.dll
0x00007ffdcd050000 - 0x00007ffdcd059000 	C:\Program Files\Android\Android Studio1\jbr\bin\management.dll
0x00007ffdcccc0000 - 0x00007ffdccccb000 	C:\Program Files\Android\Android Studio1\jbr\bin\management_ext.dll
0x00007ffdf9860000 - 0x00007ffdf9868000 	C:\WINDOWS\System32\PSAPI.DLL
0x00007ffdf68b0000 - 0x00007ffdf68c8000 	C:\WINDOWS\SYSTEM32\CRYPTSP.dll
0x00007ffdf5f90000 - 0x00007ffdf5fc4000 	C:\WINDOWS\system32\rsaenh.dll
0x00007ffdf6ea0000 - 0x00007ffdf6ece000 	C:\WINDOWS\SYSTEM32\USERENV.dll
0x00007ffdf67e0000 - 0x00007ffdf67ec000 	C:\WINDOWS\SYSTEM32\CRYPTBASE.dll
0x00007ffdf6350000 - 0x00007ffdf638b000 	C:\WINDOWS\SYSTEM32\IPHLPAPI.DLL
0x00007ffdf7970000 - 0x00007ffdf7978000 	C:\WINDOWS\System32\NSI.dll
0x00007ffdeb1b0000 - 0x00007ffdeb1c7000 	C:\WINDOWS\SYSTEM32\dhcpcsvc6.DLL
0x00007ffdeb190000 - 0x00007ffdeb1ad000 	C:\WINDOWS\SYSTEM32\dhcpcsvc.DLL
0x00007ffdf6390000 - 0x00007ffdf645a000 	C:\WINDOWS\SYSTEM32\DNSAPI.dll
0x00007ffdedc50000 - 0x00007ffdedc57000 	C:\WINDOWS\system32\wshunix.dll

dbghelp: loaded successfully - version: 4.0.5 - missing functions: none
symbol engine: initialized successfully - sym options: 0x614 - pdb path: .;C:\Program Files\Android\Android Studio1\jbr\bin;C:\WINDOWS\SYSTEM32;C:\WINDOWS\WinSxS\amd64_microsoft.windows.common-controls_6595b64144ccf1df_6.0.19041.4355_none_60b8b9eb71f62e16;C:\Program Files\Android\Android Studio1\jbr\bin\server;C:\Users\AL Motahida\.gradle\native\c067742578af261105cb4f569cf0c3c89f3d7b1fecec35dd04571415982c5e48\windows-amd64;C:\Users\AL Motahida\.gradle\native\38dada09dfb8b06ba9b0570ebf7e218e3eb74d4ef43ca46872605cf95ebc2f47\windows-amd64

VM Arguments:
jvm_args: -XX:MaxMetaspaceSize=2G -XX:+HeapDumpOnOutOfMemoryError --add-opens=java.base/java.util=ALL-UNNAMED --add-opens=java.base/java.lang=ALL-UNNAMED --add-opens=java.base/java.lang.invoke=ALL-UNNAMED --add-opens=java.prefs/java.util.prefs=ALL-UNNAMED --add-opens=java.base/java.nio.charset=ALL-UNNAMED --add-opens=java.base/java.net=ALL-UNNAMED --add-opens=java.base/java.util.concurrent.atomic=ALL-UNNAMED -Xmx4G -Dfile.encoding=windows-1256 -Duser.country=US -Duser.language=en -Duser.variant 
java_command: org.gradle.launcher.daemon.bootstrap.GradleDaemon 7.6.3
java_class_path (initial): C:\Users\AL Motahida\.gradle\wrapper\dists\gradle-7.6.3-all\aocdy2d2z8kodnny3rsumj8i8\gradle-7.6.3\lib\gradle-launcher-7.6.3.jar
Launcher Type: SUN_STANDARD

[Global flags]
     intx CICompilerCount                          = 3                                         {product} {ergonomic}
     uint ConcGCThreads                            = 1                                         {product} {ergonomic}
     uint G1ConcRefinementThreads                  = 4                                         {product} {ergonomic}
   size_t G1HeapRegionSize                         = 2097152                                   {product} {ergonomic}
    uintx GCDrainStackTargetSize                   = 64                                        {product} {ergonomic}
     bool HeapDumpOnOutOfMemoryError               = true                                   {manageable} {command line}
   size_t InitialHeapSize                          = 132120576                                 {product} {ergonomic}
   size_t MarkStackSize                            = 4194304                                   {product} {ergonomic}
   size_t MaxHeapSize                              = 4294967296                                {product} {command line}
   size_t MaxMetaspaceSize                         = 2147483648                                {product} {command line}
   size_t MaxNewSize                               = 2575302656                                {product} {ergonomic}
   size_t MinHeapDeltaBytes                        = 2097152                                   {product} {ergonomic}
   size_t MinHeapSize                              = 8388608                                   {product} {ergonomic}
    uintx NonNMethodCodeHeapSize                   = 5832780                                {pd product} {ergonomic}
    uintx NonProfiledCodeHeapSize                  = 122912730                              {pd product} {ergonomic}
    uintx ProfiledCodeHeapSize                     = 122912730                              {pd product} {ergonomic}
    uintx ReservedCodeCacheSize                    = 251658240                              {pd product} {ergonomic}
     bool SegmentedCodeCache                       = true                                      {product} {ergonomic}
   size_t SoftMaxHeapSize                          = 4294967296                             {manageable} {ergonomic}
     bool UseCompressedClassPointers               = true                           {product lp64_product} {ergonomic}
     bool UseCompressedOops                        = true                           {product lp64_product} {ergonomic}
     bool UseG1GC                                  = true                                      {product} {ergonomic}
     bool UseLargePagesIndividualAllocation        = false                                  {pd product} {ergonomic}

Logging:
Log output configuration:
 #0: stdout all=warning uptime,level,tags
 #1: stderr all=off uptime,level,tags

Environment Variables:
JAVA_HOME=C:\Program Files\Android\Android Studio1\jbr
CLASSPATH=D:\ehdyyyyy\rct_app\android\\gradle\wrapper\gradle-wrapper.jar
PATH=C:\Program Files\Android\Android Studio1\jbr\bin;C:\Program Files\Microsoft MPI\Bin\;C:\Program Files\Common Files\Oracle\Java\javapath;C:\Program Files (x86)\NVIDIA Corporation\PhysX\Common;C:\WINDOWS\system32;C:\WINDOWS;C:\WINDOWS\System32\Wbem;C:\WINDOWS\System32\WindowsPowerShell\v1.0\;C:\WINDOWS\System32\OpenSSH\;C:\Program Files\Git\cmd;C:\Program Files\Android\Android Studio1\jbr\bin\;C:\Users\AL Motahida\AppData\Local\Pub\Cache\bin;C:\Users\AL Motahida\AppData\Local\npm-cache\_logs\;C:\Program Files\Cloudflare\Cloudflare WARP\;C:\Program Files\Android\Android Studio1\jbr\bin\java;C:\Program Files (x86)\Microsoft SQL Server\160\DTS\Binn\;C:\Program Files\Azure Data Studio\bin;C:\Program Files (x86)\Microsoft SQL Server\160\Tools\Binn\;C:\Program Files\Microsoft SQL Server\160\Tools\Binn\;C:\Program Files\Microsoft SQL Server\Client SDK\ODBC\170\Tools\Binn\;C:\Program Files\Microsoft SQL Server\160\DTS\Binn\;C:\MinGW\bin;C:\Program Files (x86)\Windows Kits\10\Windows Performance Toolkit\;C:\Program Files\dotnet\;C:\src\flutter\flutter\bin;C:\Program Files\nodejs\;C:\Users\AL Motahida\AppData\Local\Programs\Eclipse Adoptium\jdk-17.0.9.9-hotspot\bin;C:\Users\AL Motahida\AppData\Local\Microsoft\WindowsApps;C:\src\flutter\bin;C:\Users\AL Motahida\AppData\Local\Programs\Microsoft VS Code\bin;C:\Users\AL Motahida\Downloads\cmdline-tools\lib;C:\Users\AL Motahida\AppData\Local\npm-cache\_logs\;C:\Program Files\Git\cmd;C:\Program Files\Android\Android Studio1\jbr\bin\;C:\Program Files\Azure Data Studio\bin;C:\Users\AL Motahida\.dotnet\tools;C:\src\flutter\flutter\bin;C:\Users\AL Motahida\AppData\Roaming\npm;C:\src\flutter\bin\mingit\cmd;C:\src\flutter\bin\mingit\cmd
USERNAME=AL Motahida
OS=Windows_NT
PROCESSOR_IDENTIFIER=Intel64 Family 6 Model 142 Stepping 9, GenuineIntel
TMP=C:\Users\ALMOTA~1\AppData\Local\Temp
TEMP=C:\Users\ALMOTA~1\AppData\Local\Temp


JNI global refs:
JNI global refs: 27, weak refs: 3

JNI global refs memory usage: 843, weak refs: 841


---------------  S Y S T E M  ---------------

OS:
 Windows 10 , 64 bit Build 19041 (10.0.19041.4957)
OS uptime: 1 days 21:21 hours
Hyper-V role detected

CPU: total 4 (initial active 4) (2 cores per cpu, 2 threads per core) family 6 model 142 stepping 9 microcode 0xf4, cx8, cmov, fxsr, ht, mmx, 3dnowpref, sse, sse2, sse3, ssse3, sse4.1, sse4.2, popcnt, lzcnt, tsc, tscinvbit, avx, avx2, aes, erms, clmul, bmi1, bmi2, rtm, adx, fma, vzeroupper, clflush, clflushopt, hv

Memory: 4k page, system-wide physical 8050M (491M free)
TotalPageFile size 16100M (AvailPageFile size 5486M)
current process WorkingSet (physical memory assigned to process): 396M, peak: 396M
current process commit charge ("private bytes"): 425M, peak: 425M

vm_info: OpenJDK 64-Bit Server VM (17.0.6+0-b2043.56-10027231) for windows-amd64 JRE (17.0.6+0-b2043.56-10027231), built on Apr 28 2023 00:43:19 by "androidbuild" with MS VC++ 16.10 / 16.11 (VS2019)

END.
