#
# A fatal error has been detected by the Java Runtime Environment:
#
#  EXCEPTION_ACCESS_VIOLATION (0xc0000005) at pc=0x00007ffd79bea242, pid=4836, tid=11620
#
# JRE version: OpenJDK Runtime Environment (17.0.6) (build 17.0.6+0-b2043.56-10027231)
# Java VM: OpenJDK 64-Bit Server VM (17.0.6+0-b2043.56-10027231, mixed mode, tiered, compressed oops, compressed class ptrs, g1 gc, windows-amd64)
# Problematic frame:
# V  [jvm.dll+0x2da242]
#
# No core dump will be written. Minidumps are not enabled by default on client versions of Windows
#
# If you would like to submit a bug report, please visit:
#   https://bugreport.java.com/bugreport/crash.jsp
#

---------------  S U M M A R Y ------------

Command Line: -XX:MaxMetaspaceSize=2G -XX:+HeapDumpOnOutOfMemoryError --add-opens=java.base/java.util=ALL-UNNAMED --add-opens=java.base/java.lang=ALL-UNNAMED --add-opens=java.base/java.lang.invoke=ALL-UNNAMED --add-opens=java.prefs/java.util.prefs=ALL-UNNAMED --add-opens=java.base/java.nio.charset=ALL-UNNAMED --add-opens=java.base/java.net=ALL-UNNAMED --add-opens=java.base/java.util.concurrent.atomic=ALL-UNNAMED -Xmx4G -Dfile.encoding=windows-1256 -Duser.country=US -Duser.language=en -Duser.variant org.gradle.launcher.daemon.bootstrap.GradleDaemon 7.6.3

Host: Intel(R) Core(TM) i5-7300U CPU @ 2.60GHz, 4 cores, 7G,  Windows 10 , 64 bit Build 19041 (10.0.19041.4957)
Time: Wed Nov  6 01:34:16 2024 Egypt Standard Time elapsed time: 30.310008 seconds (0d 0h 0m 30s)

---------------  T H R E A D  ---------------

Current thread (0x000001d4c5886520):  ConcurrentGCThread "G1 Conc#0" [stack: 0x000000ca67f00000,0x000000ca68000000] [id=11620]

Stack: [0x000000ca67f00000,0x000000ca68000000],  sp=0x000000ca67fff6c0,  free space=1021k
Native frames: (J=compiled Java code, j=interpreted, Vv=VM code, C=native code)
V  [jvm.dll+0x2da242]
V  [jvm.dll+0x2d9f8f]
V  [jvm.dll+0x2d81bd]
V  [jvm.dll+0x2d7e01]
V  [jvm.dll+0x2ed9be]
V  [jvm.dll+0x2ea131]
V  [jvm.dll+0x2eba8c]
V  [jvm.dll+0x2eaa64]
V  [jvm.dll+0x2ee5c6]
V  [jvm.dll+0x86fb6b]
V  [jvm.dll+0x86fbb6]
V  [jvm.dll+0x7f274a]
V  [jvm.dll+0x682ad5]
C  [ucrtbase.dll+0x21bb2]
C  [KERNEL32.DLL+0x17374]
C  [ntdll.dll+0x4cc91]


siginfo: EXCEPTION_ACCESS_VIOLATION (0xc0000005), reading address 0x00000000000000c8


Register to memory mapping:

RIP=0x00007ffd79bea242 jvm.dll
RAX=0x000001d4c5829400 points into unknown readable memory: 0x0000000000000000 | 00 00 00 00 00 00 00 00
RBX=0x000001d4c5818680 points into unknown readable memory: 0x00007ffd7a2729c8 | c8 29 27 7a fd 7f 00 00
RCX=0x0000000000000015 is an unknown value
RDX=0x0 is NULL
RSP=0x000000ca67fff6c0 points into unknown readable memory: 0x000000000007270e | 0e 27 07 00 00 00 00 00
RBP=0x0 is NULL
RSI=0x000001d4c5874b20 points into unknown readable memory: 0x000001d4c5885460 | 60 54 88 c5 d4 01 00 00
RDI=0x0000000608fcd1a8 is an unknown value
R8 =0x0000000608fcd1a8 is an unknown value
R9 =0x0 is NULL
R10=0x0000000000000049 is an unknown value
R11=0x0000000000000003 is an unknown value
R12=0x0 is NULL
R13=0xaaaaaaaaaaaaaaab is an unknown value
R14=0x00000008005bcb80 is a pointer to class: 
org.gradle.configuration.internal.DefaultUserCodeApplicationContext$CurrentApplication$1 {0x00000008005bcb88}
 - instance size:     3
 - klass size:        74
 - access:            synchronized 
 - state:             fully_initialized
 - name:              'org/gradle/configuration/internal/DefaultUserCodeApplicationContext$CurrentApplication$1'
 - super:             'java/lang/Object'
 - sub:               
 - arrays:            NULL
 - methods:           Array<T>(0x000001d4eb4792e8)
 - method ordering:   Array<T>(0x000001d4e3c00018)
 - default_methods:   Array<T>(0x0000000000000000)
 - local interfaces:  Array<T>(0x000001d4eb4792b8)
 - trans. interfaces: Array<T>(0x000001d4eb4792b8)
 - constants:         constant pool [69] {0x000001d4eb479010} for 'org/gradle/configuration/internal/DefaultUserCodeApplicationContext$CurrentApplication$1' cache=0x000001d4eb479530
 - class loader data:  loader data: 0x000001d4e44d1b90 for instance a 'org/gradle/internal/classloader/VisitableURLClassLoader'{0x00000007000cf4f0}
 - source file:       'DefaultUserCodeApplicationContext.java'
 - class annotations:       Array<T>(0x0000000000000000)
 - class type annotations:  Array<T>(0x0000000000000000)
 - field annotations:       Array<T>(0x0000000000000000)
 - field type annotations:  Array<T>(0x0000000000000000)
 - generic signature: 'Ljava/lang/Object;Lorg/gradle/api/Action<TT;>;'
 - inner classes:     Array<T>(0x000001d4eb479510)
 - nest members:     Array<T>(0x000001d4e3c00028)
 - permitted subclasses:     Array<T>(0x000001d4e3c00028)
 - java mirror:       a 'java/lang/Class'{0x00000007014f2200} = 'org/gradle/configuration/internal/DefaultUserCodeApplicationContext$CurrentApplication$1'
 - vtable length      6  (start addr: 0x00000008005bcd70)
 - itable length      5 (start addr: 0x00000008005bcda0)
 - ---- static fields (0 words):
 - ---- non-static fields (2 words):
 - final synthetic 'val$action' 'Lorg/gradle/api/Action;' @12 
 - final synthetic 'this$1' 'Lorg/gradle/configuration/internal/DefaultUserCodeApplicationContext$CurrentApplication;' @16 
 - non-static oop maps: 12-16 
R15=0x0000000708fcd190 is an oop: org.gradle.api.internal.DefaultCollectionCallbackActionDecorator$BuildOperationEmittingAction 
{0x0000000708fcd190} - klass: 'org/gradle/api/internal/DefaultCollectionCallbackActionDecorator$BuildOperationEmittingAction'
 - ---- fields (total size 3 words):
 - private final 'applicationId' 'Lorg/gradle/configuration/internal/UserCodeApplicationId;' @12  a 'org/gradle/configuration/internal/UserCodeApplicationId'{0x0000000708d574a0} (e11aae94)
 - private final 'delegate' 'Lorg/gradle/api/Action;' @16  
[error occurred during error reporting (printing register info), id 0xc0000005, EXCEPTION_ACCESS_VIOLATION (0xc0000005) at pc=0x00007ffd79ca59de]

Registers:
RAX=0x000001d4c5829400, RBX=0x000001d4c5818680, RCX=0x0000000000000015, RDX=0x0000000000000000
RSP=0x000000ca67fff6c0, RBP=0x0000000000000000, RSI=0x000001d4c5874b20, RDI=0x0000000608fcd1a8
R8 =0x0000000608fcd1a8, R9 =0x0000000000000000, R10=0x0000000000000049, R11=0x0000000000000003
R12=0x0000000000000000, R13=0xaaaaaaaaaaaaaaab, R14=0x00000008005bcb80, R15=0x0000000708fcd190
RIP=0x00007ffd79bea242, EFLAGS=0x0000000000010207

Top of Stack: (sp=0x000000ca67fff6c0)
0x000000ca67fff6c0:   000000000007270e 0000000001c03a18
0x000000ca67fff6d0:   00002cf6b66ca02c 000000ca67fff890
0x000000ca67fff6e0:   0000000608fcd1a8 00007ffd79be9f8f
0x000000ca67fff6f0:   000001d4c5818680 000000ca67fff890
0x000000ca67fff700:   00000008005bcb78 00007ffd79f8d26c
0x000000ca67fff710:   0000000708fcd1a8 00007ffd79be81bd
0x000000ca67fff720:   0000000708fcd1a0 00007ffd79be87dd
0x000000ca67fff730:   000000ca67fff760 0000000800047128
0x000000ca67fff740:   000000ca67fff850 0000000000000001
0x000000ca67fff750:   0000000708fcd190 00007ffd79be7e01
0x000000ca67fff760:   00000008005bc930 0000000000000003
0x000000ca67fff770:   000000ca67fff890 0000000000000000
0x000000ca67fff780:   000001d4c5818680 00007ffd79bfd9be
0x000000ca67fff790:   0000000708fcd190 000001d4c5874b30
0x000000ca67fff7a0:   000000ca67fff850 000001d4c5874b30
0x000000ca67fff7b0:   0000000708fcd190 00007ffd79bfa131 

Instructions: (pc=0x00007ffd79bea242)
0x00007ffd79bea142:   48 3b c8 75 ee 32 db 48 8b 6c 24 38 0f b6 c3 48
0x00007ffd79bea152:   8b 5c 24 30 48 8b 74 24 40 48 83 c4 20 5f c3 80
0x00007ffd79bea162:   3d a7 66 8b 00 00 b3 01 74 15 8b 57 08 8b 0d 83
0x00007ffd79bea172:   a1 84 00 48 d3 e2 48 03 15 71 a1 84 00 eb 04 48
0x00007ffd79bea182:   8b 57 08 48 8b cf e8 f3 28 d3 ff 4c 63 d8 48 8b
0x00007ffd79bea192:   86 08 03 00 00 4c 8b 04 e8 49 8b 40 18 8b 88 c0
0x00007ffd79bea1a2:   01 00 00 48 8b 90 b8 01 00 00 48 d3 e2 8b 0d 9b
0x00007ffd79bea1b2:   6f 8b 00 48 2b fa 41 8b 50 60 48 d3 ef 44 8b d7
0x00007ffd79bea1c2:   49 23 d2 48 c1 e2 04 49 03 50 40 8b 02 3b c7 74
0x00007ffd79bea1d2:   2d 4c 8b 4a 08 4d 85 c9 74 0c 8b c8 49 8b 40 38
0x00007ffd79bea1e2:   f0 4c 0f c1 0c c8 48 c7 42 08 00 00 00 00 44 89
0x00007ffd79bea1f2:   12 49 ff 40 58 4c 01 5a 08 e9 49 ff ff ff 49 ff
0x00007ffd79bea202:   40 50 4c 01 5a 08 e9 3c ff ff ff cc cc cc 48 89
0x00007ffd79bea212:   6c 24 10 48 89 74 24 18 57 48 83 ec 20 48 8b 41
0x00007ffd79bea222:   08 48 8b f1 4d 8b c8 8b ea 49 8b f8 8b 88 c0 01
0x00007ffd79bea232:   00 00 48 8b 80 b0 01 00 00 49 d3 e9 4e 8b 0c c8
0x00007ffd79bea242:   4d 3b 81 c8 00 00 00 72 12 32 c0 48 8b 6c 24 38
0x00007ffd79bea252:   48 8b 74 24 40 48 83 c4 20 5f c3 48 89 5c 24 30
0x00007ffd79bea262:   48 8b d7 48 8b 9e 98 00 00 00 48 8b cb 48 8b 03
0x00007ffd79bea272:   ff 10 8b 4b 18 48 8b d7 48 2b 53 08 48 8b 43 20
0x00007ffd79bea282:   48 c1 ea 03 48 d3 ea 48 8b ca 48 c1 e9 06 4c 8d
0x00007ffd79bea292:   04 c8 0f b6 ca 49 8b 00 80 e1 3f ba 01 00 00 00
0x00007ffd79bea2a2:   48 d3 e2 48 8b c8 48 0b ca 48 3b c8 74 12 f0 49
0x00007ffd79bea2b2:   0f b1 08 74 25 48 8b c8 48 0b ca 48 3b c8 75 ee
0x00007ffd79bea2c2:   32 db 48 8b 6c 24 38 0f b6 c3 48 8b 5c 24 30 48
0x00007ffd79bea2d2:   8b 74 24 40 48 83 c4 20 5f c3 80 3d 2c 65 8b 00
0x00007ffd79bea2e2:   00 b3 01 74 15 8b 57 08 8b 0d 08 a0 84 00 48 d3
0x00007ffd79bea2f2:   e2 48 03 15 f6 9f 84 00 eb 04 48 8b 57 08 48 8b
0x00007ffd79bea302:   cf e8 78 27 d3 ff 4c 63 d8 48 8b 86 08 03 00 00
0x00007ffd79bea312:   4c 8b 04 e8 49 8b 40 18 8b 88 c0 01 00 00 48 8b
0x00007ffd79bea322:   90 b8 01 00 00 48 d3 e2 8b 0d 20 6e 8b 00 48 2b
0x00007ffd79bea332:   fa 41 8b 50 60 48 d3 ef 44 8b d7 49 23 d2 48 c1 


Stack slot to memory mapping:
stack at sp + 0 slots: 0x000000000007270e is an unknown value
stack at sp + 1 slots: 0x0000000001c03a18 is an unknown value
stack at sp + 2 slots: 0x00002cf6b66ca02c is an unknown value
stack at sp + 3 slots: 0x000000ca67fff890 points into unknown readable memory: 0x00007ffd7a2729e8 | e8 29 27 7a fd 7f 00 00
stack at sp + 4 slots: 0x0000000608fcd1a8 is an unknown value
stack at sp + 5 slots: 0x00007ffd79be9f8f jvm.dll
stack at sp + 6 slots: 0x000001d4c5818680 points into unknown readable memory: 0x00007ffd7a2729c8 | c8 29 27 7a fd 7f 00 00
stack at sp + 7 slots: 0x000000ca67fff890 points into unknown readable memory: 0x00007ffd7a2729e8 | e8 29 27 7a fd 7f 00 00


---------------  P R O C E S S  ---------------

Threads class SMR info:
_java_thread_list=0x000001d4eec98270, length=89, elements={
0x000001d4c5807060, 0x000001d4e4415270, 0x000001d4e4416790, 0x000001d4e39f63e0,
0x000001d4e444fe90, 0x000001d4e4444e80, 0x000001d4e44493e0, 0x000001d4e444a770,
0x000001d4e444b810, 0x000001d4e445a010, 0x000001d4e45cb030, 0x000001d4e45cbd10,
0x000001d4e68546f0, 0x000001d4e4ce7810, 0x000001d4e74e2310, 0x000001d4e74e27e0,
0x000001d4e74e14a0, 0x000001d4e74e2cb0, 0x000001d4e74e1970, 0x000001d4e74e1e40,
0x000001d4e6830190, 0x000001d4e6831000, 0x000001d4e68314d0, 0x000001d4e6832340,
0x000001d4e682ee50, 0x000001d4e6830b30, 0x000001d4e682dfe0, 0x000001d4e682f7f0,
0x000001d4e6830660, 0x000001d4e682d640, 0x000001d4e6834020, 0x000001d4e6831e70,
0x000001d4e6832ce0, 0x000001d4e68331b0, 0x000001d4e682e4b0, 0x000001d4e682e980,
0x000001d4e68344f0, 0x000001d4e68349c0, 0x000001d4e9963c10, 0x000001d4e99640e0,
0x000001d4e99645b0, 0x000001d4e9964a80, 0x000001d4e9962400, 0x000001d4e99628d0,
0x000001d4e99610c0, 0x000001d4e9964f50, 0x000001d4e9962da0, 0x000001d4e9961590,
0x000001d4e9963270, 0x000001d4e9961a60, 0x000001d4e9965420, 0x000001d4e99658f0,
0x000001d4e995f3e0, 0x000001d4e995e0a0, 0x000001d4e995ea40, 0x000001d4e995f8b0,
0x000001d4e9f88be0, 0x000001d4e9f890b0, 0x000001d4e9f8a8c0, 0x000001d4e9f89580,
0x000001d4e9f8ad90, 0x000001d4e9f8b260, 0x000001d4e9f89a50, 0x000001d4e9f89f20,
0x000001d4e9f8b730, 0x000001d4e9f8a3f0, 0x000001d4e9f87d70, 0x000001d4e9f88240,
0x000001d4e9f88710, 0x000001d4e8852230, 0x000001d4e884f210, 0x000001d4e8853f10,
0x000001d4e88543e0, 0x000001d4e8851d60, 0x000001d4e8853a40, 0x000001d4e884d060,
0x000001d4e88548b0, 0x000001d4e8852700, 0x000001d4e884f6e0, 0x000001d4e884d530,
0x000001d4e884fbb0, 0x000001d4e884da00, 0x000001d4e8852bd0, 0x000001d4e8850ef0,
0x000001d4e884ded0, 0x000001d4e8853570, 0x000001d4e8850080, 0x000001d4ea381bd0,
0x000001d4e914caa0
}

Java Threads: ( => current thread )
  0x000001d4c5807060 JavaThread "main" [_thread_blocked, id=17180, stack(0x000000ca67c00000,0x000000ca67d00000)]
  0x000001d4e4415270 JavaThread "Reference Handler" daemon [_thread_blocked, id=10284, stack(0x000000ca68300000,0x000000ca68400000)]
  0x000001d4e4416790 JavaThread "Finalizer" daemon [_thread_blocked, id=10056, stack(0x000000ca68400000,0x000000ca68500000)]
  0x000001d4e39f63e0 JavaThread "Signal Dispatcher" daemon [_thread_blocked, id=8980, stack(0x000000ca68500000,0x000000ca68600000)]
  0x000001d4e444fe90 JavaThread "Attach Listener" daemon [_thread_blocked, id=12212, stack(0x000000ca68600000,0x000000ca68700000)]
  0x000001d4e4444e80 JavaThread "Service Thread" daemon [_thread_blocked, id=1992, stack(0x000000ca68700000,0x000000ca68800000)]
  0x000001d4e44493e0 JavaThread "Monitor Deflation Thread" daemon [_thread_blocked, id=12140, stack(0x000000ca68800000,0x000000ca68900000)]
  0x000001d4e444a770 JavaThread "C2 CompilerThread0" daemon [_thread_in_native, id=8928, stack(0x000000ca68900000,0x000000ca68a00000)]
  0x000001d4e444b810 JavaThread "C1 CompilerThread0" daemon [_thread_blocked, id=9084, stack(0x000000ca68a00000,0x000000ca68b00000)]
  0x000001d4e445a010 JavaThread "Sweeper thread" daemon [_thread_blocked, id=16732, stack(0x000000ca68b00000,0x000000ca68c00000)]
  0x000001d4e45cb030 JavaThread "Common-Cleaner" daemon [_thread_blocked, id=380, stack(0x000000ca68c00000,0x000000ca68d00000)]
  0x000001d4e45cbd10 JavaThread "Notification Thread" daemon [_thread_blocked, id=14420, stack(0x000000ca68d00000,0x000000ca68e00000)]
  0x000001d4e68546f0 JavaThread "Daemon health stats" [_thread_blocked, id=4636, stack(0x000000ca69300000,0x000000ca69400000)]
  0x000001d4e4ce7810 JavaThread "Incoming local TCP Connector on port 62238" [_thread_in_native, id=2664, stack(0x000000ca68f00000,0x000000ca69000000)]
  0x000001d4e74e2310 JavaThread "Daemon periodic checks" [_thread_blocked, id=16712, stack(0x000000ca69400000,0x000000ca69500000)]
  0x000001d4e74e27e0 JavaThread "Daemon" [_thread_blocked, id=7772, stack(0x000000ca69600000,0x000000ca69700000)]
  0x000001d4e74e14a0 JavaThread "Handler for socket connection from /127.0.0.1:62238 to /127.0.0.1:62239" [_thread_in_native, id=13716, stack(0x000000ca69700000,0x000000ca69800000)]
  0x000001d4e74e2cb0 JavaThread "Cancel handler" [_thread_blocked, id=14308, stack(0x000000ca69800000,0x000000ca69900000)]
  0x000001d4e74e1970 JavaThread "Daemon worker" [_thread_in_vm, id=4428, stack(0x000000ca69900000,0x000000ca69a00000)]
  0x000001d4e74e1e40 JavaThread "Asynchronous log dispatcher for DefaultDaemonConnection: socket connection from /127.0.0.1:62238 to /127.0.0.1:62239" [_thread_blocked, id=5312, stack(0x000000ca69a00000,0x000000ca69b00000)]
  0x000001d4e6830190 JavaThread "Stdin handler" [_thread_blocked, id=3168, stack(0x000000ca69b00000,0x000000ca69c00000)]
  0x000001d4e6831000 JavaThread "Daemon client event forwarder" [_thread_blocked, id=11808, stack(0x000000ca69c00000,0x000000ca69d00000)]
  0x000001d4e68314d0 JavaThread "Cache worker for journal cache (C:\Users\AL Motahida\.gradle\caches\journal-1)" [_thread_blocked, id=5808, stack(0x000000ca69d00000,0x000000ca69e00000)]
  0x000001d4e6832340 JavaThread "File lock request listener" [_thread_in_native, id=4272, stack(0x000000ca69e00000,0x000000ca69f00000)]
  0x000001d4e682ee50 JavaThread "Cache worker for file hash cache (C:\Users\AL Motahida\.gradle\caches\7.6.3\fileHashes)" [_thread_blocked, id=6572, stack(0x000000ca69f00000,0x000000ca6a000000)]
  0x000001d4e6830b30 JavaThread "File watcher server" daemon [_thread_in_native, id=9908, stack(0x000000ca6a000000,0x000000ca6a100000)]
  0x000001d4e682dfe0 JavaThread "File watcher consumer" daemon [_thread_blocked, id=15332, stack(0x000000ca6a100000,0x000000ca6a200000)]
  0x000001d4e682f7f0 JavaThread "Cache worker for checksums cache (D:\ehdyyyyy\rct_app\android\.gradle\7.6.3\checksums)" [_thread_blocked, id=11836, stack(0x000000ca6a200000,0x000000ca6a300000)]
  0x000001d4e6830660 JavaThread "Cache worker for cache directory md-rule (C:\Users\AL Motahida\.gradle\caches\7.6.3\md-rule)" [_thread_blocked, id=14952, stack(0x000000ca6a300000,0x000000ca6a400000)]
  0x000001d4e682d640 JavaThread "Cache worker for file content cache (C:\Users\AL Motahida\.gradle\caches\7.6.3\fileContent)" [_thread_blocked, id=15176, stack(0x000000ca6a400000,0x000000ca6a500000)]
  0x000001d4e6834020 JavaThread "Cache worker for file hash cache (D:\ehdyyyyy\rct_app\android\.gradle\7.6.3\fileHashes)" [_thread_blocked, id=5488, stack(0x000000ca6a500000,0x000000ca6a600000)]
  0x000001d4e6831e70 JavaThread "Cache worker for cache directory md-supplier (C:\Users\AL Motahida\.gradle\caches\7.6.3\md-supplier)" [_thread_blocked, id=13860, stack(0x000000ca6a600000,0x000000ca6a700000)]
  0x000001d4e6832ce0 JavaThread "Cache worker for execution history cache (C:\Users\AL Motahida\.gradle\caches\7.6.3\executionHistory)" [_thread_blocked, id=10044, stack(0x000000ca6a700000,0x000000ca6a800000)]
  0x000001d4e68331b0 JavaThread "jar transforms" [_thread_blocked, id=11156, stack(0x000000ca6a800000,0x000000ca6a900000)]
  0x000001d4e682e4b0 JavaThread "Cache worker for kotlin-dsl (C:\Users\AL Motahida\.gradle\caches\7.6.3\kotlin-dsl)" [_thread_blocked, id=9992, stack(0x000000ca6a900000,0x000000ca6aa00000)]
  0x000001d4e682e980 JavaThread "jar transforms Thread 2" [_thread_blocked, id=13008, stack(0x000000ca6aa00000,0x000000ca6ab00000)]
  0x000001d4e68344f0 JavaThread "Cache worker for dependencies-accessors (D:\ehdyyyyy\rct_app\android\.gradle\7.6.3\dependencies-accessors)" [_thread_blocked, id=2776, stack(0x000000ca6ab00000,0x000000ca6ac00000)]
  0x000001d4e68349c0 JavaThread "Cache worker for Build Output Cleanup Cache (C:\src\flutter\packages\flutter_tools\gradle\.gradle\buildOutputCleanup)" [_thread_blocked, id=12252, stack(0x000000ca6ac00000,0x000000ca6ad00000)]
  0x000001d4e9963c10 JavaThread "jar transforms Thread 3" [_thread_blocked, id=8500, stack(0x000000ca6ad00000,0x000000ca6ae00000)]
  0x000001d4e99640e0 JavaThread "Memory manager" [_thread_blocked, id=11008, stack(0x000000ca6ae00000,0x000000ca6af00000)]
  0x000001d4e99645b0 JavaThread "jar transforms Thread 4" [_thread_blocked, id=4820, stack(0x000000ca6af00000,0x000000ca6b000000)]
  0x000001d4e9964a80 JavaThread "included builds" [_thread_blocked, id=7940, stack(0x000000ca6b000000,0x000000ca6b100000)]
  0x000001d4e9962400 JavaThread "Execution worker" [_thread_blocked, id=13872, stack(0x000000ca6b100000,0x000000ca6b200000)]
  0x000001d4e99628d0 JavaThread "Execution worker Thread 2" [_thread_blocked, id=9568, stack(0x000000ca6b200000,0x000000ca6b300000)]
  0x000001d4e99610c0 JavaThread "Execution worker Thread 3" [_thread_blocked, id=14164, stack(0x000000ca6b300000,0x000000ca6b400000)]
  0x000001d4e9964f50 JavaThread "Cache worker for execution history cache (C:\src\flutter\packages\flutter_tools\gradle\.gradle\7.6.3\executionHistory)" [_thread_blocked, id=10732, stack(0x000000ca6b400000,0x000000ca6b500000)]
  0x000001d4e9962da0 JavaThread "Unconstrained build operations" [_thread_blocked, id=14492, stack(0x000000ca6b500000,0x000000ca6b600000)]
  0x000001d4e9961590 JavaThread "Unconstrained build operations Thread 2" [_thread_blocked, id=8656, stack(0x000000ca6b600000,0x000000ca6b700000)]
  0x000001d4e9963270 JavaThread "Unconstrained build operations Thread 3" [_thread_blocked, id=4732, stack(0x000000ca6b700000,0x000000ca6b800000)]
  0x000001d4e9961a60 JavaThread "Unconstrained build operations Thread 4" [_thread_blocked, id=3324, stack(0x000000ca6b800000,0x000000ca6b900000)]
  0x000001d4e9965420 JavaThread "Unconstrained build operations Thread 5" [_thread_blocked, id=14144, stack(0x000000ca6b900000,0x000000ca6ba00000)]
  0x000001d4e99658f0 JavaThread "Unconstrained build operations Thread 6" [_thread_blocked, id=5424, stack(0x000000ca6ba00000,0x000000ca6bb00000)]
  0x000001d4e995f3e0 JavaThread "Unconstrained build operations Thread 7" [_thread_blocked, id=16912, stack(0x000000ca6bb00000,0x000000ca6bc00000)]
  0x000001d4e995e0a0 JavaThread "Unconstrained build operations Thread 8" [_thread_blocked, id=11720, stack(0x000000ca6bc00000,0x000000ca6bd00000)]
  0x000001d4e995ea40 JavaThread "Unconstrained build operations Thread 9" [_thread_blocked, id=2392, stack(0x000000ca6bd00000,0x000000ca6be00000)]
  0x000001d4e995f8b0 JavaThread "Unconstrained build operations Thread 10" [_thread_blocked, id=3060, stack(0x000000ca6be00000,0x000000ca6bf00000)]
  0x000001d4e9f88be0 JavaThread "Unconstrained build operations Thread 11" [_thread_blocked, id=16260, stack(0x000000ca6bf00000,0x000000ca6c000000)]
  0x000001d4e9f890b0 JavaThread "Unconstrained build operations Thread 12" [_thread_blocked, id=2580, stack(0x000000ca6c000000,0x000000ca6c100000)]
  0x000001d4e9f8a8c0 JavaThread "Unconstrained build operations Thread 13" [_thread_blocked, id=7228, stack(0x000000ca6c100000,0x000000ca6c200000)]
  0x000001d4e9f89580 JavaThread "Unconstrained build operations Thread 14" [_thread_blocked, id=12636, stack(0x000000ca6c200000,0x000000ca6c300000)]
  0x000001d4e9f8ad90 JavaThread "Unconstrained build operations Thread 15" [_thread_blocked, id=8132, stack(0x000000ca6c300000,0x000000ca6c400000)]
  0x000001d4e9f8b260 JavaThread "Unconstrained build operations Thread 16" [_thread_blocked, id=10656, stack(0x000000ca6c400000,0x000000ca6c500000)]
  0x000001d4e9f89a50 JavaThread "Unconstrained build operations Thread 17" [_thread_blocked, id=15780, stack(0x000000ca6c500000,0x000000ca6c600000)]
  0x000001d4e9f89f20 JavaThread "Unconstrained build operations Thread 18" [_thread_blocked, id=8160, stack(0x000000ca6c600000,0x000000ca6c700000)]
  0x000001d4e9f8b730 JavaThread "Unconstrained build operations Thread 19" [_thread_blocked, id=15920, stack(0x000000ca6c700000,0x000000ca6c800000)]
  0x000001d4e9f8a3f0 JavaThread "Unconstrained build operations Thread 20" [_thread_blocked, id=10072, stack(0x000000ca6c800000,0x000000ca6c900000)]
  0x000001d4e9f87d70 JavaThread "Unconstrained build operations Thread 21" [_thread_blocked, id=15384, stack(0x000000ca6c900000,0x000000ca6ca00000)]
  0x000001d4e9f88240 JavaThread "Unconstrained build operations Thread 22" [_thread_blocked, id=13552, stack(0x000000ca6ca00000,0x000000ca6cb00000)]
  0x000001d4e9f88710 JavaThread "Unconstrained build operations Thread 23" [_thread_blocked, id=6528, stack(0x000000ca6cb00000,0x000000ca6cc00000)]
  0x000001d4e8852230 JavaThread "Unconstrained build operations Thread 24" [_thread_blocked, id=9424, stack(0x000000ca6cc00000,0x000000ca6cd00000)]
  0x000001d4e884f210 JavaThread "Unconstrained build operations Thread 25" [_thread_blocked, id=7888, stack(0x000000ca6cd00000,0x000000ca6ce00000)]
  0x000001d4e8853f10 JavaThread "Unconstrained build operations Thread 26" [_thread_blocked, id=11460, stack(0x000000ca6ce00000,0x000000ca6cf00000)]
  0x000001d4e88543e0 JavaThread "Unconstrained build operations Thread 27" [_thread_blocked, id=16040, stack(0x000000ca6cf00000,0x000000ca6d000000)]
  0x000001d4e8851d60 JavaThread "Unconstrained build operations Thread 28" [_thread_blocked, id=15984, stack(0x000000ca6d000000,0x000000ca6d100000)]
  0x000001d4e8853a40 JavaThread "Unconstrained build operations Thread 29" [_thread_blocked, id=13488, stack(0x000000ca6d100000,0x000000ca6d200000)]
  0x000001d4e884d060 JavaThread "Unconstrained build operations Thread 30" [_thread_blocked, id=15348, stack(0x000000ca6d200000,0x000000ca6d300000)]
  0x000001d4e88548b0 JavaThread "Unconstrained build operations Thread 31" [_thread_blocked, id=5380, stack(0x000000ca6d300000,0x000000ca6d400000)]
  0x000001d4e8852700 JavaThread "Unconstrained build operations Thread 32" [_thread_blocked, id=3032, stack(0x000000ca6d400000,0x000000ca6d500000)]
  0x000001d4e884f6e0 JavaThread "Unconstrained build operations Thread 33" [_thread_blocked, id=8024, stack(0x000000ca6d500000,0x000000ca6d600000)]
  0x000001d4e884d530 JavaThread "Unconstrained build operations Thread 34" [_thread_blocked, id=4924, stack(0x000000ca6d600000,0x000000ca6d700000)]
  0x000001d4e884fbb0 JavaThread "Unconstrained build operations Thread 35" [_thread_blocked, id=15792, stack(0x000000ca6d700000,0x000000ca6d800000)]
  0x000001d4e884da00 JavaThread "Unconstrained build operations Thread 36" [_thread_blocked, id=13896, stack(0x000000ca6d800000,0x000000ca6d900000)]
  0x000001d4e8852bd0 JavaThread "Unconstrained build operations Thread 37" [_thread_blocked, id=10632, stack(0x000000ca6d900000,0x000000ca6da00000)]
  0x000001d4e8850ef0 JavaThread "Unconstrained build operations Thread 38" [_thread_blocked, id=14868, stack(0x000000ca6da00000,0x000000ca6db00000)]
  0x000001d4e884ded0 JavaThread "Unconstrained build operations Thread 39" [_thread_blocked, id=4868, stack(0x000000ca6db00000,0x000000ca6dc00000)]
  0x000001d4e8853570 JavaThread "Unconstrained build operations Thread 40" [_thread_blocked, id=9588, stack(0x000000ca6dc00000,0x000000ca6dd00000)]
  0x000001d4e8850080 JavaThread "Cache worker for Build Output Cleanup Cache (D:\ehdyyyyy\rct_app\android\.gradle\buildOutputCleanup)" [_thread_blocked, id=4648, stack(0x000000ca6dd00000,0x000000ca6de00000)]
  0x000001d4ea381bd0 JavaThread "build event listener" [_thread_blocked, id=8128, stack(0x000000ca6de00000,0x000000ca6df00000)]
  0x000001d4e914caa0 JavaThread "C2 CompilerThread1" daemon [_thread_in_native, id=15972, stack(0x000000ca69500000,0x000000ca69600000)]

Other Threads:
  0x000001d4e39dd7e0 VMThread "VM Thread" [stack: 0x000000ca68200000,0x000000ca68300000] [id=11780]
  0x000001d4e45cc5f0 WatcherThread [stack: 0x000000ca68e00000,0x000000ca68f00000] [id=6464]
  0x000001d4c5873600 GCTaskThread "GC Thread#0" [stack: 0x000000ca67d00000,0x000000ca67e00000] [id=14296]
  0x000001d4e4b4d9a0 GCTaskThread "GC Thread#1" [stack: 0x000000ca69000000,0x000000ca69100000] [id=10936]
  0x000001d4e4730960 GCTaskThread "GC Thread#2" [stack: 0x000000ca69100000,0x000000ca69200000] [id=16752]
  0x000001d4e5242f70 GCTaskThread "GC Thread#3" [stack: 0x000000ca69200000,0x000000ca69300000] [id=8164]
  0x000001d4c5885460 ConcurrentGCThread "G1 Main Marker" [stack: 0x000000ca67e00000,0x000000ca67f00000] [id=10108]
=>0x000001d4c5886520 ConcurrentGCThread "G1 Conc#0" [stack: 0x000000ca67f00000,0x000000ca68000000] [id=11620]
  0x000001d4c58c2910 ConcurrentGCThread "G1 Refine#0" [stack: 0x000000ca68000000,0x000000ca68100000] [id=13180]
  0x000001d4c58c3240 ConcurrentGCThread "G1 Service" [stack: 0x000000ca68100000,0x000000ca68200000] [id=6188]

Threads with active compile tasks:
C2 CompilerThread0    30437 13499       4       org.apache.commons.io.FilenameUtils::getPrefixLength (343 bytes)
C1 CompilerThread0    30438 13519       1       org.jetbrains.kotlin.gradle.dsl.KotlinCommonCompilerToolOptionsDefault::getVerbose (5 bytes)
C2 CompilerThread1    30438 13429       4       org.gradle.api.internal.artifacts.ivyservice.resolveengine.graph.builder.DependencyGraphBuilder::resolveEdges (43 bytes)

VM state: not at safepoint (normal execution)

VM Mutex/Monitor currently owned by a thread: None

Heap address: 0x0000000700000000, size: 4096 MB, Compressed Oops mode: Zero based, Oop shift amount: 3

CDS archive(s) not mapped
Compressed class space mapped at: 0x0000000800000000-0x0000000840000000, reserved size: 1073741824
Narrow klass base: 0x0000000800000000, Narrow klass shift: 0, Narrow klass range: 0x40000000

GC Precious Log:
 CPUs: 4 total, 4 available
 Memory: 8050M
 Large Page Support: Disabled
 NUMA Support: Disabled
 Compressed Oops: Enabled (Zero based)
 Heap Region Size: 2M
 Heap Min Capacity: 8M
 Heap Initial Capacity: 126M
 Heap Max Capacity: 4G
 Pre-touch: Disabled
 Parallel Workers: 4
 Concurrent Workers: 1
 Concurrent Refinement Workers: 4
 Periodic GC: Disabled

Heap:
 garbage-first heap   total 329728K, used 185238K [0x0000000700000000, 0x0000000800000000)
  region size 2048K, 14 young (28672K), 4 survivors (8192K)
 Metaspace       used 98658K, committed 100032K, reserved 1138688K
  class space    used 13688K, committed 14272K, reserved 1048576K

Heap Regions: E=young(eden), S=young(survivor), O=old, HS=humongous(starts), HC=humongous(continues), CS=collection set, F=free, OA=open archive, CA=closed archive, TAMS=top-at-mark-start (previous, next)
|   0|0x0000000700000000, 0x0000000700200000, 0x0000000700200000|100%| O|  |TAMS 0x0000000700200000, 0x0000000700200000| Untracked 
|   1|0x0000000700200000, 0x0000000700400000, 0x0000000700400000|100%|HS|  |TAMS 0x0000000700400000, 0x0000000700400000| Complete 
|   2|0x0000000700400000, 0x0000000700600000, 0x0000000700600000|100%|HC|  |TAMS 0x0000000700600000, 0x0000000700600000| Complete 
|   3|0x0000000700600000, 0x00000007007e1800, 0x0000000700800000| 94%| O|  |TAMS 0x00000007007e1800, 0x00000007007e1800| Untracked 
|   4|0x0000000700800000, 0x0000000700a00000, 0x0000000700a00000|100%| O|  |TAMS 0x0000000700a00000, 0x0000000700a00000| Untracked 
|   5|0x0000000700a00000, 0x0000000700c00000, 0x0000000700c00000|100%| O|  |TAMS 0x0000000700c00000, 0x0000000700c00000| Untracked 
|   6|0x0000000700c00000, 0x0000000700e00000, 0x0000000700e00000|100%| O|  |TAMS 0x0000000700e00000, 0x0000000700e00000| Untracked 
|   7|0x0000000700e00000, 0x0000000701000000, 0x0000000701000000|100%| O|  |TAMS 0x0000000701000000, 0x0000000701000000| Untracked 
|   8|0x0000000701000000, 0x0000000701200000, 0x0000000701200000|100%| O|  |TAMS 0x0000000701200000, 0x0000000701200000| Untracked 
|   9|0x0000000701200000, 0x0000000701400000, 0x0000000701400000|100%| O|  |TAMS 0x0000000701400000, 0x0000000701400000| Untracked 
|  10|0x0000000701400000, 0x0000000701600000, 0x0000000701600000|100%| O|  |TAMS 0x0000000701600000, 0x0000000701600000| Untracked 
|  11|0x0000000701600000, 0x0000000701800000, 0x0000000701800000|100%| O|  |TAMS 0x0000000701800000, 0x0000000701800000| Untracked 
|  12|0x0000000701800000, 0x0000000701a00000, 0x0000000701a00000|100%| O|  |TAMS 0x0000000701a00000, 0x0000000701a00000| Untracked 
|  13|0x0000000701a00000, 0x0000000701c00000, 0x0000000701c00000|100%| O|  |TAMS 0x0000000701c00000, 0x0000000701c00000| Untracked 
|  14|0x0000000701c00000, 0x0000000701e00000, 0x0000000701e00000|100%| O|  |TAMS 0x0000000701e00000, 0x0000000701e00000| Untracked 
|  15|0x0000000701e00000, 0x0000000702000000, 0x0000000702000000|100%| O|  |TAMS 0x0000000702000000, 0x0000000702000000| Untracked 
|  16|0x0000000702000000, 0x0000000702200000, 0x0000000702200000|100%| O|  |TAMS 0x0000000702200000, 0x0000000702200000| Untracked 
|  17|0x0000000702200000, 0x0000000702400000, 0x0000000702400000|100%| O|  |TAMS 0x0000000702400000, 0x0000000702400000| Untracked 
|  18|0x0000000702400000, 0x0000000702600000, 0x0000000702600000|100%| O|  |TAMS 0x0000000702600000, 0x0000000702600000| Untracked 
|  19|0x0000000702600000, 0x0000000702800000, 0x0000000702800000|100%| O|  |TAMS 0x0000000702800000, 0x0000000702800000| Untracked 
|  20|0x0000000702800000, 0x0000000702a00000, 0x0000000702a00000|100%| O|  |TAMS 0x0000000702a00000, 0x0000000702a00000| Untracked 
|  21|0x0000000702a00000, 0x0000000702c00000, 0x0000000702c00000|100%| O|  |TAMS 0x0000000702c00000, 0x0000000702c00000| Untracked 
|  22|0x0000000702c00000, 0x0000000702e00000, 0x0000000702e00000|100%|HS|  |TAMS 0x0000000702e00000, 0x0000000702e00000| Complete 
|  23|0x0000000702e00000, 0x0000000703000000, 0x0000000703000000|100%|HS|  |TAMS 0x0000000703000000, 0x0000000703000000| Complete 
|  24|0x0000000703000000, 0x0000000703200000, 0x0000000703200000|100%|HC|  |TAMS 0x0000000703200000, 0x0000000703200000| Complete 
|  25|0x0000000703200000, 0x0000000703400000, 0x0000000703400000|100%| O|  |TAMS 0x0000000703400000, 0x0000000703400000| Untracked 
|  26|0x0000000703400000, 0x0000000703600000, 0x0000000703600000|100%|HS|  |TAMS 0x0000000703600000, 0x0000000703600000| Complete 
|  27|0x0000000703600000, 0x0000000703800000, 0x0000000703800000|100%| O|  |TAMS 0x0000000703800000, 0x0000000703800000| Untracked 
|  28|0x0000000703800000, 0x0000000703a00000, 0x0000000703a00000|100%| O|  |TAMS 0x0000000703a00000, 0x0000000703a00000| Untracked 
|  29|0x0000000703a00000, 0x0000000703c00000, 0x0000000703c00000|100%| O|  |TAMS 0x0000000703c00000, 0x0000000703c00000| Untracked 
|  30|0x0000000703c00000, 0x0000000703e00000, 0x0000000703e00000|100%| O|  |TAMS 0x0000000703e00000, 0x0000000703e00000| Untracked 
|  31|0x0000000703e00000, 0x0000000704000000, 0x0000000704000000|100%| O|  |TAMS 0x0000000704000000, 0x0000000704000000| Untracked 
|  32|0x0000000704000000, 0x0000000704200000, 0x0000000704200000|100%| O|  |TAMS 0x0000000704200000, 0x0000000704200000| Untracked 
|  33|0x0000000704200000, 0x0000000704400000, 0x0000000704400000|100%| O|  |TAMS 0x0000000704400000, 0x0000000704400000| Untracked 
|  34|0x0000000704400000, 0x0000000704600000, 0x0000000704600000|100%| O|  |TAMS 0x0000000704600000, 0x0000000704600000| Untracked 
|  35|0x0000000704600000, 0x0000000704800000, 0x0000000704800000|100%| O|  |TAMS 0x0000000704800000, 0x0000000704800000| Untracked 
|  36|0x0000000704800000, 0x0000000704a00000, 0x0000000704a00000|100%| O|  |TAMS 0x0000000704a00000, 0x0000000704a00000| Untracked 
|  37|0x0000000704a00000, 0x0000000704c00000, 0x0000000704c00000|100%| O|  |TAMS 0x0000000704c00000, 0x0000000704c00000| Untracked 
|  38|0x0000000704c00000, 0x0000000704e00000, 0x0000000704e00000|100%| O|  |TAMS 0x0000000704e00000, 0x0000000704e00000| Untracked 
|  39|0x0000000704e00000, 0x0000000705000000, 0x0000000705000000|100%| O|  |TAMS 0x0000000705000000, 0x0000000705000000| Untracked 
|  40|0x0000000705000000, 0x0000000705200000, 0x0000000705200000|100%|HS|  |TAMS 0x0000000705200000, 0x0000000705200000| Complete 
|  41|0x0000000705200000, 0x0000000705400000, 0x0000000705400000|100%|HC|  |TAMS 0x0000000705400000, 0x0000000705400000| Complete 
|  42|0x0000000705400000, 0x0000000705600000, 0x0000000705600000|100%| O|  |TAMS 0x0000000705600000, 0x0000000705600000| Untracked 
|  43|0x0000000705600000, 0x0000000705800000, 0x0000000705800000|100%| O|  |TAMS 0x0000000705800000, 0x0000000705800000| Untracked 
|  44|0x0000000705800000, 0x0000000705a00000, 0x0000000705a00000|100%| O|  |TAMS 0x0000000705a00000, 0x0000000705a00000| Untracked 
|  45|0x0000000705a00000, 0x0000000705c00000, 0x0000000705c00000|100%| O|  |TAMS 0x0000000705c00000, 0x0000000705c00000| Untracked 
|  46|0x0000000705c00000, 0x0000000705e00000, 0x0000000705e00000|100%| O|  |TAMS 0x0000000705e00000, 0x0000000705e00000| Untracked 
|  47|0x0000000705e00000, 0x0000000706000000, 0x0000000706000000|100%| O|  |TAMS 0x0000000706000000, 0x0000000706000000| Untracked 
|  48|0x0000000706000000, 0x0000000706200000, 0x0000000706200000|100%| O|  |TAMS 0x0000000706200000, 0x0000000706200000| Untracked 
|  49|0x0000000706200000, 0x0000000706400000, 0x0000000706400000|100%| O|  |TAMS 0x0000000706400000, 0x0000000706400000| Untracked 
|  50|0x0000000706400000, 0x0000000706600000, 0x0000000706600000|100%| O|  |TAMS 0x0000000706600000, 0x0000000706600000| Untracked 
|  51|0x0000000706600000, 0x0000000706800000, 0x0000000706800000|100%| O|  |TAMS 0x0000000706800000, 0x0000000706800000| Untracked 
|  52|0x0000000706800000, 0x0000000706a00000, 0x0000000706a00000|100%| O|  |TAMS 0x0000000706a00000, 0x0000000706a00000| Untracked 
|  53|0x0000000706a00000, 0x0000000706c00000, 0x0000000706c00000|100%| O|  |TAMS 0x0000000706c00000, 0x0000000706c00000| Untracked 
|  54|0x0000000706c00000, 0x0000000706e00000, 0x0000000706e00000|100%| O|  |TAMS 0x0000000706e00000, 0x0000000706e00000| Untracked 
|  55|0x0000000706e00000, 0x0000000707000000, 0x0000000707000000|100%| O|  |TAMS 0x0000000707000000, 0x0000000707000000| Untracked 
|  56|0x0000000707000000, 0x0000000707200000, 0x0000000707200000|100%| O|  |TAMS 0x0000000707200000, 0x0000000707200000| Untracked 
|  57|0x0000000707200000, 0x0000000707400000, 0x0000000707400000|100%| O|  |TAMS 0x0000000707400000, 0x0000000707400000| Untracked 
|  58|0x0000000707400000, 0x0000000707600000, 0x0000000707600000|100%| O|  |TAMS 0x0000000707600000, 0x0000000707600000| Untracked 
|  59|0x0000000707600000, 0x0000000707800000, 0x0000000707800000|100%|HS|  |TAMS 0x0000000707800000, 0x0000000707800000| Complete 
|  60|0x0000000707800000, 0x0000000707a00000, 0x0000000707a00000|100%|HC|  |TAMS 0x0000000707a00000, 0x0000000707a00000| Complete 
|  61|0x0000000707a00000, 0x0000000707c00000, 0x0000000707c00000|100%| O|  |TAMS 0x0000000707c00000, 0x0000000707c00000| Untracked 
|  62|0x0000000707c00000, 0x0000000707e00000, 0x0000000707e00000|100%| O|  |TAMS 0x0000000707e00000, 0x0000000707e00000| Untracked 
|  63|0x0000000707e00000, 0x0000000708000000, 0x0000000708000000|100%| O|  |TAMS 0x0000000708000000, 0x0000000708000000| Untracked 
|  64|0x0000000708000000, 0x0000000708200000, 0x0000000708200000|100%| O|  |TAMS 0x0000000708200000, 0x0000000708200000| Untracked 
|  65|0x0000000708200000, 0x0000000708304000, 0x0000000708400000| 50%| O|  |TAMS 0x0000000708200000, 0x0000000708200000| Untracked 
|  66|0x0000000708400000, 0x0000000708600000, 0x0000000708600000|100%| O|  |TAMS 0x0000000708400000, 0x0000000708600000| Untracked 
|  67|0x0000000708600000, 0x0000000708800000, 0x0000000708800000|100%| O|  |TAMS 0x0000000708600000, 0x0000000708800000| Untracked 
|  68|0x0000000708800000, 0x0000000708a00000, 0x0000000708a00000|100%| O|  |TAMS 0x0000000708800000, 0x0000000708a00000| Untracked 
|  69|0x0000000708a00000, 0x0000000708c00000, 0x0000000708c00000|100%| O|  |TAMS 0x0000000708a00000, 0x0000000708c00000| Untracked 
|  70|0x0000000708c00000, 0x0000000708e00000, 0x0000000708e00000|100%| O|  |TAMS 0x0000000708c00000, 0x0000000708e00000| Untracked 
|  71|0x0000000708e00000, 0x0000000709000000, 0x0000000709000000|100%| O|  |TAMS 0x0000000708e00000, 0x0000000709000000| Untracked 
|  72|0x0000000709000000, 0x0000000709200000, 0x0000000709200000|100%| O|  |TAMS 0x0000000709000000, 0x0000000709200000| Untracked 
|  73|0x0000000709200000, 0x0000000709400000, 0x0000000709400000|100%| O|  |TAMS 0x0000000709200000, 0x0000000709400000| Untracked 
|  74|0x0000000709400000, 0x0000000709600000, 0x0000000709600000|100%| O|  |TAMS 0x0000000709400000, 0x0000000709600000| Untracked 
|  75|0x0000000709600000, 0x0000000709800000, 0x0000000709800000|100%| O|  |TAMS 0x0000000709600000, 0x0000000709800000| Untracked 
|  76|0x0000000709800000, 0x0000000709a00000, 0x0000000709a00000|100%| O|  |TAMS 0x0000000709800000, 0x0000000709a00000| Untracked 
|  77|0x0000000709a00000, 0x0000000709c00000, 0x0000000709c00000|100%| O|  |TAMS 0x0000000709a00000, 0x0000000709b00e00| Untracked 
|  78|0x0000000709c00000, 0x0000000709c00000, 0x0000000709e00000|  0%| F|  |TAMS 0x0000000709c00000, 0x0000000709c00000| Untracked 
|  79|0x0000000709e00000, 0x0000000709e00000, 0x000000070a000000|  0%| F|  |TAMS 0x0000000709e00000, 0x0000000709e00000| Untracked 
|  80|0x000000070a000000, 0x000000070a000000, 0x000000070a200000|  0%| F|  |TAMS 0x000000070a000000, 0x000000070a000000| Untracked 
|  81|0x000000070a200000, 0x000000070a200000, 0x000000070a400000|  0%| F|  |TAMS 0x000000070a200000, 0x000000070a200000| Untracked 
|  82|0x000000070a400000, 0x000000070a400000, 0x000000070a600000|  0%| F|  |TAMS 0x000000070a400000, 0x000000070a400000| Untracked 
|  83|0x000000070a600000, 0x000000070a600000, 0x000000070a800000|  0%| F|  |TAMS 0x000000070a600000, 0x000000070a600000| Untracked 
|  84|0x000000070a800000, 0x000000070a800000, 0x000000070aa00000|  0%| F|  |TAMS 0x000000070a800000, 0x000000070a800000| Untracked 
|  85|0x000000070aa00000, 0x000000070aa00000, 0x000000070ac00000|  0%| F|  |TAMS 0x000000070aa00000, 0x000000070aa00000| Untracked 
|  86|0x000000070ac00000, 0x000000070ac00000, 0x000000070ae00000|  0%| F|  |TAMS 0x000000070ac00000, 0x000000070ac00000| Untracked 
|  87|0x000000070ae00000, 0x000000070ae00000, 0x000000070b000000|  0%| F|  |TAMS 0x000000070ae00000, 0x000000070ae00000| Untracked 
|  88|0x000000070b000000, 0x000000070b000000, 0x000000070b200000|  0%| F|  |TAMS 0x000000070b000000, 0x000000070b000000| Untracked 
|  89|0x000000070b200000, 0x000000070b200000, 0x000000070b400000|  0%| F|  |TAMS 0x000000070b200000, 0x000000070b200000| Untracked 
|  90|0x000000070b400000, 0x000000070b400000, 0x000000070b600000|  0%| F|  |TAMS 0x000000070b400000, 0x000000070b400000| Untracked 
|  91|0x000000070b600000, 0x000000070b600000, 0x000000070b800000|  0%| F|  |TAMS 0x000000070b600000, 0x000000070b600000| Untracked 
|  92|0x000000070b800000, 0x000000070b800000, 0x000000070ba00000|  0%| F|  |TAMS 0x000000070b800000, 0x000000070b800000| Untracked 
|  93|0x000000070ba00000, 0x000000070ba00000, 0x000000070bc00000|  0%| F|  |TAMS 0x000000070ba00000, 0x000000070ba00000| Untracked 
|  94|0x000000070bc00000, 0x000000070bc00000, 0x000000070be00000|  0%| F|  |TAMS 0x000000070bc00000, 0x000000070bc00000| Untracked 
|  95|0x000000070be00000, 0x000000070be00000, 0x000000070c000000|  0%| F|  |TAMS 0x000000070be00000, 0x000000070be00000| Untracked 
|  96|0x000000070c000000, 0x000000070c000000, 0x000000070c200000|  0%| F|  |TAMS 0x000000070c000000, 0x000000070c000000| Untracked 
|  97|0x000000070c200000, 0x000000070c200000, 0x000000070c400000|  0%| F|  |TAMS 0x000000070c200000, 0x000000070c200000| Untracked 
|  98|0x000000070c400000, 0x000000070c400000, 0x000000070c600000|  0%| F|  |TAMS 0x000000070c400000, 0x000000070c400000| Untracked 
|  99|0x000000070c600000, 0x000000070c600000, 0x000000070c800000|  0%| F|  |TAMS 0x000000070c600000, 0x000000070c600000| Untracked 
| 100|0x000000070c800000, 0x000000070c800000, 0x000000070ca00000|  0%| F|  |TAMS 0x000000070c800000, 0x000000070c800000| Untracked 
| 101|0x000000070ca00000, 0x000000070ca00000, 0x000000070cc00000|  0%| F|  |TAMS 0x000000070ca00000, 0x000000070ca00000| Untracked 
| 102|0x000000070cc00000, 0x000000070ce00000, 0x000000070ce00000|100%| S|CS|TAMS 0x000000070cc00000, 0x000000070cc00000| Complete 
| 103|0x000000070ce00000, 0x000000070d000000, 0x000000070d000000|100%| S|CS|TAMS 0x000000070ce00000, 0x000000070ce00000| Complete 
| 104|0x000000070d000000, 0x000000070d200000, 0x000000070d200000|100%| S|CS|TAMS 0x000000070d000000, 0x000000070d000000| Complete 
| 105|0x000000070d200000, 0x000000070d400000, 0x000000070d400000|100%| S|CS|TAMS 0x000000070d200000, 0x000000070d200000| Complete 
| 106|0x000000070d400000, 0x000000070d400000, 0x000000070d600000|  0%| F|  |TAMS 0x000000070d400000, 0x000000070d400000| Untracked 
| 107|0x000000070d600000, 0x000000070d600000, 0x000000070d800000|  0%| F|  |TAMS 0x000000070d600000, 0x000000070d600000| Untracked 
| 108|0x000000070d800000, 0x000000070d800000, 0x000000070da00000|  0%| F|  |TAMS 0x000000070d800000, 0x000000070d800000| Untracked 
| 109|0x000000070da00000, 0x000000070da00000, 0x000000070dc00000|  0%| F|  |TAMS 0x000000070da00000, 0x000000070da00000| Untracked 
| 110|0x000000070dc00000, 0x000000070dc00000, 0x000000070de00000|  0%| F|  |TAMS 0x000000070dc00000, 0x000000070dc00000| Untracked 
| 111|0x000000070de00000, 0x000000070de00000, 0x000000070e000000|  0%| F|  |TAMS 0x000000070de00000, 0x000000070de00000| Untracked 
| 112|0x000000070e000000, 0x000000070e000000, 0x000000070e200000|  0%| F|  |TAMS 0x000000070e000000, 0x000000070e000000| Untracked 
| 113|0x000000070e200000, 0x000000070e200000, 0x000000070e400000|  0%| F|  |TAMS 0x000000070e200000, 0x000000070e200000| Untracked 
| 114|0x000000070e400000, 0x000000070e400000, 0x000000070e600000|  0%| F|  |TAMS 0x000000070e400000, 0x000000070e400000| Untracked 
| 115|0x000000070e600000, 0x000000070e600000, 0x000000070e800000|  0%| F|  |TAMS 0x000000070e600000, 0x000000070e600000| Untracked 
| 116|0x000000070e800000, 0x000000070e800000, 0x000000070ea00000|  0%| F|  |TAMS 0x000000070e800000, 0x000000070e800000| Untracked 
| 117|0x000000070ea00000, 0x000000070ea00000, 0x000000070ec00000|  0%| F|  |TAMS 0x000000070ea00000, 0x000000070ea00000| Untracked 
| 118|0x000000070ec00000, 0x000000070ec00000, 0x000000070ee00000|  0%| F|  |TAMS 0x000000070ec00000, 0x000000070ec00000| Untracked 
| 119|0x000000070ee00000, 0x000000070ee00000, 0x000000070f000000|  0%| F|  |TAMS 0x000000070ee00000, 0x000000070ee00000| Untracked 
| 120|0x000000070f000000, 0x000000070f000000, 0x000000070f200000|  0%| F|  |TAMS 0x000000070f000000, 0x000000070f000000| Untracked 
| 121|0x000000070f200000, 0x000000070f200000, 0x000000070f400000|  0%| F|  |TAMS 0x000000070f200000, 0x000000070f200000| Untracked 
| 122|0x000000070f400000, 0x000000070f400000, 0x000000070f600000|  0%| F|  |TAMS 0x000000070f400000, 0x000000070f400000| Untracked 
| 123|0x000000070f600000, 0x000000070f600000, 0x000000070f800000|  0%| F|  |TAMS 0x000000070f600000, 0x000000070f600000| Untracked 
| 124|0x000000070f800000, 0x000000070f800000, 0x000000070fa00000|  0%| F|  |TAMS 0x000000070f800000, 0x000000070f800000| Untracked 
| 125|0x000000070fa00000, 0x000000070fa00000, 0x000000070fc00000|  0%| F|  |TAMS 0x000000070fa00000, 0x000000070fa00000| Untracked 
| 126|0x000000070fc00000, 0x000000070fc00000, 0x000000070fe00000|  0%| F|  |TAMS 0x000000070fc00000, 0x000000070fc00000| Untracked 
| 127|0x000000070fe00000, 0x000000070fe00000, 0x0000000710000000|  0%| F|  |TAMS 0x000000070fe00000, 0x000000070fe00000| Untracked 
| 128|0x0000000710000000, 0x0000000710000000, 0x0000000710200000|  0%| F|  |TAMS 0x0000000710000000, 0x0000000710000000| Untracked 
| 129|0x0000000710200000, 0x0000000710200000, 0x0000000710400000|  0%| F|  |TAMS 0x0000000710200000, 0x0000000710200000| Untracked 
| 130|0x0000000710400000, 0x0000000710400000, 0x0000000710600000|  0%| F|  |TAMS 0x0000000710400000, 0x0000000710400000| Untracked 
| 131|0x0000000710600000, 0x0000000710600000, 0x0000000710800000|  0%| F|  |TAMS 0x0000000710600000, 0x0000000710600000| Untracked 
| 132|0x0000000710800000, 0x0000000710800000, 0x0000000710a00000|  0%| F|  |TAMS 0x0000000710800000, 0x0000000710800000| Untracked 
| 133|0x0000000710a00000, 0x0000000710a00000, 0x0000000710c00000|  0%| F|  |TAMS 0x0000000710a00000, 0x0000000710a00000| Untracked 
| 134|0x0000000710c00000, 0x0000000710c00000, 0x0000000710e00000|  0%| F|  |TAMS 0x0000000710c00000, 0x0000000710c00000| Untracked 
| 135|0x0000000710e00000, 0x0000000710e00000, 0x0000000711000000|  0%| F|  |TAMS 0x0000000710e00000, 0x0000000710e00000| Untracked 
| 136|0x0000000711000000, 0x0000000711000000, 0x0000000711200000|  0%| F|  |TAMS 0x0000000711000000, 0x0000000711000000| Untracked 
| 137|0x0000000711200000, 0x0000000711200000, 0x0000000711400000|  0%| F|  |TAMS 0x0000000711200000, 0x0000000711200000| Untracked 
| 138|0x0000000711400000, 0x0000000711400000, 0x0000000711600000|  0%| F|  |TAMS 0x0000000711400000, 0x0000000711400000| Untracked 
| 139|0x0000000711600000, 0x0000000711600000, 0x0000000711800000|  0%| F|  |TAMS 0x0000000711600000, 0x0000000711600000| Untracked 
| 140|0x0000000711800000, 0x0000000711800000, 0x0000000711a00000|  0%| F|  |TAMS 0x0000000711800000, 0x0000000711800000| Untracked 
| 141|0x0000000711a00000, 0x0000000711a00000, 0x0000000711c00000|  0%| F|  |TAMS 0x0000000711a00000, 0x0000000711a00000| Untracked 
| 142|0x0000000711c00000, 0x0000000711c00000, 0x0000000711e00000|  0%| F|  |TAMS 0x0000000711c00000, 0x0000000711c00000| Untracked 
| 143|0x0000000711e00000, 0x0000000711e00000, 0x0000000712000000|  0%| F|  |TAMS 0x0000000711e00000, 0x0000000711e00000| Untracked 
| 144|0x0000000712000000, 0x0000000712000000, 0x0000000712200000|  0%| F|  |TAMS 0x0000000712000000, 0x0000000712000000| Untracked 
| 145|0x0000000712200000, 0x0000000712200000, 0x0000000712400000|  0%| F|  |TAMS 0x0000000712200000, 0x0000000712200000| Untracked 
| 146|0x0000000712400000, 0x0000000712400000, 0x0000000712600000|  0%| F|  |TAMS 0x0000000712400000, 0x0000000712400000| Untracked 
| 147|0x0000000712600000, 0x0000000712600000, 0x0000000712800000|  0%| F|  |TAMS 0x0000000712600000, 0x0000000712600000| Untracked 
| 148|0x0000000712800000, 0x0000000712800000, 0x0000000712a00000|  0%| F|  |TAMS 0x0000000712800000, 0x0000000712800000| Untracked 
| 149|0x0000000712a00000, 0x0000000712a00000, 0x0000000712c00000|  0%| F|  |TAMS 0x0000000712a00000, 0x0000000712a00000| Untracked 
| 150|0x0000000712c00000, 0x0000000712c00000, 0x0000000712e00000|  0%| F|  |TAMS 0x0000000712c00000, 0x0000000712c00000| Untracked 
| 151|0x0000000712e00000, 0x0000000712f00800, 0x0000000713000000| 50%| E|  |TAMS 0x0000000712e00000, 0x0000000712e00000| Complete 
| 152|0x0000000713000000, 0x0000000713200000, 0x0000000713200000|100%| E|CS|TAMS 0x0000000713000000, 0x0000000713000000| Complete 
| 153|0x0000000713200000, 0x0000000713400000, 0x0000000713400000|100%| E|CS|TAMS 0x0000000713200000, 0x0000000713200000| Complete 
| 154|0x0000000713400000, 0x0000000713600000, 0x0000000713600000|100%| E|CS|TAMS 0x0000000713400000, 0x0000000713400000| Complete 
| 155|0x0000000713600000, 0x0000000713800000, 0x0000000713800000|100%| E|CS|TAMS 0x0000000713600000, 0x0000000713600000| Complete 
| 156|0x0000000713800000, 0x0000000713a00000, 0x0000000713a00000|100%| E|CS|TAMS 0x0000000713800000, 0x0000000713800000| Complete 
| 157|0x0000000713a00000, 0x0000000713c00000, 0x0000000713c00000|100%| E|CS|TAMS 0x0000000713a00000, 0x0000000713a00000| Complete 
| 158|0x0000000713c00000, 0x0000000713e00000, 0x0000000713e00000|100%| E|CS|TAMS 0x0000000713c00000, 0x0000000713c00000| Complete 
| 159|0x0000000713e00000, 0x0000000714000000, 0x0000000714000000|100%| E|CS|TAMS 0x0000000713e00000, 0x0000000713e00000| Complete 
| 160|0x0000000714000000, 0x0000000714200000, 0x0000000714200000|100%| E|CS|TAMS 0x0000000714000000, 0x0000000714000000| Complete 

Card table byte_map: [0x000001d4d84d0000,0x000001d4d8cd0000] _byte_map_base: 0x000001d4d4cd0000

Marking Bits (Prev, Next): (CMBitMap*) 0x000001d4c5874b70, (CMBitMap*) 0x000001d4c5874b30
 Prev Bits: [0x000001d4dd4d0000, 0x000001d4e14d0000)
 Next Bits: [0x000001d4d94d0000, 0x000001d4dd4d0000)

Polling page: 0x000001d4c3740000

Metaspace:

Usage:
  Non-class:     82.98 MB used.
      Class:     13.37 MB used.
       Both:     96.35 MB used.

Virtual space:
  Non-class space:       88.00 MB reserved,      83.75 MB ( 95%) committed,  11 nodes.
      Class space:        1.00 GB reserved,      13.94 MB (  1%) committed,  1 nodes.
             Both:        1.09 GB reserved,      97.69 MB (  9%) committed. 

Chunk freelists:
   Non-Class:  3.66 MB
       Class:  1.94 MB
        Both:  5.60 MB

MaxMetaspaceSize: 2.00 GB
CompressedClassSpaceSize: 1.00 GB
Initial GC threshold: 21.00 MB
Current GC threshold: 160.62 MB
CDS: off
MetaspaceReclaimPolicy: balanced
 - commit_granule_bytes: 65536.
 - commit_granule_words: 8192.
 - virtual_space_node_default_size: 1048576.
 - enlarge_chunks_in_place: 1.
 - new_chunks_are_fully_committed: 0.
 - uncommit_free_chunks: 1.
 - use_allocation_guard: 0.
 - handle_deallocations: 1.


Internal statistics:

num_allocs_failed_limit: 14.
num_arena_births: 1560.
num_arena_deaths: 0.
num_vsnodes_births: 12.
num_vsnodes_deaths: 0.
num_space_committed: 1563.
num_space_uncommitted: 0.
num_chunks_returned_to_freelist: 14.
num_chunks_taken_from_freelist: 5603.
num_chunk_merges: 3.
num_chunk_splits: 3516.
num_chunks_enlarged: 2168.
num_purges: 0.
num_inconsistent_stats: 0.

CodeHeap 'non-profiled nmethods': size=120000Kb used=7910Kb max_used=7910Kb free=112089Kb
 bounds [0x000001d4d07a0000, 0x000001d4d0f60000, 0x000001d4d7cd0000]
CodeHeap 'profiled nmethods': size=120000Kb used=24324Kb max_used=24324Kb free=95676Kb
 bounds [0x000001d4c8cd0000, 0x000001d4ca4a0000, 0x000001d4d0200000]
CodeHeap 'non-nmethods': size=5760Kb used=2398Kb max_used=2506Kb free=3361Kb
 bounds [0x000001d4d0200000, 0x000001d4d0480000, 0x000001d4d07a0000]
 total_blobs=12899 nmethods=11966 adapters=845
 compilation: enabled
              stopped_count=0, restarted_count=0
 full_count=0

Compilation events (20 events):
Event: 30.273 Thread 0x000001d4e444b810 nmethod 13464 0x000001d4ca472310 code [0x000001d4ca4724e0, 0x000001d4ca472858]
Event: 30.273 Thread 0x000001d4e444b810 13465       3       org.jetbrains.kotlin.gradle.utils.ConfigurationsKt$createDependencyScope$2::execute (9 bytes)
Event: 30.273 Thread 0x000001d4e444b810 nmethod 13465 0x000001d4ca472990 code [0x000001d4ca472b80, 0x000001d4ca4730b8]
Event: 30.277 Thread 0x000001d4e444a770 13466 %     4       jdk.internal.loader.URLClassPath::findResource @ 3 (38 bytes)
Event: 30.280 Thread 0x000001d4e444a770 nmethod 13466% 0x000001d4d0f51a90 code [0x000001d4d0f51c40, 0x000001d4d0f51e18]
Event: 30.280 Thread 0x000001d4e444a770 13467       4       jdk.internal.loader.URLClassPath::findResource (38 bytes)
Event: 30.281 Thread 0x000001d4e444a770 nmethod 13467 0x000001d4d0f51f90 code [0x000001d4d0f52140, 0x000001d4d0f52288]
Event: 30.286 Thread 0x000001d4e444a770 13468       4       org.gradle.tooling.internal.provider.runner.TaskOriginTracker$$Lambda$1134/0x0000000800b1b6c0::apply (16 bytes)
Event: 30.289 Thread 0x000001d4e444b810 13469   !   3       org.jetbrains.kotlin.gradle.plugin.KotlinPluginLifecycleImpl::loopIfNecessary (93 bytes)
Event: 30.289 Thread 0x000001d4e444a770 nmethod 13468 0x000001d4d0f52410 code [0x000001d4d0f525c0, 0x000001d4d0f52808]
Event: 30.291 Thread 0x000001d4e444b810 nmethod 13469 0x000001d4ca473290 code [0x000001d4ca473620, 0x000001d4ca474f18]
Event: 30.291 Thread 0x000001d4e444b810 13470       3       kotlin.ranges.RangesKt___RangesKt::coerceAtLeast (11 bytes)
Event: 30.291 Thread 0x000001d4e444b810 nmethod 13470 0x000001d4ca475990 code [0x000001d4ca475b20, 0x000001d4ca475c58]
Event: 30.294 Thread 0x000001d4e444a770 13471       4       org.gradle.api.internal.project.DefaultProject::getExtensions (5 bytes)
Event: 30.295 Thread 0x000001d4e444b810 13472       3       org.jetbrains.kotlin.gradle.plugin.KotlinPluginLifecycleImpl$launch$coroutine$1::<init> (29 bytes)
Event: 30.295 Thread 0x000001d4e444a770 nmethod 13471 0x000001d4d0f52b10 code [0x000001d4d0f52ca0, 0x000001d4d0f52d58]
Event: 30.296 Thread 0x000001d4e444b810 nmethod 13472 0x000001d4ca475d10 code [0x000001d4ca475f60, 0x000001d4ca4768d8]
Event: 30.296 Thread 0x000001d4e444b810 13473       3       kotlin.coroutines.EmptyCoroutineContext::plus (8 bytes)
Event: 30.296 Thread 0x000001d4e444b810 nmethod 13473 0x000001d4ca476c90 code [0x000001d4ca476ea0, 0x000001d4ca477438]
Event: 30.296 Thread 0x000001d4e444b810 13474       3       kotlin.coroutines.ContinuationKt::createCoroutine (35 bytes)

GC Heap History (20 events):
Event: 20.977 GC heap before
{Heap before GC invocations=46 (full 0):
 garbage-first heap   total 172032K, used 136101K [0x0000000700000000, 0x0000000800000000)
  region size 2048K, 23 young (47104K), 3 survivors (6144K)
 Metaspace       used 91935K, committed 92736K, reserved 1130496K
  class space    used 12694K, committed 13056K, reserved 1048576K
}
Event: 20.989 GC heap after
{Heap after GC invocations=47 (full 0):
 garbage-first heap   total 172032K, used 97662K [0x0000000700000000, 0x0000000800000000)
  region size 2048K, 2 young (4096K), 2 survivors (4096K)
 Metaspace       used 91935K, committed 92736K, reserved 1130496K
  class space    used 12694K, committed 13056K, reserved 1048576K
}
Event: 21.799 GC heap before
{Heap before GC invocations=47 (full 0):
 garbage-first heap   total 172032K, used 138622K [0x0000000700000000, 0x0000000800000000)
  region size 2048K, 22 young (45056K), 2 survivors (4096K)
 Metaspace       used 93028K, committed 93888K, reserved 1130496K
  class space    used 12864K, committed 13248K, reserved 1048576K
}
Event: 21.809 GC heap after
{Heap after GC invocations=48 (full 0):
 garbage-first heap   total 206848K, used 102686K [0x0000000700000000, 0x0000000800000000)
  region size 2048K, 3 young (6144K), 3 survivors (6144K)
 Metaspace       used 93028K, committed 93888K, reserved 1130496K
  class space    used 12864K, committed 13248K, reserved 1048576K
}
Event: 23.552 GC heap before
{Heap before GC invocations=49 (full 0):
 garbage-first heap   total 206848K, used 166174K [0x0000000700000000, 0x0000000800000000)
  region size 2048K, 34 young (69632K), 3 survivors (6144K)
 Metaspace       used 95603K, committed 96576K, reserved 1138688K
  class space    used 13275K, committed 13696K, reserved 1048576K
}
Event: 23.568 GC heap after
{Heap after GC invocations=50 (full 0):
 garbage-first heap   total 206848K, used 110833K [0x0000000700000000, 0x0000000800000000)
  region size 2048K, 5 young (10240K), 5 survivors (10240K)
 Metaspace       used 95603K, committed 96576K, reserved 1138688K
  class space    used 13275K, committed 13696K, reserved 1048576K
}
Event: 24.809 GC heap before
{Heap before GC invocations=50 (full 0):
 garbage-first heap   total 206848K, used 162033K [0x0000000700000000, 0x0000000800000000)
  region size 2048K, 31 young (63488K), 5 survivors (10240K)
 Metaspace       used 96234K, committed 97280K, reserved 1138688K
  class space    used 13357K, committed 13824K, reserved 1048576K
}
Event: 24.830 GC heap after
{Heap after GC invocations=51 (full 0):
 garbage-first heap   total 206848K, used 119491K [0x0000000700000000, 0x0000000800000000)
  region size 2048K, 4 young (8192K), 4 survivors (8192K)
 Metaspace       used 96234K, committed 97280K, reserved 1138688K
  class space    used 13357K, committed 13824K, reserved 1048576K
}
Event: 25.207 GC heap before
{Heap before GC invocations=52 (full 0):
 garbage-first heap   total 219136K, used 133827K [0x0000000700000000, 0x0000000800000000)
  region size 2048K, 13 young (26624K), 4 survivors (8192K)
 Metaspace       used 96304K, committed 97408K, reserved 1138688K
  class space    used 13368K, committed 13888K, reserved 1048576K
}
Event: 25.223 GC heap after
{Heap after GC invocations=53 (full 0):
 garbage-first heap   total 219136K, used 126899K [0x0000000700000000, 0x0000000800000000)
  region size 2048K, 4 young (8192K), 4 survivors (8192K)
 Metaspace       used 96304K, committed 97408K, reserved 1138688K
  class space    used 13368K, committed 13888K, reserved 1048576K
}
Event: 26.716 GC heap before
{Heap before GC invocations=54 (full 0):
 garbage-first heap   total 239616K, used 178099K [0x0000000700000000, 0x0000000800000000)
  region size 2048K, 27 young (55296K), 4 survivors (8192K)
 Metaspace       used 96901K, committed 98048K, reserved 1138688K
  class space    used 13441K, committed 13952K, reserved 1048576K
}
Event: 26.728 GC heap after
{Heap after GC invocations=55 (full 0):
 garbage-first heap   total 239616K, used 142395K [0x0000000700000000, 0x0000000800000000)
  region size 2048K, 4 young (8192K), 4 survivors (8192K)
 Metaspace       used 96901K, committed 98048K, reserved 1138688K
  class space    used 13441K, committed 13952K, reserved 1048576K
}
Event: 27.797 GC heap before
{Heap before GC invocations=55 (full 0):
 garbage-first heap   total 239616K, used 187451K [0x0000000700000000, 0x0000000800000000)
  region size 2048K, 26 young (53248K), 4 survivors (8192K)
 Metaspace       used 97320K, committed 98496K, reserved 1138688K
  class space    used 13490K, committed 14016K, reserved 1048576K
}
Event: 27.823 GC heap after
{Heap after GC invocations=56 (full 0):
 garbage-first heap   total 239616K, used 151245K [0x0000000700000000, 0x0000000800000000)
  region size 2048K, 4 young (8192K), 4 survivors (8192K)
 Metaspace       used 97320K, committed 98496K, reserved 1138688K
  class space    used 13490K, committed 14016K, reserved 1048576K
}
Event: 28.754 GC heap before
{Heap before GC invocations=57 (full 0):
 garbage-first heap   total 274432K, used 192205K [0x0000000700000000, 0x0000000800000000)
  region size 2048K, 24 young (49152K), 4 survivors (8192K)
 Metaspace       used 97753K, committed 99008K, reserved 1138688K
  class space    used 13558K, committed 14144K, reserved 1048576K
}
Event: 28.772 GC heap after
{Heap after GC invocations=58 (full 0):
 garbage-first heap   total 274432K, used 157255K [0x0000000700000000, 0x0000000800000000)
  region size 2048K, 3 young (6144K), 3 survivors (6144K)
 Metaspace       used 97753K, committed 99008K, reserved 1138688K
  class space    used 13558K, committed 14144K, reserved 1048576K
}
Event: 29.001 GC heap before
{Heap before GC invocations=58 (full 0):
 garbage-first heap   total 274432K, used 163399K [0x0000000700000000, 0x0000000800000000)
  region size 2048K, 6 young (12288K), 3 survivors (6144K)
 Metaspace       used 97796K, committed 99072K, reserved 1138688K
  class space    used 13558K, committed 14144K, reserved 1048576K
}
Event: 29.012 GC heap after
{Heap after GC invocations=59 (full 0):
 garbage-first heap   total 274432K, used 158601K [0x0000000700000000, 0x0000000800000000)
  region size 2048K, 1 young (2048K), 1 survivors (2048K)
 Metaspace       used 97796K, committed 99072K, reserved 1138688K
  class space    used 13558K, committed 14144K, reserved 1048576K
}
Event: 29.903 GC heap before
{Heap before GC invocations=59 (full 0):
 garbage-first heap   total 274432K, used 213897K [0x0000000700000000, 0x0000000800000000)
  region size 2048K, 28 young (57344K), 1 survivors (2048K)
 Metaspace       used 98508K, committed 99904K, reserved 1138688K
  class space    used 13665K, committed 14272K, reserved 1048576K
}
Event: 29.918 GC heap after
{Heap after GC invocations=60 (full 0):
 garbage-first heap   total 329728K, used 166806K [0x0000000700000000, 0x0000000800000000)
  region size 2048K, 4 young (8192K), 4 survivors (8192K)
 Metaspace       used 98508K, committed 99904K, reserved 1138688K
  class space    used 13665K, committed 14272K, reserved 1048576K
}

Dll operation events (2 events):
Event: 0.007 Loaded shared library C:\Program Files\Android\Android Studio1\jbr\bin\java.dll
Event: 0.484 Loaded shared library C:\Program Files\Android\Android Studio1\jbr\bin\verify.dll

Deoptimization events (20 events):
Event: 28.421 Thread 0x000001d4e74e1970 Uncommon trap: trap_request=0xffffffbe fr.pc=0x000001d4d0eae09c relative=0x00000000000013fc
Event: 28.421 Thread 0x000001d4e74e1970 Uncommon trap: reason=profile_predicate action=maybe_recompile pc=0x000001d4d0eae09c method=org.gradle.api.internal.attributes.DefaultImmutableAttributesFactory.concat(Lorg/gradle/api/internal/attributes/ImmutableAttributes;Lorg/gradle/api/internal/attrib
Event: 28.421 Thread 0x000001d4e74e1970 DEOPT PACKING pc=0x000001d4d0eae09c sp=0x000000ca699f9400
Event: 28.421 Thread 0x000001d4e74e1970 DEOPT UNPACKING pc=0x000001d4d02569a3 sp=0x000000ca699f93f0 mode 2
Event: 29.075 Thread 0x000001d4e74e1e40 Uncommon trap: trap_request=0xffffff45 fr.pc=0x000001d4d0af4df4 relative=0x0000000000000894
Event: 29.075 Thread 0x000001d4e74e1e40 Uncommon trap: reason=unstable_if action=reinterpret pc=0x000001d4d0af4df4 method=com.esotericsoftware.kryo.io.Output.writeVarLong(JZ)I @ 55 c2
Event: 29.075 Thread 0x000001d4e74e1e40 DEOPT PACKING pc=0x000001d4d0af4df4 sp=0x000000ca69afea80
Event: 29.075 Thread 0x000001d4e74e1e40 DEOPT UNPACKING pc=0x000001d4d02569a3 sp=0x000000ca69afea50 mode 2
Event: 29.338 Thread 0x000001d4e9f8b260 Uncommon trap: trap_request=0xffffff5c fr.pc=0x000001d4d0eb8d6c relative=0x0000000000001fac
Event: 29.338 Thread 0x000001d4e9f8b260 Uncommon trap: reason=speculate_null_check action=make_not_entrant pc=0x000001d4d0eb8d6c method=java.util.concurrent.locks.AbstractQueuedSynchronizer.acquire(Ljava/util/concurrent/locks/AbstractQueuedSynchronizer$Node;IZZZJ)I @ 254 c2
Event: 29.338 Thread 0x000001d4e9f8b260 DEOPT PACKING pc=0x000001d4d0eb8d6c sp=0x000000ca6c4ff1d0
Event: 29.338 Thread 0x000001d4e9f8b260 DEOPT UNPACKING pc=0x000001d4d02569a3 sp=0x000000ca6c4ff180 mode 2
Event: 29.441 Thread 0x000001d4e74e1970 Uncommon trap: trap_request=0xffffffcc fr.pc=0x000001d4d0f0e750 relative=0x00000000000003b0
Event: 29.441 Thread 0x000001d4e74e1970 Uncommon trap: reason=intrinsic_or_type_checked_inlining action=make_not_entrant pc=0x000001d4d0f0e750 method=java.util.Arrays.copyOfRange([Ljava/lang/Object;IILjava/lang/Class;)[Ljava/lang/Object; @ 84 c2
Event: 29.441 Thread 0x000001d4e74e1970 DEOPT PACKING pc=0x000001d4d0f0e750 sp=0x000000ca699f68f0
Event: 29.441 Thread 0x000001d4e74e1970 DEOPT UNPACKING pc=0x000001d4d02569a3 sp=0x000000ca699f6870 mode 2
Event: 30.098 Thread 0x000001d4e74e1970 DEOPT PACKING pc=0x000001d4c96e4bc3 sp=0x000000ca699f8f10
Event: 30.098 Thread 0x000001d4e74e1970 DEOPT UNPACKING pc=0x000001d4d0257143 sp=0x000000ca699f8398 mode 0
Event: 30.281 Thread 0x000001d4e74e1970 DEOPT PACKING pc=0x000001d4c9a6bfed sp=0x000000ca699f86c0
Event: 30.282 Thread 0x000001d4e74e1970 DEOPT UNPACKING pc=0x000001d4d0257143 sp=0x000000ca699f7b48 mode 0

Classes unloaded (0 events):
No events

Classes redefined (0 events):
No events

Internal exceptions (20 events):
Event: 28.496 Thread 0x000001d4e74e1970 Exception <a 'java/lang/ClassNotFoundException'{0x000000070fc71ff0}: build_5zu81e0ih60rtk47e9blobpnyBeanInfo> (0x000000070fc71ff0) 
thrown [s\src\hotspot\share\classfile\systemDictionary.cpp, line 256]
Event: 28.496 Thread 0x000001d4e74e1970 Exception <a 'java/lang/ClassNotFoundException'{0x000000070fc78870}: build_5zu81e0ih60rtk47e9blobpnyCustomizer> (0x000000070fc78870) 
thrown [s\src\hotspot\share\classfile\systemDictionary.cpp, line 256]
Event: 28.634 Thread 0x000001d4e74e1970 Exception <a 'java/lang/ClassNotFoundException'{0x000000070f5ba620}: build_5zu81e0ih60rtk47e9blobpnyBeanInfo> (0x000000070f5ba620) 
thrown [s\src\hotspot\share\classfile\systemDictionary.cpp, line 256]
Event: 28.634 Thread 0x000001d4e74e1970 Exception <a 'java/lang/ClassNotFoundException'{0x000000070f5d8188}: build_5zu81e0ih60rtk47e9blobpnyCustomizer> (0x000000070f5d8188) 
thrown [s\src\hotspot\share\classfile\systemDictionary.cpp, line 256]
Event: 29.064 Thread 0x000001d4e74e1970 Exception <a 'java/lang/ClassNotFoundException'{0x0000000710b68d68}: build_9g7txk88kqyjouevpps2nyx39BeanInfo> (0x0000000710b68d68) 
thrown [s\src\hotspot\share\classfile\systemDictionary.cpp, line 256]
Event: 29.065 Thread 0x000001d4e74e1970 Exception <a 'java/lang/ClassNotFoundException'{0x0000000710b6f5e8}: build_9g7txk88kqyjouevpps2nyx39Customizer> (0x0000000710b6f5e8) 
thrown [s\src\hotspot\share\classfile\systemDictionary.cpp, line 256]
Event: 29.204 Thread 0x000001d4e74e1970 Exception <a 'java/lang/ClassNotFoundException'{0x000000070fef3010}: build_9g7txk88kqyjouevpps2nyx39BeanInfo> (0x000000070fef3010) 
thrown [s\src\hotspot\share\classfile\systemDictionary.cpp, line 256]
Event: 29.205 Thread 0x000001d4e74e1970 Exception <a 'java/lang/ClassNotFoundException'{0x000000070fef9830}: build_9g7txk88kqyjouevpps2nyx39Customizer> (0x000000070fef9830) 
thrown [s\src\hotspot\share\classfile\systemDictionary.cpp, line 256]
Event: 29.295 Thread 0x000001d4e74e1970 Exception <a 'java/lang/ClassNotFoundException'{0x000000070f8b1b10}: build_53fmx3ne1ccn2sdv129q1npy6BeanInfo> (0x000000070f8b1b10) 
thrown [s\src\hotspot\share\classfile\systemDictionary.cpp, line 256]
Event: 29.295 Thread 0x000001d4e74e1970 Exception <a 'java/lang/ClassNotFoundException'{0x000000070f8b8390}: build_53fmx3ne1ccn2sdv129q1npy6Customizer> (0x000000070f8b8390) 
thrown [s\src\hotspot\share\classfile\systemDictionary.cpp, line 256]
Event: 29.429 Thread 0x000001d4e74e1970 Exception <a 'java/lang/ClassNotFoundException'{0x000000070f1d4888}: build_53fmx3ne1ccn2sdv129q1npy6BeanInfo> (0x000000070f1d4888) 
thrown [s\src\hotspot\share\classfile\systemDictionary.cpp, line 256]
Event: 29.429 Thread 0x000001d4e74e1970 Exception <a 'java/lang/ClassNotFoundException'{0x000000070f1db0a8}: build_53fmx3ne1ccn2sdv129q1npy6Customizer> (0x000000070f1db0a8) 
thrown [s\src\hotspot\share\classfile\systemDictionary.cpp, line 256]
Event: 29.521 Thread 0x000001d4e74e1970 Exception <a 'java/lang/ClassNotFoundException'{0x000000070eb8b1b0}: build_dpc83vy4fwmlyufiybz1iyvuBeanInfo> (0x000000070eb8b1b0) 
thrown [s\src\hotspot\share\classfile\systemDictionary.cpp, line 256]
Event: 29.521 Thread 0x000001d4e74e1970 Exception <a 'java/lang/ClassNotFoundException'{0x000000070eb91a10}: build_dpc83vy4fwmlyufiybz1iyvuCustomizer> (0x000000070eb91a10) 
thrown [s\src\hotspot\share\classfile\systemDictionary.cpp, line 256]
Event: 29.646 Thread 0x000001d4e74e1970 Exception <a 'java/lang/ClassNotFoundException'{0x000000070e198510}: build_dpc83vy4fwmlyufiybz1iyvuBeanInfo> (0x000000070e198510) 
thrown [s\src\hotspot\share\classfile\systemDictionary.cpp, line 256]
Event: 29.647 Thread 0x000001d4e74e1970 Exception <a 'java/lang/ClassNotFoundException'{0x000000070e19ed10}: build_dpc83vy4fwmlyufiybz1iyvuCustomizer> (0x000000070e19ed10) 
thrown [s\src\hotspot\share\classfile\systemDictionary.cpp, line 256]
Event: 29.886 Thread 0x000001d4e74e1970 Exception <a 'java/lang/ClassNotFoundException'{0x000000070d5305d8}: build_ceta2hdo9cwomynl67fueuxx9BeanInfo> (0x000000070d5305d8) 
thrown [s\src\hotspot\share\classfile\systemDictionary.cpp, line 256]
Event: 29.886 Thread 0x000001d4e74e1970 Exception <a 'java/lang/ClassNotFoundException'{0x000000070d536e58}: build_ceta2hdo9cwomynl67fueuxx9Customizer> (0x000000070d536e58) 
thrown [s\src\hotspot\share\classfile\systemDictionary.cpp, line 256]
Event: 30.099 Thread 0x000001d4e74e1970 Exception <a 'java/lang/ClassNotFoundException'{0x00000007139df898}: build_ceta2hdo9cwomynl67fueuxx9BeanInfo> (0x00000007139df898) 
thrown [s\src\hotspot\share\classfile\systemDictionary.cpp, line 256]
Event: 30.100 Thread 0x000001d4e74e1970 Exception <a 'java/lang/ClassNotFoundException'{0x00000007139e60b8}: build_ceta2hdo9cwomynl67fueuxx9Customizer> (0x00000007139e60b8) 
thrown [s\src\hotspot\share\classfile\systemDictionary.cpp, line 256]

VM Operations (20 events):
Event: 26.716 Executing VM operation: G1CollectForAllocation
Event: 26.728 Executing VM operation: G1CollectForAllocation done
Event: 27.746 Executing VM operation: Cleanup
Event: 27.781 Executing VM operation: Cleanup done
Event: 27.797 Executing VM operation: G1CollectForAllocation
Event: 27.827 Executing VM operation: G1CollectForAllocation done
Event: 28.044 Executing VM operation: HandshakeAllThreads
Event: 28.045 Executing VM operation: HandshakeAllThreads done
Event: 28.131 Executing VM operation: G1Concurrent
Event: 28.144 Executing VM operation: G1Concurrent done
Event: 28.281 Executing VM operation: G1Concurrent
Event: 28.282 Executing VM operation: G1Concurrent done
Event: 28.754 Executing VM operation: G1CollectForAllocation
Event: 28.772 Executing VM operation: G1CollectForAllocation done
Event: 29.001 Executing VM operation: G1CollectForAllocation
Event: 29.012 Executing VM operation: G1CollectForAllocation done
Event: 29.508 Executing VM operation: ICBufferFull
Event: 29.508 Executing VM operation: ICBufferFull done
Event: 29.903 Executing VM operation: G1CollectForAllocation
Event: 29.921 Executing VM operation: G1CollectForAllocation done

Events (20 events):
Event: 22.215 loading class jdk/internal/reflect/UnsafeQualifiedStaticIntegerFieldAccessorImpl done
Event: 23.481 loading class java/util/regex/PatternBeanInfo
Event: 23.481 loading class java/util/regex/PatternBeanInfo done
Event: 23.482 loading class java/util/regex/PatternBeanInfo
Event: 23.482 loading class java/util/regex/PatternBeanInfo done
Event: 23.482 loading class java/util/regex/PatternCustomizer
Event: 23.482 loading class java/util/regex/PatternCustomizer done
Event: 23.482 loading class java/util/regex/PatternCustomizer
Event: 23.482 loading class java/util/regex/PatternCustomizer done
Event: 23.487 loading class java/util/regex/MatcherBeanInfo
Event: 23.487 loading class java/util/regex/MatcherBeanInfo done
Event: 23.487 loading class java/util/regex/MatcherBeanInfo
Event: 23.487 loading class java/util/regex/MatcherBeanInfo done
Event: 23.487 loading class java/util/regex/MatcherCustomizer
Event: 23.487 loading class java/util/regex/MatcherCustomizer done
Event: 23.488 loading class java/util/regex/MatcherCustomizer
Event: 23.488 loading class java/util/regex/MatcherCustomizer done
Event: 28.052 Thread 0x000001d4e445a010 flushing nmethod 0x000001d4c91b8690
Event: 28.052 Thread 0x000001d4e445a010 flushing nmethod 0x000001d4c92cd690
Event: 28.058 Thread 0x000001d4e445a010 flushing nmethod 0x000001d4c9a73b10


Dynamic libraries:
0x00007ff7a7c70000 - 0x00007ff7a7c7a000 	C:\Program Files\Android\Android Studio1\jbr\bin\java.exe
0x00007ffdf9950000 - 0x00007ffdf9b48000 	C:\WINDOWS\SYSTEM32\ntdll.dll
0x00007ffdf8df0000 - 0x00007ffdf8eb2000 	C:\WINDOWS\System32\KERNEL32.DLL
0x00007ffdf71a0000 - 0x00007ffdf749e000 	C:\WINDOWS\System32\KERNELBASE.dll
0x00007ffdf77d0000 - 0x00007ffdf78d0000 	C:\WINDOWS\System32\ucrtbase.dll
0x00007ffdec960000 - 0x00007ffdec977000 	C:\Program Files\Android\Android Studio1\jbr\bin\jli.dll
0x00007ffdec0c0000 - 0x00007ffdec0db000 	C:\Program Files\Android\Android Studio1\jbr\bin\VCRUNTIME140.dll
0x00007ffdf8090000 - 0x00007ffdf822d000 	C:\WINDOWS\System32\USER32.dll
0x00007ffdf70f0000 - 0x00007ffdf7112000 	C:\WINDOWS\System32\win32u.dll
0x00007ffdf8ec0000 - 0x00007ffdf8eeb000 	C:\WINDOWS\System32\GDI32.dll
0x00007ffdcdcb0000 - 0x00007ffdcdf4a000 	C:\WINDOWS\WinSxS\amd64_microsoft.windows.common-controls_6595b64144ccf1df_6.0.19041.4355_none_60b8b9eb71f62e16\COMCTL32.dll
0x00007ffdf7600000 - 0x00007ffdf7717000 	C:\WINDOWS\System32\gdi32full.dll
0x00007ffdf78d0000 - 0x00007ffdf796d000 	C:\WINDOWS\System32\msvcp_win.dll
0x00007ffdf9870000 - 0x00007ffdf990e000 	C:\WINDOWS\System32\msvcrt.dll
0x00007ffdf8000000 - 0x00007ffdf802f000 	C:\WINDOWS\System32\IMM32.DLL
0x00007ffdf0a80000 - 0x00007ffdf0a8c000 	C:\Program Files\Android\Android Studio1\jbr\bin\vcruntime140_1.dll
0x00007ffdb9740000 - 0x00007ffdb97cd000 	C:\Program Files\Android\Android Studio1\jbr\bin\msvcp140.dll
0x00007ffd79910000 - 0x00007ffd7a57e000 	C:\Program Files\Android\Android Studio1\jbr\bin\server\jvm.dll
0x00007ffdf7980000 - 0x00007ffdf7a32000 	C:\WINDOWS\System32\ADVAPI32.dll
0x00007ffdf7f60000 - 0x00007ffdf8000000 	C:\WINDOWS\System32\sechost.dll
0x00007ffdf9190000 - 0x00007ffdf92b3000 	C:\WINDOWS\System32\RPCRT4.dll
0x00007ffdf7170000 - 0x00007ffdf7197000 	C:\WINDOWS\System32\bcrypt.dll
0x00007ffdef840000 - 0x00007ffdef849000 	C:\WINDOWS\SYSTEM32\WSOCK32.dll
0x00007ffdcaa90000 - 0x00007ffdcaab7000 	C:\WINDOWS\SYSTEM32\WINMM.dll
0x00007ffdf9120000 - 0x00007ffdf918b000 	C:\WINDOWS\System32\WS2_32.dll
0x00007ffde7930000 - 0x00007ffde793a000 	C:\WINDOWS\SYSTEM32\VERSION.dll
0x00007ffdf5800000 - 0x00007ffdf5812000 	C:\WINDOWS\SYSTEM32\kernel.appcore.dll
0x00007ffdec950000 - 0x00007ffdec95a000 	C:\Program Files\Android\Android Studio1\jbr\bin\jimage.dll
0x00007ffdf1cc0000 - 0x00007ffdf1ea4000 	C:\WINDOWS\SYSTEM32\DBGHELP.DLL
0x00007ffde6c20000 - 0x00007ffde6c54000 	C:\WINDOWS\SYSTEM32\dbgcore.DLL
0x00007ffdf7060000 - 0x00007ffdf70e2000 	C:\WINDOWS\System32\bcryptPrimitives.dll
0x00007ffdec090000 - 0x00007ffdec0b5000 	C:\Program Files\Android\Android Studio1\jbr\bin\java.dll
0x00007ffdec070000 - 0x00007ffdec088000 	C:\Program Files\Android\Android Studio1\jbr\bin\zip.dll
0x00007ffdf8230000 - 0x00007ffdf899f000 	C:\WINDOWS\System32\SHELL32.dll
0x00007ffdf1eb0000 - 0x00007ffdf2654000 	C:\WINDOWS\SYSTEM32\windows.storage.dll
0x00007ffdf7bf0000 - 0x00007ffdf7f43000 	C:\WINDOWS\System32\combase.dll
0x00007ffdf6870000 - 0x00007ffdf689e000 	C:\WINDOWS\SYSTEM32\Wldp.dll
0x00007ffdf92c0000 - 0x00007ffdf938d000 	C:\WINDOWS\System32\OLEAUT32.dll
0x00007ffdf8ef0000 - 0x00007ffdf8f9d000 	C:\WINDOWS\System32\SHCORE.dll
0x00007ffdf8030000 - 0x00007ffdf8085000 	C:\WINDOWS\System32\shlwapi.dll
0x00007ffdf6f20000 - 0x00007ffdf6f44000 	C:\WINDOWS\SYSTEM32\profapi.dll
0x00007ffdec050000 - 0x00007ffdec069000 	C:\Program Files\Android\Android Studio1\jbr\bin\net.dll
0x00007ffde92a0000 - 0x00007ffde93ad000 	C:\WINDOWS\SYSTEM32\WINHTTP.dll
0x00007ffdf6650000 - 0x00007ffdf66ba000 	C:\WINDOWS\system32\mswsock.dll
0x00007ffdd1df0000 - 0x00007ffdd1e06000 	C:\Program Files\Android\Android Studio1\jbr\bin\nio.dll
0x00007ffdec120000 - 0x00007ffdec130000 	C:\Program Files\Android\Android Studio1\jbr\bin\verify.dll
0x00007ffdd1c50000 - 0x00007ffdd1c77000 	C:\Users\AL Motahida\.gradle\native\c067742578af261105cb4f569cf0c3c89f3d7b1fecec35dd04571415982c5e48\windows-amd64\native-platform.dll
0x00007ffdb6370000 - 0x00007ffdb64b4000 	C:\Users\AL Motahida\.gradle\native\38dada09dfb8b06ba9b0570ebf7e218e3eb74d4ef43ca46872605cf95ebc2f47\windows-amd64\native-platform-file-events.dll
0x00007ffdec040000 - 0x00007ffdec049000 	C:\Program Files\Android\Android Studio1\jbr\bin\management.dll
0x00007ffdebfe0000 - 0x00007ffdebfeb000 	C:\Program Files\Android\Android Studio1\jbr\bin\management_ext.dll
0x00007ffdf9860000 - 0x00007ffdf9868000 	C:\WINDOWS\System32\PSAPI.DLL
0x00007ffdf68b0000 - 0x00007ffdf68c8000 	C:\WINDOWS\SYSTEM32\CRYPTSP.dll
0x00007ffdf5f90000 - 0x00007ffdf5fc4000 	C:\WINDOWS\system32\rsaenh.dll
0x00007ffdf6ea0000 - 0x00007ffdf6ece000 	C:\WINDOWS\SYSTEM32\USERENV.dll
0x00007ffdf67e0000 - 0x00007ffdf67ec000 	C:\WINDOWS\SYSTEM32\CRYPTBASE.dll
0x00007ffdf6350000 - 0x00007ffdf638b000 	C:\WINDOWS\SYSTEM32\IPHLPAPI.DLL
0x00007ffdf7970000 - 0x00007ffdf7978000 	C:\WINDOWS\System32\NSI.dll
0x00007ffdeb1b0000 - 0x00007ffdeb1c7000 	C:\WINDOWS\SYSTEM32\dhcpcsvc6.DLL
0x00007ffdeb190000 - 0x00007ffdeb1ad000 	C:\WINDOWS\SYSTEM32\dhcpcsvc.DLL
0x00007ffdf6390000 - 0x00007ffdf645a000 	C:\WINDOWS\SYSTEM32\DNSAPI.dll
0x00007ffdcf2c0000 - 0x00007ffdcf2c7000 	C:\WINDOWS\system32\wshunix.dll

dbghelp: loaded successfully - version: 4.0.5 - missing functions: none
symbol engine: initialized successfully - sym options: 0x614 - pdb path: .;C:\Program Files\Android\Android Studio1\jbr\bin;C:\WINDOWS\SYSTEM32;C:\WINDOWS\WinSxS\amd64_microsoft.windows.common-controls_6595b64144ccf1df_6.0.19041.4355_none_60b8b9eb71f62e16;C:\Program Files\Android\Android Studio1\jbr\bin\server;C:\Users\AL Motahida\.gradle\native\c067742578af261105cb4f569cf0c3c89f3d7b1fecec35dd04571415982c5e48\windows-amd64;C:\Users\AL Motahida\.gradle\native\38dada09dfb8b06ba9b0570ebf7e218e3eb74d4ef43ca46872605cf95ebc2f47\windows-amd64

VM Arguments:
jvm_args: -XX:MaxMetaspaceSize=2G -XX:+HeapDumpOnOutOfMemoryError --add-opens=java.base/java.util=ALL-UNNAMED --add-opens=java.base/java.lang=ALL-UNNAMED --add-opens=java.base/java.lang.invoke=ALL-UNNAMED --add-opens=java.prefs/java.util.prefs=ALL-UNNAMED --add-opens=java.base/java.nio.charset=ALL-UNNAMED --add-opens=java.base/java.net=ALL-UNNAMED --add-opens=java.base/java.util.concurrent.atomic=ALL-UNNAMED -Xmx4G -Dfile.encoding=windows-1256 -Duser.country=US -Duser.language=en -Duser.variant 
java_command: org.gradle.launcher.daemon.bootstrap.GradleDaemon 7.6.3
java_class_path (initial): C:\Users\AL Motahida\.gradle\wrapper\dists\gradle-7.6.3-all\aocdy2d2z8kodnny3rsumj8i8\gradle-7.6.3\lib\gradle-launcher-7.6.3.jar
Launcher Type: SUN_STANDARD

[Global flags]
     intx CICompilerCount                          = 3                                         {product} {ergonomic}
     uint ConcGCThreads                            = 1                                         {product} {ergonomic}
     uint G1ConcRefinementThreads                  = 4                                         {product} {ergonomic}
   size_t G1HeapRegionSize                         = 2097152                                   {product} {ergonomic}
    uintx GCDrainStackTargetSize                   = 64                                        {product} {ergonomic}
     bool HeapDumpOnOutOfMemoryError               = true                                   {manageable} {command line}
   size_t InitialHeapSize                          = 132120576                                 {product} {ergonomic}
   size_t MarkStackSize                            = 4194304                                   {product} {ergonomic}
   size_t MaxHeapSize                              = 4294967296                                {product} {command line}
   size_t MaxMetaspaceSize                         = 2147483648                                {product} {command line}
   size_t MaxNewSize                               = 2575302656                                {product} {ergonomic}
   size_t MinHeapDeltaBytes                        = 2097152                                   {product} {ergonomic}
   size_t MinHeapSize                              = 8388608                                   {product} {ergonomic}
    uintx NonNMethodCodeHeapSize                   = 5832780                                {pd product} {ergonomic}
    uintx NonProfiledCodeHeapSize                  = 122912730                              {pd product} {ergonomic}
    uintx ProfiledCodeHeapSize                     = 122912730                              {pd product} {ergonomic}
    uintx ReservedCodeCacheSize                    = 251658240                              {pd product} {ergonomic}
     bool SegmentedCodeCache                       = true                                      {product} {ergonomic}
   size_t SoftMaxHeapSize                          = 4294967296                             {manageable} {ergonomic}
     bool UseCompressedClassPointers               = true                           {product lp64_product} {ergonomic}
     bool UseCompressedOops                        = true                           {product lp64_product} {ergonomic}
     bool UseG1GC                                  = true                                      {product} {ergonomic}
     bool UseLargePagesIndividualAllocation        = false                                  {pd product} {ergonomic}

Logging:
Log output configuration:
 #0: stdout all=warning uptime,level,tags
 #1: stderr all=off uptime,level,tags

Environment Variables:
JAVA_HOME=C:\Program Files\Android\Android Studio1\jbr
CLASSPATH=D:\ehdyyyyy\rct_app\android\\gradle\wrapper\gradle-wrapper.jar
PATH=C:\Program Files\Android\Android Studio1\jbr\bin;C:\src\flutter\bin\;C:\Program Files\Microsoft MPI\Bin\;C:\Program Files\Common Files\Oracle\Java\javapath;C:\Program Files (x86)\NVIDIA Corporation\PhysX\Common;C:\WINDOWS\system32;C:\WINDOWS;C:\WINDOWS\System32\Wbem;C:\WINDOWS\System32\WindowsPowerShell\v1.0\;C:\WINDOWS\System32\OpenSSH\;C:\Program Files\Git\cmd;C:\Program Files\Android\Android Studio1\jbr\bin\;C:\Users\AL Motahida\AppData\Local\Pub\Cache\bin;C:\Users\AL Motahida\AppData\Local\npm-cache\_logs\;C:\Program Files\Cloudflare\Cloudflare WARP\;C:\Program Files\Android\Android Studio1\jbr\bin\java;C:\Program Files (x86)\Microsoft SQL Server\160\DTS\Binn\;C:\Program Files\Azure Data Studio\bin;C:\Program Files (x86)\Microsoft SQL Server\160\Tools\Binn\;C:\Program Files\Microsoft SQL Server\160\Tools\Binn\;C:\Program Files\Microsoft SQL Server\Client SDK\ODBC\170\Tools\Binn\;C:\Program Files\Microsoft SQL Server\160\DTS\Binn\;C:\MinGW\bin;C:\Program Files (x86)\Windows Kits\10\Windows Performance Toolkit\;C:\Program Files\dotnet\;C:\src\flutter\flutter\bin;C:\Program Files\nodejs\;C:\Users\AL Motahida\AppData\Local\Programs\Eclipse Adoptium\jdk-17.0.9.9-hotspot\bin;C:\Users\AL Motahida\AppData\Local\Microsoft\WindowsApps;C:\src\flutter\bin;C:\Users\AL Motahida\AppData\Local\Programs\Microsoft VS Code\bin;C:\Users\AL Motahida\Downloads\cmdline-tools\lib;C:\Users\AL Motahida\AppData\Local\npm-cache\_logs\;C:\Program Files\Git\cmd;C:\Program Files\Android\Android Studio1\jbr\bin\;C:\Program Files\Azure Data Studio\bin;C:\Users\AL Motahida\.dotnet\tools;C:\src\flutter\flutter\bin;C:\Users\AL Motahida\AppData\Roaming\npm;C:\src\flutter\bin\mingit\cmd
USERNAME=AL Motahida
LANG=en_US.UTF-8
OS=Windows_NT
PROCESSOR_IDENTIFIER=Intel64 Family 6 Model 142 Stepping 9, GenuineIntel
TMP=C:\Users\ALMOTA~1\AppData\Local\Temp
TEMP=C:\Users\ALMOTA~1\AppData\Local\Temp


JNI global refs:
JNI global refs: 26, weak refs: 1

JNI global refs memory usage: 843, weak refs: 841


---------------  S Y S T E M  ---------------

OS:
 Windows 10 , 64 bit Build 19041 (10.0.19041.4957)
OS uptime: 1 days 8:05 hours
Hyper-V role detected

CPU: total 4 (initial active 4) (2 cores per cpu, 2 threads per core) family 6 model 142 stepping 9 microcode 0xf4, cx8, cmov, fxsr, ht, mmx, 3dnowpref, sse, sse2, sse3, ssse3, sse4.1, sse4.2, popcnt, lzcnt, tsc, tscinvbit, avx, avx2, aes, erms, clmul, bmi1, bmi2, rtm, adx, fma, vzeroupper, clflush, clflushopt, hv

Memory: 4k page, system-wide physical 8050M (1402M free)
TotalPageFile size 16100M (AvailPageFile size 4772M)
current process WorkingSet (physical memory assigned to process): 585M, peak: 585M
current process commit charge ("private bytes"): 652M, peak: 652M

vm_info: OpenJDK 64-Bit Server VM (17.0.6+0-b2043.56-10027231) for windows-amd64 JRE (17.0.6+0-b2043.56-10027231), built on Apr 28 2023 00:43:19 by "androidbuild" with MS VC++ 16.10 / 16.11 (VS2019)

END.
