#
# A fatal error has been detected by the Java Runtime Environment:
#
#  EXCEPTION_ACCESS_VIOLATION (0xc0000005) at pc=0x00007ffce9d2635d, pid=9480, tid=12392
#
# JRE version: Java(TM) SE Runtime Environment (17.0.12+8) (build 17.0.12+8-LTS-286)
# Java VM: Java HotSpot(TM) 64-Bit Server VM (17.0.12+8-LTS-286, mixed mode, sharing, tiered, compressed oops, compressed class ptrs, g1 gc, windows-amd64)
# Problematic frame:
# V  [jvm.dll+0x6c635d]
#
# No core dump will be written. Minidumps are not enabled by default on client versions of Windows
#
# If you would like to submit a bug report, please visit:
#   https://bugreport.java.com/bugreport/crash.jsp
#

---------------  S U M M A R Y ------------

Command Line: -XX:MaxMetaspaceSize=2G -XX:+HeapDumpOnOutOfMemoryError --add-opens=java.base/java.util=ALL-UNNAMED --add-opens=java.base/java.lang=ALL-UNNAMED --add-opens=java.base/java.lang.invoke=ALL-UNNAMED --add-opens=java.prefs/java.util.prefs=ALL-UNNAMED --add-opens=java.base/java.nio.charset=ALL-UNNAMED --add-opens=java.base/java.net=ALL-UNNAMED --add-opens=java.base/java.util.concurrent.atomic=ALL-UNNAMED -Xmx4G -Dfile.encoding=windows-1252 -Duser.country=US -Duser.language=en -Duser.variant org.gradle.launcher.daemon.bootstrap.GradleDaemon 7.6.3

Host: Intel(R) Core(TM) i5-7300U CPU @ 2.60GHz, 4 cores, 7G,  Windows 10 , 64 bit Build 19041 (10.0.19041.5072)
Time: Mon Nov 25 16:34:06 2024 Egypt Standard Time elapsed time: 9.773369 seconds (0d 0h 0m 9s)

---------------  T H R E A D  ---------------

Current thread (0x000001d53313ff00):  JavaThread "C2 CompilerThread0" daemon [_thread_in_native, id=12392, stack(0x0000008b95b00000,0x0000008b95c00000)]


Current CompileTask:
C2:   9773 4162   !   4       java.net.URLClassLoader::findClass (47 bytes)

Stack: [0x0000008b95b00000,0x0000008b95c00000],  sp=0x0000008b95bfbbe0,  free space=1006k
Native frames: (J=compiled Java code, j=interpreted, Vv=VM code, C=native code)
V  [jvm.dll+0x6c635d]
V  [jvm.dll+0x1ba551]
V  [jvm.dll+0x216997]
V  [jvm.dll+0x215c6f]
V  [jvm.dll+0x1a2960]
V  [jvm.dll+0x22610b]
V  [jvm.dll+0x2242ab]
V  [jvm.dll+0x79075c]
V  [jvm.dll+0x78abea]
V  [jvm.dll+0x678f35]
C  [ucrtbase.dll+0x21bb2]
C  [KERNEL32.DLL+0x17374]
C  [ntdll.dll+0x4cc91]


siginfo: EXCEPTION_ACCESS_VIOLATION (0xc0000005), reading address 0x00007ffcc9eeb070


Registers:
RAX=0x00007ffcc9eeafe8, RBX=0x0000008b95bfc350, RCX=0x000001d5339e81a0, RDX=0x000001d57979e138
RSP=0x0000008b95bfbbe0, RBP=0x0000008b95bfbce0, RSI=0x000001d5339e81a0, RDI=0x000001d5339e8e48
R8 =0x0000000000000000, R9 =0x0000000000000000, R10=0x0000000000000002, R11=0x000000000000000c
R12=0x000001d57c507050, R13=0x0000000000000000, R14=0x0000000000000009, R15=0x000001d57979e120
RIP=0x00007ffce9d2635d, EFLAGS=0x0000000000010283


Register to memory mapping:

RIP=0x00007ffce9d2635d jvm.dll
RAX=0x00007ffcc9eeafe8 is an unknown value
RBX=0x0000008b95bfc350 is pointing into the stack for thread: 0x000001d53313ff00
RCX=0x000001d5339e81a0 points into unknown readable memory: 0x00007ffcc9eeafe8 | e8 af ee c9 fc 7f 00 00
RDX=0x000001d57979e138 points into unknown readable memory: 0x000001d500000010 | 10 00 00 00 d5 01 00 00
RSP=0x0000008b95bfbbe0 is pointing into the stack for thread: 0x000001d53313ff00
RBP=0x0000008b95bfbce0 is pointing into the stack for thread: 0x000001d53313ff00
RSI=0x000001d5339e81a0 points into unknown readable memory: 0x00007ffcc9eeafe8 | e8 af ee c9 fc 7f 00 00
RDI=0x000001d5339e8e48 points into unknown readable memory: 0x00007ffce9f1d420 | 20 d4 f1 e9 fc 7f 00 00
R8 =0x0 is NULL
R9 =0x0 is NULL
R10=0x0000000000000002 is an unknown value
R11=0x000000000000000c is an unknown value
R12=0x000001d57c507050 points into unknown readable memory: 0x0000000000000000 | 00 00 00 00 00 00 00 00
R13=0x0 is NULL
R14=0x0000000000000009 is an unknown value
R15=0x000001d57979e120 points into unknown readable memory: 0x00007ffce9f21c30 | 30 1c f2 e9 fc 7f 00 00


Top of Stack: (sp=0x0000008b95bfbbe0)
0x0000008b95bfbbe0:   000001d57a8e5140 0000008b95bfbce0
0x0000008b95bfbbf0:   00007ffcea0fe010 000001d57b7efee0
0x0000008b95bfbc00:   0000008b00002014 0000008b95bfbca0
0x0000008b95bfbc10:   0000000000000002 000001d533add9c0
0x0000008b95bfbc20:   000001d57c942220 00007ffce970b801
0x0000008b95bfbc30:   000001d57bedd078 0000000000000040
0x0000008b95bfbc40:   000001d57979e120 0000000000000004
0x0000008b95bfbc50:   000001d5339e81a0 0000000000000000
0x0000008b95bfbc60:   000000000000000d 0000000900000000
0x0000008b95bfbc70:   0000000000000002 000001d53348a050
0x0000008b95bfbc80:   000000bc00000000 000001d57c507050
0x0000008b95bfbc90:   000001d53348a0c0 00000000000babe0
0x0000008b95bfbca0:   00001fdd00000000 000001d57c83fb10
0x0000008b95bfbcb0:   0000008b95bfc080 00007ffce985b2a9
0x0000008b95bfbcc0:   000001d57b49dff0 000001d57b4974b0
0x0000008b95bfbcd0:   0000000000000000 000001d500000003 

Instructions: (pc=0x00007ffce9d2635d)
0x00007ffce9d2625d:   30 45 8b c8 4d 69 e1 b0 00 00 00 4c 89 4d f0 4c
0x00007ffce9d2626d:   03 60 20 41 83 e5 01 4c 89 65 a8 44 89 6d 88 0f
0x00007ffce9d2627d:   84 c7 00 00 00 48 8b 46 08 41 8b dd 4a 8b 14 e8
0x00007ffce9d2628d:   48 8b 85 f0 01 00 00 48 63 4a 28 48 8b 80 08 01
0x00007ffce9d2629d:   00 00 44 3b 04 88 0f 85 99 00 00 00 48 8b ce e8
0x00007ffce9d262ad:   6f a0 fd ff 4c 8b 4e 08 4b 8b 0c e9 48 85 c9 74
0x00007ffce9d262bd:   28 4c 8b 41 10 4d 85 c0 74 1f 8b 41 20 49 8d 14
0x00007ffce9d262cd:   c0 66 90 48 39 72 f8 48 8d 52 f8 75 f6 ff c8 89
0x00007ffce9d262dd:   41 20 49 8b 0c c0 48 89 0a 8b 3d 8c 1f 48 00 45
0x00007ffce9d262ed:   33 ed 65 48 8b 14 25 58 00 00 00 b9 50 00 00 00
0x00007ffce9d262fd:   4d 89 2c d9 48 8b 04 fa 44 38 2c 01 75 05 e8 9c
0x00007ffce9d2630d:   01 17 00 48 8b 5c 24 60 41 8b d6 48 8d 4b 10 e8
0x00007ffce9d2631d:   cf 3c f9 ff ff 4b 28 48 8d 53 18 ff 4b 70 41 ff
0x00007ffce9d2632d:   ce ff 4b 78 48 8b cb 41 ff c6 41 bc 01 00 00 00
0x00007ffce9d2633d:   e9 13 fb ff ff 48 8b 9d f0 01 00 00 8b 46 2c 83
0x00007ffce9d2634d:   e0 7f 3c 4a 0f 84 9b 02 00 00 48 8b 06 48 8b ce
0x00007ffce9d2635d:   ff 90 88 00 00 00 48 89 44 24 78 48 8b f8 48 85
0x00007ffce9d2636d:   c0 74 10 48 8b c8 e8 18 36 ae ff 8b 4d 90 44 8b
0x00007ffce9d2637d:   f8 eb 06 8b 4d 90 44 8b f9 41 bd 01 00 00 00 44
0x00007ffce9d2638d:   89 7c 24 68 44 89 6d 84 8d 41 ff 89 45 f8 41 3b
0x00007ffce9d2639d:   cd 0f 86 46 02 00 00 44 3b e8 76 0e 41 8b c5 41
0x00007ffce9d263ad:   2b c7 a8 01 0f 84 1b 02 00 00 48 8b 46 08 45 8b
0x00007ffce9d263bd:   fd 4a 8b 0c f8 48 8b 83 08 01 00 00 48 63 51 28
0x00007ffce9d263cd:   8b 0c 90 3b 8b e0 00 00 00 0f 83 f1 01 00 00 48
0x00007ffce9d263dd:   8b 85 f0 01 00 00 8b d1 48 69 d9 b0 00 00 00 48
0x00007ffce9d263ed:   8b 40 70 48 89 5d b8 48 8b 48 20 81 7c 19 30 2f
0x00007ffce9d263fd:   75 00 00 0f 8c 33 0f 00 00 48 8b 45 00 8b 34 90
0x00007ffce9d2640d:   48 8b 45 98 44 8b f6 89 75 8c 48 89 75 30 4c 8b
0x00007ffce9d2641d:   24 f0 48 85 ff 0f 84 10 03 00 00 8b 4f 14 41 3b
0x00007ffce9d2642d:   cd 77 0f 44 3b 6f 18 73 09 41 8b c5 2b c1 a8 01
0x00007ffce9d2643d:   74 1c 48 8b 0f 48 85 c9 0f 84 ed 02 00 00 41 8b
0x00007ffce9d2644d:   d5 e8 dd 48 b3 ff 84 c0 0f 84 dd 02 00 00 48 8b 


Stack slot to memory mapping:
stack at sp + 0 slots: 0x000001d57a8e5140 points into unknown readable memory: 0x00007ffce9f36070 | 70 60 f3 e9 fc 7f 00 00
stack at sp + 1 slots: 0x0000008b95bfbce0 is pointing into the stack for thread: 0x000001d53313ff00
stack at sp + 2 slots: 0x00007ffcea0fe010 jvm.dll
stack at sp + 3 slots: 0x000001d57b7efee0 points into unknown readable memory: 0x00007ffce9f36070 | 70 60 f3 e9 fc 7f 00 00
stack at sp + 4 slots: 0x0000008b00002014 is an unknown value
stack at sp + 5 slots: 0x0000008b95bfbca0 is pointing into the stack for thread: 0x000001d53313ff00
stack at sp + 6 slots: 0x0000000000000002 is an unknown value
stack at sp + 7 slots: 0x000001d533add9c0 points into unknown readable memory: 0xbf800000bf800000 | 00 00 80 bf 00 00 80 bf


---------------  P R O C E S S  ---------------

Threads class SMR info:
_java_thread_list=0x000001d57caea4e0, length=38, elements={
0x000001d510ba8ed0, 0x000001d533121860, 0x000001d533122200, 0x000001d533134450,
0x000001d533135b40, 0x000001d533138130, 0x000001d533139620, 0x000001d53313ff00,
0x000001d533140ef0, 0x000001d5331adfb0, 0x000001d53337fda0, 0x000001d533388ae0,
0x000001d57a6dee70, 0x000001d579c42000, 0x000001d579232830, 0x000001d5799e3650,
0x000001d57a1748e0, 0x000001d57a175300, 0x000001d57a172060, 0x000001d57a175810,
0x000001d57a1739b0, 0x000001d57a174df0, 0x000001d57a172f90, 0x000001d57a1734a0,
0x000001d57a172a80, 0x000001d579e9fcc0, 0x000001d57a173ec0, 0x000001d57a1743d0,
0x000001d57cb69080, 0x000001d57cb6b900, 0x000001d57cb67220, 0x000001d57cb658d0,
0x000001d57cb6b3f0, 0x000001d57cb67730, 0x000001d57cb65de0, 0x000001d57cb68b70,
0x000001d57cb6a4c0, 0x000001d57cb6a9d0
}

Java Threads: ( => current thread )
  0x000001d510ba8ed0 JavaThread "main" [_thread_blocked, id=9936, stack(0x0000008b94e00000,0x0000008b94f00000)]
  0x000001d533121860 JavaThread "Reference Handler" daemon [_thread_blocked, id=12220, stack(0x0000008b95500000,0x0000008b95600000)]
  0x000001d533122200 JavaThread "Finalizer" daemon [_thread_blocked, id=11392, stack(0x0000008b95600000,0x0000008b95700000)]
  0x000001d533134450 JavaThread "Signal Dispatcher" daemon [_thread_blocked, id=6488, stack(0x0000008b95700000,0x0000008b95800000)]
  0x000001d533135b40 JavaThread "Attach Listener" daemon [_thread_blocked, id=4552, stack(0x0000008b95800000,0x0000008b95900000)]
  0x000001d533138130 JavaThread "Service Thread" daemon [_thread_blocked, id=13348, stack(0x0000008b95900000,0x0000008b95a00000)]
  0x000001d533139620 JavaThread "Monitor Deflation Thread" daemon [_thread_blocked, id=512, stack(0x0000008b95a00000,0x0000008b95b00000)]
=>0x000001d53313ff00 JavaThread "C2 CompilerThread0" daemon [_thread_in_native, id=12392, stack(0x0000008b95b00000,0x0000008b95c00000)]
  0x000001d533140ef0 JavaThread "C1 CompilerThread0" daemon [_thread_blocked, id=6016, stack(0x0000008b95c00000,0x0000008b95d00000)]
  0x000001d5331adfb0 JavaThread "Sweeper thread" daemon [_thread_blocked, id=9440, stack(0x0000008b95d00000,0x0000008b95e00000)]
  0x000001d53337fda0 JavaThread "Common-Cleaner" daemon [_thread_blocked, id=8164, stack(0x0000008b95e00000,0x0000008b95f00000)]
  0x000001d533388ae0 JavaThread "Notification Thread" daemon [_thread_blocked, id=12988, stack(0x0000008b95f00000,0x0000008b96000000)]
  0x000001d57a6dee70 JavaThread "Daemon health stats" [_thread_blocked, id=7848, stack(0x0000008b96500000,0x0000008b96600000)]
  0x000001d579c42000 JavaThread "Incoming local TCP Connector on port 61905" [_thread_in_native, id=4648, stack(0x0000008b96100000,0x0000008b96200000)]
  0x000001d579232830 JavaThread "Daemon periodic checks" [_thread_blocked, id=1760, stack(0x0000008b96600000,0x0000008b96700000)]
  0x000001d5799e3650 JavaThread "Daemon" [_thread_blocked, id=10664, stack(0x0000008b96700000,0x0000008b96800000)]
  0x000001d57a1748e0 JavaThread "Handler for socket connection from /127.0.0.1:61905 to /127.0.0.1:61906" [_thread_in_native, id=12524, stack(0x0000008b96800000,0x0000008b96900000)]
  0x000001d57a175300 JavaThread "Cancel handler" [_thread_blocked, id=6148, stack(0x0000008b96900000,0x0000008b96a00000)]
  0x000001d57a172060 JavaThread "Daemon worker" [_thread_blocked, id=12172, stack(0x0000008b96a00000,0x0000008b96b00000)]
  0x000001d57a175810 JavaThread "Asynchronous log dispatcher for DefaultDaemonConnection: socket connection from /127.0.0.1:61905 to /127.0.0.1:61906" [_thread_blocked, id=3192, stack(0x0000008b96b00000,0x0000008b96c00000)]
  0x000001d57a1739b0 JavaThread "Stdin handler" [_thread_blocked, id=10744, stack(0x0000008b96c00000,0x0000008b96d00000)]
  0x000001d57a174df0 JavaThread "Daemon client event forwarder" [_thread_blocked, id=6008, stack(0x0000008b96d00000,0x0000008b96e00000)]
  0x000001d57a172f90 JavaThread "Cache worker for journal cache (C:\Users\Al-Mahdi\.gradle\caches\journal-1)" [_thread_blocked, id=8592, stack(0x0000008b96f00000,0x0000008b97000000)]
  0x000001d57a1734a0 JavaThread "File lock request listener" [_thread_in_native, id=13288, stack(0x0000008b97000000,0x0000008b97100000)]
  0x000001d57a172a80 JavaThread "Cache worker for file hash cache (C:\Users\Al-Mahdi\.gradle\caches\7.6.3\fileHashes)" [_thread_blocked, id=14244, stack(0x0000008b96e00000,0x0000008b96f00000)]
  0x000001d579e9fcc0 JavaThread "C2 CompilerThread1" daemon [_thread_blocked, id=3764, stack(0x0000008b97100000,0x0000008b97200000)]
  0x000001d57a173ec0 JavaThread "File watcher server" daemon [_thread_in_native, id=3556, stack(0x0000008b97200000,0x0000008b97300000)]
  0x000001d57a1743d0 JavaThread "File watcher consumer" daemon [_thread_blocked, id=12644, stack(0x0000008b97300000,0x0000008b97400000)]
  0x000001d57cb69080 JavaThread "Cache worker for checksums cache (D:\khara\rct_app\android\.gradle\7.6.3\checksums)" [_thread_blocked, id=1212, stack(0x0000008b97400000,0x0000008b97500000)]
  0x000001d57cb6b900 JavaThread "Cache worker for cache directory md-rule (C:\Users\Al-Mahdi\.gradle\caches\7.6.3\md-rule)" [_thread_blocked, id=3056, stack(0x0000008b97500000,0x0000008b97600000)]
  0x000001d57cb67220 JavaThread "Cache worker for file content cache (C:\Users\Al-Mahdi\.gradle\caches\7.6.3\fileContent)" [_thread_blocked, id=8560, stack(0x0000008b97600000,0x0000008b97700000)]
  0x000001d57cb658d0 JavaThread "Cache worker for file hash cache (D:\khara\rct_app\android\.gradle\7.6.3\fileHashes)" [_thread_blocked, id=5832, stack(0x0000008b97700000,0x0000008b97800000)]
  0x000001d57cb6b3f0 JavaThread "Cache worker for cache directory md-supplier (C:\Users\Al-Mahdi\.gradle\caches\7.6.3\md-supplier)" [_thread_blocked, id=10036, stack(0x0000008b97800000,0x0000008b97900000)]
  0x000001d57cb67730 JavaThread "Cache worker for execution history cache (C:\Users\Al-Mahdi\.gradle\caches\7.6.3\executionHistory)" [_thread_blocked, id=7724, stack(0x0000008b97a00000,0x0000008b97b00000)]
  0x000001d57cb65de0 JavaThread "jar transforms" [_thread_blocked, id=3388, stack(0x0000008b97b00000,0x0000008b97c00000)]
  0x000001d57cb68b70 JavaThread "Cache worker for kotlin-dsl (C:\Users\Al-Mahdi\.gradle\caches\7.6.3\kotlin-dsl)" [_thread_blocked, id=2792, stack(0x0000008b97c00000,0x0000008b97d00000)]
  0x000001d57cb6a4c0 JavaThread "jar transforms Thread 2" [_thread_blocked, id=13896, stack(0x0000008b97d00000,0x0000008b97e00000)]
  0x000001d57cb6a9d0 JavaThread "Cache worker for dependencies-accessors (D:\khara\rct_app\android\.gradle\7.6.3\dependencies-accessors)" [_thread_blocked, id=4760, stack(0x0000008b97e00000,0x0000008b97f00000)]

Other Threads:
  0x000001d53311ace0 VMThread "VM Thread" [stack: 0x0000008b95400000,0x0000008b95500000] [id=10580] _threads_hazard_ptr=0x000001d57caea4e0
  0x000001d53338efe0 WatcherThread [stack: 0x0000008b96000000,0x0000008b96100000] [id=772]
  0x000001d510c12df0 GCTaskThread "GC Thread#0" [stack: 0x0000008b94f00000,0x0000008b95000000] [id=8056]
  0x000001d5337a67e0 GCTaskThread "GC Thread#1" [stack: 0x0000008b96200000,0x0000008b96300000] [id=7928]
  0x000001d533822ac0 GCTaskThread "GC Thread#2" [stack: 0x0000008b96300000,0x0000008b96400000] [id=10140]
  0x000001d533e82360 GCTaskThread "GC Thread#3" [stack: 0x0000008b96400000,0x0000008b96500000] [id=12208]
  0x000001d510c23c50 ConcurrentGCThread "G1 Main Marker" [stack: 0x0000008b95000000,0x0000008b95100000] [id=7060]
  0x000001d510c24d10 ConcurrentGCThread "G1 Conc#0" [stack: 0x0000008b95100000,0x0000008b95200000] [id=4416]
  0x000001d510c60260 ConcurrentGCThread "G1 Refine#0" [stack: 0x0000008b95200000,0x0000008b95300000] [id=6776]
  0x000001d57c827740 ConcurrentGCThread "G1 Refine#1" [stack: 0x0000008b97900000,0x0000008b97a00000] [id=7284]
  0x000001d510c627c0 ConcurrentGCThread "G1 Service" [stack: 0x0000008b95300000,0x0000008b95400000] [id=10136]

Threads with active compile tasks:
C2 CompilerThread0     9882 4162   !   4       java.net.URLClassLoader::findClass (47 bytes)
C2 CompilerThread1     9882 4163   !   4       java.net.URLClassLoader$1::run (81 bytes)

VM state: synchronizing (normal execution)

VM Mutex/Monitor currently owned by a thread:  ([mutex/lock_event])
[0x000001d510ba4300] Threads_lock - owner thread: 0x000001d53311ace0
[0x000001d510ba3df0] Heap_lock - owner thread: 0x000001d510c23c50

Heap address: 0x0000000700000000, size: 4096 MB, Compressed Oops mode: Zero based, Oop shift amount: 3

CDS archive(s) mapped at: [0x000001d534000000-0x000001d534bd0000-0x000001d534bd0000), size 12386304, SharedBaseAddress: 0x000001d534000000, ArchiveRelocationMode: 1.
Compressed class space mapped at: 0x000001d535000000-0x000001d575000000, reserved size: 1073741824
Narrow klass base: 0x000001d534000000, Narrow klass shift: 0, Narrow klass range: 0x100000000

GC Precious Log:
 CPUs: 4 total, 4 available
 Memory: 8050M
 Large Page Support: Disabled
 NUMA Support: Disabled
 Compressed Oops: Enabled (Zero based)
 Heap Region Size: 2M
 Heap Min Capacity: 8M
 Heap Initial Capacity: 126M
 Heap Max Capacity: 4G
 Pre-touch: Disabled
 Parallel Workers: 4
 Concurrent Workers: 1
 Concurrent Refinement Workers: 4
 Periodic GC: Disabled

Heap:
 garbage-first heap   total 90112K, used 31443K [0x0000000700000000, 0x0000000800000000)
  region size 2048K, 4 young (8192K), 3 survivors (6144K)
 Metaspace       used 35983K, committed 36416K, reserved 1114112K
  class space    used 4997K, committed 5184K, reserved 1048576K

Heap Regions: E=young(eden), S=young(survivor), O=old, HS=humongous(starts), HC=humongous(continues), CS=collection set, F=free, OA=open archive, CA=closed archive, TAMS=top-at-mark-start (previous, next)
|   0|0x0000000700000000, 0x0000000700200000, 0x0000000700200000|100%| O|  |TAMS 0x0000000700200000, 0x0000000700200000| Untracked 
|   1|0x0000000700200000, 0x0000000700400000, 0x0000000700400000|100%|HS|  |TAMS 0x0000000700400000, 0x0000000700400000| Complete 
|   2|0x0000000700400000, 0x0000000700600000, 0x0000000700600000|100%|HC|  |TAMS 0x0000000700600000, 0x0000000700600000| Complete 
|   3|0x0000000700600000, 0x0000000700800000, 0x0000000700800000|100%| O|  |TAMS 0x0000000700800000, 0x0000000700800000| Untracked 
|   4|0x0000000700800000, 0x0000000700a00000, 0x0000000700a00000|100%| O|  |TAMS 0x00000007008fb400, 0x0000000700a00000| Untracked 
|   5|0x0000000700a00000, 0x0000000700c00000, 0x0000000700c00000|100%| O|  |TAMS 0x0000000700a00000, 0x0000000700c00000| Untracked 
|   6|0x0000000700c00000, 0x0000000700e00000, 0x0000000700e00000|100%| O|  |TAMS 0x0000000700c00000, 0x0000000700e00000| Untracked 
|   7|0x0000000700e00000, 0x0000000701000000, 0x0000000701000000|100%| O|  |TAMS 0x0000000700e00000, 0x0000000701000000| Untracked 
|   8|0x0000000701000000, 0x0000000701200000, 0x0000000701200000|100%| O|  |TAMS 0x0000000701000000, 0x0000000701200000| Untracked 
|   9|0x0000000701200000, 0x0000000701200000, 0x0000000701400000|  0%| F|  |TAMS 0x0000000701200000, 0x0000000701200000| Untracked 
|  10|0x0000000701400000, 0x0000000701600000, 0x0000000701600000|100%| O|  |TAMS 0x0000000701400000, 0x0000000701600000| Untracked 
|  11|0x0000000701600000, 0x0000000701800000, 0x0000000701800000|100%| O|  |TAMS 0x0000000701600000, 0x0000000701800000| Untracked 
|  12|0x0000000701800000, 0x0000000701a00000, 0x0000000701a00000|100%| O|  |TAMS 0x0000000701800000, 0x0000000701a00000| Untracked 
|  13|0x0000000701a00000, 0x0000000701b6ec00, 0x0000000701c00000| 71%| O|  |TAMS 0x0000000701a00000, 0x0000000701b6ec00| Untracked 
|  14|0x0000000701c00000, 0x0000000701c00000, 0x0000000701e00000|  0%| F|  |TAMS 0x0000000701c00000, 0x0000000701c00000| Untracked 
|  15|0x0000000701e00000, 0x0000000701e00000, 0x0000000702000000|  0%| F|  |TAMS 0x0000000701e00000, 0x0000000701e00000| Untracked 
|  16|0x0000000702000000, 0x0000000702000000, 0x0000000702200000|  0%| F|  |TAMS 0x0000000702000000, 0x0000000702000000| Untracked 
|  17|0x0000000702200000, 0x0000000702200000, 0x0000000702400000|  0%| F|  |TAMS 0x0000000702200000, 0x0000000702200000| Untracked 
|  18|0x0000000702400000, 0x0000000702400000, 0x0000000702600000|  0%| F|  |TAMS 0x0000000702400000, 0x0000000702400000| Untracked 
|  19|0x0000000702600000, 0x0000000702600000, 0x0000000702800000|  0%| F|  |TAMS 0x0000000702600000, 0x0000000702600000| Untracked 
|  20|0x0000000702800000, 0x0000000702946180, 0x0000000702a00000| 63%| S|CS|TAMS 0x0000000702800000, 0x0000000702800000| Complete 
|  21|0x0000000702a00000, 0x0000000702c00000, 0x0000000702c00000|100%| S|CS|TAMS 0x0000000702a00000, 0x0000000702a00000| Complete 
|  22|0x0000000702c00000, 0x0000000702c00000, 0x0000000702e00000|  0%| F|  |TAMS 0x0000000702c00000, 0x0000000702c00000| Untracked 
|  23|0x0000000702e00000, 0x0000000702e00000, 0x0000000703000000|  0%| F|  |TAMS 0x0000000702e00000, 0x0000000702e00000| Untracked 
|  24|0x0000000703000000, 0x0000000703200000, 0x0000000703200000|100%| S|CS|TAMS 0x0000000703000000, 0x0000000703000000| Complete 
|  25|0x0000000703200000, 0x0000000703200000, 0x0000000703400000|  0%| F|  |TAMS 0x0000000703200000, 0x0000000703200000| Untracked 
|  26|0x0000000703400000, 0x0000000703400000, 0x0000000703600000|  0%| F|  |TAMS 0x0000000703400000, 0x0000000703400000| Untracked 
|  27|0x0000000703600000, 0x0000000703600000, 0x0000000703800000|  0%| F|  |TAMS 0x0000000703600000, 0x0000000703600000| Untracked 
|  28|0x0000000703800000, 0x0000000703800000, 0x0000000703a00000|  0%| F|  |TAMS 0x0000000703800000, 0x0000000703800000| Untracked 
|  29|0x0000000703a00000, 0x0000000703a00000, 0x0000000703c00000|  0%| F|  |TAMS 0x0000000703a00000, 0x0000000703a00000| Untracked 
|  30|0x0000000703c00000, 0x0000000703c00000, 0x0000000703e00000|  0%| F|  |TAMS 0x0000000703c00000, 0x0000000703c00000| Untracked 
|  31|0x0000000703e00000, 0x0000000703e00000, 0x0000000704000000|  0%| F|  |TAMS 0x0000000703e00000, 0x0000000703e00000| Untracked 
|  32|0x0000000704000000, 0x0000000704000000, 0x0000000704200000|  0%| F|  |TAMS 0x0000000704000000, 0x0000000704000000| Untracked 
|  33|0x0000000704200000, 0x0000000704200000, 0x0000000704400000|  0%| F|  |TAMS 0x0000000704200000, 0x0000000704200000| Untracked 
|  34|0x0000000704400000, 0x0000000704400000, 0x0000000704600000|  0%| F|  |TAMS 0x0000000704400000, 0x0000000704400000| Untracked 
|  35|0x0000000704600000, 0x0000000704600000, 0x0000000704800000|  0%| F|  |TAMS 0x0000000704600000, 0x0000000704600000| Untracked 
|  36|0x0000000704800000, 0x0000000704800000, 0x0000000704a00000|  0%| F|  |TAMS 0x0000000704800000, 0x0000000704800000| Untracked 
|  37|0x0000000704a00000, 0x0000000704a00000, 0x0000000704c00000|  0%| F|  |TAMS 0x0000000704a00000, 0x0000000704a00000| Untracked 
|  38|0x0000000704c00000, 0x0000000704c00000, 0x0000000704e00000|  0%| F|  |TAMS 0x0000000704c00000, 0x0000000704c00000| Untracked 
|  39|0x0000000704e00000, 0x0000000704e00000, 0x0000000705000000|  0%| F|  |TAMS 0x0000000704e00000, 0x0000000704e00000| Untracked 
|  40|0x0000000705000000, 0x0000000705000000, 0x0000000705200000|  0%| F|  |TAMS 0x0000000705000000, 0x0000000705000000| Untracked 
|  41|0x0000000705200000, 0x0000000705200000, 0x0000000705400000|  0%| F|  |TAMS 0x0000000705200000, 0x0000000705200000| Untracked 
|  42|0x0000000705400000, 0x0000000705400000, 0x0000000705600000|  0%| F|  |TAMS 0x0000000705400000, 0x0000000705400000| Untracked 
|  62|0x0000000707c00000, 0x0000000707defdb0, 0x0000000707e00000| 96%| E|  |TAMS 0x0000000707c00000, 0x0000000707c00000| Complete 

Card table byte_map: [0x000001d527c70000,0x000001d528470000] _byte_map_base: 0x000001d524470000

Marking Bits (Prev, Next): (CMBitMap*) 0x000001d510c13360, (CMBitMap*) 0x000001d510c13320
 Prev Bits: [0x000001d52cc70000, 0x000001d530c70000)
 Next Bits: [0x000001d528c70000, 0x000001d52cc70000)

Polling page: 0x000001d50ead0000

Metaspace:

Usage:
  Non-class:     30.26 MB used.
      Class:      4.88 MB used.
       Both:     35.14 MB used.

Virtual space:
  Non-class space:       64.00 MB reserved,      30.50 MB ( 48%) committed,  1 nodes.
      Class space:        1.00 GB reserved,       5.06 MB ( <1%) committed,  1 nodes.
             Both:        1.06 GB reserved,      35.56 MB (  3%) committed. 

Chunk freelists:
   Non-Class:  1.17 MB
       Class:  10.94 MB
        Both:  12.11 MB

MaxMetaspaceSize: 2.00 GB
CompressedClassSpaceSize: 1.00 GB
Initial GC threshold: 21.00 MB
Current GC threshold: 35.56 MB
CDS: on
MetaspaceReclaimPolicy: balanced
 - commit_granule_bytes: 65536.
 - commit_granule_words: 8192.
 - virtual_space_node_default_size: 8388608.
 - enlarge_chunks_in_place: 1.
 - new_chunks_are_fully_committed: 0.
 - uncommit_free_chunks: 1.
 - use_allocation_guard: 0.
 - handle_deallocations: 1.


Internal statistics:

num_allocs_failed_limit: 6.
num_arena_births: 456.
num_arena_deaths: 0.
num_vsnodes_births: 2.
num_vsnodes_deaths: 0.
num_space_committed: 569.
num_space_uncommitted: 0.
num_chunks_returned_to_freelist: 6.
num_chunks_taken_from_freelist: 1754.
num_chunk_merges: 6.
num_chunk_splits: 1198.
num_chunks_enlarged: 859.
num_inconsistent_stats: 0.

CodeHeap 'non-profiled nmethods': size=120000Kb used=2536Kb max_used=2536Kb free=117463Kb
 bounds [0x000001d51ff40000, 0x000001d5201c0000, 0x000001d527470000]
CodeHeap 'profiled nmethods': size=120000Kb used=8880Kb max_used=8880Kb free=111119Kb
 bounds [0x000001d518470000, 0x000001d518d20000, 0x000001d51f9a0000]
CodeHeap 'non-nmethods': size=5760Kb used=2275Kb max_used=2364Kb free=3484Kb
 bounds [0x000001d51f9a0000, 0x000001d51fc10000, 0x000001d51ff40000]
 total_blobs=4997 nmethods=4217 adapters=692
 compilation: enabled
              stopped_count=0, restarted_count=0
 full_count=0

Compilation events (20 events):
Event: 9.645 Thread 0x000001d533140ef0 4216       3       com.google.common.collect.LinkedHashMultimap$ValueSet$1::hasNext (21 bytes)
Event: 9.646 Thread 0x000001d533140ef0 nmethod 4216 0x000001d518d15190 code [0x000001d518d15340, 0x000001d518d15648]
Event: 9.651 Thread 0x000001d533140ef0 4217       3       java.lang.reflect.ProxyGenerator::typeNames (61 bytes)
Event: 9.652 Thread 0x000001d533140ef0 nmethod 4217 0x000001d518d15790 code [0x000001d518d159c0, 0x000001d518d16348]
Event: 9.697 Thread 0x000001d533140ef0 4218       1       org.gradle.internal.operations.BuildOperationDescriptor::getId (5 bytes)
Event: 9.697 Thread 0x000001d533140ef0 nmethod 4218 0x000001d5201b9690 code [0x000001d5201b9820, 0x000001d5201b98f8]
Event: 9.703 Thread 0x000001d533140ef0 4219       3       java.lang.invoke.DirectMethodHandle::makeAllocator (137 bytes)
Event: 9.703 Thread 0x000001d533140ef0 nmethod 4219 0x000001d518d16610 code [0x000001d518d16820, 0x000001d518d16c98]
Event: 9.706 Thread 0x000001d533140ef0 4220       3       org.gradle.internal.logging.slf4j.OutputEventListenerBackedLogger::isDebugEnabled (5 bytes)
Event: 9.706 Thread 0x000001d533140ef0 nmethod 4220 0x000001d518d16f10 code [0x000001d518d170e0, 0x000001d518d174e8]
Event: 9.726 Thread 0x000001d533140ef0 4221       1       java.util.Spliterators$EmptySpliterator::characteristics (4 bytes)
Event: 9.726 Thread 0x000001d533140ef0 nmethod 4221 0x000001d5201b9990 code [0x000001d5201b9b20, 0x000001d5201b9bf8]
Event: 9.726 Thread 0x000001d533140ef0 4222       1       javax.management.ObjectName$Property::setKeyIndex (6 bytes)
Event: 9.727 Thread 0x000001d533140ef0 nmethod 4222 0x000001d5201b9c90 code [0x000001d5201b9e20, 0x000001d5201b9ef8]
Event: 9.727 Thread 0x000001d533140ef0 4223       1       sun.management.MemoryPoolImpl::getName (5 bytes)
Event: 9.727 Thread 0x000001d533140ef0 nmethod 4223 0x000001d5201b9f90 code [0x000001d5201ba120, 0x000001d5201ba1f8]
Event: 9.730 Thread 0x000001d533140ef0 4224   !   3       java.util.concurrent.locks.AbstractQueuedSynchronizer::acquire (407 bytes)
Event: 9.732 Thread 0x000001d533140ef0 nmethod 4224 0x000001d518d17690 code [0x000001d518d17a20, 0x000001d518d195c8]
Event: 9.750 Thread 0x000001d533140ef0 4225       3       sun.reflect.generics.reflectiveObjects.LazyReflectiveObjectGenerator::<init> (10 bytes)
Event: 9.750 Thread 0x000001d533140ef0 nmethod 4225 0x000001d518d19e90 code [0x000001d518d1a020, 0x000001d518d1a1d8]

GC Heap History (16 events):
Event: 0.610 GC heap before
{Heap before GC invocations=0 (full 0):
 garbage-first heap   total 129024K, used 12288K [0x0000000700000000, 0x0000000800000000)
  region size 2048K, 6 young (12288K), 0 survivors (0K)
 Metaspace       used 943K, committed 1088K, reserved 1114112K
  class space    used 74K, committed 128K, reserved 1048576K
}
Event: 0.615 GC heap after
{Heap after GC invocations=1 (full 0):
 garbage-first heap   total 129024K, used 3450K [0x0000000700000000, 0x0000000800000000)
  region size 2048K, 1 young (2048K), 1 survivors (2048K)
 Metaspace       used 943K, committed 1088K, reserved 1114112K
  class space    used 74K, committed 128K, reserved 1048576K
}
Event: 1.304 GC heap before
{Heap before GC invocations=1 (full 0):
 garbage-first heap   total 129024K, used 19834K [0x0000000700000000, 0x0000000800000000)
  region size 2048K, 7 young (14336K), 1 survivors (2048K)
 Metaspace       used 3041K, committed 3200K, reserved 1114112K
  class space    used 380K, committed 448K, reserved 1048576K
}
Event: 1.308 GC heap after
{Heap after GC invocations=2 (full 0):
 garbage-first heap   total 129024K, used 10081K [0x0000000700000000, 0x0000000800000000)
  region size 2048K, 1 young (2048K), 1 survivors (2048K)
 Metaspace       used 3041K, committed 3200K, reserved 1114112K
  class space    used 380K, committed 448K, reserved 1048576K
}
Event: 1.836 GC heap before
{Heap before GC invocations=2 (full 0):
 garbage-first heap   total 129024K, used 26465K [0x0000000700000000, 0x0000000800000000)
  region size 2048K, 10 young (20480K), 1 survivors (2048K)
 Metaspace       used 3865K, committed 4032K, reserved 1114112K
  class space    used 475K, committed 576K, reserved 1048576K
}
Event: 1.838 GC heap after
{Heap after GC invocations=3 (full 0):
 garbage-first heap   total 129024K, used 10658K [0x0000000700000000, 0x0000000800000000)
  region size 2048K, 2 young (4096K), 2 survivors (4096K)
 Metaspace       used 3865K, committed 4032K, reserved 1114112K
  class space    used 475K, committed 576K, reserved 1048576K
}
Event: 4.508 GC heap before
{Heap before GC invocations=3 (full 0):
 garbage-first heap   total 129024K, used 82338K [0x0000000700000000, 0x0000000800000000)
  region size 2048K, 37 young (75776K), 2 survivors (4096K)
 Metaspace       used 14852K, committed 15104K, reserved 1114112K
  class space    used 2156K, committed 2240K, reserved 1048576K
}
Event: 4.518 GC heap after
{Heap after GC invocations=4 (full 0):
 garbage-first heap   total 129024K, used 19437K [0x0000000700000000, 0x0000000800000000)
  region size 2048K, 5 young (10240K), 5 survivors (10240K)
 Metaspace       used 14852K, committed 15104K, reserved 1114112K
  class space    used 2156K, committed 2240K, reserved 1048576K
}
Event: 5.916 GC heap before
{Heap before GC invocations=4 (full 0):
 garbage-first heap   total 129024K, used 60397K [0x0000000700000000, 0x0000000800000000)
  region size 2048K, 26 young (53248K), 5 survivors (10240K)
 Metaspace       used 21197K, committed 21504K, reserved 1114112K
  class space    used 3145K, committed 3328K, reserved 1048576K
}
Event: 5.927 GC heap after
{Heap after GC invocations=5 (full 0):
 garbage-first heap   total 129024K, used 22274K [0x0000000700000000, 0x0000000800000000)
  region size 2048K, 2 young (4096K), 2 survivors (4096K)
 Metaspace       used 21197K, committed 21504K, reserved 1114112K
  class space    used 3145K, committed 3328K, reserved 1048576K
}
Event: 7.217 GC heap before
{Heap before GC invocations=6 (full 0):
 garbage-first heap   total 90112K, used 69378K [0x0000000700000000, 0x0000000800000000)
  region size 2048K, 26 young (53248K), 2 survivors (4096K)
 Metaspace       used 28646K, committed 28992K, reserved 1114112K
  class space    used 4033K, committed 4224K, reserved 1048576K
}
Event: 7.226 GC heap after
{Heap after GC invocations=7 (full 0):
 garbage-first heap   total 90112K, used 26723K [0x0000000700000000, 0x0000000800000000)
  region size 2048K, 4 young (8192K), 4 survivors (8192K)
 Metaspace       used 28646K, committed 28992K, reserved 1114112K
  class space    used 4033K, committed 4224K, reserved 1048576K
}
Event: 7.305 GC heap before
{Heap before GC invocations=7 (full 0):
 garbage-first heap   total 90112K, used 28771K [0x0000000700000000, 0x0000000800000000)
  region size 2048K, 5 young (10240K), 4 survivors (8192K)
 Metaspace       used 29062K, committed 29440K, reserved 1114112K
  class space    used 4083K, committed 4288K, reserved 1048576K
}
Event: 7.314 GC heap after
{Heap after GC invocations=8 (full 0):
 garbage-first heap   total 90112K, used 27165K [0x0000000700000000, 0x0000000800000000)
  region size 2048K, 1 young (2048K), 1 survivors (2048K)
 Metaspace       used 29062K, committed 29440K, reserved 1114112K
  class space    used 4083K, committed 4288K, reserved 1048576K
}
Event: 8.267 GC heap before
{Heap before GC invocations=8 (full 0):
 garbage-first heap   total 90112K, used 66077K [0x0000000700000000, 0x0000000800000000)
  region size 2048K, 20 young (40960K), 1 survivors (2048K)
 Metaspace       used 32236K, committed 32640K, reserved 1114112K
  class space    used 4476K, committed 4672K, reserved 1048576K
}
Event: 8.273 GC heap after
{Heap after GC invocations=9 (full 0):
 garbage-first heap   total 90112K, used 29270K [0x0000000700000000, 0x0000000800000000)
  region size 2048K, 2 young (4096K), 2 survivors (4096K)
 Metaspace       used 32236K, committed 32640K, reserved 1114112K
  class space    used 4476K, committed 4672K, reserved 1048576K
}

Deoptimization events (20 events):
Event: 8.764 Thread 0x000001d57a172060 Uncommon trap: trap_request=0xffffffc6 fr.pc=0x000001d5201210f0 relative=0x00000000000004f0
Event: 8.764 Thread 0x000001d57a172060 Uncommon trap: reason=bimorphic_or_optimized_type_check action=maybe_recompile pc=0x000001d5201210f0 method=java.util.stream.AbstractPipeline.copyIntoWithCancel(Ljava/util/stream/Sink;Ljava/util/Spliterator;)Z @ 24 c2
Event: 8.764 Thread 0x000001d57a172060 DEOPT PACKING pc=0x000001d5201210f0 sp=0x0000008b96af5e20
Event: 8.764 Thread 0x000001d57a172060 DEOPT UNPACKING pc=0x000001d51f9f23a3 sp=0x0000008b96af5cd8 mode 2
Event: 8.767 Thread 0x000001d57a172060 Uncommon trap: trap_request=0xffffffc6 fr.pc=0x000001d5201210f0 relative=0x00000000000004f0
Event: 8.767 Thread 0x000001d57a172060 Uncommon trap: reason=bimorphic_or_optimized_type_check action=maybe_recompile pc=0x000001d5201210f0 method=java.util.stream.AbstractPipeline.copyIntoWithCancel(Ljava/util/stream/Sink;Ljava/util/Spliterator;)Z @ 24 c2
Event: 8.767 Thread 0x000001d57a172060 DEOPT PACKING pc=0x000001d5201210f0 sp=0x0000008b96af5aa0
Event: 8.767 Thread 0x000001d57a172060 DEOPT UNPACKING pc=0x000001d51f9f23a3 sp=0x0000008b96af5958 mode 2
Event: 8.857 Thread 0x000001d57a172060 Uncommon trap: trap_request=0xffffffc6 fr.pc=0x000001d5201210f0 relative=0x00000000000004f0
Event: 8.857 Thread 0x000001d57a172060 Uncommon trap: reason=bimorphic_or_optimized_type_check action=maybe_recompile pc=0x000001d5201210f0 method=java.util.stream.AbstractPipeline.copyIntoWithCancel(Ljava/util/stream/Sink;Ljava/util/Spliterator;)Z @ 24 c2
Event: 8.857 Thread 0x000001d57a172060 DEOPT PACKING pc=0x000001d5201210f0 sp=0x0000008b96af5720
Event: 8.857 Thread 0x000001d57a172060 DEOPT UNPACKING pc=0x000001d51f9f23a3 sp=0x0000008b96af55d8 mode 2
Event: 9.202 Thread 0x000001d57a172060 Uncommon trap: trap_request=0xffffffc6 fr.pc=0x000001d520120454 relative=0x00000000000003d4
Event: 9.202 Thread 0x000001d57a172060 Uncommon trap: reason=bimorphic_or_optimized_type_check action=maybe_recompile pc=0x000001d520120454 method=java.util.stream.AbstractPipeline.copyIntoWithCancel(Ljava/util/stream/Sink;Ljava/util/Spliterator;)Z @ 24 c2
Event: 9.202 Thread 0x000001d57a172060 DEOPT PACKING pc=0x000001d520120454 sp=0x0000008b96af5c20
Event: 9.202 Thread 0x000001d57a172060 DEOPT UNPACKING pc=0x000001d51f9f23a3 sp=0x0000008b96af5b50 mode 2
Event: 9.245 Thread 0x000001d57a172060 Uncommon trap: trap_request=0xffffff45 fr.pc=0x000001d5200d4d38 relative=0x0000000000000118
Event: 9.245 Thread 0x000001d57a172060 Uncommon trap: reason=unstable_if action=reinterpret pc=0x000001d5200d4d38 method=java.util.Arrays.hashCode([Ljava/lang/Object;)I @ 34 c2
Event: 9.245 Thread 0x000001d57a172060 DEOPT PACKING pc=0x000001d5200d4d38 sp=0x0000008b96af88c0
Event: 9.245 Thread 0x000001d57a172060 DEOPT UNPACKING pc=0x000001d51f9f23a3 sp=0x0000008b96af8838 mode 2

Classes unloaded (0 events):
No events

Classes redefined (0 events):
No events

Internal exceptions (20 events):
Event: 8.091 Thread 0x000001d57a172060 Exception <a 'java/lang/ClassNotFoundException'{0x00000007032d34f0}: org/gradle/plugin/use/internal/PluginRequestCollector$PluginDependencySpecImplBeanInfo> (0x00000007032d34f0) 
thrown [s\open\src\hotspot\share\classfile\systemDictionary.cpp, line 256]
Event: 8.091 Thread 0x000001d57a172060 Exception <a 'java/lang/ClassNotFoundException'{0x00000007032e3c30}: org/gradle/plugin/use/internal/PluginRequestCollector$PluginDependencySpecImplCustomizer> (0x00000007032e3c30) 
thrown [s\open\src\hotspot\share\classfile\systemDictionary.cpp, line 256]
Event: 8.228 Thread 0x000001d57a172060 Exception <a 'java/lang/NoSuchMethodError'{0x00000007031bb3a8}: 'java.lang.Object java.lang.invoke.DirectMethodHandle$Holder.invokeSpecial(java.lang.Object, java.lang.Object, java.lang.Object, java.lang.Object, java.lang.Object, java.lang.Object, java.lang.Object, java.lang.Object, java.lang.Object, java.lang.Object)'> (0x00000007031bb3a8) 
thrown [s\open\src\hotspot\share\interpreter\linkResolver.cpp, line 759]
Event: 8.230 Thread 0x000001d57a172060 Exception <a 'java/lang/NoSuchMethodError'{0x00000007031c4778}: 'java.lang.Object java.lang.invoke.Invokers$Holder.invoker(java.lang.Object, java.lang.Object, java.lang.Object, java.lang.Object, java.lang.Object, java.lang.Object, java.lang.Object, java.lang.Object, java.lang.Object)'> (0x00000007031c4778) 
thrown [s\open\src\hotspot\share\interpreter\linkResolver.cpp, line 759]
Event: 8.283 Thread 0x000001d57a172060 Exception <a 'java/lang/NoSuchMethodError'{0x0000000707c685a0}: 'java.lang.Object java.lang.invoke.Invokers$Holder.invoker(java.lang.Object, java.lang.Object, java.lang.Object, java.lang.Object)'> (0x0000000707c685a0) 
thrown [s\open\src\hotspot\share\interpreter\linkResolver.cpp, line 759]
Event: 8.301 Thread 0x000001d57a172060 Exception <a 'java/lang/NoSuchMethodError'{0x0000000707d04a80}: 'java.lang.Object java.lang.invoke.DelegatingMethodHandle$Holder.reinvoke_L(java.lang.Object, java.lang.Object, java.lang.Object, java.lang.Object, java.lang.Object, java.lang.Object, java.lang.Object, java.lang.Object, java.lang.Object, java.lang.Object, java.lang.Object, java.lang.Object, java.lang.Object, java.lang.Object, java.lang.Object, java.lang.Object, java.lang.Object, java.lang.Object, java.lang.Object, java.lang.Object, java.lang.O
Event: 8.302 Thread 0x000001d57a172060 Exception <a 'java/lang/NoSuchMethodError'{0x0000000707d107a0}: 'java.lang.Object java.lang.invoke.Invokers$Holder.invoker(java.lang.Object, java.lang.Object, java.lang.Object, java.lang.Object, java.lang.Object, java.lang.Object, java.lang.Object, java.lang.Object, java.lang.Object, java.lang.Object, java.lang.Object, java.lang.Object, java.lang.Object, java.lang.Object, java.lang.Object, java.lang.Object, java.lang.Object, java.lang.Object, java.lang.Object, java.lang.Object, java.lang.Object)'> (0x00000
Event: 8.303 Thread 0x000001d57a172060 Exception <a 'java/lang/NoSuchMethodError'{0x0000000707d176a8}: 'java.lang.Object java.lang.invoke.DelegatingMethodHandle$Holder.delegate(java.lang.Object, java.lang.Object, java.lang.Object, java.lang.Object, java.lang.Object, java.lang.Object, java.lang.Object, java.lang.Object, java.lang.Object, java.lang.Object, java.lang.Object, java.lang.Object, java.lang.Object, java.lang.Object, java.lang.Object, java.lang.Object, java.lang.Object, java.lang.Object, java.lang.Object, java.lang.Object, java.lang.Obj
Event: 8.326 Thread 0x000001d57a172060 Exception <a 'java/lang/NoSuchMethodError'{0x0000000707db0498}: 'java.lang.Object java.lang.invoke.DirectMethodHandle$Holder.invokeStatic(java.lang.Object, java.lang.Object, java.lang.Object, java.lang.Object, java.lang.Object, java.lang.Object, java.lang.Object, java.lang.Object, java.lang.Object, java.lang.Object, java.lang.Object, java.lang.Object, java.lang.Object, java.lang.Object, java.lang.Object, java.lang.Object, java.lang.Object)'> (0x0000000707db0498) 
thrown [s\open\src\hotspot\share\interprete
Event: 8.331 Thread 0x000001d57a172060 Exception <a 'java/lang/NoSuchMethodError'{0x0000000707dd8668}: 'java.lang.Object java.lang.invoke.DirectMethodHandle$Holder.invokeStatic(java.lang.Object, java.lang.Object, java.lang.Object, java.lang.Object, java.lang.Object, java.lang.Object, java.lang.Object, java.lang.Object, java.lang.Object, java.lang.Object, java.lang.Object, java.lang.Object, java.lang.Object, java.lang.Object, java.lang.Object, java.lang.Object, java.lang.Object, java.lang.Object)'> (0x0000000707dd8668) 
thrown [s\open\src\hotspo
Event: 8.334 Thread 0x000001d57a172060 Exception <a 'java/lang/NoSuchMethodError'{0x00000007054022c8}: 'java.lang.Object java.lang.invoke.DirectMethodHandle$Holder.invokeStatic(java.lang.Object, java.lang.Object, java.lang.Object, java.lang.Object, java.lang.Object, java.lang.Object, java.lang.Object, java.lang.Object, java.lang.Object, java.lang.Object, java.lang.Object, java.lang.Object, java.lang.Object, java.lang.Object, java.lang.Object, java.lang.Object, java.lang.Object, java.lang.Object, java.lang.Object)'> (0x00000007054022c8) 
thrown 
Event: 8.337 Thread 0x000001d57a172060 Exception <a 'java/lang/NoSuchMethodError'{0x000000070542c120}: 'java.lang.Object java.lang.invoke.DirectMethodHandle$Holder.invokeStatic(java.lang.Object, java.lang.Object, java.lang.Object, java.lang.Object, java.lang.Object, java.lang.Object, java.lang.Object, java.lang.Object, java.lang.Object, java.lang.Object, java.lang.Object, java.lang.Object, java.lang.Object, java.lang.Object, java.lang.Object, java.lang.Object, java.lang.Object, java.lang.Object, java.lang.Object, java.lang.Object)'> (0x00000007
Event: 8.339 Thread 0x000001d57a172060 Exception <a 'java/lang/NoSuchMethodError'{0x0000000705456fd8}: 'java.lang.Object java.lang.invoke.DirectMethodHandle$Holder.invokeStatic(java.lang.Object, java.lang.Object, java.lang.Object, java.lang.Object, java.lang.Object, java.lang.Object, java.lang.Object, java.lang.Object, java.lang.Object, java.lang.Object, java.lang.Object, java.lang.Object, java.lang.Object, java.lang.Object, java.lang.Object, java.lang.Object, java.lang.Object, java.lang.Object, java.lang.Object, java.lang.Object, java.lang.Obj
Event: 8.342 Thread 0x000001d57a172060 Exception <a 'java/lang/NoSuchMethodError'{0x0000000705482830}: 'java.lang.Object java.lang.invoke.DirectMethodHandle$Holder.invokeStatic(java.lang.Object, java.lang.Object, java.lang.Object, java.lang.Object, java.lang.Object, java.lang.Object, java.lang.Object, java.lang.Object, java.lang.Object, java.lang.Object, java.lang.Object, java.lang.Object, java.lang.Object, java.lang.Object, java.lang.Object, java.lang.Object, java.lang.Object, java.lang.Object, java.lang.Object, java.lang.Object, java.lang.Obj
Event: 8.347 Thread 0x000001d57a172060 Exception <a 'java/lang/NoSuchMethodError'{0x00000007054b7900}: 'java.lang.Object java.lang.invoke.DirectMethodHandle$Holder.invokeStatic(java.lang.Object, java.lang.Object, java.lang.Object, java.lang.Object, java.lang.Object, java.lang.Object, java.lang.Object, java.lang.Object, java.lang.Object, java.lang.Object, java.lang.Object, java.lang.Object, java.lang.Object, java.lang.Object, java.lang.Object, java.lang.Object, java.lang.Object, java.lang.Object, java.lang.Object, java.lang.Object, java.lang.Obj
Event: 8.350 Thread 0x000001d57a172060 Exception <a 'java/lang/NoSuchMethodError'{0x00000007054e64e0}: 'java.lang.Object java.lang.invoke.DirectMethodHandle$Holder.invokeStatic(java.lang.Object, java.lang.Object, java.lang.Object, java.lang.Object, java.lang.Object, java.lang.Object, java.lang.Object, java.lang.Object, java.lang.Object, java.lang.Object, java.lang.Object, java.lang.Object, java.lang.Object, java.lang.Object, java.lang.Object, java.lang.Object, java.lang.Object, java.lang.Object, java.lang.Object, java.lang.Object, java.lang.Obj
Event: 8.729 Thread 0x000001d57a172060 Exception <a 'java/lang/IncompatibleClassChangeError'{0x0000000704921dd8}: Found class java.lang.Object, but interface was expected> (0x0000000704921dd8) 
thrown [s\open\src\hotspot\share\interpreter\linkResolver.cpp, line 826]
Event: 9.028 Thread 0x000001d57a172060 Exception <a 'java/lang/IncompatibleClassChangeError'{0x000000070433b5d8}: Found class java.lang.Object, but interface was expected> (0x000000070433b5d8) 
thrown [s\open\src\hotspot\share\interpreter\linkResolver.cpp, line 826]
Event: 9.100 Thread 0x000001d57a172060 Exception <a 'java/lang/NoSuchMethodError'{0x00000007040df800}: 'int java.lang.invoke.DirectMethodHandle$Holder.invokeStaticInit(java.lang.Object, java.lang.Object, java.lang.Object, java.lang.Object, java.lang.Object)'> (0x00000007040df800) 
thrown [s\open\src\hotspot\share\interpreter\linkResolver.cpp, line 759]
Event: 9.245 Thread 0x000001d57a172060 Implicit null exception at 0x000001d5200d4c6c to 0x000001d5200d4d1c

VM Operations (20 events):
Event: 7.391 Executing VM operation: HandshakeAllThreads
Event: 7.391 Executing VM operation: HandshakeAllThreads done
Event: 7.753 Executing VM operation: HandshakeAllThreads
Event: 7.753 Executing VM operation: HandshakeAllThreads done
Event: 7.754 Executing VM operation: HandshakeAllThreads
Event: 7.754 Executing VM operation: HandshakeAllThreads done
Event: 7.819 Executing VM operation: ICBufferFull
Event: 7.819 Executing VM operation: ICBufferFull done
Event: 8.098 Executing VM operation: HandshakeAllThreads
Event: 8.098 Executing VM operation: HandshakeAllThreads done
Event: 8.099 Executing VM operation: HandshakeAllThreads
Event: 8.099 Executing VM operation: HandshakeAllThreads done
Event: 8.266 Executing VM operation: G1CollectForAllocation
Event: 8.273 Executing VM operation: G1CollectForAllocation done
Event: 8.733 Executing VM operation: HandshakeAllThreads
Event: 8.733 Executing VM operation: HandshakeAllThreads done
Event: 9.575 Executing VM operation: HandshakeAllThreads
Event: 9.575 Executing VM operation: HandshakeAllThreads done
Event: 9.575 Executing VM operation: Cleanup
Event: 9.575 Executing VM operation: Cleanup done

Events (20 events):
Event: 8.343 loading class java/lang/invoke/BoundMethodHandle$Species_LLLLLLLLLLLLLLLLLLLL
Event: 8.343 loading class java/lang/invoke/BoundMethodHandle$Species_LLLLLLLLLLLLLLLLLLLL done
Event: 8.349 loading class java/lang/invoke/BoundMethodHandle$Species_LLLLLLLLLLLLLLLLLLLLL
Event: 8.349 loading class java/lang/invoke/BoundMethodHandle$Species_LLLLLLLLLLLLLLLLLLLLL done
Event: 8.971 loading class java/util/stream/ReferencePipeline$4
Event: 8.972 loading class java/util/stream/ReferencePipeline$4 done
Event: 8.972 loading class java/util/function/IntBinaryOperator
Event: 8.972 loading class java/util/function/IntBinaryOperator done
Event: 8.972 loading class java/util/stream/ReduceOps$6
Event: 8.972 loading class java/util/stream/ReduceOps$6 done
Event: 8.972 loading class java/util/stream/ReduceOps$5ReducingSink
Event: 8.973 loading class java/util/stream/ReduceOps$5ReducingSink done
Event: 8.973 loading class java/util/stream/ReferencePipeline$4$1
Event: 8.973 loading class java/util/stream/ReferencePipeline$4$1 done
Event: 9.154 Thread 0x000001d57cb6a4c0 Thread added: 0x000001d57cb6a4c0
Event: 9.240 loading class jdk/internal/math/FDBigInteger
Event: 9.240 loading class jdk/internal/math/FDBigInteger done
Event: 9.323 Thread 0x000001d57cb6a9d0 Thread added: 0x000001d57cb6a9d0
Event: 9.574 loading class java/nio/file/AtomicMoveNotSupportedException
Event: 9.574 loading class java/nio/file/AtomicMoveNotSupportedException done


Dynamic libraries:
0x00007ff6213d0000 - 0x00007ff6213e0000 	C:\Program Files\Java\jdk-17\bin\java.exe
0x00007ffd41c30000 - 0x00007ffd41e28000 	C:\Windows\SYSTEM32\ntdll.dll
0x00007ffd411a0000 - 0x00007ffd41262000 	C:\Windows\System32\KERNEL32.DLL
0x00007ffd3f3f0000 - 0x00007ffd3f6ee000 	C:\Windows\System32\KERNELBASE.dll
0x00007ffd3f8f0000 - 0x00007ffd3f9f0000 	C:\Windows\System32\ucrtbase.dll
0x00007ffd27d30000 - 0x00007ffd27d49000 	C:\Program Files\Java\jdk-17\bin\jli.dll
0x00007ffd27d10000 - 0x00007ffd27d2b000 	C:\Program Files\Java\jdk-17\bin\VCRUNTIME140.dll
0x00007ffd40f60000 - 0x00007ffd41011000 	C:\Windows\System32\ADVAPI32.dll
0x00007ffd410a0000 - 0x00007ffd4113e000 	C:\Windows\System32\msvcrt.dll
0x00007ffd41a50000 - 0x00007ffd41aef000 	C:\Windows\System32\sechost.dll
0x00007ffd3fcb0000 - 0x00007ffd3fdd3000 	C:\Windows\System32\RPCRT4.dll
0x00007ffd3fc20000 - 0x00007ffd3fc47000 	C:\Windows\System32\bcrypt.dll
0x00007ffd40850000 - 0x00007ffd409ed000 	C:\Windows\System32\USER32.dll
0x00007ffd3fb50000 - 0x00007ffd3fb72000 	C:\Windows\System32\win32u.dll
0x00007ffd40590000 - 0x00007ffd405bb000 	C:\Windows\System32\GDI32.dll
0x00007ffd3f2d0000 - 0x00007ffd3f3e7000 	C:\Windows\System32\gdi32full.dll
0x00007ffd2fc90000 - 0x00007ffd2ff2a000 	C:\Windows\WinSxS\amd64_microsoft.windows.common-controls_6595b64144ccf1df_6.0.19041.4355_none_60b8b9eb71f62e16\COMCTL32.dll
0x00007ffd3fb80000 - 0x00007ffd3fc1d000 	C:\Windows\System32\msvcp_win.dll
0x00007ffd358a0000 - 0x00007ffd358aa000 	C:\Windows\SYSTEM32\VERSION.dll
0x00007ffd3fdf0000 - 0x00007ffd3fe1f000 	C:\Windows\System32\IMM32.DLL
0x00007ffd362b0000 - 0x00007ffd362bc000 	C:\Program Files\Java\jdk-17\bin\vcruntime140_1.dll
0x00007ffd0d160000 - 0x00007ffd0d1ee000 	C:\Program Files\Java\jdk-17\bin\msvcp140.dll
0x00007ffce9660000 - 0x00007ffcea240000 	C:\Program Files\Java\jdk-17\bin\server\jvm.dll
0x00007ffd3fde0000 - 0x00007ffd3fde8000 	C:\Windows\System32\PSAPI.DLL
0x00007ffd27d50000 - 0x00007ffd27d77000 	C:\Windows\SYSTEM32\WINMM.dll
0x00007ffd361f0000 - 0x00007ffd361f9000 	C:\Windows\SYSTEM32\WSOCK32.dll
0x00007ffd40e90000 - 0x00007ffd40efb000 	C:\Windows\System32\WS2_32.dll
0x00007ffd3db20000 - 0x00007ffd3db32000 	C:\Windows\SYSTEM32\kernel.appcore.dll
0x00007ffd35120000 - 0x00007ffd3512a000 	C:\Program Files\Java\jdk-17\bin\jimage.dll
0x00007ffd3a000000 - 0x00007ffd3a1e4000 	C:\Windows\SYSTEM32\DBGHELP.DLL
0x00007ffd25510000 - 0x00007ffd25544000 	C:\Windows\SYSTEM32\dbgcore.DLL
0x00007ffd3f7a0000 - 0x00007ffd3f822000 	C:\Windows\System32\bcryptPrimitives.dll
0x00007ffd24640000 - 0x00007ffd24665000 	C:\Program Files\Java\jdk-17\bin\java.dll
0x00007ffd04080000 - 0x00007ffd04157000 	C:\Program Files\Java\jdk-17\bin\jsvml.dll
0x00007ffd3fe20000 - 0x00007ffd4058d000 	C:\Windows\System32\SHELL32.dll
0x00007ffd3a1f0000 - 0x00007ffd3a994000 	C:\Windows\SYSTEM32\windows.storage.dll
0x00007ffd409f0000 - 0x00007ffd40d43000 	C:\Windows\System32\combase.dll
0x00007ffd3ed00000 - 0x00007ffd3ed2e000 	C:\Windows\SYSTEM32\Wldp.dll
0x00007ffd418f0000 - 0x00007ffd419bd000 	C:\Windows\System32\OLEAUT32.dll
0x00007ffd405c0000 - 0x00007ffd4066d000 	C:\Windows\System32\SHCORE.dll
0x00007ffd41140000 - 0x00007ffd41195000 	C:\Windows\System32\shlwapi.dll
0x00007ffd3f200000 - 0x00007ffd3f224000 	C:\Windows\SYSTEM32\profapi.dll
0x00007ffd268b0000 - 0x00007ffd268c9000 	C:\Program Files\Java\jdk-17\bin\net.dll
0x00007ffd31d30000 - 0x00007ffd31e3d000 	C:\Windows\SYSTEM32\WINHTTP.dll
0x00007ffd3ea60000 - 0x00007ffd3eaca000 	C:\Windows\system32\mswsock.dll
0x00007ffd26590000 - 0x00007ffd265a6000 	C:\Program Files\Java\jdk-17\bin\nio.dll
0x00007ffd26100000 - 0x00007ffd26118000 	C:\Program Files\Java\jdk-17\bin\zip.dll
0x00007ffd363b0000 - 0x00007ffd363c0000 	C:\Program Files\Java\jdk-17\bin\verify.dll
0x00007ffd0e670000 - 0x00007ffd0e697000 	C:\Users\Al-Mahdi\.gradle\native\c067742578af261105cb4f569cf0c3c89f3d7b1fecec35dd04571415982c5e48\windows-amd64\native-platform.dll
0x00007ffcf0b10000 - 0x00007ffcf0c54000 	C:\Users\Al-Mahdi\.gradle\native\38dada09dfb8b06ba9b0570ebf7e218e3eb74d4ef43ca46872605cf95ebc2f47\windows-amd64\native-platform-file-events.dll
0x00007ffd2bc40000 - 0x00007ffd2bc4a000 	C:\Program Files\Java\jdk-17\bin\management.dll
0x00007ffd2b0f0000 - 0x00007ffd2b0fb000 	C:\Program Files\Java\jdk-17\bin\management_ext.dll
0x00007ffd3ec50000 - 0x00007ffd3ec68000 	C:\Windows\SYSTEM32\CRYPTSP.dll
0x00007ffd3e310000 - 0x00007ffd3e344000 	C:\Windows\system32\rsaenh.dll
0x00007ffd3f180000 - 0x00007ffd3f1ae000 	C:\Windows\SYSTEM32\USERENV.dll
0x00007ffd3ec70000 - 0x00007ffd3ec7c000 	C:\Windows\SYSTEM32\CRYPTBASE.dll
0x00007ffd3e6f0000 - 0x00007ffd3e72b000 	C:\Windows\SYSTEM32\IPHLPAPI.DLL
0x00007ffd40d50000 - 0x00007ffd40d58000 	C:\Windows\System32\NSI.dll
0x00007ffd32cd0000 - 0x00007ffd32ce7000 	C:\Windows\SYSTEM32\dhcpcsvc6.DLL
0x00007ffd34400000 - 0x00007ffd3441d000 	C:\Windows\SYSTEM32\dhcpcsvc.DLL
0x00007ffd3e740000 - 0x00007ffd3e80a000 	C:\Windows\SYSTEM32\DNSAPI.dll
0x00007ffd30630000 - 0x00007ffd3063e000 	C:\Program Files\Java\jdk-17\bin\sunmscapi.dll
0x00007ffd3f9f0000 - 0x00007ffd3fb4c000 	C:\Windows\System32\CRYPT32.dll
0x00007ffd3ed70000 - 0x00007ffd3ed97000 	C:\Windows\SYSTEM32\ncrypt.dll
0x00007ffd3ed30000 - 0x00007ffd3ed6b000 	C:\Windows\SYSTEM32\NTASN1.dll
0x00007ffd2f800000 - 0x00007ffd2f807000 	C:\Windows\system32\wshunix.dll

dbghelp: loaded successfully - version: 4.0.5 - missing functions: none
symbol engine: initialized successfully - sym options: 0x614 - pdb path: .;C:\Program Files\Java\jdk-17\bin;C:\Windows\SYSTEM32;C:\Windows\WinSxS\amd64_microsoft.windows.common-controls_6595b64144ccf1df_6.0.19041.4355_none_60b8b9eb71f62e16;C:\Program Files\Java\jdk-17\bin\server;C:\Users\Al-Mahdi\.gradle\native\c067742578af261105cb4f569cf0c3c89f3d7b1fecec35dd04571415982c5e48\windows-amd64;C:\Users\Al-Mahdi\.gradle\native\38dada09dfb8b06ba9b0570ebf7e218e3eb74d4ef43ca46872605cf95ebc2f47\windows-amd64

VM Arguments:
jvm_args: -XX:MaxMetaspaceSize=2G -XX:+HeapDumpOnOutOfMemoryError --add-opens=java.base/java.util=ALL-UNNAMED --add-opens=java.base/java.lang=ALL-UNNAMED --add-opens=java.base/java.lang.invoke=ALL-UNNAMED --add-opens=java.prefs/java.util.prefs=ALL-UNNAMED --add-opens=java.base/java.nio.charset=ALL-UNNAMED --add-opens=java.base/java.net=ALL-UNNAMED --add-opens=java.base/java.util.concurrent.atomic=ALL-UNNAMED -Xmx4G -Dfile.encoding=windows-1252 -Duser.country=US -Duser.language=en -Duser.variant 
java_command: org.gradle.launcher.daemon.bootstrap.GradleDaemon 7.6.3
java_class_path (initial): C:\Users\Al-Mahdi\.gradle\wrapper\dists\gradle-7.6.3-all\aocdy2d2z8kodnny3rsumj8i8\gradle-7.6.3\lib\gradle-launcher-7.6.3.jar
Launcher Type: SUN_STANDARD

[Global flags]
     intx CICompilerCount                          = 3                                         {product} {ergonomic}
     uint ConcGCThreads                            = 1                                         {product} {ergonomic}
     uint G1ConcRefinementThreads                  = 4                                         {product} {ergonomic}
   size_t G1HeapRegionSize                         = 2097152                                   {product} {ergonomic}
    uintx GCDrainStackTargetSize                   = 64                                        {product} {ergonomic}
     bool HeapDumpOnOutOfMemoryError               = true                                   {manageable} {command line}
   size_t InitialHeapSize                          = 132120576                                 {product} {ergonomic}
   size_t MarkStackSize                            = 4194304                                   {product} {ergonomic}
   size_t MaxHeapSize                              = 4294967296                                {product} {command line}
   size_t MaxMetaspaceSize                         = 2147483648                                {product} {command line}
   size_t MaxNewSize                               = 2575302656                                {product} {ergonomic}
   size_t MinHeapDeltaBytes                        = 2097152                                   {product} {ergonomic}
   size_t MinHeapSize                              = 8388608                                   {product} {ergonomic}
    uintx NonNMethodCodeHeapSize                   = 5832780                                {pd product} {ergonomic}
    uintx NonProfiledCodeHeapSize                  = 122912730                              {pd product} {ergonomic}
    uintx ProfiledCodeHeapSize                     = 122912730                              {pd product} {ergonomic}
    uintx ReservedCodeCacheSize                    = 251658240                              {pd product} {ergonomic}
     bool SegmentedCodeCache                       = true                                      {product} {ergonomic}
   size_t SoftMaxHeapSize                          = 4294967296                             {manageable} {ergonomic}
     bool UseCompressedClassPointers               = true                           {product lp64_product} {ergonomic}
     bool UseCompressedOops                        = true                           {product lp64_product} {ergonomic}
     bool UseG1GC                                  = true                                      {product} {ergonomic}
     bool UseLargePagesIndividualAllocation        = false                                  {pd product} {ergonomic}

Logging:
Log output configuration:
 #0: stdout all=warning uptime,level,tags
 #1: stderr all=off uptime,level,tags

Environment Variables:
JAVA_HOME=C:\Program Files\Java\jdk-17
CLASSPATH=D:\khara\rct_app\android\\gradle\wrapper\gradle-wrapper.jar
PATH=C:\Program Files\Java\jdk-17\bin;C:\Program Files\Common Files\Oracle\Java\javapath;C:\Program Files (x86)\Common Files\Intel\Shared Libraries\redist\intel64\compiler;C:\Windows\system32;C:\Windows;C:\Windows\System32\Wbem;C:\Windows\System32\WindowsPowerShell\v1.0\;C:\Windows\System32\OpenSSH\;C:\Program Files\Git\cmd;C:\Users\Al-Mahdi\AppData\Local\Pub\Cache\bin;C:\Program Files\nodejs\;C:\Program Files\Java\jdk-17\bin;C:\Users\Al-Mahdi\AppData\Local\Microsoft\WindowsApps;C:\src\flutter\bin;C:\dart-sdk\bin;C:\Users\Al-Mahdi\Downloads\flutter_tools;C:\Users\Al-Mahdi\AppData\Local\Programs\Microsoft VS Code\bin;C:\ProgramData\Microsoft\Windows\Start Menu\Programs\Android Studio;C:\Users\Al-Mahdi\AppData\Local\Pub\Cache\bin;C:\Users\Al-Mahdi\AppData\Roaming\npm;C:\Program Files\Java\jdk-17\bin;;C:\src\flutter\bin\mingit\cmd;C:\src\flutter\bin\mingit\cmd
USERNAME=Al-Mahdi
OS=Windows_NT
PROCESSOR_IDENTIFIER=Intel64 Family 6 Model 142 Stepping 9, GenuineIntel



---------------  S Y S T E M  ---------------

OS:
 Windows 10 , 64 bit Build 19041 (10.0.19041.5072)
OS uptime: 0 days 5:37 hours

CPU: total 4 (initial active 4) (2 cores per cpu, 2 threads per core) family 6 model 142 stepping 9 microcode 0xf4, cx8, cmov, fxsr, ht, mmx, 3dnowpref, sse, sse2, sse3, ssse3, sse4.1, sse4.2, popcnt, lzcnt, tsc, tscinvbit, avx, avx2, aes, erms, clmul, bmi1, bmi2, rtm, adx, fma, vzeroupper, clflush, clflushopt

Memory: 4k page, system-wide physical 8050M (2046M free)
TotalPageFile size 17266M (AvailPageFile size 9097M)
current process WorkingSet (physical memory assigned to process): 244M, peak: 245M
current process commit charge ("private bytes"): 279M, peak: 291M

vm_info: Java HotSpot(TM) 64-Bit Server VM (17.0.12+8-LTS-286) for windows-amd64 JRE (17.0.12+8-LTS-286), built on Jun  5 2024 06:46:59 by "mach5one" with MS VC++ 17.6 (VS2022)

END.
